#
# There is insufficient memory for the Java Runtime Environment to continue.
# Native memory allocation (malloc) failed to allocate 1086816 bytes. Error detail: Chunk::new
# Possible reasons:
#   The system is out of physical RAM or swap space
#   This process is running with CompressedOops enabled, and the Java Heap may be blocking the growth of the native heap
# Possible solutions:
#   Reduce memory load on the system
#   Increase physical memory or swap space
#   Check if swap backing store is full
#   Decrease Java heap size (-Xmx/-Xms)
#   Decrease number of Java threads
#   Decrease Java thread stack sizes (-Xss)
#   Set larger code cache with -XX:ReservedCodeCacheSize=
#   JVM is running with Unscaled Compressed Oops mode in which the Java heap is
#     placed in the first 4GB address space. The Java Heap base address is the
#     maximum limit for the native heap growth. Please use -XX:HeapBaseMinAddress
#     to set the Java Heap base and to place the Java Heap above 4GB virtual address.
# This output file may be truncated or incomplete.
#
#  Out of Memory Error (arena.cpp:168), pid=8560, tid=19100
#
# JRE version: OpenJDK Runtime Environment Temurin-21.0.11+10 (21.0.11+10) (build 21.0.11+10-LTS)
# Java VM: OpenJDK 64-Bit Server VM Temurin-21.0.11+10 (21.0.11+10-LTS, mixed mode, sharing, tiered, compressed oops, compressed class ptrs, parallel gc, windows-amd64)
# No core dump will be written. Minidumps are not enabled by default on client versions of Windows
#

---------------  S U M M A R Y ------------

Command Line: --add-modules=ALL-SYSTEM --add-opens=java.base/java.util=ALL-UNNAMED --add-opens=java.base/java.lang=ALL-UNNAMED --add-opens=java.base/sun.nio.fs=ALL-UNNAMED -Declipse.application=org.eclipse.jdt.ls.core.id1 -Dosgi.bundles.defaultStartLevel=4 -Declipse.product=org.eclipse.jdt.ls.core.product -Djava.import.generatesMetadataFilesAtProjectRoot=false -DDetectVMInstallationsJob.disabled=true -Dfile.encoding=utf8 -XX:+UseParallelGC -XX:GCTimeRatio=4 -XX:AdaptiveSizePolicyWeight=90 -Dsun.zip.disableMemoryMapping=true -Xmx2G -Xms100m -Xlog:disable -javaagent:c:\Users\rawat\.antigravity-ide\extensions\redhat.java-1.55.0-win32-x64\lombok\lombok-1.18.39-4050.jar -XX:+HeapDumpOnOutOfMemoryError -XX:HeapDumpPath=c:\Users\rawat\AppData\Roaming\Antigravity IDE\User\workspaceStorage\37c22cd9f0bef5d5ec7063b27c4af746\redhat.java -Daether.dependencyCollector.impl=bf c:\Users\rawat\.antigravity-ide\extensions\redhat.java-1.55.0-win32-x64\server\plugins\org.eclipse.equinox.launcher_1.7.200.v20260619-2039.jar -configuration c:\Users\rawat\AppData\Roaming\Antigravity IDE\User\globalStorage\redhat.java\1.55.0\config_win -data c:\Users\rawat\AppData\Roaming\Antigravity IDE\User\workspaceStorage\37c22cd9f0bef5d5ec7063b27c4af746\redhat.java\jdt_ws --pipe=\\.\pipe\lsp-d9faf02c3bfed4dd0a817fe0b3044435-sock

Host: 11th Gen Intel(R) Core(TM) i7-1165G7 @ 2.80GHz, 8 cores, 7G,  Windows 11 , 64 bit Build 26100 (10.0.26100.8875)
Time: Fri Jul 24 12:06:28 2026 Nepal Standard Time elapsed time: 8.881548 seconds (0d 0h 0m 8s)

---------------  T H R E A D  ---------------

Current thread (0x000001bafe2cbef0):  JavaThread "C2 CompilerThread1" daemon [_thread_in_native, id=19100, stack(0x000000b7b5400000,0x000000b7b5500000) (1024K)]


Current CompileTask:
C2:8881 5061   !   4       org.eclipse.osgi.internal.loader.BundleLoader::findClass0 (490 bytes)

Stack: [0x000000b7b5400000,0x000000b7b5500000]
Native frames: (J=compiled Java code, j=interpreted, Vv=VM code, C=native code)
V  [jvm.dll+0x6d7e19]
V  [jvm.dll+0x8b5096]
V  [jvm.dll+0x8b764e]
V  [jvm.dll+0x8b7d33]
V  [jvm.dll+0x284596]
V  [jvm.dll+0xc685d]
V  [jvm.dll+0xc6da1]
V  [jvm.dll+0x2fb4ee]
V  [jvm.dll+0x5fe9a4]
V  [jvm.dll+0x255d67]
V  [jvm.dll+0x25612d]
V  [jvm.dll+0x24e6a0]
V  [jvm.dll+0x24bbe6]
V  [jvm.dll+0x1cb4ae]
V  [jvm.dll+0x25baad]
V  [jvm.dll+0x25a03a]
V  [jvm.dll+0x3f868e]
V  [jvm.dll+0x85fb0d]
V  [jvm.dll+0x6d664d]
C  [ucrtbase.dll+0x2cd30]
C  [KERNEL32.DLL+0x2e957]
C  [ntdll.dll+0xaad6c]


---------------  P R O C E S S  ---------------

Threads class SMR info:
_java_thread_list=0x000001bac597b3a0, length=41, elements={
0x000001bae4fc9c70, 0x000001bae4f3f830, 0x000001bae4f40550, 0x000001bae4f46420,
0x000001bae4f49ab0, 0x000001bae4f4d520, 0x000001bae4f52030, 0x000001bae4f5d5b0,
0x000001bae4f60c80, 0x000001bafd4117a0, 0x000001bafd56ad30, 0x000001bafdaaf3f0,
0x000001bafdb344c0, 0x000001bafdd6e6e0, 0x000001bafda56ff0, 0x000001bafe2d9300,
0x000001bafe837520, 0x000001bafe2cbef0, 0x000001bafe2cc5a0, 0x000001bafe332030,
0x000001baffdc3fc0, 0x000001baffdc3930, 0x000001baffdc1ef0, 0x000001baffdc11d0,
0x000001baffdc0b40, 0x000001baff64c500, 0x000001baff64b150, 0x000001baff64cb90,
0x000001baff64d220, 0x000001baff64d8b0, 0x000001baff64a430, 0x000001baff64b7e0,
0x000001baff64df40, 0x000001baff64aac0, 0x000001baff64f2f0, 0x000001baff64e5d0,
0x000001baff64ec60, 0x000001baff64be70, 0x000001baff64f980, 0x000001baff650010,
0x000001baff6506a0
}

Java Threads: ( => current thread )
  0x000001bae4fc9c70 JavaThread "main"                              [_thread_blocked, id=14448, stack(0x000000b7b3900000,0x000000b7b3a00000) (1024K)]
  0x000001bae4f3f830 JavaThread "Reference Handler"          daemon [_thread_blocked, id=13536, stack(0x000000b7b3d00000,0x000000b7b3e00000) (1024K)]
  0x000001bae4f40550 JavaThread "Finalizer"                  daemon [_thread_blocked, id=4780, stack(0x000000b7b3e00000,0x000000b7b3f00000) (1024K)]
  0x000001bae4f46420 JavaThread "Signal Dispatcher"          daemon [_thread_blocked, id=8524, stack(0x000000b7b3f00000,0x000000b7b4000000) (1024K)]
  0x000001bae4f49ab0 JavaThread "Attach Listener"            daemon [_thread_blocked, id=22296, stack(0x000000b7b4000000,0x000000b7b4100000) (1024K)]
  0x000001bae4f4d520 JavaThread "Service Thread"             daemon [_thread_blocked, id=19480, stack(0x000000b7b4100000,0x000000b7b4200000) (1024K)]
  0x000001bae4f52030 JavaThread "Monitor Deflation Thread"   daemon [_thread_blocked, id=21384, stack(0x000000b7b4200000,0x000000b7b4300000) (1024K)]
  0x000001bae4f5d5b0 JavaThread "C2 CompilerThread0"         daemon [_thread_blocked, id=1500, stack(0x000000b7b4300000,0x000000b7b4400000) (1024K)]
  0x000001bae4f60c80 JavaThread "C1 CompilerThread0"         daemon [_thread_blocked, id=20336, stack(0x000000b7b4400000,0x000000b7b4500000) (1024K)]
  0x000001bafd4117a0 JavaThread "Common-Cleaner"             daemon [_thread_blocked, id=21136, stack(0x000000b7b4500000,0x000000b7b4600000) (1024K)]
  0x000001bafd56ad30 JavaThread "Notification Thread"        daemon [_thread_blocked, id=10716, stack(0x000000b7b4600000,0x000000b7b4700000) (1024K)]
  0x000001bafdaaf3f0 JavaThread "Active Thread: Equinox Container: 993617cf-42a5-4037-9568-013a28c6db96"        [_thread_blocked, id=22708, stack(0x000000b7b4d00000,0x000000b7b4e00000) (1024K)]
  0x000001bafdb344c0 JavaThread "Refresh Thread: Equinox Container: 993617cf-42a5-4037-9568-013a28c6db96" daemon [_thread_blocked, id=7012, stack(0x000000b7b4f00000,0x000000b7b5000000) (1024K)]
  0x000001bafdd6e6e0 JavaThread "Framework Event Dispatcher: Equinox Container: 993617cf-42a5-4037-9568-013a28c6db96" daemon [_thread_blocked, id=4892, stack(0x000000b7b5000000,0x000000b7b5100000) (1024K)]
  0x000001bafda56ff0 JavaThread "Start Level: Equinox Container: 993617cf-42a5-4037-9568-013a28c6db96" daemon [_thread_blocked, id=21264, stack(0x000000b7b5100000,0x000000b7b5200000) (1024K)]
  0x000001bafe2d9300 JavaThread "Bundle File Closer"         daemon [_thread_blocked, id=8776, stack(0x000000b7b5200000,0x000000b7b5300000) (1024K)]
  0x000001bafe837520 JavaThread "SCR Component Actor"        daemon [_thread_blocked, id=11140, stack(0x000000b7b5300000,0x000000b7b5400000) (1024K)]
=>0x000001bafe2cbef0 JavaThread "C2 CompilerThread1"         daemon [_thread_in_native, id=19100, stack(0x000000b7b5400000,0x000000b7b5500000) (1024K)]
  0x000001bafe2cc5a0 JavaThread "C2 CompilerThread2"         daemon [_thread_blocked, id=3704, stack(0x000000b7b5500000,0x000000b7b5600000) (1024K)]
  0x000001bafe332030 JavaThread "Worker-JM"                         [_thread_blocked, id=4196, stack(0x000000b7b5600000,0x000000b7b5700000) (1024K)]
  0x000001baffdc3fc0 JavaThread "JNA Cleaner"                daemon [_thread_blocked, id=22860, stack(0x000000b7b5700000,0x000000b7b5800000) (1024K)]
  0x000001baffdc3930 JavaThread "Worker-0: Repository registry initialization"        [_thread_blocked, id=23248, stack(0x000000b7b5800000,0x000000b7b5900000) (1024K)]
  0x000001baffdc1ef0 JavaThread "Worker-1: Refreshing workspace"        [_thread_blocked, id=12928, stack(0x000000b7b5900000,0x000000b7b5a00000) (1024K)]
  0x000001baffdc11d0 JavaThread "Worker-2: Updating Maven Dependencies"        [_thread_blocked, id=7028, stack(0x000000b7b5a00000,0x000000b7b5b00000) (1024K)]
  0x000001baffdc0b40 JavaThread "Java indexing"              daemon [_thread_blocked, id=18276, stack(0x000000b7b5b00000,0x000000b7b5c00000) (1024K)]
  0x000001baff64c500 JavaThread "Worker-3: Initialize After Load"        [_thread_blocked, id=7972, stack(0x000000b7b5c00000,0x000000b7b5d00000) (1024K)]
  0x000001baff64b150 JavaThread "Worker-4"                          [_thread_blocked, id=20860, stack(0x000000b7b5f00000,0x000000b7b6000000) (1024K)]
  0x000001baff64cb90 JavaThread "Worker-5"                          [_thread_blocked, id=10684, stack(0x000000b7b6000000,0x000000b7b6100000) (1024K)]
  0x000001baff64d220 JavaThread "Worker-6: Updating workspace"        [_thread_blocked, id=3344, stack(0x000000b7b6100000,0x000000b7b6200000) (1024K)]
  0x000001baff64d8b0 JavaThread "Thread-1"                   daemon [_thread_in_native, id=10988, stack(0x000000b7b6200000,0x000000b7b6300000) (1024K)]
  0x000001baff64a430 JavaThread "Thread-2"                   daemon [_thread_in_native, id=3132, stack(0x000000b7b6300000,0x000000b7b6400000) (1024K)]
  0x000001baff64b7e0 JavaThread "Thread-3"                   daemon [_thread_in_native, id=24292, stack(0x000000b7b6400000,0x000000b7b6500000) (1024K)]
  0x000001baff64df40 JavaThread "Thread-4"                   daemon [_thread_in_native, id=21672, stack(0x000000b7b6500000,0x000000b7b6600000) (1024K)]
  0x000001baff64aac0 JavaThread "Thread-5"                   daemon [_thread_in_native, id=18996, stack(0x000000b7b6600000,0x000000b7b6700000) (1024K)]
  0x000001baff64f2f0 JavaThread "Thread-6"                   daemon [_thread_in_native, id=13524, stack(0x000000b7b6700000,0x000000b7b6800000) (1024K)]
  0x000001baff64e5d0 JavaThread "Thread-7"                   daemon [_thread_in_native, id=23352, stack(0x000000b7b6800000,0x000000b7b6900000) (1024K)]
  0x000001baff64ec60 JavaThread "Thread-8"                   daemon [_thread_in_native, id=23912, stack(0x000000b7b6900000,0x000000b7b6a00000) (1024K)]
  0x000001baff64be70 JavaThread "Thread-9"                   daemon [_thread_in_native, id=9272, stack(0x000000b7b6a00000,0x000000b7b6b00000) (1024K)]
  0x000001baff64f980 JavaThread "pool-2-thread-1"                   [_thread_blocked, id=21480, stack(0x000000b7b6b00000,0x000000b7b6c00000) (1024K)]
  0x000001baff650010 JavaThread "WorkspaceEventsHandler"            [_thread_blocked, id=21932, stack(0x000000b7b6c00000,0x000000b7b6d00000) (1024K)]
  0x000001baff6506a0 JavaThread "pool-1-thread-1"                   [_thread_blocked, id=24120, stack(0x000000b7b6d00000,0x000000b7b6e00000) (1024K)]
Total: 41

Other Threads:
  0x000001bae4f228a0 VMThread "VM Thread"                           [id=15604, stack(0x000000b7b3c00000,0x000000b7b3d00000) (1024K)]
  0x000001bae5039c70 WatcherThread "VM Periodic Task Thread"        [id=11604, stack(0x000000b7b3b00000,0x000000b7b3c00000) (1024K)]
  0x000001bae4fe8890 WorkerThread "GC Thread#0"                     [id=23436, stack(0x000000b7b3a00000,0x000000b7b3b00000) (1024K)]
  0x000001bafd5ad830 WorkerThread "GC Thread#1"                     [id=21752, stack(0x000000b7b4700000,0x000000b7b4800000) (1024K)]
  0x000001bafd5ac880 WorkerThread "GC Thread#2"                     [id=16888, stack(0x000000b7b4800000,0x000000b7b4900000) (1024K)]
  0x000001bafd5acc30 WorkerThread "GC Thread#3"                     [id=7452, stack(0x000000b7b4900000,0x000000b7b4a00000) (1024K)]
  0x000001bafd5acfe0 WorkerThread "GC Thread#4"                     [id=21852, stack(0x000000b7b4a00000,0x000000b7b4b00000) (1024K)]
  0x000001bafd7269d0 WorkerThread "GC Thread#5"                     [id=11752, stack(0x000000b7b4b00000,0x000000b7b4c00000) (1024K)]
  0x000001bafd7d0020 WorkerThread "GC Thread#6"                     [id=14132, stack(0x000000b7b4c00000,0x000000b7b4d00000) (1024K)]
  0x000001bafdb34110 WorkerThread "GC Thread#7"                     [id=14524, stack(0x000000b7b4e00000,0x000000b7b4f00000) (1024K)]
Total: 10

Threads with active compile tasks:
C2 CompilerThread0  8902 6089       4       java.util.ArrayList::equalsRange (85 bytes)
C2 CompilerThread1  8902 5061   !   4       org.eclipse.osgi.internal.loader.BundleLoader::findClass0 (490 bytes)
C2 CompilerThread2  8902 5171       4       java.lang.invoke.MethodType::makeImpl (109 bytes)
Total: 3

VM state: at safepoint (normal execution)

VM Mutex/Monitor currently owned by a thread:  ([mutex/lock_event])
[0x00007ffb425ef570] Threads_lock - owner thread: 0x000001bae4f228a0
[0x00007ffb425ef670] Heap_lock - owner thread: 0x000001baffdc1ef0

Heap address: 0x0000000080000000, size: 2048 MB, Compressed Oops mode: 32-bit

CDS archive(s) mapped at: [0x000001ba80000000-0x000001ba80ba0000-0x000001ba80ba0000), size 12189696, SharedBaseAddress: 0x000001ba80000000, ArchiveRelocationMode: 1.
Compressed class space mapped at: 0x000001ba81000000-0x000001bac1000000, reserved size: 1073741824
Narrow klass base: 0x000001ba80000000, Narrow klass shift: 0, Narrow klass range: 0x100000000

GC Precious Log:
 CardTable entry size: 512
 CPUs: 8 total, 8 available
 Memory: 7914M
 Large Page Support: Disabled
 NUMA Support: Disabled
 Compressed Oops: Enabled (32-bit)
 Alignments: Space 512K, Generation 512K, Heap 2M
 Heap Min Capacity: 100M
 Heap Initial Capacity: 100M
 Heap Max Capacity: 2G
 Pre-touch: Disabled
 Parallel Workers: 8

Heap:
 PSYoungGen      total 23552K, used 1507K [0x00000000d5580000, 0x00000000d6f00000, 0x0000000100000000)
  eden space 22016K, 0% used [0x00000000d5580000,0x00000000d5580000,0x00000000d6b00000)
  from space 1536K, 98% used [0x00000000d6d80000,0x00000000d6ef8f90,0x00000000d6f00000)
  to   space 2048K, 0% used [0x00000000d6b80000,0x00000000d6b80000,0x00000000d6d80000)
 ParOldGen       total 68608K, used 28990K [0x0000000080000000, 0x0000000084300000, 0x00000000d5580000)
  object space 68608K, 42% used [0x0000000080000000,0x0000000081c4fa20,0x0000000084300000)
 Metaspace       used 41452K, committed 42560K, reserved 1114112K
  class space    used 4415K, committed 4928K, reserved 1048576K

Card table byte_map: [0x000001bae4970000,0x000001bae4d80000] _byte_map_base: 0x000001bae4570000

Marking Bits: (ParMarkBitMap*) 0x00007ffb425f4460
 Begin Bits: [0x000001baf7480000, 0x000001baf9480000)
 End Bits:   [0x000001baf9480000, 0x000001bafb480000)

Polling page: 0x000001bae2e30000

Metaspace:

Usage:
  Non-class:     36.17 MB used.
      Class:      4.31 MB used.
       Both:     40.48 MB used.

Virtual space:
  Non-class space:       64.00 MB reserved,      36.75 MB ( 57%) committed,  1 nodes.
      Class space:        1.00 GB reserved,       4.81 MB ( <1%) committed,  1 nodes.
             Both:        1.06 GB reserved,      41.56 MB (  4%) committed. 

Chunk freelists:
   Non-Class:  10.72 MB
       Class:  11.20 MB
        Both:  21.92 MB

MaxMetaspaceSize: unlimited
CompressedClassSpaceSize: 1.00 GB
Initial GC threshold: 21.00 MB
Current GC threshold: 59.31 MB
CDS: on
 - commit_granule_bytes: 65536.
 - commit_granule_words: 8192.
 - virtual_space_node_default_size: 8388608.
 - enlarge_chunks_in_place: 1.
 - use_allocation_guard: 0.


Internal statistics:

num_allocs_failed_limit: 12.
num_arena_births: 836.
num_arena_deaths: 40.
num_vsnodes_births: 2.
num_vsnodes_deaths: 0.
num_space_committed: 665.
num_space_uncommitted: 0.
num_chunks_returned_to_freelist: 60.
num_chunks_taken_from_freelist: 2736.
num_chunk_merges: 18.
num_chunk_splits: 1670.
num_chunks_enlarged: 916.
num_inconsistent_stats: 0.

CodeHeap 'non-profiled nmethods': size=120000Kb used=2728Kb max_used=2728Kb free=117272Kb
 bounds [0x000001baefca0000, 0x000001baeff50000, 0x000001baf71d0000]
CodeHeap 'profiled nmethods': size=120000Kb used=11194Kb max_used=11194Kb free=108805Kb
 bounds [0x000001bae81d0000, 0x000001bae8cc0000, 0x000001baef700000]
CodeHeap 'non-nmethods': size=5760Kb used=1379Kb max_used=1430Kb free=4381Kb
 bounds [0x000001baef700000, 0x000001baef970000, 0x000001baefca0000]
CodeCache: size=245760Kb, used=15301Kb, max_used=15352Kb, free=230458Kb
 total_blobs=6211, nmethods=5544, adapters=573, full_count=0
Compilation: enabled, stopped_count=0, restarted_count=0

Compilation events (20 events):
Event: 7.874 Thread 0x000001bae4f60c80 6147       3       jdk.internal.jrtfs.JrtFileSystemProvider::newDirectoryStream (9 bytes)
Event: 7.875 Thread 0x000001bae4f60c80 nmethod 6147 0x000001bae8cb7e10 code [0x000001bae8cb8020, 0x000001bae8cb86f8]
Event: 7.875 Thread 0x000001bae4f60c80 6155       3       java.util.ImmutableCollections$AbstractImmutableList::iterator (13 bytes)
Event: 7.875 Thread 0x000001bae4f5d5b0 nmethod 6069 0x000001baeff44990 code [0x000001baeff44f40, 0x000001baeff49320]
Event: 7.875 Thread 0x000001bae4f60c80 nmethod 6155 0x000001bae8cb8990 code [0x000001bae8cb8b60, 0x000001bae8cb8e90]
Event: 7.875 Thread 0x000001bae4f60c80 6151  s!   3       jdk.internal.jrtfs.JrtDirectoryStream::iterator (76 bytes)
Event: 7.875 Thread 0x000001bae4f5d5b0 6089       4       java.util.ArrayList::equalsRange (85 bytes)
Event: 7.875 Thread 0x000001bae4f60c80 nmethod 6151 0x000001bae8cb8f90 code [0x000001bae8cb91a0, 0x000001bae8cb9858]
Event: 7.875 Thread 0x000001bae4f60c80 6153       3       jdk.internal.jrtfs.JrtDirectoryStream::<init> (39 bytes)
Event: 7.875 Thread 0x000001bae4f60c80 nmethod 6153 0x000001bae8cb9b10 code [0x000001bae8cb9d40, 0x000001bae8cba448]
Event: 7.875 Thread 0x000001bae4f60c80 6154       3       jdk.internal.jrtfs.JrtFileSystem::iteratorOf (98 bytes)
Event: 7.877 Thread 0x000001bae4f60c80 nmethod 6154 0x000001bae8cba710 code [0x000001bae8cbab20, 0x000001bae8cbc920]
Event: 7.877 Thread 0x000001bae4f60c80 6159       3       java.nio.HeapByteBuffer::getShort (29 bytes)
Event: 7.877 Thread 0x000001bae4f60c80 nmethod 6159 0x000001bae8cbd310 code [0x000001bae8cbd580, 0x000001bae8cbdf70]
Event: 7.877 Thread 0x000001bae4f60c80 6157       2       org.eclipse.jdt.internal.core.JavaModelManager::getJavaModelManager (4 bytes)
Event: 7.877 Thread 0x000001bae4f60c80 nmethod 6157 0x000001bae8cbe390 code [0x000001bae8cbe520, 0x000001bae8cbe618]
Event: 7.877 Thread 0x000001bae4f60c80 6158       2       java.lang.invoke.DirectMethodHandle$Accessor::checkCast (9 bytes)
Event: 7.878 Thread 0x000001bae4f60c80 nmethod 6158 0x000001bae8cbe690 code [0x000001bae8cbe840, 0x000001bae8cbea58]
Event: 7.878 Thread 0x000001bae4f60c80 6156       1       org.eclipse.jdt.internal.core.JarPackageFragmentRoot::isArchive (2 bytes)
Event: 7.878 Thread 0x000001bae4f60c80 nmethod 6156 0x000001baefd70690 code [0x000001baefd70820, 0x000001baefd708e8]

GC Heap History (20 events):
Event: 5.802 GC heap after
{Heap after GC invocations=14 (full 1):
 PSYoungGen      total 24064K, used 832K [0x00000000d5580000, 0x00000000d7200000, 0x0000000100000000)
  eden space 22016K, 0% used [0x00000000d5580000,0x00000000d5580000,0x00000000d6b00000)
  from space 2048K, 40% used [0x00000000d6e80000,0x00000000d6f50000,0x00000000d7080000)
  to   space 1536K, 0% used [0x00000000d7080000,0x00000000d7080000,0x00000000d7200000)
 ParOldGen       total 68608K, used 18523K [0x0000000080000000, 0x0000000084300000, 0x00000000d5580000)
  object space 68608K, 26% used [0x0000000080000000,0x0000000081216d90,0x0000000084300000)
 Metaspace       used 31076K, committed 32064K, reserved 1114112K
  class space    used 3088K, committed 3520K, reserved 1048576K
}
Event: 5.919 GC heap before
{Heap before GC invocations=15 (full 1):
 PSYoungGen      total 24064K, used 22848K [0x00000000d5580000, 0x00000000d7200000, 0x0000000100000000)
  eden space 22016K, 100% used [0x00000000d5580000,0x00000000d6b00000,0x00000000d6b00000)
  from space 2048K, 40% used [0x00000000d6e80000,0x00000000d6f50000,0x00000000d7080000)
  to   space 1536K, 0% used [0x00000000d7080000,0x00000000d7080000,0x00000000d7200000)
 ParOldGen       total 68608K, used 18523K [0x0000000080000000, 0x0000000084300000, 0x00000000d5580000)
  object space 68608K, 26% used [0x0000000080000000,0x0000000081216d90,0x0000000084300000)
 Metaspace       used 32709K, committed 33792K, reserved 1114112K
  class space    used 3278K, committed 3776K, reserved 1048576K
}
Event: 5.921 GC heap after
{Heap after GC invocations=15 (full 1):
 PSYoungGen      total 23552K, used 1418K [0x00000000d5580000, 0x00000000d7200000, 0x0000000100000000)
  eden space 22016K, 0% used [0x00000000d5580000,0x00000000d5580000,0x00000000d6b00000)
  from space 1536K, 92% used [0x00000000d7080000,0x00000000d71e2b98,0x00000000d7200000)
  to   space 1536K, 0% used [0x00000000d6f00000,0x00000000d6f00000,0x00000000d7080000)
 ParOldGen       total 68608K, used 19192K [0x0000000080000000, 0x0000000084300000, 0x00000000d5580000)
  object space 68608K, 27% used [0x0000000080000000,0x00000000812be270,0x0000000084300000)
 Metaspace       used 32709K, committed 33792K, reserved 1114112K
  class space    used 3278K, committed 3776K, reserved 1048576K
}
Event: 6.064 GC heap before
{Heap before GC invocations=16 (full 1):
 PSYoungGen      total 23552K, used 23434K [0x00000000d5580000, 0x00000000d7200000, 0x0000000100000000)
  eden space 22016K, 100% used [0x00000000d5580000,0x00000000d6b00000,0x00000000d6b00000)
  from space 1536K, 92% used [0x00000000d7080000,0x00000000d71e2b98,0x00000000d7200000)
  to   space 1536K, 0% used [0x00000000d6f00000,0x00000000d6f00000,0x00000000d7080000)
 ParOldGen       total 68608K, used 19192K [0x0000000080000000, 0x0000000084300000, 0x00000000d5580000)
  object space 68608K, 27% used [0x0000000080000000,0x00000000812be270,0x0000000084300000)
 Metaspace       used 34212K, committed 35264K, reserved 1114112K
  class space    used 3475K, committed 3968K, reserved 1048576K
}
Event: 6.066 GC heap after
{Heap after GC invocations=16 (full 1):
 PSYoungGen      total 22528K, used 416K [0x00000000d5580000, 0x00000000d7100000, 0x0000000100000000)
  eden space 22016K, 0% used [0x00000000d5580000,0x00000000d5580000,0x00000000d6b00000)
  from space 512K, 81% used [0x00000000d6f00000,0x00000000d6f68000,0x00000000d6f80000)
  to   space 1024K, 0% used [0x00000000d7000000,0x00000000d7000000,0x00000000d7100000)
 ParOldGen       total 68608K, used 20368K [0x0000000080000000, 0x0000000084300000, 0x00000000d5580000)
  object space 68608K, 29% used [0x0000000080000000,0x00000000813e41d0,0x0000000084300000)
 Metaspace       used 34212K, committed 35264K, reserved 1114112K
  class space    used 3475K, committed 3968K, reserved 1048576K
}
Event: 6.224 GC heap before
{Heap before GC invocations=17 (full 1):
 PSYoungGen      total 22528K, used 15721K [0x00000000d5580000, 0x00000000d7100000, 0x0000000100000000)
  eden space 22016K, 69% used [0x00000000d5580000,0x00000000d6472710,0x00000000d6b00000)
  from space 512K, 81% used [0x00000000d6f00000,0x00000000d6f68000,0x00000000d6f80000)
  to   space 1024K, 0% used [0x00000000d7000000,0x00000000d7000000,0x00000000d7100000)
 ParOldGen       total 68608K, used 20368K [0x0000000080000000, 0x0000000084300000, 0x00000000d5580000)
  object space 68608K, 29% used [0x0000000080000000,0x00000000813e41d0,0x0000000084300000)
 Metaspace       used 35407K, committed 36416K, reserved 1114112K
  class space    used 3651K, committed 4096K, reserved 1048576K
}
Event: 6.226 GC heap after
{Heap after GC invocations=17 (full 1):
 PSYoungGen      total 23040K, used 1008K [0x00000000d5580000, 0x00000000d7100000, 0x0000000100000000)
  eden space 22016K, 0% used [0x00000000d5580000,0x00000000d5580000,0x00000000d6b00000)
  from space 1024K, 98% used [0x00000000d7000000,0x00000000d70fc010,0x00000000d7100000)
  to   space 2560K, 0% used [0x00000000d6c00000,0x00000000d6c00000,0x00000000d6e80000)
 ParOldGen       total 68608K, used 21592K [0x0000000080000000, 0x0000000084300000, 0x00000000d5580000)
  object space 68608K, 31% used [0x0000000080000000,0x00000000815161d0,0x0000000084300000)
 Metaspace       used 35407K, committed 36416K, reserved 1114112K
  class space    used 3651K, committed 4096K, reserved 1048576K
}
Event: 6.226 GC heap before
{Heap before GC invocations=18 (full 2):
 PSYoungGen      total 23040K, used 1008K [0x00000000d5580000, 0x00000000d7100000, 0x0000000100000000)
  eden space 22016K, 0% used [0x00000000d5580000,0x00000000d5580000,0x00000000d6b00000)
  from space 1024K, 98% used [0x00000000d7000000,0x00000000d70fc010,0x00000000d7100000)
  to   space 2560K, 0% used [0x00000000d6c00000,0x00000000d6c00000,0x00000000d6e80000)
 ParOldGen       total 68608K, used 21592K [0x0000000080000000, 0x0000000084300000, 0x00000000d5580000)
  object space 68608K, 31% used [0x0000000080000000,0x00000000815161d0,0x0000000084300000)
 Metaspace       used 35407K, committed 36416K, reserved 1114112K
  class space    used 3651K, committed 4096K, reserved 1048576K
}
Event: 6.262 GC heap after
{Heap after GC invocations=18 (full 2):
 PSYoungGen      total 23040K, used 0K [0x00000000d5580000, 0x00000000d7100000, 0x0000000100000000)
  eden space 22016K, 0% used [0x00000000d5580000,0x00000000d5580000,0x00000000d6b00000)
  from space 1024K, 0% used [0x00000000d7000000,0x00000000d7000000,0x00000000d7100000)
  to   space 2560K, 0% used [0x00000000d6c00000,0x00000000d6c00000,0x00000000d6e80000)
 ParOldGen       total 68608K, used 21092K [0x0000000080000000, 0x0000000084300000, 0x00000000d5580000)
  object space 68608K, 30% used [0x0000000080000000,0x00000000814992b8,0x0000000084300000)
 Metaspace       used 35384K, committed 36416K, reserved 1114112K
  class space    used 3644K, committed 4096K, reserved 1048576K
}
Event: 7.499 GC heap before
{Heap before GC invocations=19 (full 2):
 PSYoungGen      total 23040K, used 22016K [0x00000000d5580000, 0x00000000d7100000, 0x0000000100000000)
  eden space 22016K, 100% used [0x00000000d5580000,0x00000000d6b00000,0x00000000d6b00000)
  from space 1024K, 0% used [0x00000000d7000000,0x00000000d7000000,0x00000000d7100000)
  to   space 2560K, 0% used [0x00000000d6c00000,0x00000000d6c00000,0x00000000d6e80000)
 ParOldGen       total 68608K, used 21092K [0x0000000080000000, 0x0000000084300000, 0x00000000d5580000)
  object space 68608K, 30% used [0x0000000080000000,0x00000000814992b8,0x0000000084300000)
 Metaspace       used 37635K, committed 38848K, reserved 1114112K
  class space    used 3937K, committed 4480K, reserved 1048576K
}
Event: 7.501 GC heap after
{Heap after GC invocations=19 (full 2):
 PSYoungGen      total 24576K, used 1309K [0x00000000d5580000, 0x00000000d7080000, 0x0000000100000000)
  eden space 22016K, 0% used [0x00000000d5580000,0x00000000d5580000,0x00000000d6b00000)
  from space 2560K, 51% used [0x00000000d6c00000,0x00000000d6d476b0,0x00000000d6e80000)
  to   space 2048K, 0% used [0x00000000d6e80000,0x00000000d6e80000,0x00000000d7080000)
 ParOldGen       total 68608K, used 21100K [0x0000000080000000, 0x0000000084300000, 0x00000000d5580000)
  object space 68608K, 30% used [0x0000000080000000,0x000000008149b2b8,0x0000000084300000)
 Metaspace       used 37635K, committed 38848K, reserved 1114112K
  class space    used 3937K, committed 4480K, reserved 1048576K
}
Event: 7.617 GC heap before
{Heap before GC invocations=20 (full 2):
 PSYoungGen      total 24576K, used 23325K [0x00000000d5580000, 0x00000000d7080000, 0x0000000100000000)
  eden space 22016K, 100% used [0x00000000d5580000,0x00000000d6b00000,0x00000000d6b00000)
  from space 2560K, 51% used [0x00000000d6c00000,0x00000000d6d476b0,0x00000000d6e80000)
  to   space 2048K, 0% used [0x00000000d6e80000,0x00000000d6e80000,0x00000000d7080000)
 ParOldGen       total 68608K, used 21100K [0x0000000080000000, 0x0000000084300000, 0x00000000d5580000)
  object space 68608K, 30% used [0x0000000080000000,0x000000008149b2b8,0x0000000084300000)
 Metaspace       used 39123K, committed 40320K, reserved 1114112K
  class space    used 4110K, committed 4608K, reserved 1048576K
}
Event: 7.619 GC heap after
{Heap after GC invocations=20 (full 2):
 PSYoungGen      total 23552K, used 1456K [0x00000000d5580000, 0x00000000d7000000, 0x0000000100000000)
  eden space 22016K, 0% used [0x00000000d5580000,0x00000000d5580000,0x00000000d6b00000)
  from space 1536K, 94% used [0x00000000d6e80000,0x00000000d6fec030,0x00000000d7000000)
  to   space 1536K, 0% used [0x00000000d6d00000,0x00000000d6d00000,0x00000000d6e80000)
 ParOldGen       total 68608K, used 22114K [0x0000000080000000, 0x0000000084300000, 0x00000000d5580000)
  object space 68608K, 32% used [0x0000000080000000,0x00000000815989e0,0x0000000084300000)
 Metaspace       used 39123K, committed 40320K, reserved 1114112K
  class space    used 4110K, committed 4608K, reserved 1048576K
}
Event: 7.673 GC heap before
{Heap before GC invocations=21 (full 2):
 PSYoungGen      total 23552K, used 23472K [0x00000000d5580000, 0x00000000d7000000, 0x0000000100000000)
  eden space 22016K, 100% used [0x00000000d5580000,0x00000000d6b00000,0x00000000d6b00000)
  from space 1536K, 94% used [0x00000000d6e80000,0x00000000d6fec030,0x00000000d7000000)
  to   space 1536K, 0% used [0x00000000d6d00000,0x00000000d6d00000,0x00000000d6e80000)
 ParOldGen       total 68608K, used 22114K [0x0000000080000000, 0x0000000084300000, 0x00000000d5580000)
  object space 68608K, 32% used [0x0000000080000000,0x00000000815989e0,0x0000000084300000)
 Metaspace       used 39563K, committed 40704K, reserved 1114112K
  class space    used 4173K, committed 4672K, reserved 1048576K
}
Event: 7.676 GC heap after
{Heap after GC invocations=21 (full 2):
 PSYoungGen      total 23552K, used 1504K [0x00000000d5580000, 0x00000000d7200000, 0x0000000100000000)
  eden space 22016K, 0% used [0x00000000d5580000,0x00000000d5580000,0x00000000d6b00000)
  from space 1536K, 97% used [0x00000000d6d00000,0x00000000d6e78010,0x00000000d6e80000)
  to   space 3584K, 0% used [0x00000000d6e80000,0x00000000d6e80000,0x00000000d7200000)
 ParOldGen       total 68608K, used 23759K [0x0000000080000000, 0x0000000084300000, 0x00000000d5580000)
  object space 68608K, 34% used [0x0000000080000000,0x0000000081733d78,0x0000000084300000)
 Metaspace       used 39563K, committed 40704K, reserved 1114112K
  class space    used 4173K, committed 4672K, reserved 1048576K
}
Event: 7.732 GC heap before
{Heap before GC invocations=22 (full 2):
 PSYoungGen      total 23552K, used 23520K [0x00000000d5580000, 0x00000000d7200000, 0x0000000100000000)
  eden space 22016K, 100% used [0x00000000d5580000,0x00000000d6b00000,0x00000000d6b00000)
  from space 1536K, 97% used [0x00000000d6d00000,0x00000000d6e78010,0x00000000d6e80000)
  to   space 3584K, 0% used [0x00000000d6e80000,0x00000000d6e80000,0x00000000d7200000)
 ParOldGen       total 68608K, used 23759K [0x0000000080000000, 0x0000000084300000, 0x00000000d5580000)
  object space 68608K, 34% used [0x0000000080000000,0x0000000081733d78,0x0000000084300000)
 Metaspace       used 40027K, committed 41152K, reserved 1114112K
  class space    used 4221K, committed 4736K, reserved 1048576K
}
Event: 7.735 GC heap after
{Heap after GC invocations=22 (full 2):
 PSYoungGen      total 24064K, used 2030K [0x00000000d5580000, 0x00000000d7080000, 0x0000000100000000)
  eden space 22016K, 0% used [0x00000000d5580000,0x00000000d5580000,0x00000000d6b00000)
  from space 2048K, 99% used [0x00000000d6e80000,0x00000000d707bbe0,0x00000000d7080000)
  to   space 2560K, 0% used [0x00000000d6b80000,0x00000000d6b80000,0x00000000d6e00000)
 ParOldGen       total 68608K, used 25183K [0x0000000080000000, 0x0000000084300000, 0x00000000d5580000)
  object space 68608K, 36% used [0x0000000080000000,0x0000000081897d88,0x0000000084300000)
 Metaspace       used 40027K, committed 41152K, reserved 1114112K
  class space    used 4221K, committed 4736K, reserved 1048576K
}
Event: 7.821 GC heap before
{Heap before GC invocations=23 (full 2):
 PSYoungGen      total 24064K, used 24046K [0x00000000d5580000, 0x00000000d7080000, 0x0000000100000000)
  eden space 22016K, 100% used [0x00000000d5580000,0x00000000d6b00000,0x00000000d6b00000)
  from space 2048K, 99% used [0x00000000d6e80000,0x00000000d707bbe0,0x00000000d7080000)
  to   space 2560K, 0% used [0x00000000d6b80000,0x00000000d6b80000,0x00000000d6e00000)
 ParOldGen       total 68608K, used 25183K [0x0000000080000000, 0x0000000084300000, 0x00000000d5580000)
  object space 68608K, 36% used [0x0000000080000000,0x0000000081897d88,0x0000000084300000)
 Metaspace       used 41036K, committed 42176K, reserved 1114112K
  class space    used 4374K, committed 4928K, reserved 1048576K
}
Event: 7.825 GC heap after
{Heap after GC invocations=23 (full 2):
 PSYoungGen      total 24064K, used 1728K [0x00000000d5580000, 0x00000000d6f00000, 0x0000000100000000)
  eden space 22016K, 0% used [0x00000000d5580000,0x00000000d5580000,0x00000000d6b00000)
  from space 2048K, 84% used [0x00000000d6b80000,0x00000000d6d30020,0x00000000d6d80000)
  to   space 1536K, 0% used [0x00000000d6d80000,0x00000000d6d80000,0x00000000d6f00000)
 ParOldGen       total 68608K, used 27001K [0x0000000080000000, 0x0000000084300000, 0x00000000d5580000)
  object space 68608K, 39% used [0x0000000080000000,0x0000000081a5e588,0x0000000084300000)
 Metaspace       used 41036K, committed 42176K, reserved 1114112K
  class space    used 4374K, committed 4928K, reserved 1048576K
}
Event: 7.879 GC heap before
{Heap before GC invocations=24 (full 2):
 PSYoungGen      total 24064K, used 23744K [0x00000000d5580000, 0x00000000d6f00000, 0x0000000100000000)
  eden space 22016K, 100% used [0x00000000d5580000,0x00000000d6b00000,0x00000000d6b00000)
  from space 2048K, 84% used [0x00000000d6b80000,0x00000000d6d30020,0x00000000d6d80000)
  to   space 1536K, 0% used [0x00000000d6d80000,0x00000000d6d80000,0x00000000d6f00000)
 ParOldGen       total 68608K, used 27001K [0x0000000080000000, 0x0000000084300000, 0x00000000d5580000)
  object space 68608K, 39% used [0x0000000080000000,0x0000000081a5e588,0x0000000084300000)
 Metaspace       used 41452K, committed 42560K, reserved 1114112K
  class space    used 4415K, committed 4928K, reserved 1048576K
}

Dll operation events (10 events):
Event: 0.007 Loaded shared library c:\Users\rawat\.antigravity-ide\extensions\redhat.java-1.55.0-win32-x64\jre\21.0.11-win32-x86_64\bin\java.dll
Event: 0.053 Loaded shared library c:\Users\rawat\.antigravity-ide\extensions\redhat.java-1.55.0-win32-x64\jre\21.0.11-win32-x86_64\bin\zip.dll
Event: 0.068 Loaded shared library C:\Users\rawat\.antigravity-ide\extensions\redhat.java-1.55.0-win32-x64\jre\21.0.11-win32-x86_64\bin\instrument.dll
Event: 0.072 Loaded shared library C:\Users\rawat\.antigravity-ide\extensions\redhat.java-1.55.0-win32-x64\jre\21.0.11-win32-x86_64\bin\net.dll
Event: 0.076 Loaded shared library C:\Users\rawat\.antigravity-ide\extensions\redhat.java-1.55.0-win32-x64\jre\21.0.11-win32-x86_64\bin\nio.dll
Event: 0.078 Loaded shared library C:\Users\rawat\.antigravity-ide\extensions\redhat.java-1.55.0-win32-x64\jre\21.0.11-win32-x86_64\bin\zip.dll
Event: 0.092 Loaded shared library C:\Users\rawat\.antigravity-ide\extensions\redhat.java-1.55.0-win32-x64\jre\21.0.11-win32-x86_64\bin\jimage.dll
Event: 0.143 Loaded shared library c:\Users\rawat\.antigravity-ide\extensions\redhat.java-1.55.0-win32-x64\jre\21.0.11-win32-x86_64\bin\verify.dll
Event: 0.781 Loaded shared library C:\Users\rawat\AppData\Roaming\Antigravity IDE\User\globalStorage\redhat.java\1.55.0\config_win\org.eclipse.equinox.launcher\org.eclipse.equinox.launcher.win32.win32.x86_64_1.3.100.v20260613-0559\eclipse_11924.dll
Event: 4.036 Loaded shared library C:\Users\rawat\AppData\Local\Temp\jna-108288603\jna18111585681937804912.dll

Deoptimization events (20 events):
Event: 7.636 Thread 0x000001baffdc1ef0 DEOPT PACKING pc=0x000001bae845ddd3 sp=0x000000b7b59fd0a0
Event: 7.636 Thread 0x000001baffdc1ef0 DEOPT UNPACKING pc=0x000001baef7578e2 sp=0x000000b7b59fc588 mode 0
Event: 7.641 Thread 0x000001baff6506a0 Uncommon trap: trap_request=0xffffff45 fr.pc=0x000001baefefde20 relative=0x0000000000000b80
Event: 7.641 Thread 0x000001baff6506a0 Uncommon trap: reason=unstable_if action=reinterpret pc=0x000001baefefde20 method=org.eclipse.osgi.internal.loader.BundleLoader.getPackageName(Ljava/lang/String;)Ljava/lang/String; @ 12 c2
Event: 7.641 Thread 0x000001baff6506a0 DEOPT PACKING pc=0x000001baefefde20 sp=0x000000b7b6dfdee0
Event: 7.642 Thread 0x000001baff6506a0 DEOPT UNPACKING pc=0x000001baef756da2 sp=0x000000b7b6dfde50 mode 2
Event: 7.642 Thread 0x000001baff6506a0 Uncommon trap: trap_request=0xffffff45 fr.pc=0x000001baeff2cc70 relative=0x0000000000004c10
Event: 7.642 Thread 0x000001baff6506a0 Uncommon trap: reason=unstable_if action=reinterpret pc=0x000001baeff2cc70 method=org.eclipse.osgi.internal.loader.BundleLoader.getPackageName(Ljava/lang/String;)Ljava/lang/String; @ 12 c2
Event: 7.642 Thread 0x000001baff6506a0 DEOPT PACKING pc=0x000001baeff2cc70 sp=0x000000b7b6dfddb0
Event: 7.642 Thread 0x000001baff6506a0 DEOPT UNPACKING pc=0x000001baef756da2 sp=0x000000b7b6dfdd10 mode 2
Event: 7.642 Thread 0x000001baff6506a0 Uncommon trap: trap_request=0xffffff45 fr.pc=0x000001baefefb568 relative=0x0000000000000688
Event: 7.642 Thread 0x000001baff6506a0 Uncommon trap: reason=unstable_if action=reinterpret pc=0x000001baefefb568 method=org.eclipse.osgi.internal.loader.BundleLoader.getPackageName(Ljava/lang/String;)Ljava/lang/String; @ 12 c2
Event: 7.642 Thread 0x000001baff6506a0 DEOPT PACKING pc=0x000001baefefb568 sp=0x000000b7b6dfdf30
Event: 7.642 Thread 0x000001baff6506a0 DEOPT UNPACKING pc=0x000001baef756da2 sp=0x000000b7b6dfdf18 mode 2
Event: 7.642 Thread 0x000001baffdc3930 DEOPT PACKING pc=0x000001bae8236b53 sp=0x000000b7b58fe210
Event: 7.642 Thread 0x000001baffdc3930 DEOPT UNPACKING pc=0x000001baef7578e2 sp=0x000000b7b58fd680 mode 0
Event: 7.759 Thread 0x000001baffdc1ef0 DEOPT PACKING pc=0x000001bae87d0f3e sp=0x000000b7b59fcca0
Event: 7.759 Thread 0x000001baffdc1ef0 DEOPT UNPACKING pc=0x000001baef7578e2 sp=0x000000b7b59fc1e0 mode 0
Event: 7.766 Thread 0x000001baffdc1ef0 DEOPT PACKING pc=0x000001bae8c0209f sp=0x000000b7b59fcda0
Event: 7.766 Thread 0x000001baffdc1ef0 DEOPT UNPACKING pc=0x000001baef7578e2 sp=0x000000b7b59fc278 mode 0

Classes loaded (20 events):
Event: 7.544 Loading class java/nio/file/FileTreeWalker$EventType
Event: 7.544 Loading class java/nio/file/FileTreeWalker$EventType done
Event: 7.544 Loading class java/nio/file/Files$3
Event: 7.544 Loading class java/nio/file/Files$3 done
Event: 7.544 Loading class java/nio/file/FileVisitResult
Event: 7.544 Loading class java/nio/file/FileVisitResult done
Event: 7.555 Loading class sun/nio/ch/WindowsAsynchronousFileChannelImpl$WriteTask
Event: 7.555 Loading class sun/nio/ch/WindowsAsynchronousFileChannelImpl$WriteTask done
Event: 7.566 Loading class sun/reflect/generics/repository/FieldRepository
Event: 7.566 Loading class sun/reflect/generics/repository/FieldRepository done
Event: 7.784 Loading class java/nio/channels/Channels$ReadableByteChannelImpl
Event: 7.784 Loading class java/nio/channels/Channels$ReadableByteChannelImpl done
Event: 7.785 Loading class java/nio/channels/NonWritableChannelException
Event: 7.785 Loading class java/nio/channels/NonWritableChannelException done
Event: 7.794 Loading class sun/reflect/annotation/AnnotatedTypeFactory$AnnotatedParameterizedTypeImpl
Event: 7.795 Loading class java/lang/reflect/AnnotatedParameterizedType
Event: 7.795 Loading class java/lang/reflect/AnnotatedParameterizedType done
Event: 7.795 Loading class sun/reflect/annotation/AnnotatedTypeFactory$AnnotatedParameterizedTypeImpl done
Event: 7.825 Loading class java/util/concurrent/CompletionService
Event: 7.825 Loading class java/util/concurrent/CompletionService done

Classes unloaded (20 events):
Event: 4.711 Thread 0x000001bae4f228a0 Unloading class 0x000001ba811aac00 'java/lang/invoke/LambdaForm$MH+0x000001ba811aac00'
Event: 4.711 Thread 0x000001bae4f228a0 Unloading class 0x000001ba811aa800 'java/lang/invoke/LambdaForm$MH+0x000001ba811aa800'
Event: 4.711 Thread 0x000001bae4f228a0 Unloading class 0x000001ba811aa400 'java/lang/invoke/LambdaForm$MH+0x000001ba811aa400'
Event: 4.711 Thread 0x000001bae4f228a0 Unloading class 0x000001ba811aa000 'java/lang/invoke/LambdaForm$MH+0x000001ba811aa000'
Event: 4.711 Thread 0x000001bae4f228a0 Unloading class 0x000001ba811a9c00 'java/lang/invoke/LambdaForm$BMH+0x000001ba811a9c00'
Event: 4.711 Thread 0x000001bae4f228a0 Unloading class 0x000001ba811a9800 'java/lang/invoke/LambdaForm$DMH+0x000001ba811a9800'
Event: 4.711 Thread 0x000001bae4f228a0 Unloading class 0x000001ba811a8400 'java/lang/invoke/LambdaForm$DMH+0x000001ba811a8400'
Event: 6.232 Thread 0x000001bae4f228a0 Unloading class 0x000001ba8133bc00 'java/lang/invoke/LambdaForm$MH+0x000001ba8133bc00'
Event: 6.232 Thread 0x000001bae4f228a0 Unloading class 0x000001ba8133b400 'java/lang/invoke/LambdaForm$MH+0x000001ba8133b400'
Event: 6.232 Thread 0x000001bae4f228a0 Unloading class 0x000001ba8133ac00 'java/lang/invoke/LambdaForm$MH+0x000001ba8133ac00'
Event: 6.232 Thread 0x000001bae4f228a0 Unloading class 0x000001ba8133a400 'java/lang/invoke/LambdaForm$MH+0x000001ba8133a400'
Event: 6.232 Thread 0x000001bae4f228a0 Unloading class 0x000001ba81339c00 'java/lang/invoke/LambdaForm$DMH+0x000001ba81339c00'
Event: 6.232 Thread 0x000001bae4f228a0 Unloading class 0x000001ba81339400 'java/lang/invoke/LambdaForm$MH+0x000001ba81339400'
Event: 6.232 Thread 0x000001bae4f228a0 Unloading class 0x000001ba81331c00 'java/lang/invoke/LambdaForm$MH+0x000001ba81331c00'
Event: 6.232 Thread 0x000001bae4f228a0 Unloading class 0x000001ba81331400 'java/lang/invoke/LambdaForm$MH+0x000001ba81331400'
Event: 6.232 Thread 0x000001bae4f228a0 Unloading class 0x000001ba81330c00 'java/lang/invoke/LambdaForm$MH+0x000001ba81330c00'
Event: 6.232 Thread 0x000001bae4f228a0 Unloading class 0x000001ba81330400 'java/lang/invoke/LambdaForm$MH+0x000001ba81330400'
Event: 6.232 Thread 0x000001bae4f228a0 Unloading class 0x000001ba8132ac00 'java/lang/invoke/LambdaForm$MH+0x000001ba8132ac00'
Event: 6.232 Thread 0x000001bae4f228a0 Unloading class 0x000001ba8132a400 'java/lang/invoke/LambdaForm$MH+0x000001ba8132a400'
Event: 6.232 Thread 0x000001bae4f228a0 Unloading class 0x000001ba81329c00 'java/lang/invoke/LambdaForm$MH+0x000001ba81329c00'

Classes redefined (0 events):
No events

Internal exceptions (20 events):
Event: 6.410 Thread 0x000001baffdc1ef0 Exception <a 'sun/nio/fs/WindowsException'{0x00000000d5ea8f10}> (0x00000000d5ea8f10) 
thrown [s\src\hotspot\share\prims\jni.cpp, line 520]
Event: 6.410 Thread 0x000001baffdc1ef0 Exception <a 'sun/nio/fs/WindowsException'{0x00000000d5ea97f0}> (0x00000000d5ea97f0) 
thrown [s\src\hotspot\share\prims\jni.cpp, line 520]
Event: 6.424 Thread 0x000001baffdc1ef0 Exception <a 'sun/nio/fs/WindowsException'{0x00000000d5fa2428}> (0x00000000d5fa2428) 
thrown [s\src\hotspot\share\prims\jni.cpp, line 520]
Event: 6.424 Thread 0x000001baffdc1ef0 Exception <a 'sun/nio/fs/WindowsException'{0x00000000d5fa2f90}> (0x00000000d5fa2f90) 
thrown [s\src\hotspot\share\prims\jni.cpp, line 520]
Event: 6.428 Thread 0x000001baffdc1ef0 Exception <a 'sun/nio/fs/WindowsException'{0x00000000d6003b60}> (0x00000000d6003b60) 
thrown [s\src\hotspot\share\prims\jni.cpp, line 520]
Event: 6.428 Thread 0x000001baffdc1ef0 Exception <a 'sun/nio/fs/WindowsException'{0x00000000d60046c8}> (0x00000000d60046c8) 
thrown [s\src\hotspot\share\prims\jni.cpp, line 520]
Event: 6.437 Thread 0x000001baffdc3930 Exception <a 'java/lang/NoClassDefFoundError'{0x00000000d6120dc8}: javax/enterprise/inject/Typed> (0x00000000d6120dc8) 
thrown [s\src\hotspot\share\classfile\systemDictionary.cpp, line 302]
Event: 6.481 Thread 0x000001bae4fc9c70 Exception <a 'java/lang/NoSuchMethodError'{0x00000000d67d5be8}: 'void java.lang.invoke.DirectMethodHandle$Holder.invokeSpecial(java.lang.Object, java.lang.Object, java.lang.Object, java.lang.Object, java.lang.Object, java.lang.Object)'> (0x00000000d67d5be8) 
thrown [s\src\hotspot\share\interpreter\linkResolver.cpp, line 773]
Event: 6.481 Thread 0x000001baffdc1ef0 Implicit null exception at 0x000001baefee58f7 to 0x000001baefee5b68
Event: 6.481 Thread 0x000001baffdc1ef0 Exception <a 'java/lang/NoSuchMethodError'{0x00000000d679cfd0}: 'long java.lang.invoke.DirectMethodHandle$Holder.invokeStatic(java.lang.Object, java.lang.Object, int)'> (0x00000000d679cfd0) 
thrown [s\src\hotspot\share\interpreter\linkResolver.cpp, line 773]
Event: 6.482 Thread 0x000001bae4fc9c70 Exception <a 'java/lang/IncompatibleClassChangeError'{0x00000000d67fc380}: Found class java.lang.Object, but interface was expected> (0x00000000d67fc380) 
thrown [s\src\hotspot\share\interpreter\linkResolver.cpp, line 840]
Event: 6.482 Thread 0x000001bae4fc9c70 Exception <a 'java/lang/IncompatibleClassChangeError'{0x00000000d67fd538}: Found class java.lang.Object, but interface was expected> (0x00000000d67fd538) 
thrown [s\src\hotspot\share\interpreter\linkResolver.cpp, line 840]
Event: 6.482 Thread 0x000001baffdc1ef0 Exception <a 'java/lang/NoSuchMethodError'{0x00000000d67a76c0}: 'java.lang.Object java.lang.invoke.DelegatingMethodHandle$Holder.reinvoke_L(java.lang.Object, int, long, java.lang.Object, java.lang.Object, int, java.lang.Object)'> (0x00000000d67a76c0) 
thrown [s\src\hotspot\share\interpreter\linkResolver.cpp, line 773]
Event: 7.590 Thread 0x000001baffdc1ef0 Exception <a 'java/lang/NoSuchMethodError'{0x00000000d65dbf48}: 'java.lang.Object java.lang.invoke.Invokers$Holder.invoke_MT(java.lang.Object, java.lang.Object, java.lang.Object, java.lang.Object, java.lang.Object, java.lang.Object, java.lang.Object, java.lang.Object, java.lang.Object, java.lang.Object)'> (0x00000000d65dbf48) 
thrown [s\src\hotspot\share\interpreter\linkResolver.cpp, line 773]
Event: 7.767 Thread 0x000001baffdc1ef0 Exception <a 'java/io/FileNotFoundException'{0x00000000d591fef8}> (0x00000000d591fef8) 
thrown [s\src\hotspot\share\prims\jni.cpp, line 520]
Event: 7.767 Thread 0x000001baffdc1ef0 Exception <a 'java/io/FileNotFoundException'{0x00000000d5921a80}> (0x00000000d5921a80) 
thrown [s\src\hotspot\share\prims\jni.cpp, line 520]
Event: 7.769 Thread 0x000001baffdc1ef0 Exception <a 'java/lang/NoSuchMethodError'{0x00000000d592fee0}: 'java.lang.Object java.lang.invoke.DirectMethodHandle$Holder.newInvokeSpecial(java.lang.Object, java.lang.Object, java.lang.Object, int)'> (0x00000000d592fee0) 
thrown [s\src\hotspot\share\interpreter\linkResolver.cpp, line 773]
Event: 7.769 Thread 0x000001baffdc1ef0 Exception <a 'java/lang/NoSuchMethodError'{0x00000000d5933e08}: 'java.lang.Object java.lang.invoke.DirectMethodHandle$Holder.invokeSpecial(java.lang.Object, java.lang.Object, java.lang.Object, java.lang.Object, int)'> (0x00000000d5933e08) 
thrown [s\src\hotspot\share\interpreter\linkResolver.cpp, line 773]
Event: 7.770 Thread 0x000001baffdc1ef0 Exception <a 'java/lang/NoSuchMethodError'{0x00000000d5937560}: 'java.lang.Object java.lang.invoke.Invokers$Holder.linkToTargetMethod(java.lang.Object, java.lang.Object, int, java.lang.Object)'> (0x00000000d5937560) 
thrown [s\src\hotspot\share\interpreter\linkResolver.cpp, line 773]
Event: 7.771 Thread 0x000001baffdc1ef0 Exception <a 'java/lang/NoSuchMethodError'{0x00000000d59439c8}: 'void java.lang.invoke.DirectMethodHandle$Holder.invokeStaticInit(java.lang.Object, java.lang.Object, java.lang.Object)'> (0x00000000d59439c8) 
thrown [s\src\hotspot\share\interpreter\linkResolver.cpp, line 773]

ZGC Phase Switch (0 events):
No events

VM Operations (20 events):
Event: 7.501 Executing safepoint VM operation: ParallelGCFailedAllocation (Allocation Failure) done
Event: 7.508 Executing non-safepoint VM operation: HandshakeAllThreads (Deoptimize)
Event: 7.508 Executing non-safepoint VM operation: HandshakeAllThreads (Deoptimize) done
Event: 7.509 Executing non-safepoint VM operation: HandshakeAllThreads (Deoptimize)
Event: 7.509 Executing non-safepoint VM operation: HandshakeAllThreads (Deoptimize) done
Event: 7.543 Executing non-safepoint VM operation: HandshakeAllThreads (Deoptimize)
Event: 7.543 Executing non-safepoint VM operation: HandshakeAllThreads (Deoptimize) done
Event: 7.617 Executing safepoint VM operation: ParallelGCFailedAllocation (Allocation Failure)
Event: 7.619 Executing safepoint VM operation: ParallelGCFailedAllocation (Allocation Failure) done
Event: 7.648 Executing non-safepoint VM operation: HandshakeAllThreads (Deoptimize)
Event: 7.648 Executing non-safepoint VM operation: HandshakeAllThreads (Deoptimize) done
Event: 7.672 Executing safepoint VM operation: ParallelGCFailedAllocation (Allocation Failure)
Event: 7.676 Executing safepoint VM operation: ParallelGCFailedAllocation (Allocation Failure) done
Event: 7.732 Executing safepoint VM operation: ParallelGCFailedAllocation (Allocation Failure)
Event: 7.735 Executing safepoint VM operation: ParallelGCFailedAllocation (Allocation Failure) done
Event: 7.821 Executing safepoint VM operation: ParallelGCFailedAllocation (Allocation Failure)
Event: 7.825 Executing safepoint VM operation: ParallelGCFailedAllocation (Allocation Failure) done
Event: 7.851 Executing non-safepoint VM operation: HandshakeAllThreads (Deoptimize)
Event: 7.851 Executing non-safepoint VM operation: HandshakeAllThreads (Deoptimize) done
Event: 7.879 Executing safepoint VM operation: ParallelGCFailedAllocation (Allocation Failure)

Memory protections (0 events):
No events

Nmethod flushes (20 events):
Event: 6.241 Thread 0x000001bae4f228a0 flushing  nmethod 0x000001bae87c9790
Event: 6.241 Thread 0x000001bae4f228a0 flushing osr nmethod 0x000001bae87c9b10
Event: 6.241 Thread 0x000001bae4f228a0 flushing  nmethod 0x000001bae87ca610
Event: 6.241 Thread 0x000001bae4f228a0 flushing  nmethod 0x000001bae87e0090
Event: 6.241 Thread 0x000001bae4f228a0 flushing  nmethod 0x000001bae881e410
Event: 6.241 Thread 0x000001bae4f228a0 flushing  nmethod 0x000001bae881ed10
Event: 6.241 Thread 0x000001bae4f228a0 flushing  nmethod 0x000001bae881f610
Event: 6.241 Thread 0x000001bae4f228a0 flushing  nmethod 0x000001bae8820810
Event: 6.241 Thread 0x000001bae4f228a0 flushing  nmethod 0x000001bae8821810
Event: 6.241 Thread 0x000001bae4f228a0 flushing  nmethod 0x000001bae8823510
Event: 6.241 Thread 0x000001bae4f228a0 flushing  nmethod 0x000001bae8824090
Event: 6.241 Thread 0x000001bae4f228a0 flushing  nmethod 0x000001bae8824990
Event: 6.241 Thread 0x000001bae4f228a0 flushing  nmethod 0x000001bae8825a90
Event: 6.241 Thread 0x000001bae4f228a0 flushing  nmethod 0x000001bae8826710
Event: 6.241 Thread 0x000001bae4f228a0 flushing  nmethod 0x000001bae882fc90
Event: 6.241 Thread 0x000001bae4f228a0 flushing  nmethod 0x000001bae8830590
Event: 6.241 Thread 0x000001bae4f228a0 flushing  nmethod 0x000001bae8831490
Event: 6.241 Thread 0x000001bae4f228a0 flushing  nmethod 0x000001bae8877190
Event: 6.241 Thread 0x000001bae4f228a0 flushing  nmethod 0x000001bae887a590
Event: 6.241 Thread 0x000001bae4f228a0 flushing  nmethod 0x000001bae88c1810

Events (20 events):
Event: 4.106 Thread 0x000001bafda56ff0 Thread added: 0x000001baffdc3930
Event: 4.129 Thread 0x000001bafda56ff0 Thread added: 0x000001baffdc1ef0
Event: 4.334 Thread 0x000001baffdc1ef0 Thread added: 0x000001baffdc11d0
Event: 5.444 Thread 0x000001bafda56ff0 Thread added: 0x000001baffdc0b40
Event: 5.671 Thread 0x000001baffdc3930 Thread added: 0x000001baff64c500
Event: 5.807 Thread 0x000001baff64c500 Thread added: 0x000001baff64b150
Event: 5.838 Thread 0x000001baff64b150 Thread added: 0x000001baff64cb90
Event: 5.953 Thread 0x000001baff64cb90 Thread added: 0x000001baff64d220
Event: 6.014 Thread 0x000001bae4fc9c70 Thread added: 0x000001baff64d8b0
Event: 6.015 Thread 0x000001bae4fc9c70 Thread added: 0x000001baff64a430
Event: 6.015 Thread 0x000001bae4fc9c70 Thread added: 0x000001baff64b7e0
Event: 6.015 Thread 0x000001bae4fc9c70 Thread added: 0x000001baff64df40
Event: 6.016 Thread 0x000001bae4fc9c70 Thread added: 0x000001baff64aac0
Event: 6.016 Thread 0x000001bae4fc9c70 Thread added: 0x000001baff64f2f0
Event: 6.017 Thread 0x000001bae4fc9c70 Thread added: 0x000001baff64e5d0
Event: 6.017 Thread 0x000001bae4fc9c70 Thread added: 0x000001baff64ec60
Event: 6.017 Thread 0x000001bae4fc9c70 Thread added: 0x000001baff64be70
Event: 6.048 Thread 0x000001bae4fc9c70 Thread added: 0x000001baff64f980
Event: 7.524 Thread 0x000001bae4fc9c70 Thread added: 0x000001baff650010
Event: 7.525 Thread 0x000001bae4fc9c70 Thread added: 0x000001baff6506a0


Dynamic libraries:
0x00007ff74e390000 - 0x00007ff74e39e000 	c:\Users\rawat\.antigravity-ide\extensions\redhat.java-1.55.0-win32-x64\jre\21.0.11-win32-x86_64\bin\java.exe
0x00007ffbfd760000 - 0x00007ffbfd9c6000 	C:\WINDOWS\SYSTEM32\ntdll.dll
0x00007ffbfd220000 - 0x00007ffbfd2e9000 	C:\WINDOWS\System32\KERNEL32.DLL
0x00007ffbfafc0000 - 0x00007ffbfb3be000 	C:\WINDOWS\System32\KERNELBASE.dll
0x00007ffbfaac0000 - 0x00007ffbfac0c000 	C:\WINDOWS\System32\ucrtbase.dll
0x00007ffbd8160000 - 0x00007ffbd8178000 	c:\Users\rawat\.antigravity-ide\extensions\redhat.java-1.55.0-win32-x64\jre\21.0.11-win32-x86_64\bin\jli.dll
0x00007ffbfd2f0000 - 0x00007ffbfd4b7000 	C:\WINDOWS\System32\USER32.dll
0x00007ffbcf410000 - 0x00007ffbcf42e000 	c:\Users\rawat\.antigravity-ide\extensions\redhat.java-1.55.0-win32-x64\jre\21.0.11-win32-x86_64\bin\VCRUNTIME140.dll
0x00007ffbfaed0000 - 0x00007ffbfaef7000 	C:\WINDOWS\System32\win32u.dll
0x00007ffbded60000 - 0x00007ffbdeff2000 	C:\WINDOWS\WinSxS\amd64_microsoft.windows.common-controls_6595b64144ccf1df_6.0.26100.8875_none_3e0d5d42e32fe9dd\COMCTL32.dll
0x00007ffbfc720000 - 0x00007ffbfc74b000 	C:\WINDOWS\System32\GDI32.dll
0x00007ffbfb490000 - 0x00007ffbfb539000 	C:\WINDOWS\System32\msvcrt.dll
0x00007ffbfac20000 - 0x00007ffbfad4a000 	C:\WINDOWS\System32\gdi32full.dll
0x00007ffbfaa10000 - 0x00007ffbfaab3000 	C:\WINDOWS\System32\msvcp_win.dll
0x00007ffbfbce0000 - 0x00007ffbfbd12000 	C:\WINDOWS\System32\IMM32.DLL
0x00007ffbf7220000 - 0x00007ffbf722c000 	c:\Users\rawat\.antigravity-ide\extensions\redhat.java-1.55.0-win32-x64\jre\21.0.11-win32-x86_64\bin\vcruntime140_1.dll
0x00007ffbc6090000 - 0x00007ffbc611d000 	c:\Users\rawat\.antigravity-ide\extensions\redhat.java-1.55.0-win32-x64\jre\21.0.11-win32-x86_64\bin\msvcp140.dll
0x00007ffb41930000 - 0x00007ffb426d2000 	c:\Users\rawat\.antigravity-ide\extensions\redhat.java-1.55.0-win32-x64\jre\21.0.11-win32-x86_64\bin\server\jvm.dll
0x00007ffbfc9f0000 - 0x00007ffbfcaa7000 	C:\WINDOWS\System32\ADVAPI32.dll
0x00007ffbfc930000 - 0x00007ffbfc9da000 	C:\WINDOWS\System32\sechost.dll
0x00007ffbfcab0000 - 0x00007ffbfcbc8000 	C:\WINDOWS\System32\RPCRT4.dll
0x00007ffbfc230000 - 0x00007ffbfc2b0000 	C:\WINDOWS\System32\WS2_32.dll
0x00007ffbfa7e0000 - 0x00007ffbfa83e000 	C:\WINDOWS\SYSTEM32\POWRPROF.dll
0x00007ffbea130000 - 0x00007ffbea166000 	C:\WINDOWS\SYSTEM32\WINMM.dll
0x00007ffbef4c0000 - 0x00007ffbef4cb000 	C:\WINDOWS\SYSTEM32\VERSION.dll
0x00007ffbfa7c0000 - 0x00007ffbfa7d4000 	C:\WINDOWS\SYSTEM32\UMPDC.dll
0x00007ffbf9660000 - 0x00007ffbf967b000 	C:\WINDOWS\SYSTEM32\kernel.appcore.dll
0x00007ffbeedc0000 - 0x00007ffbeedca000 	c:\Users\rawat\.antigravity-ide\extensions\redhat.java-1.55.0-win32-x64\jre\21.0.11-win32-x86_64\bin\jimage.dll
0x00007ffbf7d00000 - 0x00007ffbf7f42000 	C:\WINDOWS\SYSTEM32\DBGHELP.DLL
0x00007ffbfce80000 - 0x00007ffbfd203000 	C:\WINDOWS\System32\combase.dll
0x00007ffbfc640000 - 0x00007ffbfc719000 	C:\WINDOWS\System32\OLEAUT32.dll
0x00007ffbd07c0000 - 0x00007ffbd07fb000 	C:\WINDOWS\SYSTEM32\dbgcore.DLL
0x00007ffbfaf00000 - 0x00007ffbfafac000 	C:\WINDOWS\System32\bcryptPrimitives.dll
0x00007ffbee260000 - 0x00007ffbee26f000 	c:\Users\rawat\.antigravity-ide\extensions\redhat.java-1.55.0-win32-x64\jre\21.0.11-win32-x86_64\bin\instrument.dll
0x00007ffbe4ea0000 - 0x00007ffbe4ec0000 	c:\Users\rawat\.antigravity-ide\extensions\redhat.java-1.55.0-win32-x64\jre\21.0.11-win32-x86_64\bin\java.dll
0x00007ffbfb540000 - 0x00007ffbfbcd2000 	C:\WINDOWS\System32\SHELL32.dll
0x00007ffbf8400000 - 0x00007ffbf8c92000 	C:\WINDOWS\SYSTEM32\windows.storage.dll
0x00007ffbfd5a0000 - 0x00007ffbfd697000 	C:\WINDOWS\System32\SHCORE.dll
0x00007ffbfcbd0000 - 0x00007ffbfcc37000 	C:\WINDOWS\System32\shlwapi.dll
0x00007ffbfa8a0000 - 0x00007ffbfa8c9000 	C:\WINDOWS\SYSTEM32\profapi.dll
0x00007ffbca780000 - 0x00007ffbca798000 	c:\Users\rawat\.antigravity-ide\extensions\redhat.java-1.55.0-win32-x64\jre\21.0.11-win32-x86_64\bin\zip.dll
0x00007ffbe7070000 - 0x00007ffbe7080000 	C:\Users\rawat\.antigravity-ide\extensions\redhat.java-1.55.0-win32-x64\jre\21.0.11-win32-x86_64\bin\net.dll
0x00007ffbef620000 - 0x00007ffbef747000 	C:\WINDOWS\SYSTEM32\WINHTTP.dll
0x00007ffbf9c10000 - 0x00007ffbf9c7c000 	C:\WINDOWS\system32\mswsock.dll
0x00007ffbc8e00000 - 0x00007ffbc8e16000 	C:\Users\rawat\.antigravity-ide\extensions\redhat.java-1.55.0-win32-x64\jre\21.0.11-win32-x86_64\bin\nio.dll
0x00007ffbe6b40000 - 0x00007ffbe6b50000 	c:\Users\rawat\.antigravity-ide\extensions\redhat.java-1.55.0-win32-x64\jre\21.0.11-win32-x86_64\bin\verify.dll
0x00007ffbc54a0000 - 0x00007ffbc54e5000 	C:\Users\rawat\AppData\Roaming\Antigravity IDE\User\globalStorage\redhat.java\1.55.0\config_win\org.eclipse.equinox.launcher\org.eclipse.equinox.launcher.win32.win32.x86_64_1.3.100.v20260613-0559\eclipse_11924.dll
0x00007ffbfcc40000 - 0x00007ffbfcdd9000 	C:\WINDOWS\System32\ole32.dll
0x00007ffbf9f30000 - 0x00007ffbf9f4b000 	C:\WINDOWS\SYSTEM32\CRYPTSP.dll
0x00007ffbf95c0000 - 0x00007ffbf95f9000 	C:\WINDOWS\system32\rsaenh.dll
0x00007ffbf9cd0000 - 0x00007ffbf9d02000 	C:\WINDOWS\SYSTEM32\USERENV.dll
0x00007ffbfa870000 - 0x00007ffbfa89a000 	C:\WINDOWS\SYSTEM32\bcrypt.dll
0x00007ffbf9f10000 - 0x00007ffbf9f1c000 	C:\WINDOWS\SYSTEM32\CRYPTBASE.dll
0x00007ffbf90c0000 - 0x00007ffbf90f3000 	C:\WINDOWS\SYSTEM32\IPHLPAPI.DLL
0x00007ffbfcde0000 - 0x00007ffbfcdea000 	C:\WINDOWS\System32\NSI.dll
0x00007ffbbfdf0000 - 0x00007ffbbfe39000 	C:\Users\rawat\AppData\Local\Temp\jna-108288603\jna18111585681937804912.dll
0x00007ffbfd210000 - 0x00007ffbfd218000 	C:\WINDOWS\System32\PSAPI.DLL
0x00007ffbf0000000 - 0x00007ffbf001d000 	C:\WINDOWS\SYSTEM32\dhcpcsvc6.DLL
0x00007ffbeffd0000 - 0x00007ffbefff5000 	C:\WINDOWS\SYSTEM32\dhcpcsvc.DLL

JVMTI agents:
c:\Users\rawat\.antigravity-ide\extensions\redhat.java-1.55.0-win32-x64\lombok\lombok-1.18.39-4050.jar path:c:\Users\rawat\.antigravity-ide\extensions\redhat.java-1.55.0-win32-x64\jre\21.0.11-win32-x86_64\bin\instrument.dll, loaded, initialized, instrumentlib options:none

dbghelp: loaded successfully - version: 4.0.5 - missing functions: none
symbol engine: initialized successfully - sym options: 0x614 - pdb path: .;c:\Users\rawat\.antigravity-ide\extensions\redhat.java-1.55.0-win32-x64\jre\21.0.11-win32-x86_64\bin;C:\WINDOWS\SYSTEM32;C:\WINDOWS\WinSxS\amd64_microsoft.windows.common-controls_6595b64144ccf1df_6.0.26100.8875_none_3e0d5d42e32fe9dd;c:\Users\rawat\.antigravity-ide\extensions\redhat.java-1.55.0-win32-x64\jre\21.0.11-win32-x86_64\bin\server;C:\Users\rawat\AppData\Roaming\Antigravity IDE\User\globalStorage\redhat.java\1.55.0\config_win\org.eclipse.equinox.launcher\org.eclipse.equinox.launcher.win32.win32.x86_64_1.3.100.v20260613-0559;C:\Users\rawat\AppData\Local\Temp\jna-108288603

VM Arguments:
jvm_args: --add-modules=ALL-SYSTEM --add-opens=java.base/java.util=ALL-UNNAMED --add-opens=java.base/java.lang=ALL-UNNAMED --add-opens=java.base/sun.nio.fs=ALL-UNNAMED -Declipse.application=org.eclipse.jdt.ls.core.id1 -Dosgi.bundles.defaultStartLevel=4 -Declipse.product=org.eclipse.jdt.ls.core.product -Djava.import.generatesMetadataFilesAtProjectRoot=false -DDetectVMInstallationsJob.disabled=true -Dfile.encoding=utf8 -XX:+UseParallelGC -XX:GCTimeRatio=4 -XX:AdaptiveSizePolicyWeight=90 -Dsun.zip.disableMemoryMapping=true -Xmx2G -Xms100m -Xlog:disable -javaagent:c:\Users\rawat\.antigravity-ide\extensions\redhat.java-1.55.0-win32-x64\lombok\lombok-1.18.39-4050.jar -XX:+HeapDumpOnOutOfMemoryError -XX:HeapDumpPath=c:\Users\rawat\AppData\Roaming\Antigravity IDE\User\workspaceStorage\37c22cd9f0bef5d5ec7063b27c4af746\redhat.java -Daether.dependencyCollector.impl=bf 
java_command: c:\Users\rawat\.antigravity-ide\extensions\redhat.java-1.55.0-win32-x64\server\plugins\org.eclipse.equinox.launcher_1.7.200.v20260619-2039.jar -configuration c:\Users\rawat\AppData\Roaming\Antigravity IDE\User\globalStorage\redhat.java\1.55.0\config_win -data c:\Users\rawat\AppData\Roaming\Antigravity IDE\User\workspaceStorage\37c22cd9f0bef5d5ec7063b27c4af746\redhat.java\jdt_ws --pipe=\\.\pipe\lsp-d9faf02c3bfed4dd0a817fe0b3044435-sock
java_class_path (initial): c:\Users\rawat\.antigravity-ide\extensions\redhat.java-1.55.0-win32-x64\server\plugins\org.eclipse.equinox.launcher_1.7.200.v20260619-2039.jar
Launcher Type: SUN_STANDARD

[Global flags]
    uintx AdaptiveSizePolicyWeight                 = 90                                        {product} {command line}
     intx CICompilerCount                          = 4                                         {product} {ergonomic}
    uintx GCTimeRatio                              = 4                                         {product} {command line}
     bool HeapDumpOnOutOfMemoryError               = true                                   {manageable} {command line}
    ccstr HeapDumpPath                             = c:\Users\rawat\AppData\Roaming\Antigravity IDE\User\workspaceStorage\37c22cd9f0bef5d5ec7063b27c4af746\redhat.java         {manageable} {command line}
   size_t InitialHeapSize                          = 104857600                                 {product} {command line}
   size_t MaxHeapSize                              = 2147483648                                {product} {command line}
   size_t MaxNewSize                               = 715653120                                 {product} {ergonomic}
   size_t MinHeapDeltaBytes                        = 524288                                    {product} {ergonomic}
   size_t MinHeapSize                              = 104857600                                 {product} {command line}
   size_t NewSize                                  = 34603008                                  {product} {ergonomic}
    uintx NonNMethodCodeHeapSize                   = 5839372                                {pd product} {ergonomic}
    uintx NonProfiledCodeHeapSize                  = 122909434                              {pd product} {ergonomic}
   size_t OldSize                                  = 70254592                                  {product} {ergonomic}
    uintx ProfiledCodeHeapSize                     = 122909434                              {pd product} {ergonomic}
    uintx ReservedCodeCacheSize                    = 251658240                              {pd product} {ergonomic}
     bool SegmentedCodeCache                       = true                                      {product} {ergonomic}
   size_t SoftMaxHeapSize                          = 2147483648                             {manageable} {ergonomic}
     bool UseCompressedOops                        = true                           {product lp64_product} {ergonomic}
     bool UseLargePagesIndividualAllocation        = false                                  {pd product} {ergonomic}
     bool UseParallelGC                            = true                                      {product} {command line}

Logging:
Log output configuration:
 #0: stdout all=off uptime,level,tags foldmultilines=false
 #1: stderr all=off uptime,level,tags foldmultilines=false

Release file:
JAVA_VERSION="21.0.11" 
MODULES="java.base java.compiler java.datatransfer java.xml java.prefs java.desktop java.instrument java.logging java.management java.security.sasl java.naming java.rmi java.management.rmi java.net.http java.scripting java.security.jgss java.transaction.xa java.sql java.sql.rowset java.xml.crypto java.se java.smartcardio jdk.accessibility jdk.internal.jvmstat jdk.attach jdk.charsets jdk.internal.opt jdk.zipfs jdk.compiler jdk.crypto.ec jdk.crypto.cryptoki jdk.crypto.mscapi jdk.dynalink jdk.internal.ed jdk.editpad jdk.hotspot.agent jdk.httpserver jdk.internal.le jdk.internal.vm.ci jdk.internal.vm.compiler jdk.internal.vm.compiler.management jdk.jartool jdk.javadoc jdk.jcmd jdk.management jdk.management.agent jdk.jconsole jdk.jdeps jdk.jdwp.agent jdk.jdi jdk.jfr jdk.jshell jdk.jsobject jdk.jstatd jdk.localedata jdk.management.jfr jdk.naming.dns jdk.naming.rmi jdk.net jdk.nio.mapmode jdk.random jdk.sctp jdk.security.auth jdk.security.jgss jdk.unsupported jdk.unsupported.desktop jdk.xml.dom" 

Environment Variables:
PATH=C:\Program Files\Common Files\Oracle\Java\javapath;C:\Windows\system32;C:\Windows;C:\Windows\System32\Wbem;C:\Windows\System32\WindowsPowerShell\v1.0\;C:\Windows\System32\OpenSSH\;C:\Program Files\NVIDIA Corporation\NVIDIA NvDLISR;C:\WINDOWS\system32;C:\WINDOWS;C:\WINDOWS\System32\Wbem;C:\WINDOWS\System32\WindowsPowerShell\v1.0\;C:\WINDOWS\System32\OpenSSH\;C:\Program Files\dotnet\;C:\Program Files (x86)\Windows Kits\10\Windows Performance Toolkit\;C:\Program Files\Git\cmd;C:\Program Files\Git\bin;C:\MinGW\bin;C:\Program Files\MySQL\MySQL Server 8.0\bin;C:\Program Files\MySQL\MySQL Shell 8.0\bin\;C:\Users\rawat\AppData\Local\Programs\Python\Python314\Scripts\;C:\Users\rawat\AppData\Local\Programs\Python\Python314\;C:\Users\rawat\AppData\Local\Microsoft\WindowsApps;C:\Users\rawat\AppData\Local\Programs\Microsoft VS Code\bin;C:\Users\rawat\Downloads\flutter_windows_3.38.3-stable\flutter\bin;C:\MinGW\bin;C:\Users\rawat\AppData\Local\Programs\Antigravity IDE\bin
USERNAME=rawat
OS=Windows_NT
PROCESSOR_IDENTIFIER=Intel64 Family 6 Model 140 Stepping 1, GenuineIntel
TMP=C:\Users\rawat\AppData\Local\Temp
TEMP=C:\Users\rawat\AppData\Local\Temp




Periodic native trim disabled

---------------  S Y S T E M  ---------------

OS:
 Windows 11 , 64 bit Build 26100 (10.0.26100.8875)
OS uptime: 2 days 21:28 hours
Hyper-V role detected

CPU: total 8 (initial active 8) (4 cores per cpu, 2 threads per core) family 6 model 140 stepping 1 microcode 0xbe, cx8, cmov, fxsr, ht, mmx, 3dnowpref, sse, sse2, sse3, ssse3, sse4.1, sse4.2, popcnt, lzcnt, tsc, tscinvbit, avx, avx2, aes, erms, clmul, bmi1, bmi2, adx, avx512f, avx512dq, avx512cd, avx512bw, avx512vl, sha, fma, vzeroupper, avx512_vpopcntdq, avx512_vpclmulqdq, avx512_vaes, avx512_vnni, clflush, clflushopt, clwb, avx512_vbmi2, avx512_vbmi, hv, rdtscp, rdpid, fsrm, gfni, avx512_bitalg, f16c, cet_ibt, cet_ss, avx512_ifma
Processor Information for the first 8 processors :
  Max Mhz: 2803, Current Mhz: 2803, Mhz Limit: 2803

Memory: 4k page, system-wide physical 7914M (502M free)
TotalPageFile size 32490M (AvailPageFile size 2M)
current process WorkingSet (physical memory assigned to process): 232M, peak: 234M
current process commit charge ("private bytes"): 346M, peak: 350M

vm_info: OpenJDK 64-Bit Server VM (21.0.11+10-LTS) for windows-amd64 JRE (21.0.11+10-LTS), built on 2026-04-21T00:00:00Z by "admin" with MS VC++ 17.12 (VS2022)

END.
