#
# There is insufficient memory for the Java Runtime Environment to continue.
# Native memory allocation (malloc) failed to allocate 1048576 bytes. Error detail: AllocateHeap
# Possible reasons:
#   The system is out of physical RAM or swap space
#   This process is running with CompressedOops enabled, and the Java Heap may be blocking the growth of the native heap
# Possible solutions:
#   Reduce memory load on the system
#   Increase physical memory or swap space
#   Check if swap backing store is full
#   Decrease Java heap size (-Xmx/-Xms)
#   Decrease number of Java threads
#   Decrease Java thread stack sizes (-Xss)
#   Set larger code cache with -XX:ReservedCodeCacheSize=
#   JVM is running with Unscaled Compressed Oops mode in which the Java heap is
#     placed in the first 4GB address space. The Java Heap base address is the
#     maximum limit for the native heap growth. Please use -XX:HeapBaseMinAddress
#     to set the Java Heap base and to place the Java Heap above 4GB virtual address.
# This output file may be truncated or incomplete.
#
#  Out of Memory Error (allocation.cpp:44), pid=23996, tid=23740
#
# JRE version: OpenJDK Runtime Environment Temurin-21.0.11+10 (21.0.11+10) (build 21.0.11+10-LTS)
# Java VM: OpenJDK 64-Bit Server VM Temurin-21.0.11+10 (21.0.11+10-LTS, mixed mode, sharing, tiered, compressed oops, compressed class ptrs, parallel gc, windows-amd64)
# No core dump will be written. Minidumps are not enabled by default on client versions of Windows
#

---------------  S U M M A R Y ------------

Command Line: --add-modules=ALL-SYSTEM --add-opens=java.base/java.util=ALL-UNNAMED --add-opens=java.base/java.lang=ALL-UNNAMED --add-opens=java.base/sun.nio.fs=ALL-UNNAMED -Declipse.application=org.eclipse.jdt.ls.core.id1 -Dosgi.bundles.defaultStartLevel=4 -Declipse.product=org.eclipse.jdt.ls.core.product -Djava.import.generatesMetadataFilesAtProjectRoot=false -DDetectVMInstallationsJob.disabled=true -Dfile.encoding=utf8 -XX:+UseParallelGC -XX:GCTimeRatio=4 -XX:AdaptiveSizePolicyWeight=90 -Dsun.zip.disableMemoryMapping=true -Xmx2G -Xms100m -Xlog:disable -javaagent:c:\Users\rawat\.antigravity-ide\extensions\redhat.java-1.55.0-win32-x64\lombok\lombok-1.18.39-4050.jar -XX:+HeapDumpOnOutOfMemoryError -XX:HeapDumpPath=c:\Users\rawat\AppData\Roaming\Antigravity IDE\User\workspaceStorage\37c22cd9f0bef5d5ec7063b27c4af746\redhat.java -Daether.dependencyCollector.impl=bf c:\Users\rawat\.antigravity-ide\extensions\redhat.java-1.55.0-win32-x64\server\plugins\org.eclipse.equinox.launcher_1.7.200.v20260619-2039.jar -configuration c:\Users\rawat\AppData\Roaming\Antigravity IDE\User\globalStorage\redhat.java\1.55.0\config_win -data c:\Users\rawat\AppData\Roaming\Antigravity IDE\User\workspaceStorage\37c22cd9f0bef5d5ec7063b27c4af746\redhat.java\jdt_ws --pipe=\\.\pipe\lsp-29d94058fbb116a7a419a43ee2fc65c1-sock

Host: 11th Gen Intel(R) Core(TM) i7-1165G7 @ 2.80GHz, 8 cores, 7G,  Windows 11 , 64 bit Build 26100 (10.0.26100.8875)
Time: Fri Jul 24 13:33:42 2026 Nepal Standard Time elapsed time: 3047.999790 seconds (0d 0h 50m 47s)

---------------  T H R E A D  ---------------

Current thread (0x00000245fef46fd0):  JavaThread "Attach Listener" daemon [_thread_in_vm, id=23740, stack(0x00000090e3900000,0x00000090e3a00000) (1024K)]

Stack: [0x00000090e3900000,0x00000090e3a00000]
Native frames: (J=compiled Java code, j=interpreted, Vv=VM code, C=native code)
V  [jvm.dll+0x6d7e19]
V  [jvm.dll+0x8b5096]
V  [jvm.dll+0x8b764e]
V  [jvm.dll+0x8b7d33]
V  [jvm.dll+0x284596]
V  [jvm.dll+0xc13c7]
V  [jvm.dll+0x6d86c9]
V  [jvm.dll+0x133616]
V  [jvm.dll+0x3f868e]
V  [jvm.dll+0x85fb0d]
V  [jvm.dll+0x6d664d]
C  [ucrtbase.dll+0x2cd30]
C  [KERNEL32.DLL+0x2e957]
C  [ntdll.dll+0xaad6c]


---------------  P R O C E S S  ---------------

Threads class SMR info:
_java_thread_list=0x00000245dadca580, length=46, elements={
0x00000245f74c9f50, 0x00000245f758c480, 0x00000245fef43fd0, 0x00000245fef46570,
0x00000245fef46fd0, 0x00000245fef48040, 0x00000245fef48aa0, 0x00000245fef49830,
0x00000245fef75e30, 0x00000245d0a835b0, 0x00000245d0b54f20, 0x00000245d5852b10,
0x00000245d5dc6370, 0x00000245d0bb5ee0, 0x00000245d5899a40, 0x00000245d5e23f30,
0x00000245d57bc050, 0x00000245d5a1a700, 0x00000245d7860760, 0x00000245d640e140,
0x00000245d640f4f0, 0x00000245d640ee60, 0x00000245d640c070, 0x00000245d640d420,
0x00000245d640fb80, 0x00000245d640dab0, 0x00000245d640c700, 0x00000245d6410210,
0x00000245d640cd90, 0x00000245d6413000, 0x00000245d6411c50, 0x00000245d6413690,
0x00000245d6410f30, 0x00000245d54f9c20, 0x00000245d54fc380, 0x00000245d54fd730,
0x00000245d54fddc0, 0x00000245d54fe450, 0x00000245d54feae0, 0x00000245db46e900,
0x00000245db46f620, 0x00000245db46c1a0, 0x00000245db46c830, 0x00000245db46cec0,
0x00000245db46ef90, 0x00000245d54fbcf0
}

Java Threads: ( => current thread )
  0x00000245f74c9f50 JavaThread "main"                              [_thread_blocked, id=9804, stack(0x00000090e3100000,0x00000090e3200000) (1024K)]
  0x00000245f758c480 JavaThread "Reference Handler"          daemon [_thread_blocked, id=23004, stack(0x00000090e3600000,0x00000090e3700000) (1024K)]
  0x00000245fef43fd0 JavaThread "Finalizer"                  daemon [_thread_blocked, id=8100, stack(0x00000090e3700000,0x00000090e3800000) (1024K)]
  0x00000245fef46570 JavaThread "Signal Dispatcher"          daemon [_thread_blocked, id=11644, stack(0x00000090e3800000,0x00000090e3900000) (1024K)]
=>0x00000245fef46fd0 JavaThread "Attach Listener"            daemon [_thread_in_vm, id=23740, stack(0x00000090e3900000,0x00000090e3a00000) (1024K)]
  0x00000245fef48040 JavaThread "Service Thread"             daemon [_thread_blocked, id=13740, stack(0x00000090e3a00000,0x00000090e3b00000) (1024K)]
  0x00000245fef48aa0 JavaThread "Monitor Deflation Thread"   daemon [_thread_blocked, id=23152, stack(0x00000090e3b00000,0x00000090e3c00000) (1024K)]
  0x00000245fef49830 JavaThread "C2 CompilerThread0"         daemon [_thread_blocked, id=17932, stack(0x00000090e3c00000,0x00000090e3d00000) (1024K)]
  0x00000245fef75e30 JavaThread "C1 CompilerThread0"         daemon [_thread_blocked, id=4464, stack(0x00000090e3d00000,0x00000090e3e00000) (1024K)]
  0x00000245d0a835b0 JavaThread "Common-Cleaner"             daemon [_thread_blocked, id=10812, stack(0x00000090e3e00000,0x00000090e3f00000) (1024K)]
  0x00000245d0b54f20 JavaThread "Notification Thread"        daemon [_thread_blocked, id=20540, stack(0x00000090e3f00000,0x00000090e4000000) (1024K)]
  0x00000245d5852b10 JavaThread "Active Thread: Equinox Container: 1f30af63-8e51-4088-b01d-6542e1388556"        [_thread_blocked, id=19124, stack(0x00000090e4000000,0x00000090e4100000) (1024K)]
  0x00000245d5dc6370 JavaThread "Refresh Thread: Equinox Container: 1f30af63-8e51-4088-b01d-6542e1388556" daemon [_thread_blocked, id=11772, stack(0x00000090e4900000,0x00000090e4a00000) (1024K)]
  0x00000245d0bb5ee0 JavaThread "Framework Event Dispatcher: Equinox Container: 1f30af63-8e51-4088-b01d-6542e1388556" daemon [_thread_blocked, id=7920, stack(0x00000090e4a00000,0x00000090e4b00000) (1024K)]
  0x00000245d5899a40 JavaThread "Start Level: Equinox Container: 1f30af63-8e51-4088-b01d-6542e1388556" daemon [_thread_blocked, id=3504, stack(0x00000090e4b00000,0x00000090e4c00000) (1024K)]
  0x00000245d5e23f30 JavaThread "Bundle File Closer"         daemon [_thread_blocked, id=17636, stack(0x00000090e4d00000,0x00000090e4e00000) (1024K)]
  0x00000245d57bc050 JavaThread "SCR Component Actor"        daemon [_thread_blocked, id=9488, stack(0x00000090e4100000,0x00000090e4200000) (1024K)]
  0x00000245d5a1a700 JavaThread "Worker-JM"                         [_thread_blocked, id=10468, stack(0x00000090e4f00000,0x00000090e5000000) (1024K)]
  0x00000245d7860760 JavaThread "JNA Cleaner"                daemon [_thread_blocked, id=19396, stack(0x00000090e5000000,0x00000090e5100000) (1024K)]
  0x00000245d640e140 JavaThread "Java indexing"              daemon [_thread_blocked, id=660, stack(0x00000090e5300000,0x00000090e5400000) (1024K)]
  0x00000245d640f4f0 JavaThread "Worker-3"                          [_thread_blocked, id=23768, stack(0x00000090e5700000,0x00000090e5800000) (1024K)]
  0x00000245d640ee60 JavaThread "Thread-1"                   daemon [_thread_in_native, id=11000, stack(0x00000090e5800000,0x00000090e5900000) (1024K)]
  0x00000245d640c070 JavaThread "Thread-2"                   daemon [_thread_in_native, id=3988, stack(0x00000090e5900000,0x00000090e5a00000) (1024K)]
  0x00000245d640d420 JavaThread "Thread-3"                   daemon [_thread_in_native, id=4780, stack(0x00000090e5a00000,0x00000090e5b00000) (1024K)]
  0x00000245d640fb80 JavaThread "Thread-4"                   daemon [_thread_in_native, id=19592, stack(0x00000090e5b00000,0x00000090e5c00000) (1024K)]
  0x00000245d640dab0 JavaThread "Thread-5"                   daemon [_thread_in_native, id=16736, stack(0x00000090e5c00000,0x00000090e5d00000) (1024K)]
  0x00000245d640c700 JavaThread "Thread-6"                   daemon [_thread_in_native, id=16784, stack(0x00000090e5d00000,0x00000090e5e00000) (1024K)]
  0x00000245d6410210 JavaThread "Thread-7"                   daemon [_thread_in_native, id=1876, stack(0x00000090e5e00000,0x00000090e5f00000) (1024K)]
  0x00000245d640cd90 JavaThread "Thread-8"                   daemon [_thread_in_native, id=21472, stack(0x00000090e5f00000,0x00000090e6000000) (1024K)]
  0x00000245d6413000 JavaThread "Thread-9"                   daemon [_thread_in_native, id=8464, stack(0x00000090e6000000,0x00000090e6100000) (1024K)]
  0x00000245d6411c50 JavaThread "pool-2-thread-1"                   [_thread_blocked, id=23204, stack(0x00000090e6100000,0x00000090e6200000) (1024K)]
  0x00000245d6413690 JavaThread "WorkspaceEventsHandler"            [_thread_blocked, id=756, stack(0x00000090e6200000,0x00000090e6300000) (1024K)]
  0x00000245d6410f30 JavaThread "pool-1-thread-1"                   [_thread_blocked, id=22732, stack(0x00000090e6300000,0x00000090e6400000) (1024K)]
  0x00000245d54f9c20 JavaThread "Timer-0"                           [_thread_blocked, id=21840, stack(0x00000090e6800000,0x00000090e6900000) (1024K)]
  0x00000245d54fc380 JavaThread "Timer-1"                           [_thread_blocked, id=13224, stack(0x00000090e6d00000,0x00000090e6e00000) (1024K)]
  0x00000245d54fd730 JavaThread "Timer-2"                           [_thread_blocked, id=17384, stack(0x00000090e4e00000,0x00000090e4f00000) (1024K)]
  0x00000245d54fddc0 JavaThread "Timer-3"                           [_thread_blocked, id=23824, stack(0x00000090e7100000,0x00000090e7200000) (1024K)]
  0x00000245d54fe450 JavaThread "Timer-4"                           [_thread_blocked, id=23272, stack(0x00000090e6f00000,0x00000090e7000000) (1024K)]
  0x00000245d54feae0 JavaThread "Timer-5"                           [_thread_blocked, id=16460, stack(0x00000090e6e00000,0x00000090e6f00000) (1024K)]
  0x00000245db46e900 JavaThread "Timer-6"                           [_thread_blocked, id=24000, stack(0x00000090e7300000,0x00000090e7400000) (1024K)]
  0x00000245db46f620 JavaThread "Timer-7"                           [_thread_blocked, id=12920, stack(0x00000090e7500000,0x00000090e7600000) (1024K)]
  0x00000245db46c1a0 JavaThread "Timer-8"                           [_thread_blocked, id=5592, stack(0x00000090e7600000,0x00000090e7700000) (1024K)]
  0x00000245db46c830 JavaThread "Timer-9"                           [_thread_blocked, id=7000, stack(0x00000090e4c00000,0x00000090e4d00000) (1024K)]
  0x00000245db46cec0 JavaThread "Timer-10"                          [_thread_blocked, id=21900, stack(0x00000090e7200000,0x00000090e7300000) (1024K)]
  0x00000245db46ef90 JavaThread "Worker-6"                          [_thread_blocked, id=4428, stack(0x00000090e2f00000,0x00000090e3000000) (1024K)]
  0x00000245d54fbcf0 JavaThread "Cleaner-0"                  daemon [_thread_blocked, id=16608, stack(0x00000090e6400000,0x00000090e6500000) (1024K)]
Total: 46

Other Threads:
  0x00000245fef42da0 VMThread "VM Thread"                           [id=10196, stack(0x00000090e3500000,0x00000090e3600000) (1024K)]
  0x00000245f753bf70 WatcherThread "VM Periodic Task Thread"        [id=19648, stack(0x00000090e3400000,0x00000090e3500000) (1024K)]
  0x00000245f74e9b80 WorkerThread "GC Thread#0"                     [id=18324, stack(0x00000090e3300000,0x00000090e3400000) (1024K)]
  0x00000245d5923160 WorkerThread "GC Thread#1"                     [id=11524, stack(0x00000090e4200000,0x00000090e4300000) (1024K)]
  0x00000245d59b25f0 WorkerThread "GC Thread#2"                     [id=21612, stack(0x00000090e4300000,0x00000090e4400000) (1024K)]
  0x00000245d59b29a0 WorkerThread "GC Thread#3"                     [id=11796, stack(0x00000090e4400000,0x00000090e4500000) (1024K)]
  0x00000245d59b2d50 WorkerThread "GC Thread#4"                     [id=7008, stack(0x00000090e4500000,0x00000090e4600000) (1024K)]
  0x00000245d5259780 WorkerThread "GC Thread#5"                     [id=21980, stack(0x00000090e4600000,0x00000090e4700000) (1024K)]
  0x00000245d5259b30 WorkerThread "GC Thread#6"                     [id=24432, stack(0x00000090e4700000,0x00000090e4800000) (1024K)]
  0x00000245d5cab160 WorkerThread "GC Thread#7"                     [id=14472, stack(0x00000090e4800000,0x00000090e4900000) (1024K)]
Total: 10

Threads with active compile tasks:
Total: 0

VM state: not at safepoint (normal execution)

VM Mutex/Monitor currently owned by a thread: None

Heap address: 0x0000000080000000, size: 2048 MB, Compressed Oops mode: 32-bit

CDS archive(s) mapped at: [0x000002458f000000-0x000002458fba0000-0x000002458fba0000), size 12189696, SharedBaseAddress: 0x000002458f000000, ArchiveRelocationMode: 1.
Compressed class space mapped at: 0x0000024590000000-0x00000245d0000000, reserved size: 1073741824
Narrow klass base: 0x000002458f000000, Narrow klass shift: 0, Narrow klass range: 0x100000000

GC Precious Log:
 CardTable entry size: 512
 CPUs: 8 total, 8 available
 Memory: 7914M
 Large Page Support: Disabled
 NUMA Support: Disabled
 Compressed Oops: Enabled (32-bit)
 Alignments: Space 512K, Generation 512K, Heap 2M
 Heap Min Capacity: 100M
 Heap Initial Capacity: 100M
 Heap Max Capacity: 2G
 Pre-touch: Disabled
 Parallel Workers: 8

Heap:
 PSYoungGen      total 11264K, used 9319K [0x00000000d5580000, 0x00000000d6200000, 0x0000000100000000)
  eden space 10752K, 82% used [0x00000000d5580000,0x00000000d5e31ce0,0x00000000d6000000)
  from space 512K, 81% used [0x00000000d6180000,0x00000000d61e8040,0x00000000d6200000)
  to   space 512K, 0% used [0x00000000d6000000,0x00000000d6000000,0x00000000d6080000)
 ParOldGen       total 78848K, used 78556K [0x0000000080000000, 0x0000000084d00000, 0x00000000d5580000)
  object space 78848K, 99% used [0x0000000080000000,0x0000000084cb73b0,0x0000000084d00000)
 Metaspace       used 82660K, committed 84352K, reserved 1179648K
  class space    used 9941K, committed 10752K, reserved 1048576K

Card table byte_map: [0x00000245f6e70000,0x00000245f7280000] _byte_map_base: 0x00000245f6a70000

Marking Bits: (ParMarkBitMap*) 0x00007ffb425f4460
 Begin Bits: [0x00000245fa980000, 0x00000245fc980000)
 End Bits:   [0x00000245fc980000, 0x00000245fe980000)

Polling page: 0x00000245f5480000

Metaspace:

Usage:
  Non-class:     71.01 MB used.
      Class:      9.71 MB used.
       Both:     80.72 MB used.

Virtual space:
  Non-class space:      128.00 MB reserved,      71.88 MB ( 56%) committed,  2 nodes.
      Class space:        1.00 GB reserved,      10.50 MB (  1%) committed,  1 nodes.
             Both:        1.12 GB reserved,      82.38 MB (  7%) committed. 

Chunk freelists:
   Non-Class:  7.72 MB
       Class:  5.37 MB
        Both:  13.10 MB

MaxMetaspaceSize: unlimited
CompressedClassSpaceSize: 1.00 GB
Initial GC threshold: 21.00 MB
Current GC threshold: 97.31 MB
CDS: on
 - commit_granule_bytes: 65536.
 - commit_granule_words: 8192.
 - virtual_space_node_default_size: 8388608.
 - enlarge_chunks_in_place: 1.
 - use_allocation_guard: 0.


Internal statistics:

num_allocs_failed_limit: 11.
num_arena_births: 1612.
num_arena_deaths: 14.
num_vsnodes_births: 3.
num_vsnodes_deaths: 0.
num_space_committed: 1318.
num_space_uncommitted: 0.
num_chunks_returned_to_freelist: 25.
num_chunks_taken_from_freelist: 5417.
num_chunk_merges: 17.
num_chunk_splits: 3449.
num_chunks_enlarged: 2084.
num_inconsistent_stats: 0.

CodeHeap 'non-profiled nmethods': size=120000Kb used=10583Kb max_used=10583Kb free=109416Kb
 bounds [0x0000024587ad0000, 0x0000024588530000, 0x000002458f000000]
CodeHeap 'profiled nmethods': size=120000Kb used=23506Kb max_used=23506Kb free=96493Kb
 bounds [0x0000024580000000, 0x0000024581700000, 0x0000024587530000]
CodeHeap 'non-nmethods': size=5760Kb used=1477Kb max_used=1536Kb free=4282Kb
 bounds [0x0000024587530000, 0x00000245877a0000, 0x0000024587ad0000]
CodeCache: size=245760Kb, used=35566Kb, max_used=35625Kb, free=210191Kb
 total_blobs=11682, nmethods=10891, adapters=696, full_count=0
Compilation: enabled, stopped_count=0, restarted_count=0

Compilation events (20 events):
Event: 2511.056 Thread 0x00000245fef75e30 11649   !   3       org.eclipse.core.internal.resources.Resource::isFiltered (9 bytes)
Event: 2511.061 Thread 0x00000245fef75e30 nmethod 11649 0x00000245816f0c90 code [0x00000245816f0e40, 0x00000245816f1058]
Event: 2568.108 Thread 0x00000245fef75e30 11650       3       org.eclipse.jdt.ls.core.internal.ParentProcessWatcher::run (83 bytes)
Event: 2568.152 Thread 0x00000245fef75e30 nmethod 11650 0x00000245816f1110 code [0x00000245816f13a0, 0x00000245816f1e68]
Event: 2568.153 Thread 0x00000245fef75e30 11651       3       org.eclipse.jdt.ls.core.internal.ParentProcessWatcher::parentProcessStillRunning (62 bytes)
Event: 2568.161 Thread 0x00000245fef75e30 nmethod 11651 0x00000245816f2190 code [0x00000245816f23c0, 0x00000245816f2ac8]
Event: 2631.546 Thread 0x00000245fef49830 11652 %     4       java.util.Arrays::fill @ 5 (21 bytes)
Event: 2631.563 Thread 0x00000245fef49830 nmethod 11652% 0x0000024588525810 code [0x00000245885259a0, 0x0000024588525b60]
Event: 2631.571 Thread 0x00000245fef75e30 11653       3       java.util.Stack::<init> (5 bytes)
Event: 2631.572 Thread 0x00000245fef75e30 nmethod 11653 0x00000245816f2d10 code [0x00000245816f2ec0, 0x00000245816f30d0]
Event: 2631.574 Thread 0x00000245fef75e30 11654       3       com.sun.org.apache.xerces.internal.util.XMLResourceIdentifierImpl::<init> (5 bytes)
Event: 2631.574 Thread 0x00000245fef75e30 nmethod 11654 0x00000245816f3210 code [0x00000245816f33c0, 0x00000245816f3528]
Event: 2631.575 Thread 0x00000245fef75e30 11655       3       com.sun.org.apache.xerces.internal.parsers.XML11Configuration::addComponent (31 bytes)
Event: 2631.580 Thread 0x00000245fef75e30 nmethod 11655 0x00000245816f3610 code [0x00000245816f37e0, 0x00000245816f3bc0]
Event: 2631.664 Thread 0x00000245fef75e30 11656       3       java.io.ObjectOutputStream$HandleTable::insert (39 bytes)
Event: 2631.665 Thread 0x00000245fef75e30 nmethod 11656 0x00000245816f3d10 code [0x00000245816f3ee0, 0x00000245816f4270]
Event: 2631.868 Thread 0x00000245fef75e30 11657       1       org.eclipse.core.internal.jobs.InternalJob::internalSetRule (6 bytes)
Event: 2631.870 Thread 0x00000245fef75e30 nmethod 11657 0x0000024588525c90 code [0x0000024588525e20, 0x0000024588525f00]
Event: 2631.870 Thread 0x00000245fef75e30 11658       3       java.lang.Thread::checkAccess (14 bytes)
Event: 2631.872 Thread 0x00000245fef75e30 nmethod 11658 0x00000245816f4490 code [0x00000245816f4640, 0x00000245816f4830]

GC Heap History (20 events):
Event: 499.650 GC heap before
{Heap before GC invocations=122 (full 3):
 PSYoungGen      total 11776K, used 11754K [0x00000000d5580000, 0x00000000d6400000, 0x0000000100000000)
  eden space 11264K, 100% used [0x00000000d5580000,0x00000000d6080000,0x00000000d6080000)
  from space 512K, 95% used [0x00000000d6380000,0x00000000d63fa930,0x00000000d6400000)
  to   space 1536K, 0% used [0x00000000d6100000,0x00000000d6100000,0x00000000d6280000)
 ParOldGen       total 73216K, used 73093K [0x0000000080000000, 0x0000000084780000, 0x00000000d5580000)
  object space 73216K, 99% used [0x0000000080000000,0x00000000847616b8,0x0000000084780000)
 Metaspace       used 76338K, committed 77952K, reserved 1179648K
  class space    used 9419K, committed 10176K, reserved 1048576K
}
Event: 499.652 GC heap after
{Heap after GC invocations=122 (full 3):
 PSYoungGen      total 12800K, used 352K [0x00000000d5580000, 0x00000000d6400000, 0x0000000100000000)
  eden space 11264K, 0% used [0x00000000d5580000,0x00000000d5580000,0x00000000d6080000)
  from space 1536K, 22% used [0x00000000d6100000,0x00000000d6158000,0x00000000d6280000)
  to   space 1024K, 0% used [0x00000000d6300000,0x00000000d6300000,0x00000000d6400000)
 ParOldGen       total 73728K, used 73506K [0x0000000080000000, 0x0000000084800000, 0x00000000d5580000)
  object space 73728K, 99% used [0x0000000080000000,0x00000000847c8978,0x0000000084800000)
 Metaspace       used 76338K, committed 77952K, reserved 1179648K
  class space    used 9419K, committed 10176K, reserved 1048576K
}
Event: 594.818 GC heap before
{Heap before GC invocations=123 (full 3):
 PSYoungGen      total 12800K, used 11605K [0x00000000d5580000, 0x00000000d6400000, 0x0000000100000000)
  eden space 11264K, 99% used [0x00000000d5580000,0x00000000d607d720,0x00000000d6080000)
  from space 1536K, 22% used [0x00000000d6100000,0x00000000d6158000,0x00000000d6280000)
  to   space 1024K, 0% used [0x00000000d6300000,0x00000000d6300000,0x00000000d6400000)
 ParOldGen       total 73728K, used 73506K [0x0000000080000000, 0x0000000084800000, 0x00000000d5580000)
  object space 73728K, 99% used [0x0000000080000000,0x00000000847c8978,0x0000000084800000)
 Metaspace       used 77720K, committed 79360K, reserved 1179648K
  class space    used 9528K, committed 10304K, reserved 1048576K
}
Event: 594.820 GC heap after
{Heap after GC invocations=123 (full 3):
 PSYoungGen      total 11776K, used 502K [0x00000000d5580000, 0x00000000d6380000, 0x0000000100000000)
  eden space 11264K, 0% used [0x00000000d5580000,0x00000000d5580000,0x00000000d6080000)
  from space 512K, 98% used [0x00000000d6300000,0x00000000d637d968,0x00000000d6380000)
  to   space 1024K, 0% used [0x00000000d6180000,0x00000000d6180000,0x00000000d6280000)
 ParOldGen       total 74240K, used 73730K [0x0000000080000000, 0x0000000084880000, 0x00000000d5580000)
  object space 74240K, 99% used [0x0000000080000000,0x0000000084800978,0x0000000084880000)
 Metaspace       used 77720K, committed 79360K, reserved 1179648K
  class space    used 9528K, committed 10304K, reserved 1048576K
}
Event: 594.887 GC heap before
{Heap before GC invocations=124 (full 3):
 PSYoungGen      total 11776K, used 11590K [0x00000000d5580000, 0x00000000d6380000, 0x0000000100000000)
  eden space 11264K, 98% used [0x00000000d5580000,0x00000000d6054040,0x00000000d6080000)
  from space 512K, 98% used [0x00000000d6300000,0x00000000d637d968,0x00000000d6380000)
  to   space 1024K, 0% used [0x00000000d6180000,0x00000000d6180000,0x00000000d6280000)
 ParOldGen       total 74240K, used 73730K [0x0000000080000000, 0x0000000084880000, 0x00000000d5580000)
  object space 74240K, 99% used [0x0000000080000000,0x0000000084800978,0x0000000084880000)
 Metaspace       used 77823K, committed 79424K, reserved 1179648K
  class space    used 9536K, committed 10304K, reserved 1048576K
}
Event: 594.889 GC heap after
{Heap after GC invocations=124 (full 3):
 PSYoungGen      total 12288K, used 1020K [0x00000000d5580000, 0x00000000d6680000, 0x0000000100000000)
  eden space 11264K, 0% used [0x00000000d5580000,0x00000000d5580000,0x00000000d6080000)
  from space 1024K, 99% used [0x00000000d6180000,0x00000000d627f108,0x00000000d6280000)
  to   space 3072K, 0% used [0x00000000d6380000,0x00000000d6380000,0x00000000d6680000)
 ParOldGen       total 75776K, used 75297K [0x0000000080000000, 0x0000000084a00000, 0x00000000d5580000)
  object space 75776K, 99% used [0x0000000080000000,0x0000000084988620,0x0000000084a00000)
 Metaspace       used 77823K, committed 79424K, reserved 1179648K
  class space    used 9536K, committed 10304K, reserved 1048576K
}
Event: 594.937 GC heap before
{Heap before GC invocations=125 (full 3):
 PSYoungGen      total 12288K, used 12284K [0x00000000d5580000, 0x00000000d6680000, 0x0000000100000000)
  eden space 11264K, 99% used [0x00000000d5580000,0x00000000d607fff8,0x00000000d6080000)
  from space 1024K, 99% used [0x00000000d6180000,0x00000000d627f108,0x00000000d6280000)
  to   space 3072K, 0% used [0x00000000d6380000,0x00000000d6380000,0x00000000d6680000)
 ParOldGen       total 75776K, used 75297K [0x0000000080000000, 0x0000000084a00000, 0x00000000d5580000)
  object space 75776K, 99% used [0x0000000080000000,0x0000000084988620,0x0000000084a00000)
 Metaspace       used 78014K, committed 79616K, reserved 1179648K
  class space    used 9545K, committed 10304K, reserved 1048576K
}
Event: 594.939 GC heap after
{Heap after GC invocations=125 (full 3):
 PSYoungGen      total 12800K, used 1182K [0x00000000d5580000, 0x00000000d6500000, 0x0000000100000000)
  eden space 11264K, 0% used [0x00000000d5580000,0x00000000d5580000,0x00000000d6080000)
  from space 1536K, 76% used [0x00000000d6380000,0x00000000d64a79e8,0x00000000d6500000)
  to   space 2048K, 0% used [0x00000000d6100000,0x00000000d6100000,0x00000000d6300000)
 ParOldGen       total 76800K, used 76323K [0x0000000080000000, 0x0000000084b00000, 0x00000000d5580000)
  object space 76800K, 99% used [0x0000000080000000,0x0000000084a88d50,0x0000000084b00000)
 Metaspace       used 78014K, committed 79616K, reserved 1179648K
  class space    used 9545K, committed 10304K, reserved 1048576K
}
Event: 594.994 GC heap before
{Heap before GC invocations=126 (full 3):
 PSYoungGen      total 12800K, used 12287K [0x00000000d5580000, 0x00000000d6500000, 0x0000000100000000)
  eden space 11264K, 98% used [0x00000000d5580000,0x00000000d6058418,0x00000000d6080000)
  from space 1536K, 76% used [0x00000000d6380000,0x00000000d64a79e8,0x00000000d6500000)
  to   space 2048K, 0% used [0x00000000d6100000,0x00000000d6100000,0x00000000d6300000)
 ParOldGen       total 76800K, used 76323K [0x0000000080000000, 0x0000000084b00000, 0x00000000d5580000)
  object space 76800K, 99% used [0x0000000080000000,0x0000000084a88d50,0x0000000084b00000)
 Metaspace       used 78024K, committed 79680K, reserved 1179648K
  class space    used 9545K, committed 10304K, reserved 1048576K
}
Event: 594.996 GC heap after
{Heap after GC invocations=126 (full 3):
 PSYoungGen      total 12288K, used 1001K [0x00000000d5580000, 0x00000000d6400000, 0x0000000100000000)
  eden space 11264K, 0% used [0x00000000d5580000,0x00000000d5580000,0x00000000d6080000)
  from space 1024K, 97% used [0x00000000d6100000,0x00000000d61fa730,0x00000000d6200000)
  to   space 1536K, 0% used [0x00000000d6280000,0x00000000d6280000,0x00000000d6400000)
 ParOldGen       total 76800K, used 76467K [0x0000000080000000, 0x0000000084b00000, 0x00000000d5580000)
  object space 76800K, 99% used [0x0000000080000000,0x0000000084aacd70,0x0000000084b00000)
 Metaspace       used 78024K, committed 79680K, reserved 1179648K
  class space    used 9545K, committed 10304K, reserved 1048576K
}
Event: 595.114 GC heap before
{Heap before GC invocations=127 (full 3):
 PSYoungGen      total 12288K, used 12265K [0x00000000d5580000, 0x00000000d6400000, 0x0000000100000000)
  eden space 11264K, 100% used [0x00000000d5580000,0x00000000d6080000,0x00000000d6080000)
  from space 1024K, 97% used [0x00000000d6100000,0x00000000d61fa730,0x00000000d6200000)
  to   space 1536K, 0% used [0x00000000d6280000,0x00000000d6280000,0x00000000d6400000)
 ParOldGen       total 76800K, used 76467K [0x0000000080000000, 0x0000000084b00000, 0x00000000d5580000)
  object space 76800K, 99% used [0x0000000080000000,0x0000000084aacd70,0x0000000084b00000)
 Metaspace       used 78753K, committed 80448K, reserved 1179648K
  class space    used 9613K, committed 10368K, reserved 1048576K
}
Event: 595.115 GC heap after
{Heap after GC invocations=127 (full 3):
 PSYoungGen      total 11776K, used 391K [0x00000000d5580000, 0x00000000d6300000, 0x0000000100000000)
  eden space 11264K, 0% used [0x00000000d5580000,0x00000000d5580000,0x00000000d6080000)
  from space 512K, 76% used [0x00000000d6280000,0x00000000d62e1eb0,0x00000000d6300000)
  to   space 1024K, 0% used [0x00000000d6100000,0x00000000d6100000,0x00000000d6200000)
 ParOldGen       total 76800K, used 76475K [0x0000000080000000, 0x0000000084b00000, 0x00000000d5580000)
  object space 76800K, 99% used [0x0000000080000000,0x0000000084aaed70,0x0000000084b00000)
 Metaspace       used 78753K, committed 80448K, reserved 1179648K
  class space    used 9613K, committed 10368K, reserved 1048576K
}
Event: 595.230 GC heap before
{Heap before GC invocations=128 (full 3):
 PSYoungGen      total 11776K, used 11655K [0x00000000d5580000, 0x00000000d6300000, 0x0000000100000000)
  eden space 11264K, 100% used [0x00000000d5580000,0x00000000d6080000,0x00000000d6080000)
  from space 512K, 76% used [0x00000000d6280000,0x00000000d62e1eb0,0x00000000d6300000)
  to   space 1024K, 0% used [0x00000000d6100000,0x00000000d6100000,0x00000000d6200000)
 ParOldGen       total 76800K, used 76475K [0x0000000080000000, 0x0000000084b00000, 0x00000000d5580000)
  object space 76800K, 99% used [0x0000000080000000,0x0000000084aaed70,0x0000000084b00000)
 Metaspace       used 80174K, committed 81856K, reserved 1179648K
  class space    used 9741K, committed 10496K, reserved 1048576K
}
Event: 595.231 GC heap after
{Heap after GC invocations=128 (full 3):
 PSYoungGen      total 12288K, used 771K [0x00000000d5580000, 0x00000000d6300000, 0x0000000100000000)
  eden space 11264K, 0% used [0x00000000d5580000,0x00000000d5580000,0x00000000d6080000)
  from space 1024K, 75% used [0x00000000d6100000,0x00000000d61c0d98,0x00000000d6200000)
  to   space 1024K, 0% used [0x00000000d6200000,0x00000000d6200000,0x00000000d6300000)
 ParOldGen       total 76800K, used 76652K [0x0000000080000000, 0x0000000084b00000, 0x00000000d5580000)
  object space 76800K, 99% used [0x0000000080000000,0x0000000084adb000,0x0000000084b00000)
 Metaspace       used 80174K, committed 81856K, reserved 1179648K
  class space    used 9741K, committed 10496K, reserved 1048576K
}
Event: 595.370 GC heap before
{Heap before GC invocations=129 (full 3):
 PSYoungGen      total 12288K, used 11999K [0x00000000d5580000, 0x00000000d6300000, 0x0000000100000000)
  eden space 11264K, 99% used [0x00000000d5580000,0x00000000d6077058,0x00000000d6080000)
  from space 1024K, 75% used [0x00000000d6100000,0x00000000d61c0d98,0x00000000d6200000)
  to   space 1024K, 0% used [0x00000000d6200000,0x00000000d6200000,0x00000000d6300000)
 ParOldGen       total 76800K, used 76652K [0x0000000080000000, 0x0000000084b00000, 0x00000000d5580000)
  object space 76800K, 99% used [0x0000000080000000,0x0000000084adb000,0x0000000084b00000)
 Metaspace       used 81188K, committed 82816K, reserved 1179648K
  class space    used 9829K, committed 10560K, reserved 1048576K
}
Event: 595.371 GC heap after
{Heap after GC invocations=129 (full 3):
 PSYoungGen      total 11776K, used 1024K [0x00000000d5580000, 0x00000000d6480000, 0x0000000100000000)
  eden space 10752K, 0% used [0x00000000d5580000,0x00000000d5580000,0x00000000d6000000)
  from space 1024K, 100% used [0x00000000d6200000,0x00000000d6300000,0x00000000d6300000)
  to   space 2048K, 0% used [0x00000000d6000000,0x00000000d6000000,0x00000000d6200000)
 ParOldGen       total 77824K, used 77391K [0x0000000080000000, 0x0000000084c00000, 0x00000000d5580000)
  object space 77824K, 99% used [0x0000000080000000,0x0000000084b93da0,0x0000000084c00000)
 Metaspace       used 81188K, committed 82816K, reserved 1179648K
  class space    used 9829K, committed 10560K, reserved 1048576K
}
Event: 598.656 GC heap before
{Heap before GC invocations=130 (full 3):
 PSYoungGen      total 11776K, used 11776K [0x00000000d5580000, 0x00000000d6480000, 0x0000000100000000)
  eden space 10752K, 100% used [0x00000000d5580000,0x00000000d6000000,0x00000000d6000000)
  from space 1024K, 100% used [0x00000000d6200000,0x00000000d6300000,0x00000000d6300000)
  to   space 2048K, 0% used [0x00000000d6000000,0x00000000d6000000,0x00000000d6200000)
 ParOldGen       total 77824K, used 77391K [0x0000000080000000, 0x0000000084c00000, 0x00000000d5580000)
  object space 77824K, 99% used [0x0000000080000000,0x0000000084b93da0,0x0000000084c00000)
 Metaspace       used 81645K, committed 83264K, reserved 1179648K
  class space    used 9872K, committed 10624K, reserved 1048576K
}
Event: 598.657 GC heap after
{Heap after GC invocations=130 (full 3):
 PSYoungGen      total 11264K, used 320K [0x00000000d5580000, 0x00000000d6280000, 0x0000000100000000)
  eden space 10752K, 0% used [0x00000000d5580000,0x00000000d5580000,0x00000000d6000000)
  from space 512K, 62% used [0x00000000d6000000,0x00000000d6050000,0x00000000d6080000)
  to   space 1024K, 0% used [0x00000000d6180000,0x00000000d6180000,0x00000000d6280000)
 ParOldGen       total 78848K, used 78420K [0x0000000080000000, 0x0000000084d00000, 0x00000000d5580000)
  object space 78848K, 99% used [0x0000000080000000,0x0000000084c953b0,0x0000000084d00000)
 Metaspace       used 81645K, committed 83264K, reserved 1179648K
  class space    used 9872K, committed 10624K, reserved 1048576K
}
Event: 2331.084 GC heap before
{Heap before GC invocations=131 (full 3):
 PSYoungGen      total 11264K, used 11072K [0x00000000d5580000, 0x00000000d6280000, 0x0000000100000000)
  eden space 10752K, 100% used [0x00000000d5580000,0x00000000d6000000,0x00000000d6000000)
  from space 512K, 62% used [0x00000000d6000000,0x00000000d6050000,0x00000000d6080000)
  to   space 1024K, 0% used [0x00000000d6180000,0x00000000d6180000,0x00000000d6280000)
 ParOldGen       total 78848K, used 78420K [0x0000000080000000, 0x0000000084d00000, 0x00000000d5580000)
  object space 78848K, 99% used [0x0000000080000000,0x0000000084c953b0,0x0000000084d00000)
 Metaspace       used 82040K, committed 83712K, reserved 1179648K
  class space    used 9906K, committed 10688K, reserved 1048576K
}
Event: 2331.141 GC heap after
{Heap after GC invocations=131 (full 3):
 PSYoungGen      total 11264K, used 416K [0x00000000d5580000, 0x00000000d6200000, 0x0000000100000000)
  eden space 10752K, 0% used [0x00000000d5580000,0x00000000d5580000,0x00000000d6000000)
  from space 512K, 81% used [0x00000000d6180000,0x00000000d61e8040,0x00000000d6200000)
  to   space 512K, 0% used [0x00000000d6000000,0x00000000d6000000,0x00000000d6080000)
 ParOldGen       total 78848K, used 78556K [0x0000000080000000, 0x0000000084d00000, 0x00000000d5580000)
  object space 78848K, 99% used [0x0000000080000000,0x0000000084cb73b0,0x0000000084d00000)
 Metaspace       used 82040K, committed 83712K, reserved 1179648K
  class space    used 9906K, committed 10688K, reserved 1048576K
}

Dll operation events (15 events):
Event: 0.018 Loaded shared library c:\Users\rawat\.antigravity-ide\extensions\redhat.java-1.55.0-win32-x64\jre\21.0.11-win32-x86_64\bin\java.dll
Event: 0.271 Loaded shared library c:\Users\rawat\.antigravity-ide\extensions\redhat.java-1.55.0-win32-x64\jre\21.0.11-win32-x86_64\bin\zip.dll
Event: 0.366 Loaded shared library C:\Users\rawat\.antigravity-ide\extensions\redhat.java-1.55.0-win32-x64\jre\21.0.11-win32-x86_64\bin\instrument.dll
Event: 0.372 Loaded shared library C:\Users\rawat\.antigravity-ide\extensions\redhat.java-1.55.0-win32-x64\jre\21.0.11-win32-x86_64\bin\net.dll
Event: 0.375 Loaded shared library C:\Users\rawat\.antigravity-ide\extensions\redhat.java-1.55.0-win32-x64\jre\21.0.11-win32-x86_64\bin\nio.dll
Event: 0.392 Loaded shared library C:\Users\rawat\.antigravity-ide\extensions\redhat.java-1.55.0-win32-x64\jre\21.0.11-win32-x86_64\bin\zip.dll
Event: 0.480 Loaded shared library C:\Users\rawat\.antigravity-ide\extensions\redhat.java-1.55.0-win32-x64\jre\21.0.11-win32-x86_64\bin\jimage.dll
Event: 0.585 Loaded shared library c:\Users\rawat\.antigravity-ide\extensions\redhat.java-1.55.0-win32-x64\jre\21.0.11-win32-x86_64\bin\verify.dll
Event: 2.172 Loaded shared library C:\Users\rawat\AppData\Roaming\Antigravity IDE\User\globalStorage\redhat.java\1.55.0\config_win\org.eclipse.equinox.launcher\org.eclipse.equinox.launcher.win32.win32.x86_64_1.3.100.v20260613-0559\eclipse_11924.dll
Event: 5.730 Loaded shared library C:\Users\rawat\AppData\Local\Temp\jna-108288603\jna6296674242640341393.dll
Event: 10.101 Loaded shared library C:\Users\rawat\.gradle\native\1def1411415f61bf3af743bc5b6707747c0891f09f0c88961ee8f79bc544acac\windows-amd64\native-platform.dll
Event: 10.989 Loaded shared library C:\Users\rawat\.antigravity-ide\extensions\redhat.java-1.55.0-win32-x64\jre\21.0.11-win32-x86_64\bin\management.dll
Event: 10.991 Loaded shared library C:\Users\rawat\.antigravity-ide\extensions\redhat.java-1.55.0-win32-x64\jre\21.0.11-win32-x86_64\bin\management_ext.dll
Event: 14.478 Loaded shared library C:\Users\rawat\.antigravity-ide\extensions\redhat.java-1.55.0-win32-x64\jre\21.0.11-win32-x86_64\bin\extnet.dll
Event: 14.608 Loaded shared library C:\Users\rawat\.antigravity-ide\extensions\redhat.java-1.55.0-win32-x64\jre\21.0.11-win32-x86_64\bin\sunmscapi.dll

Deoptimization events (20 events):
Event: 2332.041 Thread 0x00000245d640f4f0 Uncommon trap: trap_request=0xffffffbe fr.pc=0x00000245884a0d90 relative=0x00000000000004b0
Event: 2332.041 Thread 0x00000245d640f4f0 Uncommon trap: reason=profile_predicate action=maybe_recompile pc=0x00000245884a0d90 method=sun.nio.fs.WindowsPath.compareTo(Ljava/nio/file/Path;)I @ 53 c2
Event: 2332.041 Thread 0x00000245d640f4f0 DEOPT PACKING pc=0x00000245884a0d90 sp=0x00000090e57fe600
Event: 2332.041 Thread 0x00000245d640f4f0 DEOPT UNPACKING pc=0x0000024587586da2 sp=0x00000090e57fe568 mode 2
Event: 2332.041 Thread 0x00000245d640f4f0 DEOPT PACKING pc=0x00000245815098e8 sp=0x00000090e57fe540
Event: 2332.041 Thread 0x00000245d640f4f0 DEOPT UNPACKING pc=0x00000245875878e2 sp=0x00000090e57fda50 mode 0
Event: 2332.316 Thread 0x00000245d640f4f0 Uncommon trap: trap_request=0xffffff45 fr.pc=0x00000245884b5474 relative=0x0000000000003454
Event: 2332.316 Thread 0x00000245d640f4f0 Uncommon trap: reason=unstable_if action=reinterpret pc=0x00000245884b5474 method=org.eclipse.jdt.internal.compiler.lookup.ReferenceBinding.isInterface()Z @ 8 c2
Event: 2332.316 Thread 0x00000245d640f4f0 DEOPT PACKING pc=0x00000245884b5474 sp=0x00000090e57fdc00
Event: 2332.316 Thread 0x00000245d640f4f0 DEOPT UNPACKING pc=0x0000024587586da2 sp=0x00000090e57fdb48 mode 2
Event: 2332.393 Thread 0x00000245d640f4f0 DEOPT PACKING pc=0x00000245814be4d2 sp=0x00000090e57fce40
Event: 2332.393 Thread 0x00000245d640f4f0 DEOPT UNPACKING pc=0x00000245875878e2 sp=0x00000090e57fc268 mode 0
Event: 2332.415 Thread 0x00000245d640f4f0 DEOPT PACKING pc=0x00000245810f3452 sp=0x00000090e57fe5f0
Event: 2332.415 Thread 0x00000245d640f4f0 DEOPT UNPACKING pc=0x00000245875878e2 sp=0x00000090e57fdb68 mode 0
Event: 2508.751 Thread 0x00000245d54f9c20 DEOPT PACKING pc=0x00000245815e902b sp=0x00000090e68ff290
Event: 2508.753 Thread 0x00000245d54f9c20 DEOPT UNPACKING pc=0x00000245875878e2 sp=0x00000090e68fe778 mode 0
Event: 2708.928 Thread 0x00000245d54feae0 DEOPT PACKING pc=0x00000245815e902b sp=0x00000090e6eff740
Event: 2708.929 Thread 0x00000245d54feae0 DEOPT UNPACKING pc=0x00000245875878e2 sp=0x00000090e6efec28 mode 0
Event: 2925.322 Thread 0x00000245d54fddc0 DEOPT PACKING pc=0x00000245815e902b sp=0x00000090e71ff410
Event: 2925.323 Thread 0x00000245d54fddc0 DEOPT UNPACKING pc=0x00000245875878e2 sp=0x00000090e71fe8f8 mode 0

Classes loaded (20 events):
Event: 364.668 Loading class java/util/stream/ReduceOps$4
Event: 364.668 Loading class java/util/stream/ReduceOps$4 done
Event: 364.668 Loading class java/util/stream/ReduceOps$4ReducingSink
Event: 364.668 Loading class java/util/stream/ReduceOps$4ReducingSink done
Event: 595.206 Loading class java/util/concurrent/ConcurrentHashMap$TreeNode
Event: 595.207 Loading class java/util/concurrent/ConcurrentHashMap$TreeNode done
Event: 595.207 Loading class java/util/concurrent/ConcurrentHashMap$TreeBin
Event: 595.207 Loading class java/util/concurrent/ConcurrentHashMap$TreeBin done
Event: 595.320 Loading class jdk/internal/ref/CleanerImpl$InnocuousThreadFactory
Event: 595.327 Loading class jdk/internal/ref/CleanerImpl$InnocuousThreadFactory done
Event: 2331.429 Loading class java/util/stream/ReferencePipeline$4
Event: 2331.436 Loading class java/util/stream/ReferencePipeline$4 done
Event: 2331.444 Loading class java/util/stream/Nodes$IntFixedNodeBuilder
Event: 2331.448 Loading class java/util/stream/Node$Builder$OfInt
Event: 2331.452 Loading class java/util/stream/Node$Builder$OfInt done
Event: 2331.452 Loading class java/util/stream/Nodes$IntArrayNode
Event: 2331.456 Loading class java/util/stream/Nodes$IntArrayNode done
Event: 2331.456 Loading class java/util/stream/Nodes$IntFixedNodeBuilder done
Event: 2331.457 Loading class java/util/stream/ReferencePipeline$4$1
Event: 2331.461 Loading class java/util/stream/ReferencePipeline$4$1 done

Classes unloaded (7 events):
Event: 6.228 Thread 0x00000245fef42da0 Unloading class 0x00000245901aac00 'java/lang/invoke/LambdaForm$MH+0x00000245901aac00'
Event: 6.228 Thread 0x00000245fef42da0 Unloading class 0x00000245901aa800 'java/lang/invoke/LambdaForm$MH+0x00000245901aa800'
Event: 6.228 Thread 0x00000245fef42da0 Unloading class 0x00000245901aa400 'java/lang/invoke/LambdaForm$MH+0x00000245901aa400'
Event: 6.228 Thread 0x00000245fef42da0 Unloading class 0x00000245901aa000 'java/lang/invoke/LambdaForm$MH+0x00000245901aa000'
Event: 6.228 Thread 0x00000245fef42da0 Unloading class 0x00000245901a9c00 'java/lang/invoke/LambdaForm$BMH+0x00000245901a9c00'
Event: 6.228 Thread 0x00000245fef42da0 Unloading class 0x00000245901a9800 'java/lang/invoke/LambdaForm$DMH+0x00000245901a9800'
Event: 6.228 Thread 0x00000245fef42da0 Unloading class 0x00000245901a8400 'java/lang/invoke/LambdaForm$DMH+0x00000245901a8400'

Classes redefined (0 events):
No events

Internal exceptions (20 events):
Event: 2332.420 Thread 0x00000245d640f4f0 Exception <a 'java/lang/NullPointerException'{0x00000000d5bfab48}> (0x00000000d5bfab48) 
thrown [s\src\hotspot\share\interpreter\linkResolver.cpp, line 1372]
Event: 2332.420 Thread 0x00000245d640f4f0 Exception <a 'java/lang/NullPointerException'{0x00000000d5bfb0d8}> (0x00000000d5bfb0d8) 
thrown [s\src\hotspot\share\interpreter\linkResolver.cpp, line 1372]
Event: 2332.420 Thread 0x00000245d640f4f0 Exception <a 'java/lang/NullPointerException'{0x00000000d5bfb668}> (0x00000000d5bfb668) 
thrown [s\src\hotspot\share\interpreter\linkResolver.cpp, line 1372]
Event: 2332.420 Thread 0x00000245d640f4f0 Exception <a 'java/lang/NullPointerException'{0x00000000d5bfbbf8}> (0x00000000d5bfbbf8) 
thrown [s\src\hotspot\share\interpreter\linkResolver.cpp, line 1372]
Event: 2332.421 Thread 0x00000245d640f4f0 Exception <a 'java/lang/NullPointerException'{0x00000000d5bff200}> (0x00000000d5bff200) 
thrown [s\src\hotspot\share\interpreter\linkResolver.cpp, line 1372]
Event: 2332.422 Thread 0x00000245d640f4f0 Exception <a 'java/lang/NullPointerException'{0x00000000d5c011d8}> (0x00000000d5c011d8) 
thrown [s\src\hotspot\share\interpreter\linkResolver.cpp, line 1372]
Event: 2332.422 Thread 0x00000245d640f4f0 Exception <a 'java/lang/NullPointerException'{0x00000000d5c021b8}> (0x00000000d5c021b8) 
thrown [s\src\hotspot\share\interpreter\linkResolver.cpp, line 1372]
Event: 2332.423 Thread 0x00000245d640f4f0 Exception <a 'java/lang/NullPointerException'{0x00000000d5c03828}> (0x00000000d5c03828) 
thrown [s\src\hotspot\share\interpreter\linkResolver.cpp, line 1372]
Event: 2332.423 Thread 0x00000245d640f4f0 Exception <a 'java/lang/NullPointerException'{0x00000000d5c03d50}> (0x00000000d5c03d50) 
thrown [s\src\hotspot\share\interpreter\linkResolver.cpp, line 1372]
Event: 2332.423 Thread 0x00000245d640f4f0 Exception <a 'java/lang/NullPointerException'{0x00000000d5c04218}> (0x00000000d5c04218) 
thrown [s\src\hotspot\share\interpreter\linkResolver.cpp, line 1372]
Event: 2332.423 Thread 0x00000245d640f4f0 Exception <a 'java/lang/NullPointerException'{0x00000000d5c046e0}> (0x00000000d5c046e0) 
thrown [s\src\hotspot\share\interpreter\linkResolver.cpp, line 1372]
Event: 2332.423 Thread 0x00000245d640f4f0 Exception <a 'java/lang/NullPointerException'{0x00000000d5c04e40}> (0x00000000d5c04e40) 
thrown [s\src\hotspot\share\interpreter\linkResolver.cpp, line 1372]
Event: 2332.423 Thread 0x00000245d640f4f0 Exception <a 'java/lang/NullPointerException'{0x00000000d5c05980}> (0x00000000d5c05980) 
thrown [s\src\hotspot\share\interpreter\linkResolver.cpp, line 1372]
Event: 2332.423 Thread 0x00000245d640f4f0 Exception <a 'java/lang/NullPointerException'{0x00000000d5c067f0}> (0x00000000d5c067f0) 
thrown [s\src\hotspot\share\interpreter\linkResolver.cpp, line 1372]
Event: 2332.423 Thread 0x00000245d640f4f0 Exception <a 'java/lang/NullPointerException'{0x00000000d5c07370}> (0x00000000d5c07370) 
thrown [s\src\hotspot\share\interpreter\linkResolver.cpp, line 1372]
Event: 2332.423 Thread 0x00000245d640f4f0 Exception <a 'java/lang/NullPointerException'{0x00000000d5c08020}> (0x00000000d5c08020) 
thrown [s\src\hotspot\share\interpreter\linkResolver.cpp, line 1372]
Event: 2332.423 Thread 0x00000245d640f4f0 Exception <a 'java/lang/NullPointerException'{0x00000000d5c08538}> (0x00000000d5c08538) 
thrown [s\src\hotspot\share\interpreter\linkResolver.cpp, line 1372]
Event: 2332.423 Thread 0x00000245d640f4f0 Exception <a 'java/lang/NullPointerException'{0x00000000d5c08a38}> (0x00000000d5c08a38) 
thrown [s\src\hotspot\share\interpreter\linkResolver.cpp, line 1372]
Event: 2631.648 Thread 0x00000245d640f4f0 Exception <a 'sun/nio/fs/WindowsException'{0x00000000d5dc5768}> (0x00000000d5dc5768) 
thrown [s\src\hotspot\share\prims\jni.cpp, line 520]
Event: 2631.650 Thread 0x00000245d640f4f0 Exception <a 'sun/nio/fs/WindowsException'{0x00000000d5dcd1b8}> (0x00000000d5dcd1b8) 
thrown [s\src\hotspot\share\prims\jni.cpp, line 520]

ZGC Phase Switch (0 events):
No events

VM Operations (20 events):
Event: 2332.142 Executing safepoint VM operation: Cleanup
Event: 2332.144 Executing safepoint VM operation: Cleanup done
Event: 2332.383 Executing non-safepoint VM operation: HandshakeAllThreads (Deoptimize)
Event: 2332.384 Executing non-safepoint VM operation: HandshakeAllThreads (Deoptimize) done
Event: 2333.384 Executing safepoint VM operation: Cleanup
Event: 2333.384 Executing safepoint VM operation: Cleanup done
Event: 2345.324 Executing non-safepoint VM operation: HandshakeAllThreads (HandshakeForDeflation)
Event: 2345.324 Executing non-safepoint VM operation: HandshakeAllThreads (HandshakeForDeflation) done
Event: 2345.324 Executing non-safepoint VM operation: RendezvousGCThreads
Event: 2345.324 Executing non-safepoint VM operation: RendezvousGCThreads done
Event: 2632.674 Executing safepoint VM operation: Cleanup
Event: 2632.675 Executing safepoint VM operation: Cleanup done
Event: 2645.684 Executing non-safepoint VM operation: HandshakeAllThreads (HandshakeForDeflation)
Event: 2645.684 Executing non-safepoint VM operation: HandshakeAllThreads (HandshakeForDeflation) done
Event: 2645.684 Executing non-safepoint VM operation: RendezvousGCThreads
Event: 2645.684 Executing non-safepoint VM operation: RendezvousGCThreads done
Event: 3006.415 Executing non-safepoint VM operation: HandshakeAllThreads (HandshakeForDeflation)
Event: 3006.416 Executing non-safepoint VM operation: HandshakeAllThreads (HandshakeForDeflation) done
Event: 3006.416 Executing non-safepoint VM operation: RendezvousGCThreads
Event: 3006.416 Executing non-safepoint VM operation: RendezvousGCThreads done

Memory protections (0 events):
No events

Nmethod flushes (20 events):
Event: 13.125 Thread 0x00000245fef42da0 flushing  nmethod 0x000002458089fd10
Event: 13.125 Thread 0x00000245fef42da0 flushing  nmethod 0x00000245808a1290
Event: 13.125 Thread 0x00000245fef42da0 flushing  nmethod 0x00000245808ab190
Event: 13.125 Thread 0x00000245fef42da0 flushing  nmethod 0x00000245808acc90
Event: 13.125 Thread 0x00000245fef42da0 flushing  nmethod 0x00000245808b0190
Event: 13.125 Thread 0x00000245fef42da0 flushing  nmethod 0x00000245808b1c10
Event: 13.125 Thread 0x00000245fef42da0 flushing  nmethod 0x00000245808b7590
Event: 13.125 Thread 0x00000245fef42da0 flushing  nmethod 0x00000245808b8410
Event: 13.125 Thread 0x00000245fef42da0 flushing  nmethod 0x00000245808b9110
Event: 13.125 Thread 0x00000245fef42da0 flushing  nmethod 0x00000245808b9610
Event: 13.125 Thread 0x00000245fef42da0 flushing  nmethod 0x00000245808b9c10
Event: 13.125 Thread 0x00000245fef42da0 flushing  nmethod 0x00000245808ba910
Event: 13.125 Thread 0x00000245fef42da0 flushing  nmethod 0x00000245808bc710
Event: 13.125 Thread 0x00000245fef42da0 flushing  nmethod 0x00000245808cff10
Event: 13.125 Thread 0x00000245fef42da0 flushing  nmethod 0x00000245808df990
Event: 13.125 Thread 0x00000245fef42da0 flushing  nmethod 0x00000245808e2d90
Event: 13.125 Thread 0x00000245fef42da0 flushing  nmethod 0x00000245808ee990
Event: 13.125 Thread 0x00000245fef42da0 flushing  nmethod 0x00000245808eec90
Event: 13.125 Thread 0x00000245fef42da0 flushing  nmethod 0x00000245808ef590
Event: 13.125 Thread 0x00000245fef42da0 flushing  nmethod 0x00000245808ef910

Events (20 events):
Event: 623.406 Thread 0x00000245d54f8f00 Thread exited: 0x00000245d54f8f00
Event: 624.740 Thread 0x00000245db46ef90 Thread added: 0x00000245d7861480
Event: 624.740 Thread 0x00000245d7861480 Thread exited: 0x00000245d7861480
Event: 624.744 Thread 0x00000245db46ef90 Thread added: 0x00000245d7861480
Event: 624.744 Thread 0x00000245d7861480 Thread exited: 0x00000245d7861480
Event: 659.431 Thread 0x00000245d54f81e0 Thread exited: 0x00000245d54f81e0
Event: 719.447 Thread 0x00000245d54fb660 Thread exited: 0x00000245d54fb660
Event: 779.457 Thread 0x00000245d54fafd0 Thread exited: 0x00000245d54fafd0
Event: 835.759 Thread 0x00000245d54f7b50 Thread added: 0x00000245d7861480
Event: 895.875 Thread 0x00000245d54f7b50 Thread exited: 0x00000245d54f7b50
Event: 955.876 Thread 0x00000245d54fa2b0 Thread exited: 0x00000245d54fa2b0
Event: 1135.761 Thread 0x00000245d7861480 Thread exited: 0x00000245d7861480
Event: 2332.078 Thread 0x00000245fef75e30 Thread added: 0x00000245e0311c40
Event: 2332.257 Thread 0x00000245e0311c40 Thread exited: 0x00000245e0311c40
Event: 2332.399 Thread 0x00000245fef75e30 Thread added: 0x00000245e0311570
Event: 2337.556 Thread 0x00000245e0311570 Thread exited: 0x00000245e0311570
Event: 2631.625 Thread 0x00000245d640f4f0 Thread added: 0x00000245d7860df0
Event: 2631.632 Thread 0x00000245d7860df0 Thread exited: 0x00000245d7860df0
Event: 2631.656 Thread 0x00000245d640f4f0 Thread added: 0x00000245d7860df0
Event: 2631.657 Thread 0x00000245d7860df0 Thread exited: 0x00000245d7860df0


Dynamic libraries:
0x00007ff74e390000 - 0x00007ff74e39e000 	c:\Users\rawat\.antigravity-ide\extensions\redhat.java-1.55.0-win32-x64\jre\21.0.11-win32-x86_64\bin\java.exe
0x00007ffbfd760000 - 0x00007ffbfd9c6000 	C:\WINDOWS\SYSTEM32\ntdll.dll
0x00007ffbfd220000 - 0x00007ffbfd2e9000 	C:\WINDOWS\System32\KERNEL32.DLL
0x00007ffbfafc0000 - 0x00007ffbfb3be000 	C:\WINDOWS\System32\KERNELBASE.dll
0x00007ffbfaac0000 - 0x00007ffbfac0c000 	C:\WINDOWS\System32\ucrtbase.dll
0x00007ffbd8160000 - 0x00007ffbd8178000 	c:\Users\rawat\.antigravity-ide\extensions\redhat.java-1.55.0-win32-x64\jre\21.0.11-win32-x86_64\bin\jli.dll
0x00007ffbfd2f0000 - 0x00007ffbfd4b7000 	C:\WINDOWS\System32\USER32.dll
0x00007ffbfaed0000 - 0x00007ffbfaef7000 	C:\WINDOWS\System32\win32u.dll
0x00007ffbfc720000 - 0x00007ffbfc74b000 	C:\WINDOWS\System32\GDI32.dll
0x00007ffbfac20000 - 0x00007ffbfad4a000 	C:\WINDOWS\System32\gdi32full.dll
0x00007ffbfaa10000 - 0x00007ffbfaab3000 	C:\WINDOWS\System32\msvcp_win.dll
0x00007ffbcf410000 - 0x00007ffbcf42e000 	c:\Users\rawat\.antigravity-ide\extensions\redhat.java-1.55.0-win32-x64\jre\21.0.11-win32-x86_64\bin\VCRUNTIME140.dll
0x00007ffbded60000 - 0x00007ffbdeff2000 	C:\WINDOWS\WinSxS\amd64_microsoft.windows.common-controls_6595b64144ccf1df_6.0.26100.8875_none_3e0d5d42e32fe9dd\COMCTL32.dll
0x00007ffbfb490000 - 0x00007ffbfb539000 	C:\WINDOWS\System32\msvcrt.dll
0x00007ffbfbce0000 - 0x00007ffbfbd12000 	C:\WINDOWS\System32\IMM32.DLL
0x00007ffbf7220000 - 0x00007ffbf722c000 	c:\Users\rawat\.antigravity-ide\extensions\redhat.java-1.55.0-win32-x64\jre\21.0.11-win32-x86_64\bin\vcruntime140_1.dll
0x00007ffbc6090000 - 0x00007ffbc611d000 	c:\Users\rawat\.antigravity-ide\extensions\redhat.java-1.55.0-win32-x64\jre\21.0.11-win32-x86_64\bin\msvcp140.dll
0x00007ffb41930000 - 0x00007ffb426d2000 	c:\Users\rawat\.antigravity-ide\extensions\redhat.java-1.55.0-win32-x64\jre\21.0.11-win32-x86_64\bin\server\jvm.dll
0x00007ffbfc9f0000 - 0x00007ffbfcaa7000 	C:\WINDOWS\System32\ADVAPI32.dll
0x00007ffbfc930000 - 0x00007ffbfc9da000 	C:\WINDOWS\System32\sechost.dll
0x00007ffbfcab0000 - 0x00007ffbfcbc8000 	C:\WINDOWS\System32\RPCRT4.dll
0x00007ffbfc230000 - 0x00007ffbfc2b0000 	C:\WINDOWS\System32\WS2_32.dll
0x00007ffbfa7e0000 - 0x00007ffbfa83e000 	C:\WINDOWS\SYSTEM32\POWRPROF.dll
0x00007ffbef4c0000 - 0x00007ffbef4cb000 	C:\WINDOWS\SYSTEM32\VERSION.dll
0x00007ffbea130000 - 0x00007ffbea166000 	C:\WINDOWS\SYSTEM32\WINMM.dll
0x00007ffbfa7c0000 - 0x00007ffbfa7d4000 	C:\WINDOWS\SYSTEM32\UMPDC.dll
0x00007ffbf9660000 - 0x00007ffbf967b000 	C:\WINDOWS\SYSTEM32\kernel.appcore.dll
0x00007ffbeedc0000 - 0x00007ffbeedca000 	c:\Users\rawat\.antigravity-ide\extensions\redhat.java-1.55.0-win32-x64\jre\21.0.11-win32-x86_64\bin\jimage.dll
0x00007ffbf7d00000 - 0x00007ffbf7f42000 	C:\WINDOWS\SYSTEM32\DBGHELP.DLL
0x00007ffbfce80000 - 0x00007ffbfd203000 	C:\WINDOWS\System32\combase.dll
0x00007ffbfc640000 - 0x00007ffbfc719000 	C:\WINDOWS\System32\OLEAUT32.dll
0x00007ffbd07c0000 - 0x00007ffbd07fb000 	C:\WINDOWS\SYSTEM32\dbgcore.DLL
0x00007ffbfaf00000 - 0x00007ffbfafac000 	C:\WINDOWS\System32\bcryptPrimitives.dll
0x00007ffbee260000 - 0x00007ffbee26f000 	c:\Users\rawat\.antigravity-ide\extensions\redhat.java-1.55.0-win32-x64\jre\21.0.11-win32-x86_64\bin\instrument.dll
0x00007ffbe4ea0000 - 0x00007ffbe4ec0000 	c:\Users\rawat\.antigravity-ide\extensions\redhat.java-1.55.0-win32-x64\jre\21.0.11-win32-x86_64\bin\java.dll
0x00007ffbfb540000 - 0x00007ffbfbcd2000 	C:\WINDOWS\System32\SHELL32.dll
0x00007ffbf8400000 - 0x00007ffbf8c92000 	C:\WINDOWS\SYSTEM32\windows.storage.dll
0x00007ffbfd5a0000 - 0x00007ffbfd697000 	C:\WINDOWS\System32\SHCORE.dll
0x00007ffbfcbd0000 - 0x00007ffbfcc37000 	C:\WINDOWS\System32\shlwapi.dll
0x00007ffbfa8a0000 - 0x00007ffbfa8c9000 	C:\WINDOWS\SYSTEM32\profapi.dll
0x00007ffbca780000 - 0x00007ffbca798000 	c:\Users\rawat\.antigravity-ide\extensions\redhat.java-1.55.0-win32-x64\jre\21.0.11-win32-x86_64\bin\zip.dll
0x00007ffbe7070000 - 0x00007ffbe7080000 	C:\Users\rawat\.antigravity-ide\extensions\redhat.java-1.55.0-win32-x64\jre\21.0.11-win32-x86_64\bin\net.dll
0x00007ffbef620000 - 0x00007ffbef747000 	C:\WINDOWS\SYSTEM32\WINHTTP.dll
0x00007ffbf9c10000 - 0x00007ffbf9c7c000 	C:\WINDOWS\system32\mswsock.dll
0x00007ffbc8e00000 - 0x00007ffbc8e16000 	C:\Users\rawat\.antigravity-ide\extensions\redhat.java-1.55.0-win32-x64\jre\21.0.11-win32-x86_64\bin\nio.dll
0x00007ffbe6b40000 - 0x00007ffbe6b50000 	c:\Users\rawat\.antigravity-ide\extensions\redhat.java-1.55.0-win32-x64\jre\21.0.11-win32-x86_64\bin\verify.dll
0x00007ffbb9fa0000 - 0x00007ffbb9fe5000 	C:\Users\rawat\AppData\Roaming\Antigravity IDE\User\globalStorage\redhat.java\1.55.0\config_win\org.eclipse.equinox.launcher\org.eclipse.equinox.launcher.win32.win32.x86_64_1.3.100.v20260613-0559\eclipse_11924.dll
0x00007ffbfcc40000 - 0x00007ffbfcdd9000 	C:\WINDOWS\System32\ole32.dll
0x00007ffbf9f30000 - 0x00007ffbf9f4b000 	C:\WINDOWS\SYSTEM32\CRYPTSP.dll
0x00007ffbf95c0000 - 0x00007ffbf95f9000 	C:\WINDOWS\system32\rsaenh.dll
0x00007ffbf9cd0000 - 0x00007ffbf9d02000 	C:\WINDOWS\SYSTEM32\USERENV.dll
0x00007ffbfa870000 - 0x00007ffbfa89a000 	C:\WINDOWS\SYSTEM32\bcrypt.dll
0x00007ffbf9f10000 - 0x00007ffbf9f1c000 	C:\WINDOWS\SYSTEM32\CRYPTBASE.dll
0x00007ffbf90c0000 - 0x00007ffbf90f3000 	C:\WINDOWS\SYSTEM32\IPHLPAPI.DLL
0x00007ffbfcde0000 - 0x00007ffbfcdea000 	C:\WINDOWS\System32\NSI.dll
0x00007ffbb4760000 - 0x00007ffbb47a9000 	C:\Users\rawat\AppData\Local\Temp\jna-108288603\jna6296674242640341393.dll
0x00007ffbfd210000 - 0x00007ffbfd218000 	C:\WINDOWS\System32\PSAPI.DLL
0x00007ffbf0000000 - 0x00007ffbf001d000 	C:\WINDOWS\SYSTEM32\dhcpcsvc6.DLL
0x00007ffbeffd0000 - 0x00007ffbefff5000 	C:\WINDOWS\SYSTEM32\dhcpcsvc.DLL
0x00007ffbc2430000 - 0x00007ffbc2457000 	C:\Users\rawat\.gradle\native\1def1411415f61bf3af743bc5b6707747c0891f09f0c88961ee8f79bc544acac\windows-amd64\native-platform.dll
0x00007ffbe66c0000 - 0x00007ffbe66ca000 	C:\Users\rawat\.antigravity-ide\extensions\redhat.java-1.55.0-win32-x64\jre\21.0.11-win32-x86_64\bin\management.dll
0x00007ffbc9960000 - 0x00007ffbc996c000 	C:\Users\rawat\.antigravity-ide\extensions\redhat.java-1.55.0-win32-x64\jre\21.0.11-win32-x86_64\bin\management_ext.dll
0x00007ffbc62e0000 - 0x00007ffbc62e9000 	C:\Users\rawat\.antigravity-ide\extensions\redhat.java-1.55.0-win32-x64\jre\21.0.11-win32-x86_64\bin\extnet.dll
0x00007ffbc6060000 - 0x00007ffbc606e000 	C:\Users\rawat\.antigravity-ide\extensions\redhat.java-1.55.0-win32-x64\jre\21.0.11-win32-x86_64\bin\sunmscapi.dll
0x00007ffbfad50000 - 0x00007ffbfaec8000 	C:\WINDOWS\System32\CRYPT32.dll
0x00007ffbfa150000 - 0x00007ffbfa180000 	C:\WINDOWS\SYSTEM32\ncrypt.dll
0x00007ffbfa100000 - 0x00007ffbfa13f000 	C:\WINDOWS\SYSTEM32\NTASN1.dll
0x00007ffb7cb70000 - 0x00007ffb7cb78000 	C:\WINDOWS\system32\wshunix.dll

JVMTI agents:
c:\Users\rawat\.antigravity-ide\extensions\redhat.java-1.55.0-win32-x64\lombok\lombok-1.18.39-4050.jar path:c:\Users\rawat\.antigravity-ide\extensions\redhat.java-1.55.0-win32-x64\jre\21.0.11-win32-x86_64\bin\instrument.dll, loaded, initialized, instrumentlib options:none

dbghelp: loaded successfully - version: 4.0.5 - missing functions: none
symbol engine: initialized successfully - sym options: 0x614 - pdb path: .;c:\Users\rawat\.antigravity-ide\extensions\redhat.java-1.55.0-win32-x64\jre\21.0.11-win32-x86_64\bin;C:\WINDOWS\SYSTEM32;C:\WINDOWS\WinSxS\amd64_microsoft.windows.common-controls_6595b64144ccf1df_6.0.26100.8875_none_3e0d5d42e32fe9dd;c:\Users\rawat\.antigravity-ide\extensions\redhat.java-1.55.0-win32-x64\jre\21.0.11-win32-x86_64\bin\server;C:\Users\rawat\AppData\Roaming\Antigravity IDE\User\globalStorage\redhat.java\1.55.0\config_win\org.eclipse.equinox.launcher\org.eclipse.equinox.launcher.win32.win32.x86_64_1.3.100.v20260613-0559;C:\Users\rawat\AppData\Local\Temp\jna-108288603;C:\Users\rawat\.gradle\native\1def1411415f61bf3af743bc5b6707747c0891f09f0c88961ee8f79bc544acac\windows-amd64

VM Arguments:
jvm_args: --add-modules=ALL-SYSTEM --add-opens=java.base/java.util=ALL-UNNAMED --add-opens=java.base/java.lang=ALL-UNNAMED --add-opens=java.base/sun.nio.fs=ALL-UNNAMED -Declipse.application=org.eclipse.jdt.ls.core.id1 -Dosgi.bundles.defaultStartLevel=4 -Declipse.product=org.eclipse.jdt.ls.core.product -Djava.import.generatesMetadataFilesAtProjectRoot=false -DDetectVMInstallationsJob.disabled=true -Dfile.encoding=utf8 -XX:+UseParallelGC -XX:GCTimeRatio=4 -XX:AdaptiveSizePolicyWeight=90 -Dsun.zip.disableMemoryMapping=true -Xmx2G -Xms100m -Xlog:disable -javaagent:c:\Users\rawat\.antigravity-ide\extensions\redhat.java-1.55.0-win32-x64\lombok\lombok-1.18.39-4050.jar -XX:+HeapDumpOnOutOfMemoryError -XX:HeapDumpPath=c:\Users\rawat\AppData\Roaming\Antigravity IDE\User\workspaceStorage\37c22cd9f0bef5d5ec7063b27c4af746\redhat.java -Daether.dependencyCollector.impl=bf 
java_command: c:\Users\rawat\.antigravity-ide\extensions\redhat.java-1.55.0-win32-x64\server\plugins\org.eclipse.equinox.launcher_1.7.200.v20260619-2039.jar -configuration c:\Users\rawat\AppData\Roaming\Antigravity IDE\User\globalStorage\redhat.java\1.55.0\config_win -data c:\Users\rawat\AppData\Roaming\Antigravity IDE\User\workspaceStorage\37c22cd9f0bef5d5ec7063b27c4af746\redhat.java\jdt_ws --pipe=\\.\pipe\lsp-29d94058fbb116a7a419a43ee2fc65c1-sock
java_class_path (initial): c:\Users\rawat\.antigravity-ide\extensions\redhat.java-1.55.0-win32-x64\server\plugins\org.eclipse.equinox.launcher_1.7.200.v20260619-2039.jar
Launcher Type: SUN_STANDARD

[Global flags]
    uintx AdaptiveSizePolicyWeight                 = 90                                        {product} {command line}
     intx CICompilerCount                          = 4                                         {product} {ergonomic}
    uintx GCTimeRatio                              = 4                                         {product} {command line}
     bool HeapDumpOnOutOfMemoryError               = true                                   {manageable} {command line}
    ccstr HeapDumpPath                             = c:\Users\rawat\AppData\Roaming\Antigravity IDE\User\workspaceStorage\37c22cd9f0bef5d5ec7063b27c4af746\redhat.java         {manageable} {command line}
   size_t InitialHeapSize                          = 104857600                                 {product} {command line}
   size_t MaxHeapSize                              = 2147483648                                {product} {command line}
   size_t MaxNewSize                               = 715653120                                 {product} {ergonomic}
   size_t MinHeapDeltaBytes                        = 524288                                    {product} {ergonomic}
   size_t MinHeapSize                              = 104857600                                 {product} {command line}
   size_t NewSize                                  = 34603008                                  {product} {ergonomic}
    uintx NonNMethodCodeHeapSize                   = 5839372                                {pd product} {ergonomic}
    uintx NonProfiledCodeHeapSize                  = 122909434                              {pd product} {ergonomic}
   size_t OldSize                                  = 70254592                                  {product} {ergonomic}
    uintx ProfiledCodeHeapSize                     = 122909434                              {pd product} {ergonomic}
    uintx ReservedCodeCacheSize                    = 251658240                              {pd product} {ergonomic}
     bool SegmentedCodeCache                       = true                                      {product} {ergonomic}
   size_t SoftMaxHeapSize                          = 2147483648                             {manageable} {ergonomic}
     bool UseCompressedOops                        = true                           {product lp64_product} {ergonomic}
     bool UseLargePagesIndividualAllocation        = false                                  {pd product} {ergonomic}
     bool UseParallelGC                            = true                                      {product} {command line}

Logging:
Log output configuration:
 #0: stdout all=off uptime,level,tags foldmultilines=false
 #1: stderr all=off uptime,level,tags foldmultilines=false

Release file:
JAVA_VERSION="21.0.11" 
MODULES="java.base java.compiler java.datatransfer java.xml java.prefs java.desktop java.instrument java.logging java.management java.security.sasl java.naming java.rmi java.management.rmi java.net.http java.scripting java.security.jgss java.transaction.xa java.sql java.sql.rowset java.xml.crypto java.se java.smartcardio jdk.accessibility jdk.internal.jvmstat jdk.attach jdk.charsets jdk.internal.opt jdk.zipfs jdk.compiler jdk.crypto.ec jdk.crypto.cryptoki jdk.crypto.mscapi jdk.dynalink jdk.internal.ed jdk.editpad jdk.hotspot.agent jdk.httpserver jdk.internal.le jdk.internal.vm.ci jdk.internal.vm.compiler jdk.internal.vm.compiler.management jdk.jartool jdk.javadoc jdk.jcmd jdk.management jdk.management.agent jdk.jconsole jdk.jdeps jdk.jdwp.agent jdk.jdi jdk.jfr jdk.jshell jdk.jsobject jdk.jstatd jdk.localedata jdk.management.jfr jdk.naming.dns jdk.naming.rmi jdk.net jdk.nio.mapmode jdk.random jdk.sctp jdk.security.auth jdk.security.jgss jdk.unsupported jdk.unsupported.desktop jdk.xml.dom" 

Environment Variables:
PATH=C:\Program Files\Common Files\Oracle\Java\javapath;C:\Windows\system32;C:\Windows;C:\Windows\System32\Wbem;C:\Windows\System32\WindowsPowerShell\v1.0\;C:\Windows\System32\OpenSSH\;C:\Program Files\NVIDIA Corporation\NVIDIA NvDLISR;C:\WINDOWS\system32;C:\WINDOWS;C:\WINDOWS\System32\Wbem;C:\WINDOWS\System32\WindowsPowerShell\v1.0\;C:\WINDOWS\System32\OpenSSH\;C:\Program Files\dotnet\;C:\Program Files (x86)\Windows Kits\10\Windows Performance Toolkit\;C:\Program Files\Git\cmd;C:\Program Files\Git\bin;C:\MinGW\bin;C:\Program Files\MySQL\MySQL Server 8.0\bin;C:\Program Files\MySQL\MySQL Shell 8.0\bin\;C:\Users\rawat\AppData\Local\Programs\Python\Python314\Scripts\;C:\Users\rawat\AppData\Local\Programs\Python\Python314\;C:\Users\rawat\AppData\Local\Microsoft\WindowsApps;C:\Users\rawat\AppData\Local\Programs\Microsoft VS Code\bin;C:\Users\rawat\Downloads\flutter_windows_3.38.3-stable\flutter\bin;C:\MinGW\bin;C:\Users\rawat\AppData\Local\Programs\Antigravity IDE\bin
USERNAME=rawat
OS=Windows_NT
PROCESSOR_IDENTIFIER=Intel64 Family 6 Model 140 Stepping 1, GenuineIntel
TMP=C:\Users\rawat\AppData\Local\Temp
TEMP=C:\Users\rawat\AppData\Local\Temp




Periodic native trim disabled

---------------  S Y S T E M  ---------------

OS:
 Windows 11 , 64 bit Build 26100 (10.0.26100.8875)
OS uptime: 2 days 22:55 hours
Hyper-V role detected

CPU: total 8 (initial active 8) (4 cores per cpu, 2 threads per core) family 6 model 140 stepping 1 microcode 0xbe, cx8, cmov, fxsr, ht, mmx, 3dnowpref, sse, sse2, sse3, ssse3, sse4.1, sse4.2, popcnt, lzcnt, tsc, tscinvbit, avx, avx2, aes, erms, clmul, bmi1, bmi2, adx, avx512f, avx512dq, avx512cd, avx512bw, avx512vl, sha, fma, vzeroupper, avx512_vpopcntdq, avx512_vpclmulqdq, avx512_vaes, avx512_vnni, clflush, clflushopt, clwb, avx512_vbmi2, avx512_vbmi, hv, rdtscp, rdpid, fsrm, gfni, avx512_bitalg, f16c, cet_ibt, cet_ss, avx512_ifma
Processor Information for the first 8 processors :
  Max Mhz: 2803, Current Mhz: 2803, Mhz Limit: 2803

Memory: 4k page, system-wide physical 7914M (695M free)
TotalPageFile size 32490M (AvailPageFile size 39M)
current process WorkingSet (physical memory assigned to process): 15M, peak: 338M
current process commit charge ("private bytes"): 418M, peak: 452M

vm_info: OpenJDK 64-Bit Server VM (21.0.11+10-LTS) for windows-amd64 JRE (21.0.11+10-LTS), built on 2026-04-21T00:00:00Z by "admin" with MS VC++ 17.12 (VS2022)

END.
