#
# There is insufficient memory for the Java Runtime Environment to continue.
# Native memory allocation (malloc) failed to allocate 1316672 bytes. Error detail: Chunk::new
# Possible reasons:
#   The system is out of physical RAM or swap space
#   This process is running with CompressedOops enabled, and the Java Heap may be blocking the growth of the native heap
# Possible solutions:
#   Reduce memory load on the system
#   Increase physical memory or swap space
#   Check if swap backing store is full
#   Decrease Java heap size (-Xmx/-Xms)
#   Decrease number of Java threads
#   Decrease Java thread stack sizes (-Xss)
#   Set larger code cache with -XX:ReservedCodeCacheSize=
#   JVM is running with Unscaled Compressed Oops mode in which the Java heap is
#     placed in the first 4GB address space. The Java Heap base address is the
#     maximum limit for the native heap growth. Please use -XX:HeapBaseMinAddress
#     to set the Java Heap base and to place the Java Heap above 4GB virtual address.
# This output file may be truncated or incomplete.
#
#  Out of Memory Error (arena.cpp:168), pid=16380, tid=23896
#
# JRE version: OpenJDK Runtime Environment Temurin-21.0.11+10 (21.0.11+10) (build 21.0.11+10-LTS)
# Java VM: OpenJDK 64-Bit Server VM Temurin-21.0.11+10 (21.0.11+10-LTS, mixed mode, sharing, tiered, compressed oops, compressed class ptrs, parallel gc, windows-amd64)
# No core dump will be written. Minidumps are not enabled by default on client versions of Windows
#

---------------  S U M M A R Y ------------

Command Line: --add-modules=ALL-SYSTEM --add-opens=java.base/java.util=ALL-UNNAMED --add-opens=java.base/java.lang=ALL-UNNAMED --add-opens=java.base/sun.nio.fs=ALL-UNNAMED -Declipse.application=org.eclipse.jdt.ls.core.id1 -Dosgi.bundles.defaultStartLevel=4 -Declipse.product=org.eclipse.jdt.ls.core.product -Djava.import.generatesMetadataFilesAtProjectRoot=false -DDetectVMInstallationsJob.disabled=true -Dfile.encoding=utf8 -XX:+UseParallelGC -XX:GCTimeRatio=4 -XX:AdaptiveSizePolicyWeight=90 -Dsun.zip.disableMemoryMapping=true -Xmx2G -Xms100m -Xlog:disable -javaagent:c:\Users\rawat\.antigravity-ide\extensions\redhat.java-1.55.0-win32-x64\lombok\lombok-1.18.39-4050.jar -XX:+HeapDumpOnOutOfMemoryError -XX:HeapDumpPath=c:\Users\rawat\AppData\Roaming\Antigravity IDE\User\workspaceStorage\37c22cd9f0bef5d5ec7063b27c4af746\redhat.java -Daether.dependencyCollector.impl=bf c:\Users\rawat\.antigravity-ide\extensions\redhat.java-1.55.0-win32-x64\server\plugins\org.eclipse.equinox.launcher_1.7.200.v20260619-2039.jar -configuration c:\Users\rawat\AppData\Roaming\Antigravity IDE\User\globalStorage\redhat.java\1.55.0\config_win -data c:\Users\rawat\AppData\Roaming\Antigravity IDE\User\workspaceStorage\37c22cd9f0bef5d5ec7063b27c4af746\redhat.java\jdt_ws --pipe=\\.\pipe\lsp-f2cab9db7eef2c4d682c76be55d5171a-sock

Host: 11th Gen Intel(R) Core(TM) i7-1165G7 @ 2.80GHz, 8 cores, 7G,  Windows 11 , 64 bit Build 26100 (10.0.26100.8875)
Time: Fri Jul 24 12:31:26 2026 Nepal Standard Time elapsed time: 1496.632064 seconds (0d 0h 24m 56s)

---------------  T H R E A D  ---------------

Current thread (0x0000019fec5728b0):  JavaThread "C2 CompilerThread0" daemon [_thread_in_native, id=23896, stack(0x00000024e9c00000,0x00000024e9d00000) (1024K)]


Current CompileTask:
C2:1496632 15387       4       org.eclipse.jdt.internal.compiler.lookup.PackageBinding::getTypeOrPackage (368 bytes)

Stack: [0x00000024e9c00000,0x00000024e9d00000]
Native frames: (J=compiled Java code, j=interpreted, Vv=VM code, C=native code)
V  [jvm.dll+0x6d7e19]
V  [jvm.dll+0x8b5096]
V  [jvm.dll+0x8b764e]
V  [jvm.dll+0x8b7d33]
V  [jvm.dll+0x284596]
V  [jvm.dll+0xc685d]
V  [jvm.dll+0xc6da1]
V  [jvm.dll+0x3bed6b]
V  [jvm.dll+0x1e4149]
V  [jvm.dll+0x24c853]
V  [jvm.dll+0x24bce0]
V  [jvm.dll+0x1cb4ae]
V  [jvm.dll+0x25baad]
V  [jvm.dll+0x25a03a]
V  [jvm.dll+0x3f868e]
V  [jvm.dll+0x85fb0d]
V  [jvm.dll+0x6d664d]
C  [ucrtbase.dll+0x2cd30]
C  [KERNEL32.DLL+0x2e957]
C  [ntdll.dll+0xaad6c]


---------------  P R O C E S S  ---------------

Threads class SMR info:
_java_thread_list=0x0000019ff425cee0, length=55, elements={
0x0000019fd5ada180, 0x0000019fd5b9c380, 0x0000019fd5b9d0a0, 0x0000019fec558a70,
0x0000019fec55aea0, 0x0000019fec55ce60, 0x0000019fec561dd0, 0x0000019fec5728b0,
0x0000019fec576bf0, 0x0000019ff21f8260, 0x0000019ff236e790, 0x0000019ff2c040a0,
0x0000019ff2cd8f30, 0x0000019ff2c9bab0, 0x0000019ff2cca620, 0x0000019ff2cc7ec0,
0x0000019ff2cc9270, 0x0000019ff2cc7830, 0x0000019ff2cc9f90, 0x0000019ff4515ab0,
0x0000019ff4513350, 0x0000019ff4516e60, 0x0000019ff45174f0, 0x0000019ff4514070,
0x0000019ff4517b80, 0x0000019ff4514700, 0x0000019ff4518f30, 0x0000019ff45188a0,
0x0000019ff4519c50, 0x0000019ff4518210, 0x0000019ff45195c0, 0x0000019ff451a970,
0x0000019ff5eeb260, 0x0000019ff5eed9c0, 0x0000019ff5eee050, 0x0000019ff5ef0120,
0x0000019ff5eee6e0, 0x0000019ff5eeed70, 0x0000019ff5ef07b0, 0x0000019ff5eefa90,
0x0000019ff70832b0, 0x0000019ff70804c0, 0x0000019ff7083fd0, 0x0000019ff7081870,
0x0000019ff7084660, 0x0000019ff7085380, 0x0000019ff7085a10, 0x0000019ff70860a0,
0x0000019ff7086730, 0x0000019ff5eecca0, 0x0000019ff5eeabd0, 0x0000019ff5eeb8f0,
0x0000019ff5ef0e40, 0x0000019ff5ef14d0, 0x0000019ff5eef400
}

Java Threads: ( => current thread )
  0x0000019fd5ada180 JavaThread "main"                              [_thread_blocked, id=23992, stack(0x00000024e9200000,0x00000024e9300000) (1024K)]
  0x0000019fd5b9c380 JavaThread "Reference Handler"          daemon [_thread_blocked, id=23516, stack(0x00000024e9600000,0x00000024e9700000) (1024K)]
  0x0000019fd5b9d0a0 JavaThread "Finalizer"                  daemon [_thread_blocked, id=10864, stack(0x00000024e9700000,0x00000024e9800000) (1024K)]
  0x0000019fec558a70 JavaThread "Signal Dispatcher"          daemon [_thread_blocked, id=13276, stack(0x00000024e9800000,0x00000024e9900000) (1024K)]
  0x0000019fec55aea0 JavaThread "Attach Listener"            daemon [_thread_blocked, id=16056, stack(0x00000024e9900000,0x00000024e9a00000) (1024K)]
  0x0000019fec55ce60 JavaThread "Service Thread"             daemon [_thread_blocked, id=16768, stack(0x00000024e9a00000,0x00000024e9b00000) (1024K)]
  0x0000019fec561dd0 JavaThread "Monitor Deflation Thread"   daemon [_thread_blocked, id=11444, stack(0x00000024e9b00000,0x00000024e9c00000) (1024K)]
=>0x0000019fec5728b0 JavaThread "C2 CompilerThread0"         daemon [_thread_in_native, id=23896, stack(0x00000024e9c00000,0x00000024e9d00000) (1024K)]
  0x0000019fec576bf0 JavaThread "C1 CompilerThread0"         daemon [_thread_blocked, id=13768, stack(0x00000024e9d00000,0x00000024e9e00000) (1024K)]
  0x0000019ff21f8260 JavaThread "Common-Cleaner"             daemon [_thread_blocked, id=17888, stack(0x00000024e9f00000,0x00000024ea000000) (1024K)]
  0x0000019ff236e790 JavaThread "Notification Thread"        daemon [_thread_blocked, id=1920, stack(0x00000024ea000000,0x00000024ea100000) (1024K)]
  0x0000019ff2c040a0 JavaThread "Active Thread: Equinox Container: 1c52144c-be3a-4f74-a2ad-ca29c8c7349c"        [_thread_blocked, id=21080, stack(0x00000024ea800000,0x00000024ea900000) (1024K)]
  0x0000019ff2cd8f30 JavaThread "Refresh Thread: Equinox Container: 1c52144c-be3a-4f74-a2ad-ca29c8c7349c" daemon [_thread_blocked, id=332, stack(0x00000024eaa00000,0x00000024eab00000) (1024K)]
  0x0000019ff2c9bab0 JavaThread "Framework Event Dispatcher: Equinox Container: 1c52144c-be3a-4f74-a2ad-ca29c8c7349c" daemon [_thread_blocked, id=17984, stack(0x00000024eab00000,0x00000024eac00000) (1024K)]
  0x0000019ff2cca620 JavaThread "Start Level: Equinox Container: 1c52144c-be3a-4f74-a2ad-ca29c8c7349c" daemon [_thread_blocked, id=17704, stack(0x00000024eac00000,0x00000024ead00000) (1024K)]
  0x0000019ff2cc7ec0 JavaThread "Bundle File Closer"         daemon [_thread_blocked, id=2628, stack(0x00000024ead00000,0x00000024eae00000) (1024K)]
  0x0000019ff2cc9270 JavaThread "SCR Component Actor"        daemon [_thread_blocked, id=15348, stack(0x00000024e9e00000,0x00000024e9f00000) (1024K)]
  0x0000019ff2cc7830 JavaThread "Worker-JM"                         [_thread_blocked, id=4984, stack(0x00000024eaf00000,0x00000024eb000000) (1024K)]
  0x0000019ff2cc9f90 JavaThread "JNA Cleaner"                daemon [_thread_blocked, id=20784, stack(0x00000024eb000000,0x00000024eb100000) (1024K)]
  0x0000019ff4515ab0 JavaThread "Java indexing"              daemon [_thread_blocked, id=10256, stack(0x00000024eb400000,0x00000024eb500000) (1024K)]
  0x0000019ff4513350 JavaThread "Thread-1"                   daemon [_thread_in_native, id=11932, stack(0x00000024eb900000,0x00000024eba00000) (1024K)]
  0x0000019ff4516e60 JavaThread "Thread-2"                   daemon [_thread_in_native, id=14056, stack(0x00000024eba00000,0x00000024ebb00000) (1024K)]
  0x0000019ff45174f0 JavaThread "Thread-3"                   daemon [_thread_in_native, id=22600, stack(0x00000024ebb00000,0x00000024ebc00000) (1024K)]
  0x0000019ff4514070 JavaThread "Thread-4"                   daemon [_thread_in_native, id=7988, stack(0x00000024ebc00000,0x00000024ebd00000) (1024K)]
  0x0000019ff4517b80 JavaThread "Thread-5"                   daemon [_thread_in_native, id=9248, stack(0x00000024ebd00000,0x00000024ebe00000) (1024K)]
  0x0000019ff4514700 JavaThread "Thread-6"                   daemon [_thread_in_native, id=24196, stack(0x00000024ebe00000,0x00000024ebf00000) (1024K)]
  0x0000019ff4518f30 JavaThread "Thread-7"                   daemon [_thread_in_native, id=22356, stack(0x00000024ebf00000,0x00000024ec000000) (1024K)]
  0x0000019ff45188a0 JavaThread "Thread-8"                   daemon [_thread_in_native, id=9076, stack(0x00000024ec000000,0x00000024ec100000) (1024K)]
  0x0000019ff4519c50 JavaThread "Thread-9"                   daemon [_thread_in_native, id=14960, stack(0x00000024ec100000,0x00000024ec200000) (1024K)]
  0x0000019ff4518210 JavaThread "pool-2-thread-1"                   [_thread_blocked, id=5064, stack(0x00000024ec200000,0x00000024ec300000) (1024K)]
  0x0000019ff45195c0 JavaThread "WorkspaceEventsHandler"            [_thread_blocked, id=19088, stack(0x00000024ec300000,0x00000024ec400000) (1024K)]
  0x0000019ff451a970 JavaThread "pool-1-thread-1"                   [_thread_blocked, id=1524, stack(0x00000024ec400000,0x00000024ec500000) (1024K)]
  0x0000019ff5eeb260 JavaThread "Timer-0"                           [_thread_blocked, id=5472, stack(0x00000024ec900000,0x00000024eca00000) (1024K)]
  0x0000019ff5eed9c0 JavaThread "Timer-1"                           [_thread_blocked, id=15928, stack(0x00000024eca00000,0x00000024ecb00000) (1024K)]
  0x0000019ff5eee050 JavaThread "Timer-2"                           [_thread_blocked, id=5616, stack(0x00000024ecb00000,0x00000024ecc00000) (1024K)]
  0x0000019ff5ef0120 JavaThread "Timer-3"                           [_thread_blocked, id=23804, stack(0x00000024eae00000,0x00000024eaf00000) (1024K)]
  0x0000019ff5eee6e0 JavaThread "Timer-4"                           [_thread_blocked, id=18484, stack(0x00000024ecc00000,0x00000024ecd00000) (1024K)]
  0x0000019ff5eeed70 JavaThread "Timer-5"                           [_thread_blocked, id=10156, stack(0x00000024ea100000,0x00000024ea200000) (1024K)]
  0x0000019ff5ef07b0 JavaThread "Timer-6"                           [_thread_blocked, id=22932, stack(0x00000024ecd00000,0x00000024ece00000) (1024K)]
  0x0000019ff5eefa90 JavaThread "Timer-7"                           [_thread_blocked, id=936, stack(0x00000024ed100000,0x00000024ed200000) (1024K)]
  0x0000019ff70832b0 JavaThread "Timer-8"                           [_thread_blocked, id=9272, stack(0x00000024eb500000,0x00000024eb600000) (1024K)]
  0x0000019ff70804c0 JavaThread "Worker-10"                         [_thread_blocked, id=3452, stack(0x00000024eb100000,0x00000024eb200000) (1024K)]
  0x0000019ff7083fd0 JavaThread "Worker-11: Updating project configurations"        [_thread_blocked, id=3380, stack(0x00000024e8f00000,0x00000024e9000000) (1024K)]
  0x0000019ff7081870 JavaThread "ForkJoinPool.commonPool-worker-6" daemon [_thread_in_Java, id=21016, stack(0x00000024e9100000,0x00000024e9200000) (1024K)]
  0x0000019ff7084660 JavaThread "ForkJoinPool.commonPool-worker-7" daemon [_thread_blocked, id=23388, stack(0x00000024eb200000,0x00000024eb300000) (1024K)]
  0x0000019ff7085380 JavaThread "ForkJoinPool.commonPool-worker-8" daemon [_thread_blocked, id=23400, stack(0x00000024eb600000,0x00000024eb700000) (1024K)]
  0x0000019ff7085a10 JavaThread "ForkJoinPool.commonPool-worker-10" daemon [_thread_blocked, id=1704, stack(0x00000024eb800000,0x00000024eb900000) (1024K)]
  0x0000019ff70860a0 JavaThread "ForkJoinPool.commonPool-worker-11" daemon [_thread_blocked, id=23644, stack(0x00000024ec500000,0x00000024ec600000) (1024K)]
  0x0000019ff7086730 JavaThread "Cleaner-0"                  daemon [_thread_blocked, id=2036, stack(0x00000024ec800000,0x00000024ec900000) (1024K)]
  0x0000019ff5eecca0 JavaThread "Worker-13"                         [_thread_blocked, id=16612, stack(0x00000024e9000000,0x00000024e9100000) (1024K)]
  0x0000019ff5eeabd0 JavaThread "Timer-9"                           [_thread_blocked, id=24136, stack(0x00000024eb300000,0x00000024eb400000) (1024K)]
  0x0000019ff5eeb8f0 JavaThread "Connection worker"                 [_thread_in_native, id=14716, stack(0x00000024ec600000,0x00000024ec700000) (1024K)]
  0x0000019ff5ef0e40 JavaThread "pool-8-thread-1"                   [_thread_blocked, id=15856, stack(0x00000024ec700000,0x00000024ec800000) (1024K)]
  0x0000019ff5ef14d0 JavaThread "ForkJoinPool.commonPool-worker-13" daemon [_thread_blocked, id=10720, stack(0x00000024eb700000,0x00000024eb800000) (1024K)]
  0x0000019ff5eef400 JavaThread "ForkJoinPool.commonPool-worker-14" daemon [_thread_blocked, id=13684, stack(0x00000024ecf00000,0x00000024ed000000) (1024K)]
Total: 55

Other Threads:
  0x0000019fec552df0 VMThread "VM Thread"                           [id=8392, stack(0x00000024e9500000,0x00000024e9600000) (1024K)]
  0x0000019fec46bd60 WatcherThread "VM Periodic Task Thread"        [id=1600, stack(0x00000024e9400000,0x00000024e9500000) (1024K)]
  0x0000019fd5af9db0 WorkerThread "GC Thread#0"                     [id=19732, stack(0x00000024e9300000,0x00000024e9400000) (1024K)]
  0x0000019ff27d9900 WorkerThread "GC Thread#1"                     [id=17492, stack(0x00000024ea200000,0x00000024ea300000) (1024K)]
  0x0000019ff2996210 WorkerThread "GC Thread#2"                     [id=20724, stack(0x00000024ea300000,0x00000024ea400000) (1024K)]
  0x0000019ff29965c0 WorkerThread "GC Thread#3"                     [id=23360, stack(0x00000024ea400000,0x00000024ea500000) (1024K)]
  0x0000019ff299bd40 WorkerThread "GC Thread#4"                     [id=13204, stack(0x00000024ea500000,0x00000024ea600000) (1024K)]
  0x0000019ff299c0f0 WorkerThread "GC Thread#5"                     [id=19240, stack(0x00000024ea600000,0x00000024ea700000) (1024K)]
  0x0000019ff2b4f560 WorkerThread "GC Thread#6"                     [id=3604, stack(0x00000024ea700000,0x00000024ea800000) (1024K)]
  0x0000019ff2bd04c0 WorkerThread "GC Thread#7"                     [id=19772, stack(0x00000024ea900000,0x00000024eaa00000) (1024K)]
Total: 10

Threads with active compile tasks:
C2 CompilerThread0  1496704 15387       4       org.eclipse.jdt.internal.compiler.lookup.PackageBinding::getTypeOrPackage (368 bytes)
Total: 1

VM state: not at safepoint (normal execution)

VM Mutex/Monitor currently owned by a thread: None

Heap address: 0x0000000080000000, size: 2048 MB, Compressed Oops mode: 32-bit

CDS archive(s) mapped at: [0x0000019f80000000-0x0000019f80ba0000-0x0000019f80ba0000), size 12189696, SharedBaseAddress: 0x0000019f80000000, ArchiveRelocationMode: 1.
Compressed class space mapped at: 0x0000019f81000000-0x0000019fc1000000, reserved size: 1073741824
Narrow klass base: 0x0000019f80000000, Narrow klass shift: 0, Narrow klass range: 0x100000000

GC Precious Log:
 CardTable entry size: 512
 CPUs: 8 total, 8 available
 Memory: 7914M
 Large Page Support: Disabled
 NUMA Support: Disabled
 Compressed Oops: Enabled (32-bit)
 Alignments: Space 512K, Generation 512K, Heap 2M
 Heap Min Capacity: 100M
 Heap Initial Capacity: 100M
 Heap Max Capacity: 2G
 Pre-touch: Disabled
 Parallel Workers: 8

Heap:
 PSYoungGen      total 16384K, used 4535K [0x00000000d5580000, 0x00000000d6700000, 0x0000000100000000)
  eden space 15872K, 27% used [0x00000000d5580000,0x00000000d59d5c30,0x00000000d6500000)
  from space 512K, 18% used [0x00000000d6600000,0x00000000d6618000,0x00000000d6680000)
  to   space 512K, 0% used [0x00000000d6680000,0x00000000d6680000,0x00000000d6700000)
 ParOldGen       total 83968K, used 83958K [0x0000000080000000, 0x0000000085200000, 0x00000000d5580000)
  object space 83968K, 99% used [0x0000000080000000,0x00000000851fd998,0x0000000085200000)
 Metaspace       used 86494K, committed 88256K, reserved 1179648K
  class space    used 10049K, committed 10816K, reserved 1048576K

Card table byte_map: [0x0000019fd5480000,0x0000019fd5890000] _byte_map_base: 0x0000019fd5080000

Marking Bits: (ParMarkBitMap*) 0x00007ffb425f4460
 Begin Bits: [0x0000019fe7f90000, 0x0000019fe9f90000)
 End Bits:   [0x0000019fe9f90000, 0x0000019febf90000)

Polling page: 0x0000019fd3aa0000

Metaspace:

Usage:
  Non-class:     74.65 MB used.
      Class:      9.81 MB used.
       Both:     84.47 MB used.

Virtual space:
  Non-class space:      128.00 MB reserved,      75.62 MB ( 59%) committed,  2 nodes.
      Class space:        1.00 GB reserved,      10.56 MB (  1%) committed,  1 nodes.
             Both:        1.12 GB reserved,      86.19 MB (  7%) committed. 

Chunk freelists:
   Non-Class:  3.95 MB
       Class:  5.40 MB
        Both:  9.35 MB

MaxMetaspaceSize: unlimited
CompressedClassSpaceSize: 1.00 GB
Initial GC threshold: 21.00 MB
Current GC threshold: 97.31 MB
CDS: on
 - commit_granule_bytes: 65536.
 - commit_granule_words: 8192.
 - virtual_space_node_default_size: 8388608.
 - enlarge_chunks_in_place: 1.
 - use_allocation_guard: 0.


Internal statistics:

num_allocs_failed_limit: 9.
num_arena_births: 1816.
num_arena_deaths: 14.
num_vsnodes_births: 3.
num_vsnodes_deaths: 0.
num_space_committed: 1379.
num_space_uncommitted: 0.
num_chunks_returned_to_freelist: 23.
num_chunks_taken_from_freelist: 5917.
num_chunk_merges: 15.
num_chunk_splits: 3686.
num_chunks_enlarged: 2182.
num_inconsistent_stats: 0.

CodeHeap 'non-profiled nmethods': size=120000Kb used=13579Kb max_used=13579Kb free=106421Kb
 bounds [0x0000019fe07b0000, 0x0000019fe1500000, 0x0000019fe7ce0000]
CodeHeap 'profiled nmethods': size=120000Kb used=33728Kb max_used=33728Kb free=86271Kb
 bounds [0x0000019fd8ce0000, 0x0000019fdade0000, 0x0000019fe0210000]
CodeHeap 'non-nmethods': size=5760Kb used=1491Kb max_used=1579Kb free=4268Kb
 bounds [0x0000019fe0210000, 0x0000019fe0480000, 0x0000019fe07b0000]
CodeCache: size=245760Kb, used=48798Kb, max_used=48886Kb, free=196960Kb
 total_blobs=15326, nmethods=14525, adapters=704, full_count=0
Compilation: enabled, stopped_count=0, restarted_count=0

Compilation events (20 events):
Event: 1496.518 Thread 0x0000019fec576bf0 15395       3       org.eclipse.core.internal.filebuffers.ExtensionsRegistry::computeBaseContentTypes (90 bytes)
Event: 1496.520 Thread 0x0000019fec576bf0 nmethod 15395 0x0000019fdadc8f90 code [0x0000019fdadc91c0, 0x0000019fdadc9cd8]
Event: 1496.520 Thread 0x0000019fec576bf0 15394       3       org.eclipse.core.internal.filebuffers.ExtensionsRegistry$ContentTypeAdapter::<init> (14 bytes)
Event: 1496.520 Thread 0x0000019fec576bf0 nmethod 15394 0x0000019fdadca110 code [0x0000019fdadca300, 0x0000019fdadca6c8]
Event: 1496.521 Thread 0x0000019fec576bf0 15396   !   3       java.util.concurrent.CopyOnWriteArrayList::add (46 bytes)
Event: 1496.521 Thread 0x0000019fec576bf0 nmethod 15396 0x0000019fdadca890 code [0x0000019fdadcaa60, 0x0000019fdadcaf08]
Event: 1496.553 Thread 0x0000019fec576bf0 15397       1       org.eclipse.jdt.internal.core.SourceTypeElementInfo::setHandle (6 bytes)
Event: 1496.553 Thread 0x0000019fec576bf0 nmethod 15397 0x0000019fe14f2010 code [0x0000019fe14f21a0, 0x0000019fe14f2280]
Event: 1496.553 Thread 0x0000019fec576bf0 15398       1       org.eclipse.jdt.internal.core.SourceTypeElementInfo::setSuperclassName (6 bytes)
Event: 1496.553 Thread 0x0000019fec576bf0 nmethod 15398 0x0000019fe14f2310 code [0x0000019fe14f24a0, 0x0000019fe14f2580]
Event: 1496.553 Thread 0x0000019fec576bf0 15399       1       org.eclipse.jdt.internal.core.SourceTypeElementInfo::setSuperInterfaceNames (6 bytes)
Event: 1496.553 Thread 0x0000019fec576bf0 nmethod 15399 0x0000019fe14f2610 code [0x0000019fe14f27a0, 0x0000019fe14f2880]
Event: 1496.553 Thread 0x0000019fec576bf0 15400       1       org.eclipse.jdt.internal.core.SourceTypeElementInfo::setPermittedSubtypeNames (6 bytes)
Event: 1496.553 Thread 0x0000019fec576bf0 nmethod 15400 0x0000019fe14f2910 code [0x0000019fe14f2aa0, 0x0000019fe14f2b80]
Event: 1496.555 Thread 0x0000019fec576bf0 15401       3       org.eclipse.jdt.internal.compiler.ast.ParameterizedSingleTypeReference::getParameterizedTypeName (169 bytes)
Event: 1496.556 Thread 0x0000019fec576bf0 nmethod 15401 0x0000019fdadcb210 code [0x0000019fdadcb4c0, 0x0000019fdadcc190]
Event: 1496.560 Thread 0x0000019fec576bf0 15402       3       org.eclipse.lsp4j.jsonrpc.services.GenericEndpoint::getArguments (182 bytes)
Event: 1496.563 Thread 0x0000019fec576bf0 nmethod 15402 0x0000019fdadcc710 code [0x0000019fdadccb20, 0x0000019fdadce9f0]
Event: 1496.563 Thread 0x0000019fec576bf0 15403       3       java.util.concurrent.TimeUnit::convert (73 bytes)
Event: 1496.563 Thread 0x0000019fec576bf0 nmethod 15403 0x0000019fdadcf210 code [0x0000019fdadcf420, 0x0000019fdadcf7b8]

GC Heap History (20 events):
Event: 1479.048 GC heap before
{Heap before GC invocations=103 (full 3):
 PSYoungGen      total 16896K, used 16864K [0x00000000d5580000, 0x00000000d6900000, 0x0000000100000000)
  eden space 15872K, 100% used [0x00000000d5580000,0x00000000d6500000,0x00000000d6500000)
  from space 1024K, 96% used [0x00000000d6500000,0x00000000d65f8040,0x00000000d6600000)
  to   space 2048K, 0% used [0x00000000d6700000,0x00000000d6700000,0x00000000d6900000)
 ParOldGen       total 80384K, used 80041K [0x0000000080000000, 0x0000000084e80000, 0x00000000d5580000)
  object space 80384K, 99% used [0x0000000080000000,0x0000000084e2a588,0x0000000084e80000)
 Metaspace       used 86308K, committed 88064K, reserved 1179648K
  class space    used 10043K, committed 10816K, reserved 1048576K
}
Event: 1479.087 GC heap after
{Heap after GC invocations=103 (full 3):
 PSYoungGen      total 16896K, used 544K [0x00000000d5580000, 0x00000000d6800000, 0x0000000100000000)
  eden space 15872K, 0% used [0x00000000d5580000,0x00000000d5580000,0x00000000d6500000)
  from space 1024K, 53% used [0x00000000d6700000,0x00000000d6788000,0x00000000d6800000)
  to   space 1024K, 0% used [0x00000000d6500000,0x00000000d6500000,0x00000000d6600000)
 ParOldGen       total 81408K, used 80998K [0x0000000080000000, 0x0000000084f80000, 0x00000000d5580000)
  object space 81408K, 99% used [0x0000000080000000,0x0000000084f19aa0,0x0000000084f80000)
 Metaspace       used 86308K, committed 88064K, reserved 1179648K
  class space    used 10043K, committed 10816K, reserved 1048576K
}
Event: 1479.660 GC heap before
{Heap before GC invocations=104 (full 3):
 PSYoungGen      total 16896K, used 16416K [0x00000000d5580000, 0x00000000d6800000, 0x0000000100000000)
  eden space 15872K, 100% used [0x00000000d5580000,0x00000000d6500000,0x00000000d6500000)
  from space 1024K, 53% used [0x00000000d6700000,0x00000000d6788000,0x00000000d6800000)
  to   space 1024K, 0% used [0x00000000d6500000,0x00000000d6500000,0x00000000d6600000)
 ParOldGen       total 81408K, used 80998K [0x0000000080000000, 0x0000000084f80000, 0x00000000d5580000)
  object space 81408K, 99% used [0x0000000080000000,0x0000000084f19aa0,0x0000000084f80000)
 Metaspace       used 86308K, committed 88064K, reserved 1179648K
  class space    used 10043K, committed 10816K, reserved 1048576K
}
Event: 1479.662 GC heap after
{Heap after GC invocations=104 (full 3):
 PSYoungGen      total 16896K, used 1024K [0x00000000d5580000, 0x00000000d6800000, 0x0000000100000000)
  eden space 15872K, 0% used [0x00000000d5580000,0x00000000d5580000,0x00000000d6500000)
  from space 1024K, 100% used [0x00000000d6500000,0x00000000d6600000,0x00000000d6600000)
  to   space 1536K, 0% used [0x00000000d6680000,0x00000000d6680000,0x00000000d6800000)
 ParOldGen       total 81408K, used 81198K [0x0000000080000000, 0x0000000084f80000, 0x00000000d5580000)
  object space 81408K, 99% used [0x0000000080000000,0x0000000084f4baa0,0x0000000084f80000)
 Metaspace       used 86308K, committed 88064K, reserved 1179648K
  class space    used 10043K, committed 10816K, reserved 1048576K
}
Event: 1479.965 GC heap before
{Heap before GC invocations=105 (full 3):
 PSYoungGen      total 16896K, used 16896K [0x00000000d5580000, 0x00000000d6800000, 0x0000000100000000)
  eden space 15872K, 100% used [0x00000000d5580000,0x00000000d6500000,0x00000000d6500000)
  from space 1024K, 100% used [0x00000000d6500000,0x00000000d6600000,0x00000000d6600000)
  to   space 1536K, 0% used [0x00000000d6680000,0x00000000d6680000,0x00000000d6800000)
 ParOldGen       total 81408K, used 81198K [0x0000000080000000, 0x0000000084f80000, 0x00000000d5580000)
  object space 81408K, 99% used [0x0000000080000000,0x0000000084f4baa0,0x0000000084f80000)
 Metaspace       used 86312K, committed 88064K, reserved 1179648K
  class space    used 10043K, committed 10816K, reserved 1048576K
}
Event: 1479.966 GC heap after
{Heap after GC invocations=105 (full 3):
 PSYoungGen      total 16896K, used 576K [0x00000000d5580000, 0x00000000d6780000, 0x0000000100000000)
  eden space 15872K, 0% used [0x00000000d5580000,0x00000000d5580000,0x00000000d6500000)
  from space 1024K, 56% used [0x00000000d6680000,0x00000000d6710000,0x00000000d6780000)
  to   space 1024K, 0% used [0x00000000d6500000,0x00000000d6500000,0x00000000d6600000)
 ParOldGen       total 81920K, used 81518K [0x0000000080000000, 0x0000000085000000, 0x00000000d5580000)
  object space 81920K, 99% used [0x0000000080000000,0x0000000084f9baa0,0x0000000085000000)
 Metaspace       used 86312K, committed 88064K, reserved 1179648K
  class space    used 10043K, committed 10816K, reserved 1048576K
}
Event: 1480.350 GC heap before
{Heap before GC invocations=106 (full 3):
 PSYoungGen      total 16896K, used 16448K [0x00000000d5580000, 0x00000000d6780000, 0x0000000100000000)
  eden space 15872K, 100% used [0x00000000d5580000,0x00000000d6500000,0x00000000d6500000)
  from space 1024K, 56% used [0x00000000d6680000,0x00000000d6710000,0x00000000d6780000)
  to   space 1024K, 0% used [0x00000000d6500000,0x00000000d6500000,0x00000000d6600000)
 ParOldGen       total 81920K, used 81518K [0x0000000080000000, 0x0000000085000000, 0x00000000d5580000)
  object space 81920K, 99% used [0x0000000080000000,0x0000000084f9baa0,0x0000000085000000)
 Metaspace       used 86312K, committed 88064K, reserved 1179648K
  class space    used 10043K, committed 10816K, reserved 1048576K
}
Event: 1480.352 GC heap after
{Heap after GC invocations=106 (full 3):
 PSYoungGen      total 16896K, used 608K [0x00000000d5580000, 0x00000000d6700000, 0x0000000100000000)
  eden space 15872K, 0% used [0x00000000d5580000,0x00000000d5580000,0x00000000d6500000)
  from space 1024K, 59% used [0x00000000d6500000,0x00000000d6598000,0x00000000d6600000)
  to   space 1024K, 0% used [0x00000000d6600000,0x00000000d6600000,0x00000000d6700000)
 ParOldGen       total 81920K, used 81630K [0x0000000080000000, 0x0000000085000000, 0x00000000d5580000)
  object space 81920K, 99% used [0x0000000080000000,0x0000000084fb7aa0,0x0000000085000000)
 Metaspace       used 86312K, committed 88064K, reserved 1179648K
  class space    used 10043K, committed 10816K, reserved 1048576K
}
Event: 1480.625 GC heap before
{Heap before GC invocations=107 (full 3):
 PSYoungGen      total 16896K, used 16480K [0x00000000d5580000, 0x00000000d6700000, 0x0000000100000000)
  eden space 15872K, 100% used [0x00000000d5580000,0x00000000d6500000,0x00000000d6500000)
  from space 1024K, 59% used [0x00000000d6500000,0x00000000d6598000,0x00000000d6600000)
  to   space 1024K, 0% used [0x00000000d6600000,0x00000000d6600000,0x00000000d6700000)
 ParOldGen       total 81920K, used 81630K [0x0000000080000000, 0x0000000085000000, 0x00000000d5580000)
  object space 81920K, 99% used [0x0000000080000000,0x0000000084fb7aa0,0x0000000085000000)
 Metaspace       used 86313K, committed 88064K, reserved 1179648K
  class space    used 10043K, committed 10816K, reserved 1048576K
}
Event: 1480.628 GC heap after
{Heap after GC invocations=107 (full 3):
 PSYoungGen      total 16896K, used 576K [0x00000000d5580000, 0x00000000d6700000, 0x0000000100000000)
  eden space 15872K, 0% used [0x00000000d5580000,0x00000000d5580000,0x00000000d6500000)
  from space 1024K, 56% used [0x00000000d6600000,0x00000000d6690000,0x00000000d6700000)
  to   space 1024K, 0% used [0x00000000d6500000,0x00000000d6500000,0x00000000d6600000)
 ParOldGen       total 82432K, used 81977K [0x0000000080000000, 0x0000000085080000, 0x00000000d5580000)
  object space 82432K, 99% used [0x0000000080000000,0x000000008500e610,0x0000000085080000)
 Metaspace       used 86313K, committed 88064K, reserved 1179648K
  class space    used 10043K, committed 10816K, reserved 1048576K
}
Event: 1491.758 GC heap before
{Heap before GC invocations=108 (full 3):
 PSYoungGen      total 16896K, used 16447K [0x00000000d5580000, 0x00000000d6700000, 0x0000000100000000)
  eden space 15872K, 99% used [0x00000000d5580000,0x00000000d64ffff0,0x00000000d6500000)
  from space 1024K, 56% used [0x00000000d6600000,0x00000000d6690000,0x00000000d6700000)
  to   space 1024K, 0% used [0x00000000d6500000,0x00000000d6500000,0x00000000d6600000)
 ParOldGen       total 82432K, used 81977K [0x0000000080000000, 0x0000000085080000, 0x00000000d5580000)
  object space 82432K, 99% used [0x0000000080000000,0x000000008500e610,0x0000000085080000)
 Metaspace       used 86402K, committed 88128K, reserved 1179648K
  class space    used 10044K, committed 10816K, reserved 1048576K
}
Event: 1491.776 GC heap after
{Heap after GC invocations=108 (full 3):
 PSYoungGen      total 16896K, used 992K [0x00000000d5580000, 0x00000000d6800000, 0x0000000100000000)
  eden space 15872K, 0% used [0x00000000d5580000,0x00000000d5580000,0x00000000d6500000)
  from space 1024K, 96% used [0x00000000d6500000,0x00000000d65f8130,0x00000000d6600000)
  to   space 1536K, 0% used [0x00000000d6680000,0x00000000d6680000,0x00000000d6800000)
 ParOldGen       total 82432K, used 82042K [0x0000000080000000, 0x0000000085080000, 0x00000000d5580000)
  object space 82432K, 99% used [0x0000000080000000,0x000000008501e8d8,0x0000000085080000)
 Metaspace       used 86402K, committed 88128K, reserved 1179648K
  class space    used 10044K, committed 10816K, reserved 1048576K
}
Event: 1494.590 GC heap before
{Heap before GC invocations=109 (full 3):
 PSYoungGen      total 16896K, used 16864K [0x00000000d5580000, 0x00000000d6800000, 0x0000000100000000)
  eden space 15872K, 100% used [0x00000000d5580000,0x00000000d6500000,0x00000000d6500000)
  from space 1024K, 96% used [0x00000000d6500000,0x00000000d65f8130,0x00000000d6600000)
  to   space 1536K, 0% used [0x00000000d6680000,0x00000000d6680000,0x00000000d6800000)
 ParOldGen       total 82432K, used 82042K [0x0000000080000000, 0x0000000085080000, 0x00000000d5580000)
  object space 82432K, 99% used [0x0000000080000000,0x000000008501e8d8,0x0000000085080000)
 Metaspace       used 86461K, committed 88256K, reserved 1179648K
  class space    used 10049K, committed 10816K, reserved 1048576K
}
Event: 1494.594 GC heap after
{Heap after GC invocations=109 (full 3):
 PSYoungGen      total 16384K, used 160K [0x00000000d5580000, 0x00000000d6700000, 0x0000000100000000)
  eden space 15872K, 0% used [0x00000000d5580000,0x00000000d5580000,0x00000000d6500000)
  from space 512K, 31% used [0x00000000d6680000,0x00000000d66a8000,0x00000000d6700000)
  to   space 512K, 0% used [0x00000000d6600000,0x00000000d6600000,0x00000000d6680000)
 ParOldGen       total 82944K, used 82916K [0x0000000080000000, 0x0000000085100000, 0x00000000d5580000)
  object space 82944K, 99% used [0x0000000080000000,0x00000000850f93b0,0x0000000085100000)
 Metaspace       used 86461K, committed 88256K, reserved 1179648K
  class space    used 10049K, committed 10816K, reserved 1048576K
}
Event: 1495.089 GC heap before
{Heap before GC invocations=110 (full 3):
 PSYoungGen      total 16384K, used 16032K [0x00000000d5580000, 0x00000000d6700000, 0x0000000100000000)
  eden space 15872K, 100% used [0x00000000d5580000,0x00000000d6500000,0x00000000d6500000)
  from space 512K, 31% used [0x00000000d6680000,0x00000000d66a8000,0x00000000d6700000)
  to   space 512K, 0% used [0x00000000d6600000,0x00000000d6600000,0x00000000d6680000)
 ParOldGen       total 82944K, used 82916K [0x0000000080000000, 0x0000000085100000, 0x00000000d5580000)
  object space 82944K, 99% used [0x0000000080000000,0x00000000850f93b0,0x0000000085100000)
 Metaspace       used 86478K, committed 88256K, reserved 1179648K
  class space    used 10049K, committed 10816K, reserved 1048576K
}
Event: 1495.091 GC heap after
{Heap after GC invocations=110 (full 3):
 PSYoungGen      total 16384K, used 480K [0x00000000d5580000, 0x00000000d6800000, 0x0000000100000000)
  eden space 15872K, 0% used [0x00000000d5580000,0x00000000d5580000,0x00000000d6500000)
  from space 512K, 93% used [0x00000000d6600000,0x00000000d6678020,0x00000000d6680000)
  to   space 1536K, 0% used [0x00000000d6680000,0x00000000d6680000,0x00000000d6800000)
 ParOldGen       total 83456K, used 83428K [0x0000000080000000, 0x0000000085180000, 0x00000000d5580000)
  object space 83456K, 99% used [0x0000000080000000,0x00000000851793e0,0x0000000085180000)
 Metaspace       used 86478K, committed 88256K, reserved 1179648K
  class space    used 10049K, committed 10816K, reserved 1048576K
}
Event: 1495.583 GC heap before
{Heap before GC invocations=111 (full 3):
 PSYoungGen      total 16384K, used 16352K [0x00000000d5580000, 0x00000000d6800000, 0x0000000100000000)
  eden space 15872K, 100% used [0x00000000d5580000,0x00000000d6500000,0x00000000d6500000)
  from space 512K, 93% used [0x00000000d6600000,0x00000000d6678020,0x00000000d6680000)
  to   space 1536K, 0% used [0x00000000d6680000,0x00000000d6680000,0x00000000d6800000)
 ParOldGen       total 83456K, used 83428K [0x0000000080000000, 0x0000000085180000, 0x00000000d5580000)
  object space 83456K, 99% used [0x0000000080000000,0x00000000851793e0,0x0000000085180000)
 Metaspace       used 86489K, committed 88256K, reserved 1179648K
  class space    used 10049K, committed 10816K, reserved 1048576K
}
Event: 1495.587 GC heap after
{Heap after GC invocations=111 (full 3):
 PSYoungGen      total 16384K, used 160K [0x00000000d5580000, 0x00000000d6700000, 0x0000000100000000)
  eden space 15872K, 0% used [0x00000000d5580000,0x00000000d5580000,0x00000000d6500000)
  from space 512K, 31% used [0x00000000d6680000,0x00000000d66a8000,0x00000000d6700000)
  to   space 512K, 0% used [0x00000000d6600000,0x00000000d6600000,0x00000000d6680000)
 ParOldGen       total 83968K, used 83918K [0x0000000080000000, 0x0000000085200000, 0x00000000d5580000)
  object space 83968K, 99% used [0x0000000080000000,0x00000000851f3998,0x0000000085200000)
 Metaspace       used 86489K, committed 88256K, reserved 1179648K
  class space    used 10049K, committed 10816K, reserved 1048576K
}
Event: 1495.859 GC heap before
{Heap before GC invocations=112 (full 3):
 PSYoungGen      total 16384K, used 16032K [0x00000000d5580000, 0x00000000d6700000, 0x0000000100000000)
  eden space 15872K, 100% used [0x00000000d5580000,0x00000000d6500000,0x00000000d6500000)
  from space 512K, 31% used [0x00000000d6680000,0x00000000d66a8000,0x00000000d6700000)
  to   space 512K, 0% used [0x00000000d6600000,0x00000000d6600000,0x00000000d6680000)
 ParOldGen       total 83968K, used 83918K [0x0000000080000000, 0x0000000085200000, 0x00000000d5580000)
  object space 83968K, 99% used [0x0000000080000000,0x00000000851f3998,0x0000000085200000)
 Metaspace       used 86489K, committed 88256K, reserved 1179648K
  class space    used 10049K, committed 10816K, reserved 1048576K
}
Event: 1495.859 GC heap after
{Heap after GC invocations=112 (full 3):
 PSYoungGen      total 16384K, used 96K [0x00000000d5580000, 0x00000000d6700000, 0x0000000100000000)
  eden space 15872K, 0% used [0x00000000d5580000,0x00000000d5580000,0x00000000d6500000)
  from space 512K, 18% used [0x00000000d6600000,0x00000000d6618000,0x00000000d6680000)
  to   space 512K, 0% used [0x00000000d6680000,0x00000000d6680000,0x00000000d6700000)
 ParOldGen       total 83968K, used 83958K [0x0000000080000000, 0x0000000085200000, 0x00000000d5580000)
  object space 83968K, 99% used [0x0000000080000000,0x00000000851fd998,0x0000000085200000)
 Metaspace       used 86489K, committed 88256K, reserved 1179648K
  class space    used 10049K, committed 10816K, reserved 1048576K
}

Dll operation events (15 events):
Event: 0.008 Loaded shared library c:\Users\rawat\.antigravity-ide\extensions\redhat.java-1.55.0-win32-x64\jre\21.0.11-win32-x86_64\bin\java.dll
Event: 0.054 Loaded shared library c:\Users\rawat\.antigravity-ide\extensions\redhat.java-1.55.0-win32-x64\jre\21.0.11-win32-x86_64\bin\zip.dll
Event: 0.073 Loaded shared library C:\Users\rawat\.antigravity-ide\extensions\redhat.java-1.55.0-win32-x64\jre\21.0.11-win32-x86_64\bin\instrument.dll
Event: 0.077 Loaded shared library C:\Users\rawat\.antigravity-ide\extensions\redhat.java-1.55.0-win32-x64\jre\21.0.11-win32-x86_64\bin\net.dll
Event: 0.079 Loaded shared library C:\Users\rawat\.antigravity-ide\extensions\redhat.java-1.55.0-win32-x64\jre\21.0.11-win32-x86_64\bin\nio.dll
Event: 0.081 Loaded shared library C:\Users\rawat\.antigravity-ide\extensions\redhat.java-1.55.0-win32-x64\jre\21.0.11-win32-x86_64\bin\zip.dll
Event: 0.093 Loaded shared library C:\Users\rawat\.antigravity-ide\extensions\redhat.java-1.55.0-win32-x64\jre\21.0.11-win32-x86_64\bin\jimage.dll
Event: 0.142 Loaded shared library c:\Users\rawat\.antigravity-ide\extensions\redhat.java-1.55.0-win32-x64\jre\21.0.11-win32-x86_64\bin\verify.dll
Event: 1.083 Loaded shared library C:\Users\rawat\AppData\Roaming\Antigravity IDE\User\globalStorage\redhat.java\1.55.0\config_win\org.eclipse.equinox.launcher\org.eclipse.equinox.launcher.win32.win32.x86_64_1.3.100.v20260613-0559\eclipse_11924.dll
Event: 3.873 Loaded shared library C:\Users\rawat\AppData\Local\Temp\jna-108288603\jna4681575075831389772.dll
Event: 7.589 Loaded shared library C:\Users\rawat\.gradle\native\1def1411415f61bf3af743bc5b6707747c0891f09f0c88961ee8f79bc544acac\windows-amd64\native-platform.dll
Event: 8.479 Loaded shared library C:\Users\rawat\.antigravity-ide\extensions\redhat.java-1.55.0-win32-x64\jre\21.0.11-win32-x86_64\bin\management.dll
Event: 8.490 Loaded shared library C:\Users\rawat\.antigravity-ide\extensions\redhat.java-1.55.0-win32-x64\jre\21.0.11-win32-x86_64\bin\management_ext.dll
Event: 12.386 Loaded shared library C:\Users\rawat\.antigravity-ide\extensions\redhat.java-1.55.0-win32-x64\jre\21.0.11-win32-x86_64\bin\extnet.dll
Event: 20.487 Loaded shared library C:\Users\rawat\.antigravity-ide\extensions\redhat.java-1.55.0-win32-x64\jre\21.0.11-win32-x86_64\bin\sunmscapi.dll

Deoptimization events (20 events):
Event: 1472.437 Thread 0x0000019ff5eecca0 Uncommon trap: trap_request=0xffffff45 fr.pc=0x0000019fe1159724 relative=0x00000000000009c4
Event: 1472.437 Thread 0x0000019ff5eecca0 Uncommon trap: reason=unstable_if action=reinterpret pc=0x0000019fe1159724 method=org.eclipse.core.internal.events.ResourceDelta.checkForMarkerDeltas()V @ 30 c2
Event: 1472.437 Thread 0x0000019ff5eecca0 DEOPT PACKING pc=0x0000019fe1159724 sp=0x00000024e90febb0
Event: 1472.440 Thread 0x0000019ff5eecca0 DEOPT UNPACKING pc=0x0000019fe0266da2 sp=0x00000024e90fead0 mode 2
Event: 1472.443 Thread 0x0000019ff5eecca0 Uncommon trap: trap_request=0xffffff45 fr.pc=0x0000019fe0f743c0 relative=0x0000000000000760
Event: 1472.444 Thread 0x0000019ff5eecca0 Uncommon trap: reason=unstable_if action=reinterpret pc=0x0000019fe0f743c0 method=org.eclipse.core.internal.dtree.DataTreeNode.asReverseComparisonNode(Lorg/eclipse/core/internal/dtree/IComparator;)Lorg/eclipse/core/internal/dtree/AbstractDataTreeNode; @ 9
Event: 1472.444 Thread 0x0000019ff5eecca0 DEOPT PACKING pc=0x0000019fe0f743c0 sp=0x00000024e90fe280
Event: 1472.444 Thread 0x0000019ff5eecca0 DEOPT UNPACKING pc=0x0000019fe0266da2 sp=0x00000024e90fe238 mode 2
Event: 1495.031 Thread 0x0000019ff7081870 Uncommon trap: trap_request=0xffffffbe fr.pc=0x0000019fe12fdf68 relative=0x00000000000002a8
Event: 1495.031 Thread 0x0000019ff7081870 Uncommon trap: reason=profile_predicate action=maybe_recompile pc=0x0000019fe12fdf68 method=java.util.concurrent.ConcurrentHashMap$TreeNode.findTreeNode(ILjava/lang/Object;Ljava/lang/Class;)Ljava/util/concurrent/ConcurrentHashMap$TreeNode; @ 7 c2
Event: 1495.031 Thread 0x0000019ff7081870 DEOPT PACKING pc=0x0000019fe12fdf68 sp=0x00000024e91fe700
Event: 1495.032 Thread 0x0000019ff7081870 DEOPT UNPACKING pc=0x0000019fe0266da2 sp=0x00000024e91fe670 mode 2
Event: 1495.344 Thread 0x0000019ff5eecca0 Uncommon trap: trap_request=0xffffff6e fr.pc=0x0000019fe14ebe1c relative=0x0000000000000a9c
Event: 1495.344 Thread 0x0000019ff5eecca0 Uncommon trap: reason=loop_limit_check action=maybe_recompile pc=0x0000019fe14ebe1c method=org.eclipse.jdt.internal.compiler.parser.Parser.constructTypeReference(I)Lorg/eclipse/jdt/internal/compiler/ast/TypeReference; @ 546 c2
Event: 1495.344 Thread 0x0000019ff5eecca0 DEOPT PACKING pc=0x0000019fe14ebe1c sp=0x00000024e90fe4b0
Event: 1495.344 Thread 0x0000019ff5eecca0 DEOPT UNPACKING pc=0x0000019fe0266da2 sp=0x00000024e90fe460 mode 2
Event: 1496.499 Thread 0x0000019ff451a970 Uncommon trap: trap_request=0xffffff45 fr.pc=0x0000019fe1395690 relative=0x0000000000000bd0
Event: 1496.499 Thread 0x0000019ff451a970 Uncommon trap: reason=unstable_if action=reinterpret pc=0x0000019fe1395690 method=sun.nio.cs.UTF_8$Decoder.decodeArrayLoop(Ljava/nio/ByteBuffer;Ljava/nio/CharBuffer;)Ljava/nio/charset/CoderResult; @ 284 c2
Event: 1496.499 Thread 0x0000019ff451a970 DEOPT PACKING pc=0x0000019fe1395690 sp=0x00000024ec4fe0e0
Event: 1496.499 Thread 0x0000019ff451a970 DEOPT UNPACKING pc=0x0000019fe0266da2 sp=0x00000024ec4fe028 mode 2

Classes loaded (20 events):
Event: 491.216 Loading class java/util/stream/Nodes$IntArrayNode done
Event: 491.216 Loading class java/util/stream/Nodes$IntFixedNodeBuilder done
Event: 491.216 Loading class java/util/stream/ReferencePipeline$4$1
Event: 491.216 Loading class java/util/stream/ReferencePipeline$4$1 done
Event: 491.252 Loading class java/util/Hashtable$ValueCollection
Event: 491.253 Loading class java/util/Hashtable$ValueCollection done
Event: 492.400 Loading class java/util/stream/ReduceOps$4
Event: 492.401 Loading class java/util/stream/ReduceOps$4 done
Event: 492.401 Loading class java/util/stream/ReduceOps$4ReducingSink
Event: 492.401 Loading class java/util/stream/ReduceOps$4ReducingSink done
Event: 1130.868 Loading class java/util/concurrent/ConcurrentHashMap$TreeNode
Event: 1130.869 Loading class java/util/concurrent/ConcurrentHashMap$TreeNode done
Event: 1130.869 Loading class java/util/concurrent/ConcurrentHashMap$TreeBin
Event: 1130.869 Loading class java/util/concurrent/ConcurrentHashMap$TreeBin done
Event: 1131.013 Loading class jdk/internal/ref/CleanerImpl$InnocuousThreadFactory
Event: 1131.014 Loading class jdk/internal/ref/CleanerImpl$InnocuousThreadFactory done
Event: 1133.384 Loading class java/util/regex/Pattern$Behind
Event: 1133.384 Loading class java/util/regex/Pattern$Behind done
Event: 1133.385 Loading class java/util/regex/Pattern$Neg
Event: 1133.385 Loading class java/util/regex/Pattern$Neg done

Classes unloaded (7 events):
Event: 4.198 Thread 0x0000019fec552df0 Unloading class 0x0000019f811af400 'java/lang/invoke/LambdaForm$MH+0x0000019f811af400'
Event: 4.198 Thread 0x0000019fec552df0 Unloading class 0x0000019f811af000 'java/lang/invoke/LambdaForm$MH+0x0000019f811af000'
Event: 4.198 Thread 0x0000019fec552df0 Unloading class 0x0000019f811aec00 'java/lang/invoke/LambdaForm$MH+0x0000019f811aec00'
Event: 4.198 Thread 0x0000019fec552df0 Unloading class 0x0000019f811ae800 'java/lang/invoke/LambdaForm$MH+0x0000019f811ae800'
Event: 4.198 Thread 0x0000019fec552df0 Unloading class 0x0000019f811ae400 'java/lang/invoke/LambdaForm$BMH+0x0000019f811ae400'
Event: 4.198 Thread 0x0000019fec552df0 Unloading class 0x0000019f811ae000 'java/lang/invoke/LambdaForm$DMH+0x0000019f811ae000'
Event: 4.198 Thread 0x0000019fec552df0 Unloading class 0x0000019f811acc00 'java/lang/invoke/LambdaForm$DMH+0x0000019f811acc00'

Classes redefined (0 events):
No events

Internal exceptions (20 events):
Event: 759.610 Thread 0x0000019ff2cc8be0 Exception <a 'sun/nio/fs/WindowsException'{0x00000000d65ae610}> (0x00000000d65ae610) 
thrown [s\src\hotspot\share\prims\jni.cpp, line 520]
Event: 759.611 Thread 0x0000019ff2cc8be0 Exception <a 'sun/nio/fs/WindowsException'{0x00000000d65af178}> (0x00000000d65af178) 
thrown [s\src\hotspot\share\prims\jni.cpp, line 520]
Event: 1129.999 Thread 0x0000019ff451a970 Exception <a 'java/lang/IncompatibleClassChangeError'{0x00000000d5d53440}: Found class java.lang.Object, but interface was expected> (0x00000000d5d53440) 
thrown [s\src\hotspot\share\interpreter\linkResolver.cpp, line 840]
Event: 1130.578 Thread 0x0000019ff451a970 Exception <a 'java/lang/IncompatibleClassChangeError'{0x00000000d6425800}: Found class java.lang.Object, but interface was expected> (0x00000000d6425800) 
thrown [s\src\hotspot\share\interpreter\linkResolver.cpp, line 840]
Event: 1130.583 Thread 0x0000019ff451a970 Exception <a 'java/lang/IncompatibleClassChangeError'{0x00000000d645bc10}: Found class java.lang.Object, but interface was expected> (0x00000000d645bc10) 
thrown [s\src\hotspot\share\interpreter\linkResolver.cpp, line 840]
Event: 1130.587 Thread 0x0000019ff451a970 Exception <a 'java/lang/IncompatibleClassChangeError'{0x00000000d6494100}: Found class java.lang.Object, but interface was expected> (0x00000000d6494100) 
thrown [s\src\hotspot\share\interpreter\linkResolver.cpp, line 840]
Event: 1130.588 Thread 0x0000019ff451a970 Exception <a 'java/lang/IncompatibleClassChangeError'{0x00000000d64d7ff8}: Found class java.lang.Object, but interface was expected> (0x00000000d64d7ff8) 
thrown [s\src\hotspot\share\interpreter\linkResolver.cpp, line 840]
Event: 1130.593 Thread 0x0000019ff7086dc0 Exception <a 'java/lang/NoSuchMethodError'{0x00000000d64d1df8}: 'java.lang.Object java.lang.invoke.DirectMethodHandle$Holder.invokeSpecial(java.lang.Object, java.lang.Object, java.lang.Object, java.lang.Object, int, java.lang.Object, java.lang.Object)'> (0x00000000d64d1df8) 
thrown [s\src\hotspot\share\interpreter\linkResolver.cpp, line 773]
Event: 1130.593 Thread 0x0000019ff451a970 Exception <a 'java/lang/IncompatibleClassChangeError'{0x00000000d64e5298}: Found class java.lang.Object, but interface was expected> (0x00000000d64e5298) 
thrown [s\src\hotspot\share\interpreter\linkResolver.cpp, line 840]
Event: 1130.760 Thread 0x0000019ff7081870 Exception <a 'java/lang/NoSuchMethodError'{0x00000000d580b250}: 'int java.lang.invoke.Invokers$Holder.invokeExact_MT(java.lang.Object, java.lang.Object)'> (0x00000000d580b250) 
thrown [s\src\hotspot\share\interpreter\linkResolver.cpp, line 773]
Event: 1130.779 Thread 0x0000019ff7081870 Exception <a 'java/lang/IncompatibleClassChangeError'{0x00000000d590d8c8}: Found class java.lang.Object, but interface was expected> (0x00000000d590d8c8) 
thrown [s\src\hotspot\share\interpreter\linkResolver.cpp, line 840]
Event: 1130.781 Thread 0x0000019ff7081870 Implicit null exception at 0x0000019fe11979e8 to 0x0000019fe1197bec
Event: 1130.866 Thread 0x0000019ff7081870 Implicit null exception at 0x0000019fe100ef9f to 0x0000019fe100f16e
Event: 1133.404 Thread 0x0000019ff7084cf0 Exception <a 'java/lang/NoSuchMethodError'{0x00000000d5d5dbb8}: 'int java.lang.invoke.DirectMethodHandle$Holder.invokeVirtual(java.lang.Object, java.lang.Object, java.lang.Object, int)'> (0x00000000d5d5dbb8) 
thrown [s\src\hotspot\share\interpreter\linkResolver.cpp, line 773]
Event: 1133.404 Thread 0x0000019ff7084cf0 Implicit null exception at 0x0000019fe10a524a to 0x0000019fe10aa010
Event: 1134.090 Thread 0x0000019ff7082c20 Exception <a 'sun/nio/fs/WindowsException'{0x00000000d5d3b510}> (0x00000000d5d3b510) 
thrown [s\src\hotspot\share\prims\jni.cpp, line 520]
Event: 1134.090 Thread 0x0000019ff7082c20 Exception <a 'sun/nio/fs/WindowsException'{0x00000000d5d3c078}> (0x00000000d5d3c078) 
thrown [s\src\hotspot\share\prims\jni.cpp, line 520]
Event: 1399.013 Thread 0x0000019ff451a970 Exception <a 'java/lang/IncompatibleClassChangeError'{0x00000000d55a7a88}: Found class java.lang.Object, but interface was expected> (0x00000000d55a7a88) 
thrown [s\src\hotspot\share\interpreter\linkResolver.cpp, line 840]
Event: 1434.884 Thread 0x0000019ff5eecca0 Exception <a 'sun/nio/fs/WindowsException'{0x00000000d5cc1680}> (0x00000000d5cc1680) 
thrown [s\src\hotspot\share\prims\jni.cpp, line 520]
Event: 1434.885 Thread 0x0000019ff5eecca0 Exception <a 'sun/nio/fs/WindowsException'{0x00000000d5cc2208}> (0x00000000d5cc2208) 
thrown [s\src\hotspot\share\prims\jni.cpp, line 520]

ZGC Phase Switch (0 events):
No events

VM Operations (20 events):
Event: 1482.628 Executing safepoint VM operation: Cleanup
Event: 1482.628 Executing safepoint VM operation: Cleanup done
Event: 1484.629 Executing safepoint VM operation: Cleanup
Event: 1484.629 Executing safepoint VM operation: Cleanup done
Event: 1485.631 Executing safepoint VM operation: Cleanup
Event: 1485.631 Executing safepoint VM operation: Cleanup done
Event: 1490.632 Executing safepoint VM operation: Cleanup
Event: 1490.632 Executing safepoint VM operation: Cleanup done
Event: 1491.757 Executing safepoint VM operation: ParallelGCFailedAllocation (Allocation Failure)
Event: 1491.776 Executing safepoint VM operation: ParallelGCFailedAllocation (Allocation Failure) done
Event: 1493.775 Executing safepoint VM operation: Cleanup
Event: 1493.775 Executing safepoint VM operation: Cleanup done
Event: 1494.590 Executing safepoint VM operation: ParallelGCFailedAllocation (Allocation Failure)
Event: 1494.594 Executing safepoint VM operation: ParallelGCFailedAllocation (Allocation Failure) done
Event: 1495.089 Executing safepoint VM operation: ParallelGCFailedAllocation (Allocation Failure)
Event: 1495.091 Executing safepoint VM operation: ParallelGCFailedAllocation (Allocation Failure) done
Event: 1495.583 Executing safepoint VM operation: ParallelGCFailedAllocation (Allocation Failure)
Event: 1495.587 Executing safepoint VM operation: ParallelGCFailedAllocation (Allocation Failure) done
Event: 1495.859 Executing safepoint VM operation: ParallelGCFailedAllocation (Allocation Failure)
Event: 1495.859 Executing safepoint VM operation: ParallelGCFailedAllocation (Allocation Failure) done

Memory protections (0 events):
No events

Nmethod flushes (20 events):
Event: 11.085 Thread 0x0000019fec552df0 flushing  nmethod 0x0000019fd96c0a10
Event: 11.085 Thread 0x0000019fec552df0 flushing  nmethod 0x0000019fd96cea10
Event: 11.085 Thread 0x0000019fec552df0 flushing  nmethod 0x0000019fd96dd510
Event: 11.085 Thread 0x0000019fec552df0 flushing  nmethod 0x0000019fd96fa110
Event: 11.085 Thread 0x0000019fec552df0 flushing  nmethod 0x0000019fd96fbe90
Event: 11.085 Thread 0x0000019fec552df0 flushing  nmethod 0x0000019fd96fcb90
Event: 11.085 Thread 0x0000019fec552df0 flushing  nmethod 0x0000019fd96fe210
Event: 11.085 Thread 0x0000019fec552df0 flushing  nmethod 0x0000019fd9708c10
Event: 11.085 Thread 0x0000019fec552df0 flushing  nmethod 0x0000019fd970cf10
Event: 11.085 Thread 0x0000019fec552df0 flushing  nmethod 0x0000019fd9710710
Event: 11.085 Thread 0x0000019fec552df0 flushing  nmethod 0x0000019fd9712010
Event: 11.085 Thread 0x0000019fec552df0 flushing  nmethod 0x0000019fd9714990
Event: 11.085 Thread 0x0000019fec552df0 flushing  nmethod 0x0000019fd971d310
Event: 11.085 Thread 0x0000019fec552df0 flushing  nmethod 0x0000019fd9721510
Event: 11.085 Thread 0x0000019fec552df0 flushing  nmethod 0x0000019fd9722210
Event: 11.085 Thread 0x0000019fec552df0 flushing  nmethod 0x0000019fd9722590
Event: 11.085 Thread 0x0000019fec552df0 flushing  nmethod 0x0000019fd9722b10
Event: 11.085 Thread 0x0000019fec552df0 flushing  nmethod 0x0000019fd973f990
Event: 11.085 Thread 0x0000019fec552df0 flushing  nmethod 0x0000019fd9740a90
Event: 11.085 Thread 0x0000019fec552df0 flushing  nmethod 0x0000019fd975ca90

Events (20 events):
Event: 1329.484 Thread 0x0000019fec5728b0 Thread added: 0x0000019ff58cacd0
Event: 1334.586 Thread 0x0000019ff58cacd0 Thread exited: 0x0000019ff58cacd0
Event: 1371.907 Thread 0x0000019fec5728b0 Thread added: 0x0000019ff58cb3a0
Event: 1376.932 Thread 0x0000019ff58cb3a0 Thread exited: 0x0000019ff58cb3a0
Event: 1408.240 Thread 0x0000019ff7084cf0 Thread exited: 0x0000019ff7084cf0
Event: 1408.398 Thread 0x0000019ff7083fd0 Thread added: 0x0000019ff5eecca0
Event: 1421.050 Thread 0x0000019fec576bf0 Thread added: 0x0000019ff58cacd0
Event: 1421.440 Thread 0x0000019ff58cacd0 Thread exited: 0x0000019ff58cacd0
Event: 1421.461 Thread 0x0000019fec5728b0 Thread added: 0x0000019ff58c8ac0
Event: 1422.910 Thread 0x0000019ff58c8ac0 Thread exited: 0x0000019ff58c8ac0
Event: 1434.874 Thread 0x0000019ff5eecca0 Thread added: 0x0000019ff5eeabd0
Event: 1434.876 Thread 0x0000019ff5eeabd0 Thread exited: 0x0000019ff5eeabd0
Event: 1434.887 Thread 0x0000019ff5eecca0 Thread added: 0x0000019ff5eeabd0
Event: 1434.887 Thread 0x0000019ff5eeabd0 Thread exited: 0x0000019ff5eeabd0
Event: 1480.724 Thread 0x0000019ff7083fd0 Thread added: 0x0000019ff5eeabd0
Event: 1480.745 Thread 0x0000019ff7083fd0 Thread added: 0x0000019ff5eeb8f0
Event: 1481.059 Thread 0x0000019ff5eeb8f0 Thread added: 0x0000019ff5ef0e40
Event: 1482.933 Thread 0x0000019ff7086dc0 Thread exited: 0x0000019ff7086dc0
Event: 1494.867 Thread 0x0000019ff7085a10 Thread added: 0x0000019ff5ef14d0
Event: 1494.885 Thread 0x0000019ff5ef14d0 Thread added: 0x0000019ff5eef400


Dynamic libraries:
0x00007ff74e390000 - 0x00007ff74e39e000 	c:\Users\rawat\.antigravity-ide\extensions\redhat.java-1.55.0-win32-x64\jre\21.0.11-win32-x86_64\bin\java.exe
0x00007ffbfd760000 - 0x00007ffbfd9c6000 	C:\WINDOWS\SYSTEM32\ntdll.dll
0x00007ffbfd220000 - 0x00007ffbfd2e9000 	C:\WINDOWS\System32\KERNEL32.DLL
0x00007ffbfafc0000 - 0x00007ffbfb3be000 	C:\WINDOWS\System32\KERNELBASE.dll
0x00007ffbfaac0000 - 0x00007ffbfac0c000 	C:\WINDOWS\System32\ucrtbase.dll
0x00007ffbd8160000 - 0x00007ffbd8178000 	c:\Users\rawat\.antigravity-ide\extensions\redhat.java-1.55.0-win32-x64\jre\21.0.11-win32-x86_64\bin\jli.dll
0x00007ffbcf410000 - 0x00007ffbcf42e000 	c:\Users\rawat\.antigravity-ide\extensions\redhat.java-1.55.0-win32-x64\jre\21.0.11-win32-x86_64\bin\VCRUNTIME140.dll
0x00007ffbfd2f0000 - 0x00007ffbfd4b7000 	C:\WINDOWS\System32\USER32.dll
0x00007ffbfaed0000 - 0x00007ffbfaef7000 	C:\WINDOWS\System32\win32u.dll
0x00007ffbfc720000 - 0x00007ffbfc74b000 	C:\WINDOWS\System32\GDI32.dll
0x00007ffbfac20000 - 0x00007ffbfad4a000 	C:\WINDOWS\System32\gdi32full.dll
0x00007ffbded60000 - 0x00007ffbdeff2000 	C:\WINDOWS\WinSxS\amd64_microsoft.windows.common-controls_6595b64144ccf1df_6.0.26100.8875_none_3e0d5d42e32fe9dd\COMCTL32.dll
0x00007ffbfaa10000 - 0x00007ffbfaab3000 	C:\WINDOWS\System32\msvcp_win.dll
0x00007ffbfb490000 - 0x00007ffbfb539000 	C:\WINDOWS\System32\msvcrt.dll
0x00007ffbfbce0000 - 0x00007ffbfbd12000 	C:\WINDOWS\System32\IMM32.DLL
0x00007ffbf7220000 - 0x00007ffbf722c000 	c:\Users\rawat\.antigravity-ide\extensions\redhat.java-1.55.0-win32-x64\jre\21.0.11-win32-x86_64\bin\vcruntime140_1.dll
0x00007ffbc6090000 - 0x00007ffbc611d000 	c:\Users\rawat\.antigravity-ide\extensions\redhat.java-1.55.0-win32-x64\jre\21.0.11-win32-x86_64\bin\msvcp140.dll
0x00007ffb41930000 - 0x00007ffb426d2000 	c:\Users\rawat\.antigravity-ide\extensions\redhat.java-1.55.0-win32-x64\jre\21.0.11-win32-x86_64\bin\server\jvm.dll
0x00007ffbfc9f0000 - 0x00007ffbfcaa7000 	C:\WINDOWS\System32\ADVAPI32.dll
0x00007ffbfc930000 - 0x00007ffbfc9da000 	C:\WINDOWS\System32\sechost.dll
0x00007ffbfcab0000 - 0x00007ffbfcbc8000 	C:\WINDOWS\System32\RPCRT4.dll
0x00007ffbfc230000 - 0x00007ffbfc2b0000 	C:\WINDOWS\System32\WS2_32.dll
0x00007ffbea130000 - 0x00007ffbea166000 	C:\WINDOWS\SYSTEM32\WINMM.dll
0x00007ffbfa7e0000 - 0x00007ffbfa83e000 	C:\WINDOWS\SYSTEM32\POWRPROF.dll
0x00007ffbef4c0000 - 0x00007ffbef4cb000 	C:\WINDOWS\SYSTEM32\VERSION.dll
0x00007ffbfa7c0000 - 0x00007ffbfa7d4000 	C:\WINDOWS\SYSTEM32\UMPDC.dll
0x00007ffbf9660000 - 0x00007ffbf967b000 	C:\WINDOWS\SYSTEM32\kernel.appcore.dll
0x00007ffbeedc0000 - 0x00007ffbeedca000 	c:\Users\rawat\.antigravity-ide\extensions\redhat.java-1.55.0-win32-x64\jre\21.0.11-win32-x86_64\bin\jimage.dll
0x00007ffbf7d00000 - 0x00007ffbf7f42000 	C:\WINDOWS\SYSTEM32\DBGHELP.DLL
0x00007ffbfce80000 - 0x00007ffbfd203000 	C:\WINDOWS\System32\combase.dll
0x00007ffbfc640000 - 0x00007ffbfc719000 	C:\WINDOWS\System32\OLEAUT32.dll
0x00007ffbd07c0000 - 0x00007ffbd07fb000 	C:\WINDOWS\SYSTEM32\dbgcore.DLL
0x00007ffbfaf00000 - 0x00007ffbfafac000 	C:\WINDOWS\System32\bcryptPrimitives.dll
0x00007ffbee260000 - 0x00007ffbee26f000 	c:\Users\rawat\.antigravity-ide\extensions\redhat.java-1.55.0-win32-x64\jre\21.0.11-win32-x86_64\bin\instrument.dll
0x00007ffbe4ea0000 - 0x00007ffbe4ec0000 	c:\Users\rawat\.antigravity-ide\extensions\redhat.java-1.55.0-win32-x64\jre\21.0.11-win32-x86_64\bin\java.dll
0x00007ffbfb540000 - 0x00007ffbfbcd2000 	C:\WINDOWS\System32\SHELL32.dll
0x00007ffbf8400000 - 0x00007ffbf8c92000 	C:\WINDOWS\SYSTEM32\windows.storage.dll
0x00007ffbfd5a0000 - 0x00007ffbfd697000 	C:\WINDOWS\System32\SHCORE.dll
0x00007ffbfcbd0000 - 0x00007ffbfcc37000 	C:\WINDOWS\System32\shlwapi.dll
0x00007ffbfa8a0000 - 0x00007ffbfa8c9000 	C:\WINDOWS\SYSTEM32\profapi.dll
0x00007ffbca780000 - 0x00007ffbca798000 	c:\Users\rawat\.antigravity-ide\extensions\redhat.java-1.55.0-win32-x64\jre\21.0.11-win32-x86_64\bin\zip.dll
0x00007ffbe7070000 - 0x00007ffbe7080000 	C:\Users\rawat\.antigravity-ide\extensions\redhat.java-1.55.0-win32-x64\jre\21.0.11-win32-x86_64\bin\net.dll
0x00007ffbef620000 - 0x00007ffbef747000 	C:\WINDOWS\SYSTEM32\WINHTTP.dll
0x00007ffbf9c10000 - 0x00007ffbf9c7c000 	C:\WINDOWS\system32\mswsock.dll
0x00007ffbc8e00000 - 0x00007ffbc8e16000 	C:\Users\rawat\.antigravity-ide\extensions\redhat.java-1.55.0-win32-x64\jre\21.0.11-win32-x86_64\bin\nio.dll
0x00007ffbe6b40000 - 0x00007ffbe6b50000 	c:\Users\rawat\.antigravity-ide\extensions\redhat.java-1.55.0-win32-x64\jre\21.0.11-win32-x86_64\bin\verify.dll
0x00007ffbc54a0000 - 0x00007ffbc54e5000 	C:\Users\rawat\AppData\Roaming\Antigravity IDE\User\globalStorage\redhat.java\1.55.0\config_win\org.eclipse.equinox.launcher\org.eclipse.equinox.launcher.win32.win32.x86_64_1.3.100.v20260613-0559\eclipse_11924.dll
0x00007ffbfcc40000 - 0x00007ffbfcdd9000 	C:\WINDOWS\System32\ole32.dll
0x00007ffbf9f30000 - 0x00007ffbf9f4b000 	C:\WINDOWS\SYSTEM32\CRYPTSP.dll
0x00007ffbf95c0000 - 0x00007ffbf95f9000 	C:\WINDOWS\system32\rsaenh.dll
0x00007ffbf9cd0000 - 0x00007ffbf9d02000 	C:\WINDOWS\SYSTEM32\USERENV.dll
0x00007ffbfa870000 - 0x00007ffbfa89a000 	C:\WINDOWS\SYSTEM32\bcrypt.dll
0x00007ffbf9f10000 - 0x00007ffbf9f1c000 	C:\WINDOWS\SYSTEM32\CRYPTBASE.dll
0x00007ffbf90c0000 - 0x00007ffbf90f3000 	C:\WINDOWS\SYSTEM32\IPHLPAPI.DLL
0x00007ffbfcde0000 - 0x00007ffbfcdea000 	C:\WINDOWS\System32\NSI.dll
0x00007ffbbfdf0000 - 0x00007ffbbfe39000 	C:\Users\rawat\AppData\Local\Temp\jna-108288603\jna4681575075831389772.dll
0x00007ffbfd210000 - 0x00007ffbfd218000 	C:\WINDOWS\System32\PSAPI.DLL
0x00007ffbf0000000 - 0x00007ffbf001d000 	C:\WINDOWS\SYSTEM32\dhcpcsvc6.DLL
0x00007ffbeffd0000 - 0x00007ffbefff5000 	C:\WINDOWS\SYSTEM32\dhcpcsvc.DLL
0x00007ffbc2430000 - 0x00007ffbc2457000 	C:\Users\rawat\.gradle\native\1def1411415f61bf3af743bc5b6707747c0891f09f0c88961ee8f79bc544acac\windows-amd64\native-platform.dll
0x00007ffbe66c0000 - 0x00007ffbe66ca000 	C:\Users\rawat\.antigravity-ide\extensions\redhat.java-1.55.0-win32-x64\jre\21.0.11-win32-x86_64\bin\management.dll
0x00007ffbc9960000 - 0x00007ffbc996c000 	C:\Users\rawat\.antigravity-ide\extensions\redhat.java-1.55.0-win32-x64\jre\21.0.11-win32-x86_64\bin\management_ext.dll
0x00007ffbc62e0000 - 0x00007ffbc62e9000 	C:\Users\rawat\.antigravity-ide\extensions\redhat.java-1.55.0-win32-x64\jre\21.0.11-win32-x86_64\bin\extnet.dll
0x00007ffbc6060000 - 0x00007ffbc606e000 	C:\Users\rawat\.antigravity-ide\extensions\redhat.java-1.55.0-win32-x64\jre\21.0.11-win32-x86_64\bin\sunmscapi.dll
0x00007ffbfad50000 - 0x00007ffbfaec8000 	C:\WINDOWS\System32\CRYPT32.dll
0x00007ffbfa150000 - 0x00007ffbfa180000 	C:\WINDOWS\SYSTEM32\ncrypt.dll
0x00007ffbfa100000 - 0x00007ffbfa13f000 	C:\WINDOWS\SYSTEM32\NTASN1.dll
0x00007ffb7cb70000 - 0x00007ffb7cb78000 	C:\WINDOWS\system32\wshunix.dll

JVMTI agents:
c:\Users\rawat\.antigravity-ide\extensions\redhat.java-1.55.0-win32-x64\lombok\lombok-1.18.39-4050.jar path:c:\Users\rawat\.antigravity-ide\extensions\redhat.java-1.55.0-win32-x64\jre\21.0.11-win32-x86_64\bin\instrument.dll, loaded, initialized, instrumentlib options:none

dbghelp: loaded successfully - version: 4.0.5 - missing functions: none
symbol engine: initialized successfully - sym options: 0x614 - pdb path: .;c:\Users\rawat\.antigravity-ide\extensions\redhat.java-1.55.0-win32-x64\jre\21.0.11-win32-x86_64\bin;C:\WINDOWS\SYSTEM32;C:\WINDOWS\WinSxS\amd64_microsoft.windows.common-controls_6595b64144ccf1df_6.0.26100.8875_none_3e0d5d42e32fe9dd;c:\Users\rawat\.antigravity-ide\extensions\redhat.java-1.55.0-win32-x64\jre\21.0.11-win32-x86_64\bin\server;C:\Users\rawat\AppData\Roaming\Antigravity IDE\User\globalStorage\redhat.java\1.55.0\config_win\org.eclipse.equinox.launcher\org.eclipse.equinox.launcher.win32.win32.x86_64_1.3.100.v20260613-0559;C:\Users\rawat\AppData\Local\Temp\jna-108288603;C:\Users\rawat\.gradle\native\1def1411415f61bf3af743bc5b6707747c0891f09f0c88961ee8f79bc544acac\windows-amd64

VM Arguments:
jvm_args: --add-modules=ALL-SYSTEM --add-opens=java.base/java.util=ALL-UNNAMED --add-opens=java.base/java.lang=ALL-UNNAMED --add-opens=java.base/sun.nio.fs=ALL-UNNAMED -Declipse.application=org.eclipse.jdt.ls.core.id1 -Dosgi.bundles.defaultStartLevel=4 -Declipse.product=org.eclipse.jdt.ls.core.product -Djava.import.generatesMetadataFilesAtProjectRoot=false -DDetectVMInstallationsJob.disabled=true -Dfile.encoding=utf8 -XX:+UseParallelGC -XX:GCTimeRatio=4 -XX:AdaptiveSizePolicyWeight=90 -Dsun.zip.disableMemoryMapping=true -Xmx2G -Xms100m -Xlog:disable -javaagent:c:\Users\rawat\.antigravity-ide\extensions\redhat.java-1.55.0-win32-x64\lombok\lombok-1.18.39-4050.jar -XX:+HeapDumpOnOutOfMemoryError -XX:HeapDumpPath=c:\Users\rawat\AppData\Roaming\Antigravity IDE\User\workspaceStorage\37c22cd9f0bef5d5ec7063b27c4af746\redhat.java -Daether.dependencyCollector.impl=bf 
java_command: c:\Users\rawat\.antigravity-ide\extensions\redhat.java-1.55.0-win32-x64\server\plugins\org.eclipse.equinox.launcher_1.7.200.v20260619-2039.jar -configuration c:\Users\rawat\AppData\Roaming\Antigravity IDE\User\globalStorage\redhat.java\1.55.0\config_win -data c:\Users\rawat\AppData\Roaming\Antigravity IDE\User\workspaceStorage\37c22cd9f0bef5d5ec7063b27c4af746\redhat.java\jdt_ws --pipe=\\.\pipe\lsp-f2cab9db7eef2c4d682c76be55d5171a-sock
java_class_path (initial): c:\Users\rawat\.antigravity-ide\extensions\redhat.java-1.55.0-win32-x64\server\plugins\org.eclipse.equinox.launcher_1.7.200.v20260619-2039.jar
Launcher Type: SUN_STANDARD

[Global flags]
    uintx AdaptiveSizePolicyWeight                 = 90                                        {product} {command line}
     intx CICompilerCount                          = 4                                         {product} {ergonomic}
    uintx GCTimeRatio                              = 4                                         {product} {command line}
     bool HeapDumpOnOutOfMemoryError               = true                                   {manageable} {command line}
    ccstr HeapDumpPath                             = c:\Users\rawat\AppData\Roaming\Antigravity IDE\User\workspaceStorage\37c22cd9f0bef5d5ec7063b27c4af746\redhat.java         {manageable} {command line}
   size_t InitialHeapSize                          = 104857600                                 {product} {command line}
   size_t MaxHeapSize                              = 2147483648                                {product} {command line}
   size_t MaxNewSize                               = 715653120                                 {product} {ergonomic}
   size_t MinHeapDeltaBytes                        = 524288                                    {product} {ergonomic}
   size_t MinHeapSize                              = 104857600                                 {product} {command line}
   size_t NewSize                                  = 34603008                                  {product} {ergonomic}
    uintx NonNMethodCodeHeapSize                   = 5839372                                {pd product} {ergonomic}
    uintx NonProfiledCodeHeapSize                  = 122909434                              {pd product} {ergonomic}
   size_t OldSize                                  = 70254592                                  {product} {ergonomic}
    uintx ProfiledCodeHeapSize                     = 122909434                              {pd product} {ergonomic}
    uintx ReservedCodeCacheSize                    = 251658240                              {pd product} {ergonomic}
     bool SegmentedCodeCache                       = true                                      {product} {ergonomic}
   size_t SoftMaxHeapSize                          = 2147483648                             {manageable} {ergonomic}
     bool UseCompressedOops                        = true                           {product lp64_product} {ergonomic}
     bool UseLargePagesIndividualAllocation        = false                                  {pd product} {ergonomic}
     bool UseParallelGC                            = true                                      {product} {command line}

Logging:
Log output configuration:
 #0: stdout all=off uptime,level,tags foldmultilines=false
 #1: stderr all=off uptime,level,tags foldmultilines=false

Release file:
JAVA_VERSION="21.0.11" 
MODULES="java.base java.compiler java.datatransfer java.xml java.prefs java.desktop java.instrument java.logging java.management java.security.sasl java.naming java.rmi java.management.rmi java.net.http java.scripting java.security.jgss java.transaction.xa java.sql java.sql.rowset java.xml.crypto java.se java.smartcardio jdk.accessibility jdk.internal.jvmstat jdk.attach jdk.charsets jdk.internal.opt jdk.zipfs jdk.compiler jdk.crypto.ec jdk.crypto.cryptoki jdk.crypto.mscapi jdk.dynalink jdk.internal.ed jdk.editpad jdk.hotspot.agent jdk.httpserver jdk.internal.le jdk.internal.vm.ci jdk.internal.vm.compiler jdk.internal.vm.compiler.management jdk.jartool jdk.javadoc jdk.jcmd jdk.management jdk.management.agent jdk.jconsole jdk.jdeps jdk.jdwp.agent jdk.jdi jdk.jfr jdk.jshell jdk.jsobject jdk.jstatd jdk.localedata jdk.management.jfr jdk.naming.dns jdk.naming.rmi jdk.net jdk.nio.mapmode jdk.random jdk.sctp jdk.security.auth jdk.security.jgss jdk.unsupported jdk.unsupported.desktop jdk.xml.dom" 

Environment Variables:
PATH=C:\Program Files\Common Files\Oracle\Java\javapath;C:\Windows\system32;C:\Windows;C:\Windows\System32\Wbem;C:\Windows\System32\WindowsPowerShell\v1.0\;C:\Windows\System32\OpenSSH\;C:\Program Files\NVIDIA Corporation\NVIDIA NvDLISR;C:\WINDOWS\system32;C:\WINDOWS;C:\WINDOWS\System32\Wbem;C:\WINDOWS\System32\WindowsPowerShell\v1.0\;C:\WINDOWS\System32\OpenSSH\;C:\Program Files\dotnet\;C:\Program Files (x86)\Windows Kits\10\Windows Performance Toolkit\;C:\Program Files\Git\cmd;C:\Program Files\Git\bin;C:\MinGW\bin;C:\Program Files\MySQL\MySQL Server 8.0\bin;C:\Program Files\MySQL\MySQL Shell 8.0\bin\;C:\Users\rawat\AppData\Local\Programs\Python\Python314\Scripts\;C:\Users\rawat\AppData\Local\Programs\Python\Python314\;C:\Users\rawat\AppData\Local\Microsoft\WindowsApps;C:\Users\rawat\AppData\Local\Programs\Microsoft VS Code\bin;C:\Users\rawat\Downloads\flutter_windows_3.38.3-stable\flutter\bin;C:\MinGW\bin;C:\Users\rawat\AppData\Local\Programs\Antigravity IDE\bin
USERNAME=rawat
OS=Windows_NT
PROCESSOR_IDENTIFIER=Intel64 Family 6 Model 140 Stepping 1, GenuineIntel
TMP=C:\Users\rawat\AppData\Local\Temp
TEMP=C:\Users\rawat\AppData\Local\Temp




Periodic native trim disabled

---------------  S Y S T E M  ---------------

OS:
 Windows 11 , 64 bit Build 26100 (10.0.26100.8875)
OS uptime: 2 days 21:53 hours
Hyper-V role detected

CPU: total 8 (initial active 8) (4 cores per cpu, 2 threads per core) family 6 model 140 stepping 1 microcode 0xbe, cx8, cmov, fxsr, ht, mmx, 3dnowpref, sse, sse2, sse3, ssse3, sse4.1, sse4.2, popcnt, lzcnt, tsc, tscinvbit, avx, avx2, aes, erms, clmul, bmi1, bmi2, adx, avx512f, avx512dq, avx512cd, avx512bw, avx512vl, sha, fma, vzeroupper, avx512_vpopcntdq, avx512_vpclmulqdq, avx512_vaes, avx512_vnni, clflush, clflushopt, clwb, avx512_vbmi2, avx512_vbmi, hv, rdtscp, rdpid, fsrm, gfni, avx512_bitalg, f16c, cet_ibt, cet_ss, avx512_ifma
Processor Information for the first 8 processors :
  Max Mhz: 2803, Current Mhz: 2803, Mhz Limit: 2803

Memory: 4k page, system-wide physical 7914M (457M free)
TotalPageFile size 32490M (AvailPageFile size 8M)
current process WorkingSet (physical memory assigned to process): 150M, peak: 300M
current process commit charge ("private bytes"): 459M, peak: 482M

vm_info: OpenJDK 64-Bit Server VM (21.0.11+10-LTS) for windows-amd64 JRE (21.0.11+10-LTS), built on 2026-04-21T00:00:00Z by "admin" with MS VC++ 17.12 (VS2022)

END.
