#
# There is insufficient memory for the Java Runtime Environment to continue.
# Native memory allocation (malloc) failed to allocate 1071504 bytes. Error detail: Chunk::new
# Possible reasons:
#   The system is out of physical RAM or swap space
#   This process is running with CompressedOops enabled, and the Java Heap may be blocking the growth of the native heap
# Possible solutions:
#   Reduce memory load on the system
#   Increase physical memory or swap space
#   Check if swap backing store is full
#   Decrease Java heap size (-Xmx/-Xms)
#   Decrease number of Java threads
#   Decrease Java thread stack sizes (-Xss)
#   Set larger code cache with -XX:ReservedCodeCacheSize=
#   JVM is running with Unscaled Compressed Oops mode in which the Java heap is
#     placed in the first 4GB address space. The Java Heap base address is the
#     maximum limit for the native heap growth. Please use -XX:HeapBaseMinAddress
#     to set the Java Heap base and to place the Java Heap above 4GB virtual address.
# This output file may be truncated or incomplete.
#
#  Out of Memory Error (arena.cpp:168), pid=4196, tid=10812
#
# JRE version: OpenJDK Runtime Environment Temurin-21.0.11+10 (21.0.11+10) (build 21.0.11+10-LTS)
# Java VM: OpenJDK 64-Bit Server VM Temurin-21.0.11+10 (21.0.11+10-LTS, mixed mode, sharing, tiered, compressed oops, compressed class ptrs, g1 gc, windows-amd64)
# No core dump will be written. Minidumps are not enabled by default on client versions of Windows
#

---------------  S U M M A R Y ------------

Command Line: --add-opens=java.base/java.lang=ALL-UNNAMED --add-opens=java.base/java.lang.invoke=ALL-UNNAMED --add-opens=java.base/java.util=ALL-UNNAMED --add-opens=java.prefs/java.util.prefs=ALL-UNNAMED --add-exports=jdk.compiler/com.sun.tools.javac.api=ALL-UNNAMED --add-exports=jdk.compiler/com.sun.tools.javac.util=ALL-UNNAMED --add-opens=java.base/java.util=ALL-UNNAMED --add-opens=java.prefs/java.util.prefs=ALL-UNNAMED --add-opens=java.base/java.nio.charset=ALL-UNNAMED --add-opens=java.base/java.net=ALL-UNNAMED --add-opens=java.base/java.util.concurrent.atomic=ALL-UNNAMED --add-opens=java.xml/javax.xml.namespace=ALL-UNNAMED -Xmx2048m -Dfile.encoding=UTF-8 -Duser.country=US -Duser.language=en -Duser.variant -javaagent:C:\Users\rawat\.gradle\wrapper\dists\gradle-8.13-bin\5xuhj0ry160q40clulazy9h7d\gradle-8.13\lib\agents\gradle-instrumentation-agent-8.13.jar org.gradle.launcher.daemon.bootstrap.GradleDaemon 8.13

Host: 11th Gen Intel(R) Core(TM) i7-1165G7 @ 2.80GHz, 8 cores, 7G,  Windows 11 , 64 bit Build 26100 (10.0.26100.8875)
Time: Fri Jul 24 12:31:58 2026 Nepal Standard Time elapsed time: 1053.345281 seconds (0d 0h 17m 33s)

---------------  T H R E A D  ---------------

Current thread (0x0000016c9a5f9be0):  JavaThread "C2 CompilerThread0" daemon [_thread_in_native, id=10812, stack(0x0000000801800000,0x0000000801900000) (1024K)]


Current CompileTask:
C2:1053345 14352       4       org.jetbrains.org.objectweb.asm.ClassReader::readMethod (1061 bytes)

Stack: [0x0000000801800000,0x0000000801900000]
Native frames: (J=compiled Java code, j=interpreted, Vv=VM code, C=native code)
V  [jvm.dll+0x6d7e19]
V  [jvm.dll+0x8b5096]
V  [jvm.dll+0x8b764e]
V  [jvm.dll+0x8b7d33]
V  [jvm.dll+0x284596]
V  [jvm.dll+0xc685d]
V  [jvm.dll+0xc6da1]
V  [jvm.dll+0x3bed6b]
V  [jvm.dll+0x1e3f42]
V  [jvm.dll+0x24c853]
V  [jvm.dll+0x24bce0]
V  [jvm.dll+0x1cb4ae]
V  [jvm.dll+0x25baad]
V  [jvm.dll+0x25a03a]
V  [jvm.dll+0x3f868e]
V  [jvm.dll+0x85fb0d]
V  [jvm.dll+0x6d664d]
C  [ucrtbase.dll+0x2cd30]
C  [KERNEL32.DLL+0x2e957]
C  [ntdll.dll+0xaad6c]


---------------  P R O C E S S  ---------------

Threads class SMR info:
_java_thread_list=0x0000016ce39c52e0, length=58, elements={
0x0000016c82e523a0, 0x0000016c9a5e9580, 0x0000016c9a5e9fe0, 0x0000016c9a5eca50,
0x0000016c9a5ed4b0, 0x0000016c9a5ee040, 0x0000016c9a5eebd0, 0x0000016c9a5f9be0,
0x0000016c9a5fb9e0, 0x0000016c9a82f620, 0x0000016c9a911050, 0x0000016ce15eb870,
0x0000016ce177e390, 0x0000016ce16ff790, 0x0000016ce1958660, 0x0000016ce1958cf0,
0x0000016ce1959a10, 0x0000016ce195adc0, 0x0000016ce41d6820, 0x0000016ce41d6eb0,
0x0000016ce41d7bd0, 0x0000016ce41d7540, 0x0000016ce41d8260, 0x0000016ce41d6190,
0x0000016ce41dbd70, 0x0000016ce41d9ca0, 0x0000016ce41d88f0, 0x0000016ce41da9c0,
0x0000016ce32913c0, 0x0000016ce3290010, 0x0000016ce328e5d0, 0x0000016ce0a60440,
0x0000016ce0a5fdb0, 0x0000016ce0a5f090, 0x0000016ce0a60ad0, 0x0000016ce0a5e370,
0x0000016ce0a5d650, 0x0000016ce0a61160, 0x0000016ce0a5dce0, 0x0000016ce1912450,
0x0000016ce1914520, 0x0000016ce1913e90, 0x0000016ce1914bb0, 0x0000016ce1915240,
0x0000016ce328ec60, 0x0000016ce328f2f0, 0x0000016ce328f980, 0x0000016ce328cb90,
0x0000016ce32920e0, 0x0000016ce3291a50, 0x0000016ce0a64c70, 0x0000016ce0a638c0,
0x0000016ce0a63230, 0x0000016ce0a62ba0, 0x0000016ce0a63f50, 0x0000016ce0a645e0,
0x0000016ce5fe8650, 0x0000016ce5fe1030
}

Java Threads: ( => current thread )
  0x0000016c82e523a0 JavaThread "main"                              [_thread_blocked, id=20848, stack(0x0000000800a00000,0x0000000800b00000) (1024K)]
  0x0000016c9a5e9580 JavaThread "Reference Handler"          daemon [_thread_blocked, id=10636, stack(0x0000000801200000,0x0000000801300000) (1024K)]
  0x0000016c9a5e9fe0 JavaThread "Finalizer"                  daemon [_thread_blocked, id=9788, stack(0x0000000801300000,0x0000000801400000) (1024K)]
  0x0000016c9a5eca50 JavaThread "Signal Dispatcher"          daemon [_thread_blocked, id=23456, stack(0x0000000801400000,0x0000000801500000) (1024K)]
  0x0000016c9a5ed4b0 JavaThread "Attach Listener"            daemon [_thread_blocked, id=16648, stack(0x0000000801500000,0x0000000801600000) (1024K)]
  0x0000016c9a5ee040 JavaThread "Service Thread"             daemon [_thread_blocked, id=14012, stack(0x0000000801600000,0x0000000801700000) (1024K)]
  0x0000016c9a5eebd0 JavaThread "Monitor Deflation Thread"   daemon [_thread_blocked, id=13584, stack(0x0000000801700000,0x0000000801800000) (1024K)]
=>0x0000016c9a5f9be0 JavaThread "C2 CompilerThread0"         daemon [_thread_in_native, id=10812, stack(0x0000000801800000,0x0000000801900000) (1024K)]
  0x0000016c9a5fb9e0 JavaThread "C1 CompilerThread0"         daemon [_thread_blocked, id=14928, stack(0x0000000801900000,0x0000000801a00000) (1024K)]
  0x0000016c9a82f620 JavaThread "Common-Cleaner"             daemon [_thread_blocked, id=24516, stack(0x0000000801a00000,0x0000000801b00000) (1024K)]
  0x0000016c9a911050 JavaThread "Notification Thread"        daemon [_thread_blocked, id=3676, stack(0x0000000801b00000,0x0000000801c00000) (1024K)]
  0x0000016ce15eb870 JavaThread "Daemon health stats"               [_thread_blocked, id=11760, stack(0x0000000802400000,0x0000000802500000) (1024K)]
  0x0000016ce177e390 JavaThread "Incoming local TCP Connector on port 54517"        [_thread_in_native, id=13448, stack(0x0000000802500000,0x0000000802600000) (1024K)]
  0x0000016ce16ff790 JavaThread "Daemon periodic checks"            [_thread_blocked, id=14400, stack(0x0000000802600000,0x0000000802700000) (1024K)]
  0x0000016ce1958660 JavaThread "Cache worker for journal cache (C:\Users\rawat\.gradle\caches\journal-1)"        [_thread_blocked, id=7052, stack(0x0000000802e00000,0x0000000802f00000) (1024K)]
  0x0000016ce1958cf0 JavaThread "File lock request listener"        [_thread_in_native, id=1708, stack(0x0000000802f00000,0x0000000803000000) (1024K)]
  0x0000016ce1959a10 JavaThread "Cache worker for file hash cache (C:\Users\rawat\.gradle\caches\8.13\fileHashes)"        [_thread_blocked, id=3096, stack(0x0000000803000000,0x0000000803100000) (1024K)]
  0x0000016ce195adc0 JavaThread "File watcher server"        daemon [_thread_in_native, id=19484, stack(0x0000000803400000,0x0000000803500000) (1024K)]
  0x0000016ce41d6820 JavaThread "File watcher consumer"      daemon [_thread_blocked, id=11780, stack(0x0000000803500000,0x0000000803600000) (1024K)]
  0x0000016ce41d6eb0 JavaThread "jar transforms"                    [_thread_blocked, id=24320, stack(0x0000000803600000,0x0000000803700000) (1024K)]
  0x0000016ce41d7bd0 JavaThread "jar transforms Thread 2"           [_thread_blocked, id=14480, stack(0x0000000803700000,0x0000000803800000) (1024K)]
  0x0000016ce41d7540 JavaThread "jar transforms Thread 3"           [_thread_blocked, id=13704, stack(0x0000000803800000,0x0000000803900000) (1024K)]
  0x0000016ce41d8260 JavaThread "jar transforms Thread 4"           [_thread_blocked, id=12572, stack(0x0000000803900000,0x0000000803a00000) (1024K)]
  0x0000016ce41d6190 JavaThread "jar transforms Thread 5"           [_thread_blocked, id=9068, stack(0x0000000803a00000,0x0000000803b00000) (1024K)]
  0x0000016ce41dbd70 JavaThread "Cache worker for file content cache (C:\Users\rawat\.gradle\caches\8.13\fileContent)"        [_thread_blocked, id=17048, stack(0x0000000803c00000,0x0000000803d00000) (1024K)]
  0x0000016ce41d9ca0 JavaThread "jar transforms Thread 6"           [_thread_blocked, id=15752, stack(0x0000000803d00000,0x0000000803e00000) (1024K)]
  0x0000016ce41d88f0 JavaThread "jar transforms Thread 7"           [_thread_blocked, id=13324, stack(0x0000000803e00000,0x0000000803f00000) (1024K)]
  0x0000016ce41da9c0 JavaThread "jar transforms Thread 8"           [_thread_blocked, id=24092, stack(0x0000000803f00000,0x0000000804000000) (1024K)]
  0x0000016ce32913c0 JavaThread "File lock release action executor"        [_thread_blocked, id=15284, stack(0x0000000800800000,0x0000000800900000) (1024K)]
  0x0000016ce3290010 JavaThread "Daemon Thread 2"                   [_thread_blocked, id=16584, stack(0x0000000800700000,0x0000000800800000) (1024K)]
  0x0000016ce328e5d0 JavaThread "Daemon worker Thread 2"            [_thread_blocked, id=17448, stack(0x0000000802700000,0x0000000802800000) (1024K)]
  0x0000016ce0a60440 JavaThread "VFS cleanup Thread 2"              [_thread_blocked, id=10888, stack(0x0000000802800000,0x0000000802900000) (1024K)]
  0x0000016ce0a5fdb0 JavaThread "Handler for socket connection from /127.0.0.1:54517 to /127.0.0.1:63131"        [_thread_in_native, id=10064, stack(0x0000000800900000,0x0000000800a00000) (1024K)]
  0x0000016ce0a5f090 JavaThread "Cancel handler"                    [_thread_blocked, id=7056, stack(0x0000000801e00000,0x0000000801f00000) (1024K)]
  0x0000016ce0a60ad0 JavaThread "Asynchronous log dispatcher for DefaultDaemonConnection: socket connection from /127.0.0.1:54517 to /127.0.0.1:63131"        [_thread_blocked, id=12904, stack(0x0000000802900000,0x0000000802a00000) (1024K)]
  0x0000016ce0a5e370 JavaThread "Stdin handler"                     [_thread_blocked, id=18140, stack(0x0000000802a00000,0x0000000802b00000) (1024K)]
  0x0000016ce0a5d650 JavaThread "Daemon client event forwarder"        [_thread_blocked, id=20384, stack(0x0000000802b00000,0x0000000802c00000) (1024K)]
  0x0000016ce0a61160 JavaThread "Cache worker for file hash cache (C:\Findora_App\.gradle\8.13\fileHashes)"        [_thread_blocked, id=18528, stack(0x0000000802c00000,0x0000000802d00000) (1024K)]
  0x0000016ce0a5dce0 JavaThread "Cache worker for Build Output Cleanup Cache (C:\Findora_App\.gradle\buildOutputCleanup)"        [_thread_blocked, id=18276, stack(0x0000000802d00000,0x0000000802e00000) (1024K)]
  0x0000016ce1912450 JavaThread "Cache worker for checksums cache (C:\Findora_App\.gradle\8.13\checksums)"        [_thread_blocked, id=9636, stack(0x0000000803300000,0x0000000803400000) (1024K)]
  0x0000016ce1914520 JavaThread "Cache worker for cache directory md-supplier (C:\Users\rawat\.gradle\caches\8.13\md-supplier)"        [_thread_blocked, id=11472, stack(0x0000000803b00000,0x0000000803c00000) (1024K)]
  0x0000016ce1913e90 JavaThread "Cache worker for cache directory md-rule (C:\Users\rawat\.gradle\caches\8.13\md-rule)"        [_thread_blocked, id=20268, stack(0x0000000804000000,0x0000000804100000) (1024K)]
  0x0000016ce1914bb0 JavaThread "Unconstrained build operations"        [_thread_blocked, id=21300, stack(0x0000000804100000,0x0000000804200000) (1024K)]
  0x0000016ce1915240 JavaThread "Unconstrained build operations Thread 2"        [_thread_blocked, id=3552, stack(0x0000000804200000,0x0000000804300000) (1024K)]
  0x0000016ce328ec60 JavaThread "Unconstrained build operations Thread 3"        [_thread_blocked, id=1452, stack(0x0000000804300000,0x0000000804400000) (1024K)]
  0x0000016ce328f2f0 JavaThread "Unconstrained build operations Thread 4"        [_thread_blocked, id=17072, stack(0x0000000804400000,0x0000000804500000) (1024K)]
  0x0000016ce328f980 JavaThread "Unconstrained build operations Thread 5"        [_thread_blocked, id=13772, stack(0x0000000804500000,0x0000000804600000) (1024K)]
  0x0000016ce328cb90 JavaThread "Unconstrained build operations Thread 6"        [_thread_blocked, id=8808, stack(0x0000000804600000,0x0000000804700000) (1024K)]
  0x0000016ce32920e0 JavaThread "Unconstrained build operations Thread 7"        [_thread_blocked, id=6500, stack(0x0000000804700000,0x0000000804800000) (1024K)]
  0x0000016ce3291a50 JavaThread "Unconstrained build operations Thread 8"        [_thread_blocked, id=21712, stack(0x0000000803200000,0x0000000803300000) (1024K)]
  0x0000016ce0a64c70 JavaThread "Unconstrained build operations Thread 9"        [_thread_blocked, id=11816, stack(0x0000000804800000,0x0000000804900000) (1024K)]
  0x0000016ce0a638c0 JavaThread "Unconstrained build operations Thread 10"        [_thread_blocked, id=21460, stack(0x0000000804900000,0x0000000804a00000) (1024K)]
  0x0000016ce0a63230 JavaThread "Unconstrained build operations Thread 11"        [_thread_blocked, id=19868, stack(0x0000000804a00000,0x0000000804b00000) (1024K)]
  0x0000016ce0a62ba0 JavaThread "Unconstrained build operations Thread 12"        [_thread_blocked, id=20424, stack(0x0000000804b00000,0x0000000804c00000) (1024K)]
  0x0000016ce0a63f50 JavaThread "Unconstrained build operations Thread 13"        [_thread_blocked, id=17496, stack(0x0000000804c00000,0x0000000804d00000) (1024K)]
  0x0000016ce0a645e0 JavaThread "Unconstrained build operations Thread 14"        [_thread_blocked, id=7068, stack(0x0000000804d00000,0x0000000804e00000) (1024K)]
  0x0000016ce5fe8650 JavaThread "Memory manager"                    [_thread_blocked, id=24024, stack(0x0000000804e00000,0x0000000804f00000) (1024K)]
  0x0000016ce5fe1030 JavaThread "Problems report writer"            [_thread_blocked, id=16724, stack(0x0000000805000000,0x0000000805100000) (1024K)]
Total: 58

Other Threads:
  0x0000016c9a5c5ad0 VMThread "VM Thread"                           [id=7012, stack(0x0000000801100000,0x0000000801200000) (1024K)]
  0x0000016c9a5b74a0 WatcherThread "VM Periodic Task Thread"        [id=3152, stack(0x0000000801000000,0x0000000801100000) (1024K)]
  0x0000016c80a8e040 WorkerThread "GC Thread#0"                     [id=2660, stack(0x0000000800b00000,0x0000000800c00000) (1024K)]
  0x0000016c9a93b620 WorkerThread "GC Thread#1"                     [id=24096, stack(0x0000000801c00000,0x0000000801d00000) (1024K)]
  0x0000016ce00b2950 WorkerThread "GC Thread#2"                     [id=14916, stack(0x0000000801d00000,0x0000000801e00000) (1024K)]
  0x0000016ce0becb80 WorkerThread "GC Thread#3"                     [id=13160, stack(0x0000000801f00000,0x0000000802000000) (1024K)]
  0x0000016ce08653f0 WorkerThread "GC Thread#4"                     [id=10916, stack(0x0000000802000000,0x0000000802100000) (1024K)]
  0x0000016ce16e15d0 WorkerThread "GC Thread#5"                     [id=10768, stack(0x0000000802100000,0x0000000802200000) (1024K)]
  0x0000016ce16e1980 WorkerThread "GC Thread#6"                     [id=21644, stack(0x0000000802200000,0x0000000802300000) (1024K)]
  0x0000016ce0c3afd0 WorkerThread "GC Thread#7"                     [id=16364, stack(0x0000000802300000,0x0000000802400000) (1024K)]
  0x0000016c82eb9620 ConcurrentGCThread "G1 Main Marker"            [id=23616, stack(0x0000000800c00000,0x0000000800d00000) (1024K)]
  0x0000016c82eb9de0 WorkerThread "G1 Conc#0"                       [id=23672, stack(0x0000000800d00000,0x0000000800e00000) (1024K)]
  0x0000016ce3c07300 WorkerThread "G1 Conc#1"                       [id=2960, stack(0x0000000803100000,0x0000000803200000) (1024K)]
  0x0000016c9a483000 ConcurrentGCThread "G1 Refine#0"               [id=13652, stack(0x0000000800e00000,0x0000000800f00000) (1024K)]
  0x0000016c9a483920 ConcurrentGCThread "G1 Service"                [id=12380, stack(0x0000000800f00000,0x0000000801000000) (1024K)]
Total: 15

Threads with active compile tasks:
C2 CompilerThread0  1053367 14352       4       org.jetbrains.org.objectweb.asm.ClassReader::readMethod (1061 bytes)
C1 CompilerThread0  1053367 14364       3       org.jetbrains.kotlin.metadata.jvm.JvmProtoBuf$JvmPropertySignature::getDefaultInstance (4 bytes)
Total: 2

VM state: at safepoint (normal execution)

VM Mutex/Monitor currently owned by a thread:  ([mutex/lock_event])
[0x00007ffb425ee570] CompileThread_lock - owner thread: 0x0000016c9a5fb9e0
[0x00007ffb425ef470] CodeCache_lock - owner thread: 0x0000016c9a5c5ad0
[0x00007ffb425ef570] Threads_lock - owner thread: 0x0000016c9a5c5ad0
[0x00007ffb425ef670] Heap_lock - owner thread: 0x0000016c82eb9620

Heap address: 0x0000000080000000, size: 2048 MB, Compressed Oops mode: 32-bit

CDS archive(s) mapped at: [0x0000016c9b000000-0x0000016c9bba0000-0x0000016c9bba0000), size 12189696, SharedBaseAddress: 0x0000016c9b000000, ArchiveRelocationMode: 1.
Compressed class space mapped at: 0x0000016c9c000000-0x0000016cdc000000, reserved size: 1073741824
Narrow klass base: 0x0000016c9b000000, Narrow klass shift: 0, Narrow klass range: 0x100000000

GC Precious Log:
 CardTable entry size: 512
 Card Set container configuration: InlinePtr #cards 5 size 8 Array Of Cards #cards 12 size 40 Howl #buckets 4 coarsen threshold 1843 Howl Bitmap #cards 512 size 80 coarsen threshold 460 Card regions per heap region 1 cards per card region 2048
 CPUs: 8 total, 8 available
 Memory: 7914M
 Large Page Support: Disabled
 NUMA Support: Disabled
 Compressed Oops: Enabled (32-bit)
 Heap Region Size: 1M
 Heap Min Capacity: 8M
 Heap Initial Capacity: 124M
 Heap Max Capacity: 2G
 Pre-touch: Disabled
 Parallel Workers: 8
 Concurrent Workers: 2
 Concurrent Refinement Workers: 8
 Periodic GC: Disabled

Heap:
 garbage-first heap   total 190464K, used 122867K [0x0000000080000000, 0x0000000100000000)
  region size 1024K, 6 young (6144K), 4 survivors (4096K)
 Metaspace       used 118754K, committed 121408K, reserved 1179648K
  class space    used 16191K, committed 17536K, reserved 1048576K

Heap Regions: E=young(eden), S=young(survivor), O=old, HS=humongous(starts), HC=humongous(continues), CS=collection set, F=free, TAMS=top-at-mark-start, PB=parsable bottom
|   0|0x0000000080000000, 0x0000000080100000, 0x0000000080100000|100%|HS|  |TAMS 0x0000000080100000| PB 0x0000000080000000| Complete 
|   1|0x0000000080100000, 0x0000000080200000, 0x0000000080200000|100%|HC|  |TAMS 0x0000000080200000| PB 0x0000000080100000| Complete 
|   2|0x0000000080200000, 0x0000000080300000, 0x0000000080300000|100%|HC|  |TAMS 0x0000000080300000| PB 0x0000000080200000| Complete 
|   3|0x0000000080300000, 0x0000000080400000, 0x0000000080400000|100%| O|  |TAMS 0x0000000080400000| PB 0x0000000080300000| Untracked 
|   4|0x0000000080400000, 0x0000000080500000, 0x0000000080500000|100%| O|  |TAMS 0x0000000080500000| PB 0x0000000080400000| Untracked 
|   5|0x0000000080500000, 0x0000000080600000, 0x0000000080600000|100%| O|  |TAMS 0x0000000080600000| PB 0x0000000080500000| Untracked 
|   6|0x0000000080600000, 0x0000000080700000, 0x0000000080700000|100%|HS|  |TAMS 0x0000000080700000| PB 0x0000000080600000| Complete 
|   7|0x0000000080700000, 0x0000000080800000, 0x0000000080800000|100%| O|  |TAMS 0x0000000080800000| PB 0x0000000080700000| Untracked 
|   8|0x0000000080800000, 0x0000000080900000, 0x0000000080900000|100%| O|  |TAMS 0x0000000080900000| PB 0x0000000080800000| Untracked 
|   9|0x0000000080900000, 0x0000000080a00000, 0x0000000080a00000|100%| O|  |TAMS 0x0000000080a00000| PB 0x0000000080900000| Untracked 
|  10|0x0000000080a00000, 0x0000000080b00000, 0x0000000080b00000|100%| O|  |TAMS 0x0000000080b00000| PB 0x0000000080a00000| Untracked 
|  11|0x0000000080b00000, 0x0000000080c00000, 0x0000000080c00000|100%| O|  |TAMS 0x0000000080c00000| PB 0x0000000080b00000| Untracked 
|  12|0x0000000080c00000, 0x0000000080d00000, 0x0000000080d00000|100%| O|  |TAMS 0x0000000080d00000| PB 0x0000000080c00000| Untracked 
|  13|0x0000000080d00000, 0x0000000080e00000, 0x0000000080e00000|100%| O|  |TAMS 0x0000000080e00000| PB 0x0000000080d00000| Untracked 
|  14|0x0000000080e00000, 0x0000000080f00000, 0x0000000080f00000|100%| O|  |TAMS 0x0000000080f00000| PB 0x0000000080e00000| Untracked 
|  15|0x0000000080f00000, 0x0000000081000000, 0x0000000081000000|100%| O|  |TAMS 0x0000000081000000| PB 0x0000000080f00000| Untracked 
|  16|0x0000000081000000, 0x0000000081100000, 0x0000000081100000|100%| O|  |TAMS 0x0000000081100000| PB 0x0000000081000000| Untracked 
|  17|0x0000000081100000, 0x0000000081200000, 0x0000000081200000|100%| O|  |TAMS 0x0000000081200000| PB 0x0000000081100000| Untracked 
|  18|0x0000000081200000, 0x0000000081300000, 0x0000000081300000|100%| O|  |TAMS 0x0000000081300000| PB 0x0000000081200000| Untracked 
|  19|0x0000000081300000, 0x0000000081400000, 0x0000000081400000|100%| O|  |TAMS 0x0000000081400000| PB 0x0000000081300000| Untracked 
|  20|0x0000000081400000, 0x0000000081500000, 0x0000000081500000|100%| O|  |TAMS 0x0000000081500000| PB 0x0000000081400000| Untracked 
|  21|0x0000000081500000, 0x0000000081600000, 0x0000000081600000|100%| O|  |TAMS 0x0000000081600000| PB 0x0000000081500000| Untracked 
|  22|0x0000000081600000, 0x0000000081700000, 0x0000000081700000|100%| O|  |TAMS 0x0000000081700000| PB 0x0000000081600000| Untracked 
|  23|0x0000000081700000, 0x0000000081800000, 0x0000000081800000|100%| O|  |TAMS 0x0000000081800000| PB 0x0000000081700000| Untracked 
|  24|0x0000000081800000, 0x0000000081900000, 0x0000000081900000|100%| O|  |TAMS 0x0000000081900000| PB 0x0000000081800000| Untracked 
|  25|0x0000000081900000, 0x0000000081a00000, 0x0000000081a00000|100%| O|  |TAMS 0x0000000081a00000| PB 0x0000000081900000| Untracked 
|  26|0x0000000081a00000, 0x0000000081b00000, 0x0000000081b00000|100%| O|  |TAMS 0x0000000081b00000| PB 0x0000000081a00000| Untracked 
|  27|0x0000000081b00000, 0x0000000081c00000, 0x0000000081c00000|100%| O|  |TAMS 0x0000000081c00000| PB 0x0000000081b00000| Untracked 
|  28|0x0000000081c00000, 0x0000000081d00000, 0x0000000081d00000|100%| O|  |TAMS 0x0000000081d00000| PB 0x0000000081c00000| Untracked 
|  29|0x0000000081d00000, 0x0000000081e00000, 0x0000000081e00000|100%| O|  |TAMS 0x0000000081e00000| PB 0x0000000081d00000| Untracked 
|  30|0x0000000081e00000, 0x0000000081f00000, 0x0000000081f00000|100%| O|  |TAMS 0x0000000081f00000| PB 0x0000000081e00000| Untracked 
|  31|0x0000000081f00000, 0x0000000082000000, 0x0000000082000000|100%| O|  |TAMS 0x0000000082000000| PB 0x0000000081f00000| Untracked 
|  32|0x0000000082000000, 0x0000000082100000, 0x0000000082100000|100%| O|  |TAMS 0x0000000082100000| PB 0x0000000082000000| Untracked 
|  33|0x0000000082100000, 0x0000000082200000, 0x0000000082200000|100%| O|  |TAMS 0x0000000082200000| PB 0x0000000082100000| Untracked 
|  34|0x0000000082200000, 0x0000000082300000, 0x0000000082300000|100%| O|  |TAMS 0x0000000082300000| PB 0x0000000082200000| Untracked 
|  35|0x0000000082300000, 0x0000000082400000, 0x0000000082400000|100%| O|  |TAMS 0x0000000082400000| PB 0x0000000082300000| Untracked 
|  36|0x0000000082400000, 0x0000000082500000, 0x0000000082500000|100%| O|  |TAMS 0x0000000082500000| PB 0x0000000082400000| Untracked 
|  37|0x0000000082500000, 0x0000000082600000, 0x0000000082600000|100%| O|  |TAMS 0x0000000082600000| PB 0x0000000082500000| Untracked 
|  38|0x0000000082600000, 0x0000000082700000, 0x0000000082700000|100%| O|  |TAMS 0x0000000082700000| PB 0x0000000082600000| Untracked 
|  39|0x0000000082700000, 0x0000000082800000, 0x0000000082800000|100%| O|  |TAMS 0x0000000082800000| PB 0x0000000082700000| Untracked 
|  40|0x0000000082800000, 0x0000000082900000, 0x0000000082900000|100%| O|  |TAMS 0x0000000082900000| PB 0x0000000082800000| Untracked 
|  41|0x0000000082900000, 0x0000000082a00000, 0x0000000082a00000|100%| O|  |TAMS 0x0000000082900000| PB 0x0000000082900000| Untracked 
|  42|0x0000000082a00000, 0x0000000082b00000, 0x0000000082b00000|100%| O|  |TAMS 0x0000000082b00000| PB 0x0000000082a00000| Untracked 
|  43|0x0000000082b00000, 0x0000000082c00000, 0x0000000082c00000|100%| O|  |TAMS 0x0000000082c00000| PB 0x0000000082b00000| Untracked 
|  44|0x0000000082c00000, 0x0000000082d00000, 0x0000000082d00000|100%| O|  |TAMS 0x0000000082d00000| PB 0x0000000082c00000| Untracked 
|  45|0x0000000082d00000, 0x0000000082e00000, 0x0000000082e00000|100%| O|  |TAMS 0x0000000082e00000| PB 0x0000000082d00000| Untracked 
|  46|0x0000000082e00000, 0x0000000082f00000, 0x0000000082f00000|100%| O|  |TAMS 0x0000000082f00000| PB 0x0000000082e00000| Untracked 
|  47|0x0000000082f00000, 0x0000000083000000, 0x0000000083000000|100%| O|  |TAMS 0x0000000083000000| PB 0x0000000082f00000| Untracked 
|  48|0x0000000083000000, 0x0000000083100000, 0x0000000083100000|100%| O|  |TAMS 0x0000000083100000| PB 0x0000000083000000| Untracked 
|  49|0x0000000083100000, 0x0000000083200000, 0x0000000083200000|100%| O|  |TAMS 0x0000000083200000| PB 0x0000000083100000| Untracked 
|  50|0x0000000083200000, 0x0000000083300000, 0x0000000083300000|100%| O|  |TAMS 0x0000000083300000| PB 0x0000000083200000| Untracked 
|  51|0x0000000083300000, 0x0000000083400000, 0x0000000083400000|100%| O|  |TAMS 0x0000000083300000| PB 0x0000000083300000| Untracked 
|  52|0x0000000083400000, 0x0000000083500000, 0x0000000083500000|100%| O|  |TAMS 0x0000000083500000| PB 0x0000000083400000| Untracked 
|  53|0x0000000083500000, 0x0000000083600000, 0x0000000083600000|100%|HS|  |TAMS 0x0000000083600000| PB 0x0000000083500000| Complete 
|  54|0x0000000083600000, 0x0000000083700000, 0x0000000083700000|100%| O|  |TAMS 0x0000000083700000| PB 0x0000000083600000| Untracked 
|  55|0x0000000083700000, 0x0000000083800000, 0x0000000083800000|100%| O|  |TAMS 0x0000000083800000| PB 0x0000000083700000| Untracked 
|  56|0x0000000083800000, 0x0000000083900000, 0x0000000083900000|100%| O|  |TAMS 0x0000000083900000| PB 0x0000000083800000| Untracked 
|  57|0x0000000083900000, 0x0000000083a00000, 0x0000000083a00000|100%|HS|  |TAMS 0x0000000083a00000| PB 0x0000000083900000| Complete 
|  58|0x0000000083a00000, 0x0000000083b00000, 0x0000000083b00000|100%|HC|  |TAMS 0x0000000083b00000| PB 0x0000000083a00000| Complete 
|  59|0x0000000083b00000, 0x0000000083c00000, 0x0000000083c00000|100%|HC|  |TAMS 0x0000000083c00000| PB 0x0000000083b00000| Complete 
|  60|0x0000000083c00000, 0x0000000083d00000, 0x0000000083d00000|100%|HC|  |TAMS 0x0000000083d00000| PB 0x0000000083c00000| Complete 
|  61|0x0000000083d00000, 0x0000000083e00000, 0x0000000083e00000|100%|HC|  |TAMS 0x0000000083e00000| PB 0x0000000083d00000| Complete 
|  62|0x0000000083e00000, 0x0000000083f00000, 0x0000000083f00000|100%|HC|  |TAMS 0x0000000083f00000| PB 0x0000000083e00000| Complete 
|  63|0x0000000083f00000, 0x0000000084000000, 0x0000000084000000|100%| O|  |TAMS 0x0000000084000000| PB 0x0000000083f00000| Untracked 
|  64|0x0000000084000000, 0x0000000084100000, 0x0000000084100000|100%| O|  |TAMS 0x0000000084100000| PB 0x0000000084000000| Untracked 
|  65|0x0000000084100000, 0x0000000084200000, 0x0000000084200000|100%| O|  |TAMS 0x0000000084200000| PB 0x0000000084100000| Untracked 
|  66|0x0000000084200000, 0x0000000084300000, 0x0000000084300000|100%| O|  |TAMS 0x0000000084300000| PB 0x0000000084200000| Untracked 
|  67|0x0000000084300000, 0x0000000084400000, 0x0000000084400000|100%| O|  |TAMS 0x0000000084400000| PB 0x0000000084300000| Untracked 
|  68|0x0000000084400000, 0x0000000084500000, 0x0000000084500000|100%| O|  |TAMS 0x0000000084500000| PB 0x0000000084400000| Untracked 
|  69|0x0000000084500000, 0x0000000084600000, 0x0000000084600000|100%| O|  |TAMS 0x0000000084600000| PB 0x0000000084500000| Untracked 
|  70|0x0000000084600000, 0x0000000084700000, 0x0000000084700000|100%| O|  |TAMS 0x0000000084700000| PB 0x0000000084600000| Untracked 
|  71|0x0000000084700000, 0x0000000084800000, 0x0000000084800000|100%| O|  |TAMS 0x0000000084800000| PB 0x0000000084700000| Untracked 
|  72|0x0000000084800000, 0x0000000084900000, 0x0000000084900000|100%| O|  |TAMS 0x0000000084800000| PB 0x0000000084800000| Untracked 
|  73|0x0000000084900000, 0x0000000084a00000, 0x0000000084a00000|100%| O|  |TAMS 0x0000000084a00000| PB 0x0000000084900000| Untracked 
|  74|0x0000000084a00000, 0x0000000084b00000, 0x0000000084b00000|100%|HS|  |TAMS 0x0000000084b00000| PB 0x0000000084a00000| Complete 
|  75|0x0000000084b00000, 0x0000000084c00000, 0x0000000084c00000|100%|HS|  |TAMS 0x0000000084c00000| PB 0x0000000084b00000| Complete 
|  76|0x0000000084c00000, 0x0000000084d00000, 0x0000000084d00000|100%|HS|  |TAMS 0x0000000084d00000| PB 0x0000000084c00000| Complete 
|  77|0x0000000084d00000, 0x0000000084e00000, 0x0000000084e00000|100%|HS|  |TAMS 0x0000000084e00000| PB 0x0000000084d00000| Complete 
|  78|0x0000000084e00000, 0x0000000084f00000, 0x0000000084f00000|100%|HC|  |TAMS 0x0000000084f00000| PB 0x0000000084e00000| Complete 
|  79|0x0000000084f00000, 0x0000000085000000, 0x0000000085000000|100%|HS|  |TAMS 0x0000000085000000| PB 0x0000000084f00000| Complete 
|  80|0x0000000085000000, 0x0000000085100000, 0x0000000085100000|100%| O|  |TAMS 0x0000000085100000| PB 0x0000000085000000| Untracked 
|  81|0x0000000085100000, 0x0000000085200000, 0x0000000085200000|100%| O|  |TAMS 0x0000000085200000| PB 0x0000000085100000| Untracked 
|  82|0x0000000085200000, 0x0000000085300000, 0x0000000085300000|100%| O|  |TAMS 0x0000000085300000| PB 0x0000000085200000| Untracked 
|  83|0x0000000085300000, 0x0000000085400000, 0x0000000085400000|100%| O|  |TAMS 0x0000000085400000| PB 0x0000000085300000| Untracked 
|  84|0x0000000085400000, 0x0000000085500000, 0x0000000085500000|100%| O|  |TAMS 0x0000000085500000| PB 0x0000000085400000| Untracked 
|  85|0x0000000085500000, 0x0000000085600000, 0x0000000085600000|100%| O|  |TAMS 0x0000000085600000| PB 0x0000000085500000| Untracked 
|  86|0x0000000085600000, 0x0000000085700000, 0x0000000085700000|100%| O|  |TAMS 0x0000000085700000| PB 0x0000000085600000| Untracked 
|  87|0x0000000085700000, 0x0000000085800000, 0x0000000085800000|100%| O|  |TAMS 0x0000000085700000| PB 0x0000000085700000| Untracked 
|  88|0x0000000085800000, 0x0000000085900000, 0x0000000085900000|100%| O|  |TAMS 0x0000000085900000| PB 0x0000000085800000| Untracked 
|  89|0x0000000085900000, 0x0000000085a00000, 0x0000000085a00000|100%|HS|  |TAMS 0x0000000085a00000| PB 0x0000000085900000| Complete 
|  90|0x0000000085a00000, 0x0000000085b00000, 0x0000000085b00000|100%|HC|  |TAMS 0x0000000085b00000| PB 0x0000000085a00000| Complete 
|  91|0x0000000085b00000, 0x0000000085c00000, 0x0000000085c00000|100%|HC|  |TAMS 0x0000000085c00000| PB 0x0000000085b00000| Complete 
|  92|0x0000000085c00000, 0x0000000085d00000, 0x0000000085d00000|100%|HS|  |TAMS 0x0000000085d00000| PB 0x0000000085c00000| Complete 
|  93|0x0000000085d00000, 0x0000000085e00000, 0x0000000085e00000|100%| O|  |TAMS 0x0000000085e00000| PB 0x0000000085d00000| Untracked 
|  94|0x0000000085e00000, 0x0000000085f00000, 0x0000000085f00000|100%| O|  |TAMS 0x0000000085f00000| PB 0x0000000085e00000| Untracked 
|  95|0x0000000085f00000, 0x0000000086000000, 0x0000000086000000|100%| O|  |TAMS 0x0000000086000000| PB 0x0000000085f00000| Untracked 
|  96|0x0000000086000000, 0x0000000086100000, 0x0000000086100000|100%|HS|  |TAMS 0x0000000086100000| PB 0x0000000086000000| Complete 
|  97|0x0000000086100000, 0x0000000086200000, 0x0000000086200000|100%| O|  |TAMS 0x0000000086100000| PB 0x0000000086100000| Untracked 
|  98|0x0000000086200000, 0x0000000086300000, 0x0000000086300000|100%| O|  |TAMS 0x0000000086200000| PB 0x0000000086200000| Untracked 
|  99|0x0000000086300000, 0x0000000086400000, 0x0000000086400000|100%| O|  |TAMS 0x0000000086400000| PB 0x0000000086300000| Untracked 
| 100|0x0000000086400000, 0x0000000086500000, 0x0000000086500000|100%| O|  |TAMS 0x0000000086500000| PB 0x0000000086400000| Untracked 
| 101|0x0000000086500000, 0x0000000086600000, 0x0000000086600000|100%| O|  |TAMS 0x0000000086500000| PB 0x0000000086500000| Untracked 
| 102|0x0000000086600000, 0x00000000866f8da8, 0x0000000086700000| 97%| O|  |TAMS 0x0000000086600000| PB 0x0000000086600000| Untracked 
| 103|0x0000000086700000, 0x0000000086800000, 0x0000000086800000|100%|HS|  |TAMS 0x0000000086800000| PB 0x0000000086700000| Complete 
| 104|0x0000000086800000, 0x0000000086900000, 0x0000000086900000|100%| O|  |TAMS 0x0000000086900000| PB 0x0000000086800000| Untracked 
| 105|0x0000000086900000, 0x0000000086a00000, 0x0000000086a00000|100%| O|  |TAMS 0x0000000086a00000| PB 0x0000000086900000| Untracked 
| 106|0x0000000086a00000, 0x0000000086b00000, 0x0000000086b00000|100%| O|  |TAMS 0x0000000086b00000| PB 0x0000000086b00000| Untracked 
| 107|0x0000000086b00000, 0x0000000086c00000, 0x0000000086c00000|100%|HS|  |TAMS 0x0000000086b00000| PB 0x0000000086b00000| Complete 
| 108|0x0000000086c00000, 0x0000000086c00000, 0x0000000086d00000|  0%| F|  |TAMS 0x0000000086c00000| PB 0x0000000086c00000| Untracked 
| 109|0x0000000086d00000, 0x0000000086d00000, 0x0000000086e00000|  0%| F|  |TAMS 0x0000000086d00000| PB 0x0000000086d00000| Untracked 
| 110|0x0000000086e00000, 0x0000000086e00000, 0x0000000086f00000|  0%| F|  |TAMS 0x0000000086e00000| PB 0x0000000086e00000| Untracked 
| 111|0x0000000086f00000, 0x0000000086f00000, 0x0000000087000000|  0%| F|  |TAMS 0x0000000086f00000| PB 0x0000000086f00000| Untracked 
| 112|0x0000000087000000, 0x0000000087000000, 0x0000000087100000|  0%| F|  |TAMS 0x0000000087000000| PB 0x0000000087000000| Untracked 
| 113|0x0000000087100000, 0x0000000087100000, 0x0000000087200000|  0%| F|  |TAMS 0x0000000087100000| PB 0x0000000087100000| Untracked 
| 114|0x0000000087200000, 0x0000000087200000, 0x0000000087300000|  0%| F|  |TAMS 0x0000000087200000| PB 0x0000000087200000| Untracked 
| 115|0x0000000087300000, 0x0000000087300000, 0x0000000087400000|  0%| F|  |TAMS 0x0000000087300000| PB 0x0000000087300000| Untracked 
| 116|0x0000000087400000, 0x0000000087400000, 0x0000000087500000|  0%| F|  |TAMS 0x0000000087400000| PB 0x0000000087400000| Untracked 
| 117|0x0000000087500000, 0x0000000087500000, 0x0000000087600000|  0%| F|  |TAMS 0x0000000087500000| PB 0x0000000087500000| Untracked 
| 118|0x0000000087600000, 0x0000000087600000, 0x0000000087700000|  0%| F|  |TAMS 0x0000000087600000| PB 0x0000000087600000| Untracked 
| 119|0x0000000087700000, 0x0000000087700000, 0x0000000087800000|  0%| F|  |TAMS 0x0000000087700000| PB 0x0000000087700000| Untracked 
| 120|0x0000000087800000, 0x0000000087800000, 0x0000000087900000|  0%| F|  |TAMS 0x0000000087800000| PB 0x0000000087800000| Untracked 
| 121|0x0000000087900000, 0x0000000087900000, 0x0000000087a00000|  0%| F|  |TAMS 0x0000000087900000| PB 0x0000000087900000| Untracked 
| 122|0x0000000087a00000, 0x0000000087a00000, 0x0000000087b00000|  0%| F|  |TAMS 0x0000000087a00000| PB 0x0000000087a00000| Untracked 
| 123|0x0000000087b00000, 0x0000000087b00000, 0x0000000087c00000|  0%| F|  |TAMS 0x0000000087b00000| PB 0x0000000087b00000| Untracked 
| 124|0x0000000087c00000, 0x0000000087c00000, 0x0000000087d00000|  0%| F|  |TAMS 0x0000000087c00000| PB 0x0000000087c00000| Untracked 
| 125|0x0000000087d00000, 0x0000000087d00000, 0x0000000087e00000|  0%| F|  |TAMS 0x0000000087d00000| PB 0x0000000087d00000| Untracked 
| 126|0x0000000087e00000, 0x0000000087e00000, 0x0000000087f00000|  0%| F|  |TAMS 0x0000000087e00000| PB 0x0000000087e00000| Untracked 
| 127|0x0000000087f00000, 0x0000000087f00000, 0x0000000088000000|  0%| F|  |TAMS 0x0000000087f00000| PB 0x0000000087f00000| Untracked 
| 128|0x0000000088000000, 0x0000000088000000, 0x0000000088100000|  0%| F|  |TAMS 0x0000000088000000| PB 0x0000000088000000| Untracked 
| 129|0x0000000088100000, 0x0000000088100000, 0x0000000088200000|  0%| F|  |TAMS 0x0000000088100000| PB 0x0000000088100000| Untracked 
| 130|0x0000000088200000, 0x0000000088200000, 0x0000000088300000|  0%| F|  |TAMS 0x0000000088200000| PB 0x0000000088200000| Untracked 
| 131|0x0000000088300000, 0x0000000088300000, 0x0000000088400000|  0%| F|  |TAMS 0x0000000088300000| PB 0x0000000088300000| Untracked 
| 132|0x0000000088400000, 0x0000000088400000, 0x0000000088500000|  0%| F|  |TAMS 0x0000000088400000| PB 0x0000000088400000| Untracked 
| 133|0x0000000088500000, 0x0000000088500000, 0x0000000088600000|  0%| F|  |TAMS 0x0000000088500000| PB 0x0000000088500000| Untracked 
| 134|0x0000000088600000, 0x0000000088600000, 0x0000000088700000|  0%| F|  |TAMS 0x0000000088600000| PB 0x0000000088600000| Untracked 
| 135|0x0000000088700000, 0x0000000088700000, 0x0000000088800000|  0%| F|  |TAMS 0x0000000088700000| PB 0x0000000088700000| Untracked 
| 136|0x0000000088800000, 0x0000000088800000, 0x0000000088900000|  0%| F|  |TAMS 0x0000000088800000| PB 0x0000000088800000| Untracked 
| 137|0x0000000088900000, 0x0000000088900000, 0x0000000088a00000|  0%| F|  |TAMS 0x0000000088900000| PB 0x0000000088900000| Untracked 
| 138|0x0000000088a00000, 0x0000000088a00000, 0x0000000088b00000|  0%| F|  |TAMS 0x0000000088a00000| PB 0x0000000088a00000| Untracked 
| 139|0x0000000088b00000, 0x0000000088b00000, 0x0000000088c00000|  0%| F|  |TAMS 0x0000000088b00000| PB 0x0000000088b00000| Untracked 
| 140|0x0000000088c00000, 0x0000000088c00000, 0x0000000088d00000|  0%| F|  |TAMS 0x0000000088c00000| PB 0x0000000088c00000| Untracked 
| 141|0x0000000088d00000, 0x0000000088d00000, 0x0000000088e00000|  0%| F|  |TAMS 0x0000000088d00000| PB 0x0000000088d00000| Untracked 
| 142|0x0000000088e00000, 0x0000000088e00000, 0x0000000088f00000|  0%| F|  |TAMS 0x0000000088e00000| PB 0x0000000088e00000| Untracked 
| 143|0x0000000088f00000, 0x0000000088f00000, 0x0000000089000000|  0%| F|  |TAMS 0x0000000088f00000| PB 0x0000000088f00000| Untracked 
| 144|0x0000000089000000, 0x0000000089000000, 0x0000000089100000|  0%| F|  |TAMS 0x0000000089000000| PB 0x0000000089000000| Untracked 
| 145|0x0000000089100000, 0x0000000089100000, 0x0000000089200000|  0%| F|  |TAMS 0x0000000089100000| PB 0x0000000089100000| Untracked 
| 146|0x0000000089200000, 0x0000000089200000, 0x0000000089300000|  0%| F|  |TAMS 0x0000000089200000| PB 0x0000000089200000| Untracked 
| 147|0x0000000089300000, 0x0000000089300000, 0x0000000089400000|  0%| F|  |TAMS 0x0000000089300000| PB 0x0000000089300000| Untracked 
| 148|0x0000000089400000, 0x0000000089404010, 0x0000000089500000|  1%| S|CS|TAMS 0x0000000089400000| PB 0x0000000089400000| Complete 
| 149|0x0000000089500000, 0x0000000089600000, 0x0000000089600000|100%| S|CS|TAMS 0x0000000089500000| PB 0x0000000089500000| Complete 
| 150|0x0000000089600000, 0x0000000089700000, 0x0000000089700000|100%| S|CS|TAMS 0x0000000089600000| PB 0x0000000089600000| Complete 
| 151|0x0000000089700000, 0x0000000089800000, 0x0000000089800000|100%| S|CS|TAMS 0x0000000089700000| PB 0x0000000089700000| Complete 
| 152|0x0000000089800000, 0x0000000089800000, 0x0000000089900000|  0%| F|  |TAMS 0x0000000089800000| PB 0x0000000089800000| Untracked 
| 153|0x0000000089900000, 0x0000000089900000, 0x0000000089a00000|  0%| F|  |TAMS 0x0000000089900000| PB 0x0000000089900000| Untracked 
| 154|0x0000000089a00000, 0x0000000089a00000, 0x0000000089b00000|  0%| F|  |TAMS 0x0000000089a00000| PB 0x0000000089a00000| Untracked 
| 155|0x0000000089b00000, 0x0000000089b00000, 0x0000000089c00000|  0%| F|  |TAMS 0x0000000089b00000| PB 0x0000000089b00000| Untracked 
| 156|0x0000000089c00000, 0x0000000089c00000, 0x0000000089d00000|  0%| F|  |TAMS 0x0000000089c00000| PB 0x0000000089c00000| Untracked 
| 157|0x0000000089d00000, 0x0000000089d00000, 0x0000000089e00000|  0%| F|  |TAMS 0x0000000089d00000| PB 0x0000000089d00000| Untracked 
| 158|0x0000000089e00000, 0x0000000089e00000, 0x0000000089f00000|  0%| F|  |TAMS 0x0000000089e00000| PB 0x0000000089e00000| Untracked 
| 159|0x0000000089f00000, 0x0000000089f00000, 0x000000008a000000|  0%| F|  |TAMS 0x0000000089f00000| PB 0x0000000089f00000| Untracked 
| 160|0x000000008a000000, 0x000000008a000000, 0x000000008a100000|  0%| F|  |TAMS 0x000000008a000000| PB 0x000000008a000000| Untracked 
| 161|0x000000008a100000, 0x000000008a100000, 0x000000008a200000|  0%| F|  |TAMS 0x000000008a100000| PB 0x000000008a100000| Untracked 
| 162|0x000000008a200000, 0x000000008a200000, 0x000000008a300000|  0%| F|  |TAMS 0x000000008a200000| PB 0x000000008a200000| Untracked 
| 163|0x000000008a300000, 0x000000008a300000, 0x000000008a400000|  0%| F|  |TAMS 0x000000008a300000| PB 0x000000008a300000| Untracked 
| 164|0x000000008a400000, 0x000000008a400000, 0x000000008a500000|  0%| F|  |TAMS 0x000000008a400000| PB 0x000000008a400000| Untracked 
| 165|0x000000008a500000, 0x000000008a500000, 0x000000008a600000|  0%| F|  |TAMS 0x000000008a500000| PB 0x000000008a500000| Untracked 
| 166|0x000000008a600000, 0x000000008a600000, 0x000000008a700000|  0%| F|  |TAMS 0x000000008a600000| PB 0x000000008a600000| Untracked 
| 167|0x000000008a700000, 0x000000008a700000, 0x000000008a800000|  0%| F|  |TAMS 0x000000008a700000| PB 0x000000008a700000| Untracked 
| 168|0x000000008a800000, 0x000000008a800000, 0x000000008a900000|  0%| F|  |TAMS 0x000000008a800000| PB 0x000000008a800000| Untracked 
| 169|0x000000008a900000, 0x000000008a900000, 0x000000008aa00000|  0%| F|  |TAMS 0x000000008a900000| PB 0x000000008a900000| Untracked 
| 170|0x000000008aa00000, 0x000000008aa00000, 0x000000008ab00000|  0%| F|  |TAMS 0x000000008aa00000| PB 0x000000008aa00000| Untracked 
|2033|0x00000000ff100000, 0x00000000ff200000, 0x00000000ff200000|100%| O|  |TAMS 0x00000000ff17be18| PB 0x00000000ff17be18| Updating 
|2034|0x00000000ff200000, 0x00000000ff200000, 0x00000000ff300000|  0%| F|  |TAMS 0x00000000ff200000| PB 0x00000000ff200000| Untracked 
|2035|0x00000000ff300000, 0x00000000ff400000, 0x00000000ff400000|100%| O|  |TAMS 0x00000000ff400000| PB 0x00000000ff400000| Untracked 
|2036|0x00000000ff400000, 0x00000000ff400000, 0x00000000ff500000|  0%| F|  |TAMS 0x00000000ff400000| PB 0x00000000ff400000| Untracked 
|2037|0x00000000ff500000, 0x00000000ff500000, 0x00000000ff600000|  0%| F|  |TAMS 0x00000000ff500000| PB 0x00000000ff500000| Untracked 
|2038|0x00000000ff600000, 0x00000000ff700000, 0x00000000ff700000|100%| O|  |TAMS 0x00000000ff700000| PB 0x00000000ff700000| Updating 
|2039|0x00000000ff700000, 0x00000000ff700000, 0x00000000ff800000|  0%| F|  |TAMS 0x00000000ff700000| PB 0x00000000ff700000| Untracked 
|2040|0x00000000ff800000, 0x00000000ff800000, 0x00000000ff900000|  0%| F|  |TAMS 0x00000000ff800000| PB 0x00000000ff800000| Untracked 
|2041|0x00000000ff900000, 0x00000000ffa00000, 0x00000000ffa00000|100%| O|  |TAMS 0x00000000ffa00000| PB 0x00000000ffa00000| Updating 
|2042|0x00000000ffa00000, 0x00000000ffb00000, 0x00000000ffb00000|100%| O|  |TAMS 0x00000000ffb00000| PB 0x00000000ffb00000| Untracked 
|2043|0x00000000ffb00000, 0x00000000ffc00000, 0x00000000ffc00000|100%| O|  |TAMS 0x00000000ffc00000| PB 0x00000000ffc00000| Untracked 
|2044|0x00000000ffc00000, 0x00000000ffd00000, 0x00000000ffd00000|100%| O|  |TAMS 0x00000000ffd00000| PB 0x00000000ffd00000| Untracked 
|2045|0x00000000ffd00000, 0x00000000ffe00000, 0x00000000ffe00000|100%| O|  |TAMS 0x00000000ffe00000| PB 0x00000000ffe00000| Untracked 
|2046|0x00000000ffe00000, 0x00000000fff00000, 0x00000000fff00000|100%| E|  |TAMS 0x00000000ffe00000| PB 0x00000000ffe00000| Complete 
|2047|0x00000000fff00000, 0x0000000100000000, 0x0000000100000000|100%| E|CS|TAMS 0x00000000fff00000| PB 0x00000000fff00000| Complete 

Card table byte_map: [0x0000016c95790000,0x0000016c95b90000] _byte_map_base: 0x0000016c95390000

Marking Bits: (CMBitMap*) 0x0000016c82ea8f80
 Bits: [0x0000016c95b90000, 0x0000016c97b90000)

Polling page: 0x0000016c80c00000

Metaspace:

Usage:
  Non-class:    100.16 MB used.
      Class:     15.81 MB used.
       Both:    115.97 MB used.

Virtual space:
  Non-class space:      128.00 MB reserved,     101.44 MB ( 79%) committed,  2 nodes.
      Class space:        1.00 GB reserved,      17.12 MB (  2%) committed,  1 nodes.
             Both:        1.12 GB reserved,     118.56 MB ( 10%) committed. 

Chunk freelists:
   Non-Class:  9.72 MB
       Class:  14.80 MB
        Both:  24.52 MB

MaxMetaspaceSize: unlimited
CompressedClassSpaceSize: 1.00 GB
Initial GC threshold: 21.00 MB
Current GC threshold: 180.88 MB
CDS: on
 - commit_granule_bytes: 65536.
 - commit_granule_words: 8192.
 - virtual_space_node_default_size: 8388608.
 - enlarge_chunks_in_place: 1.
 - use_allocation_guard: 0.


Internal statistics:

num_allocs_failed_limit: 15.
num_arena_births: 4678.
num_arena_deaths: 0.
num_vsnodes_births: 3.
num_vsnodes_deaths: 0.
num_space_committed: 1895.
num_space_uncommitted: 0.
num_chunks_returned_to_freelist: 15.
num_chunks_taken_from_freelist: 10047.
num_chunk_merges: 12.
num_chunk_splits: 6771.
num_chunks_enlarged: 4391.
num_inconsistent_stats: 0.

CodeHeap 'non-profiled nmethods': size=120000Kb used=5711Kb max_used=6818Kb free=114288Kb
 bounds [0x0000016c8db20000, 0x0000016c8e1d0000, 0x0000016c95050000]
CodeHeap 'profiled nmethods': size=120000Kb used=15615Kb max_used=20464Kb free=104384Kb
 bounds [0x0000016c86050000, 0x0000016c87450000, 0x0000016c8d580000]
CodeHeap 'non-nmethods': size=5760Kb used=3040Kb max_used=3090Kb free=2719Kb
 bounds [0x0000016c8d580000, 0x0000016c8d890000, 0x0000016c8db20000]
CodeCache: size=245760Kb, used=24366Kb, max_used=30372Kb, free=221391Kb
 total_blobs=9189, nmethods=8150, adapters=943, full_count=0
Compilation: enabled, stopped_count=0, restarted_count=0

Compilation events (20 events):
Event: 1052.006 Thread 0x0000016c9a5fb9e0 nmethod 14349 0x0000016c8e1c8290 code [0x0000016c8e1c8420, 0x0000016c8e1c85a8]
Event: 1052.151 Thread 0x0000016c9a5fb9e0 14351       3       kotlin.text.StringsKt__StringsKt::substringAfterLast (67 bytes)
Event: 1052.153 Thread 0x0000016c9a5fb9e0 nmethod 14351 0x0000016c87448d90 code [0x0000016c87449120, 0x0000016c8744a398]
Event: 1052.197 Thread 0x0000016c9a5f9be0 14352       4       org.jetbrains.org.objectweb.asm.ClassReader::readMethod (1061 bytes)
Event: 1052.244 Thread 0x0000016c9a5fb9e0 14353       3       kotlin.text.StringsKt__StringsKt::contains$default (15 bytes)
Event: 1052.244 Thread 0x0000016c9a5fb9e0 nmethod 14353 0x0000016c8744ab10 code [0x0000016c8744acc0, 0x0000016c8744ae10]
Event: 1052.244 Thread 0x0000016c9a5fb9e0 14354       3       kotlin.text.StringsKt__StringsKt::contains (24 bytes)
Event: 1052.245 Thread 0x0000016c9a5fb9e0 nmethod 14354 0x0000016c8744af10 code [0x0000016c8744b140, 0x0000016c8744b810]
Event: 1052.247 Thread 0x0000016c9a5fb9e0 14355       3       java.io.WinNTFileSystem::prefixLength (91 bytes)
Event: 1052.249 Thread 0x0000016c9a5fb9e0 nmethod 14355 0x0000016c8744ba90 code [0x0000016c8744bda0, 0x0000016c8744d0f0]
Event: 1052.249 Thread 0x0000016c9a5fb9e0 14356       3       java.io.File::<init> (47 bytes)
Event: 1052.249 Thread 0x0000016c9a5fb9e0 nmethod 14356 0x0000016c8744d790 code [0x0000016c8744d980, 0x0000016c8744dd08]
Event: 1052.251 Thread 0x0000016c9a5fb9e0 14357       3       java.util.zip.ZipFile$Source$Key::equals (93 bytes)
Event: 1052.252 Thread 0x0000016c9a5fb9e0 nmethod 14357 0x0000016c8744de10 code [0x0000016c8744e0c0, 0x0000016c8744efa8]
Event: 1052.257 Thread 0x0000016c9a5fb9e0 14358       3       java.util.jar.JarFile::<init> (8 bytes)
Event: 1052.257 Thread 0x0000016c9a5fb9e0 nmethod 14358 0x0000016c873d0990 code [0x0000016c873d0b40, 0x0000016c873d0c88]
Event: 1052.257 Thread 0x0000016c9a5fb9e0 14359       3       java.util.jar.JarFile::<init> (11 bytes)
Event: 1052.257 Thread 0x0000016c9a5fb9e0 nmethod 14359 0x0000016c8744f390 code [0x0000016c8744f540, 0x0000016c8744f688]
Event: 1052.345 Thread 0x0000016c9a5fb9e0 14364       3       org.jetbrains.kotlin.metadata.jvm.JvmProtoBuf$JvmPropertySignature::getDefaultInstance (4 bytes)
Event: 1052.346 Thread 0x0000016c9a5fb9e0 nmethod 14364 0x0000016c86b9fc90 code [0x0000016c86b9fe20, 0x0000016c86b9ff18]

GC Heap History (20 events):
Event: 1019.553 GC heap before
{Heap before GC invocations=28 (full 0):
 garbage-first heap   total 177152K, used 95880K [0x0000000080000000, 0x0000000100000000)
  region size 1024K, 9 young (9216K), 8 survivors (8192K)
 Metaspace       used 103443K, committed 105856K, reserved 1179648K
  class space    used 14312K, committed 15488K, reserved 1048576K
}
Event: 1019.566 GC heap after
{Heap after GC invocations=29 (full 0):
 garbage-first heap   total 177152K, used 95970K [0x0000000080000000, 0x0000000100000000)
  region size 1024K, 1 young (1024K), 1 survivors (1024K)
 Metaspace       used 103443K, committed 105856K, reserved 1179648K
  class space    used 14312K, committed 15488K, reserved 1048576K
}
Event: 1020.470 GC heap before
{Heap before GC invocations=30 (full 0):
 garbage-first heap   total 177152K, used 148194K [0x0000000080000000, 0x0000000100000000)
  region size 1024K, 53 young (54272K), 1 survivors (1024K)
 Metaspace       used 103634K, committed 105984K, reserved 1179648K
  class space    used 14312K, committed 15488K, reserved 1048576K
}
Event: 1020.475 GC heap after
{Heap after GC invocations=31 (full 0):
 garbage-first heap   total 177152K, used 98379K [0x0000000080000000, 0x0000000100000000)
  region size 1024K, 4 young (4096K), 4 survivors (4096K)
 Metaspace       used 103634K, committed 105984K, reserved 1179648K
  class space    used 14312K, committed 15488K, reserved 1048576K
}
Event: 1020.838 GC heap before
{Heap before GC invocations=31 (full 0):
 garbage-first heap   total 177152K, used 162891K [0x0000000080000000, 0x0000000100000000)
  region size 1024K, 68 young (69632K), 4 survivors (4096K)
 Metaspace       used 103658K, committed 105984K, reserved 1179648K
  class space    used 14313K, committed 15488K, reserved 1048576K
}
Event: 1020.847 GC heap after
{Heap after GC invocations=32 (full 0):
 garbage-first heap   total 177152K, used 93665K [0x0000000080000000, 0x0000000100000000)
  region size 1024K, 5 young (5120K), 5 survivors (5120K)
 Metaspace       used 103658K, committed 105984K, reserved 1179648K
  class space    used 14313K, committed 15488K, reserved 1048576K
}
Event: 1042.588 GC heap before
{Heap before GC invocations=32 (full 0):
 garbage-first heap   total 177152K, used 123361K [0x0000000080000000, 0x0000000100000000)
  region size 1024K, 35 young (35840K), 5 survivors (5120K)
 Metaspace       used 103796K, committed 106240K, reserved 1179648K
  class space    used 14334K, committed 15552K, reserved 1048576K
}
Event: 1042.595 GC heap after
{Heap after GC invocations=33 (full 0):
 garbage-first heap   total 177152K, used 95416K [0x0000000080000000, 0x0000000100000000)
  region size 1024K, 5 young (5120K), 5 survivors (5120K)
 Metaspace       used 103796K, committed 106240K, reserved 1179648K
  class space    used 14334K, committed 15552K, reserved 1048576K
}
Event: 1045.743 GC heap before
{Heap before GC invocations=34 (full 0):
 garbage-first heap   total 177152K, used 142520K [0x0000000080000000, 0x0000000100000000)
  region size 1024K, 51 young (52224K), 5 survivors (5120K)
 Metaspace       used 104435K, committed 106880K, reserved 1179648K
  class space    used 14395K, committed 15616K, reserved 1048576K
}
Event: 1045.752 GC heap after
{Heap after GC invocations=35 (full 0):
 garbage-first heap   total 177152K, used 97839K [0x0000000080000000, 0x0000000100000000)
  region size 1024K, 5 young (5120K), 5 survivors (5120K)
 Metaspace       used 104435K, committed 106880K, reserved 1179648K
  class space    used 14395K, committed 15616K, reserved 1048576K
}
Event: 1047.569 GC heap before
{Heap before GC invocations=35 (full 0):
 garbage-first heap   total 177152K, used 171567K [0x0000000080000000, 0x0000000100000000)
  region size 1024K, 68 young (69632K), 5 survivors (5120K)
 Metaspace       used 107203K, committed 109696K, reserved 1179648K
  class space    used 14740K, committed 16000K, reserved 1048576K
}
Event: 1047.583 GC heap after
{Heap after GC invocations=36 (full 0):
 garbage-first heap   total 187392K, used 109502K [0x0000000080000000, 0x0000000100000000)
  region size 1024K, 9 young (9216K), 9 survivors (9216K)
 Metaspace       used 107203K, committed 109696K, reserved 1179648K
  class space    used 14740K, committed 16000K, reserved 1048576K
}
Event: 1047.767 GC heap before
{Heap before GC invocations=36 (full 0):
 garbage-first heap   total 187392K, used 118718K [0x0000000080000000, 0x0000000100000000)
  region size 1024K, 18 young (18432K), 9 survivors (9216K)
 Metaspace       used 108169K, committed 110592K, reserved 1179648K
  class space    used 14818K, committed 16064K, reserved 1048576K
}
Event: 1047.776 GC heap after
{Heap after GC invocations=37 (full 0):
 garbage-first heap   total 187392K, used 111332K [0x0000000080000000, 0x0000000100000000)
  region size 1024K, 2 young (2048K), 2 survivors (2048K)
 Metaspace       used 108169K, committed 110592K, reserved 1179648K
  class space    used 14818K, committed 16064K, reserved 1048576K
}
Event: 1049.378 GC heap before
{Heap before GC invocations=38 (full 0):
 garbage-first heap   total 188416K, used 173796K [0x0000000080000000, 0x0000000100000000)
  region size 1024K, 61 young (62464K), 2 survivors (2048K)
 Metaspace       used 113439K, committed 115968K, reserved 1179648K
  class space    used 15517K, committed 16768K, reserved 1048576K
}
Event: 1049.383 GC heap after
{Heap after GC invocations=39 (full 0):
 garbage-first heap   total 188416K, used 116678K [0x0000000080000000, 0x0000000100000000)
  region size 1024K, 5 young (5120K), 5 survivors (5120K)
 Metaspace       used 113439K, committed 115968K, reserved 1179648K
  class space    used 15517K, committed 16768K, reserved 1048576K
}
Event: 1051.313 GC heap before
{Heap before GC invocations=39 (full 0):
 garbage-first heap   total 188416K, used 177094K [0x0000000080000000, 0x0000000100000000)
  region size 1024K, 60 young (61440K), 5 survivors (5120K)
 Metaspace       used 116706K, committed 119296K, reserved 1179648K
  class space    used 15947K, committed 17280K, reserved 1048576K
}
Event: 1051.323 GC heap after
{Heap after GC invocations=40 (full 0):
 garbage-first heap   total 190464K, used 117231K [0x0000000080000000, 0x0000000100000000)
  region size 1024K, 8 young (8192K), 8 survivors (8192K)
 Metaspace       used 116706K, committed 119296K, reserved 1179648K
  class space    used 15947K, committed 17280K, reserved 1048576K
}
Event: 1052.268 GC heap before
{Heap before GC invocations=40 (full 0):
 garbage-first heap   total 190464K, used 141807K [0x0000000080000000, 0x0000000100000000)
  region size 1024K, 33 young (33792K), 8 survivors (8192K)
 Metaspace       used 118742K, committed 121408K, reserved 1179648K
  class space    used 16189K, committed 17536K, reserved 1048576K
}
Event: 1052.275 GC heap after
{Heap after GC invocations=41 (full 0):
 garbage-first heap   total 190464K, used 120819K [0x0000000080000000, 0x0000000100000000)
  region size 1024K, 4 young (4096K), 4 survivors (4096K)
 Metaspace       used 118742K, committed 121408K, reserved 1179648K
  class space    used 16189K, committed 17536K, reserved 1048576K
}

Dll operation events (14 events):
Event: 0.006 Loaded shared library C:\Users\rawat\.antigravity-ide\extensions\redhat.java-1.55.0-win32-x64\jre\21.0.11-win32-x86_64\bin\java.dll
Event: 0.042 Loaded shared library C:\Users\rawat\.antigravity-ide\extensions\redhat.java-1.55.0-win32-x64\jre\21.0.11-win32-x86_64\bin\zip.dll
Event: 0.054 Loaded shared library C:\Users\rawat\.antigravity-ide\extensions\redhat.java-1.55.0-win32-x64\jre\21.0.11-win32-x86_64\bin\instrument.dll
Event: 0.058 Loaded shared library C:\Users\rawat\.antigravity-ide\extensions\redhat.java-1.55.0-win32-x64\jre\21.0.11-win32-x86_64\bin\net.dll
Event: 0.059 Loaded shared library C:\Users\rawat\.antigravity-ide\extensions\redhat.java-1.55.0-win32-x64\jre\21.0.11-win32-x86_64\bin\nio.dll
Event: 0.061 Loaded shared library C:\Users\rawat\.antigravity-ide\extensions\redhat.java-1.55.0-win32-x64\jre\21.0.11-win32-x86_64\bin\zip.dll
Event: 0.222 Loaded shared library C:\Users\rawat\.antigravity-ide\extensions\redhat.java-1.55.0-win32-x64\jre\21.0.11-win32-x86_64\bin\jimage.dll
Event: 0.320 Loaded shared library C:\Users\rawat\.antigravity-ide\extensions\redhat.java-1.55.0-win32-x64\jre\21.0.11-win32-x86_64\bin\verify.dll
Event: 0.377 Loaded shared library C:\Users\rawat\.gradle\native\1def1411415f61bf3af743bc5b6707747c0891f09f0c88961ee8f79bc544acac\windows-amd64\native-platform.dll
Event: 0.386 Loaded shared library C:\Users\rawat\.gradle\native\0.2.7\x86_64-windows-gnu\gradle-fileevents.dll
Event: 1.126 Loaded shared library C:\Users\rawat\.antigravity-ide\extensions\redhat.java-1.55.0-win32-x64\jre\21.0.11-win32-x86_64\bin\management.dll
Event: 1.129 Loaded shared library C:\Users\rawat\.antigravity-ide\extensions\redhat.java-1.55.0-win32-x64\jre\21.0.11-win32-x86_64\bin\management_ext.dll
Event: 1.238 Loaded shared library C:\Users\rawat\.antigravity-ide\extensions\redhat.java-1.55.0-win32-x64\jre\21.0.11-win32-x86_64\bin\extnet.dll
Event: 1.395 Loaded shared library C:\Users\rawat\.antigravity-ide\extensions\redhat.java-1.55.0-win32-x64\jre\21.0.11-win32-x86_64\bin\sunmscapi.dll

Deoptimization events (20 events):
Event: 1052.000 Thread 0x0000016ce328e5d0 Uncommon trap: trap_request=0xffffffd6 fr.pc=0x0000016c8e12c600 relative=0x00000000000018a0
Event: 1052.000 Thread 0x0000016ce328e5d0 Uncommon trap: reason=array_check action=maybe_recompile pc=0x0000016c8e12c600 method=java.util.TimSort.reverseRange([Ljava/lang/Object;II)V @ 20 c2
Event: 1052.000 Thread 0x0000016ce328e5d0 DEOPT PACKING pc=0x0000016c8e12c600 sp=0x00000008027f8070
Event: 1052.000 Thread 0x0000016ce328e5d0 DEOPT UNPACKING pc=0x0000016c8d5d7ba2 sp=0x00000008027f7f08 mode 2
Event: 1052.339 Thread 0x0000016ce328e5d0 Uncommon trap: trap_request=0xffffffde fr.pc=0x0000016c8df5c4b8 relative=0x00000000000029f8
Event: 1052.339 Thread 0x0000016ce328e5d0 Uncommon trap: reason=class_check action=maybe_recompile pc=0x0000016c8df5c4b8 method=org.jetbrains.org.objectweb.asm.ClassReader.readElementValue(Lorg/jetbrains/org/objectweb/asm/AnnotationVisitor;ILjava/lang/String;[C)I @ 1022 c2
Event: 1052.339 Thread 0x0000016ce328e5d0 DEOPT PACKING pc=0x0000016c8df5c4b8 sp=0x00000008027f5fe0
Event: 1052.339 Thread 0x0000016ce328e5d0 DEOPT UNPACKING pc=0x0000016c8d5d7ba2 sp=0x00000008027f5f90 mode 2
Event: 1052.339 Thread 0x0000016ce328e5d0 Uncommon trap: trap_request=0xffffffde fr.pc=0x0000016c8df5c460 relative=0x00000000000029a0
Event: 1052.339 Thread 0x0000016ce328e5d0 Uncommon trap: reason=class_check action=maybe_recompile pc=0x0000016c8df5c460 method=org.jetbrains.org.objectweb.asm.ClassReader.readElementValue(Lorg/jetbrains/org/objectweb/asm/AnnotationVisitor;ILjava/lang/String;[C)I @ 398 c2
Event: 1052.339 Thread 0x0000016ce328e5d0 DEOPT PACKING pc=0x0000016c8df5c460 sp=0x00000008027f5fe0
Event: 1052.339 Thread 0x0000016ce328e5d0 DEOPT UNPACKING pc=0x0000016c8d5d7ba2 sp=0x00000008027f5f90 mode 2
Event: 1052.339 Thread 0x0000016ce328e5d0 Uncommon trap: trap_request=0xffffffde fr.pc=0x0000016c8df5c460 relative=0x00000000000029a0
Event: 1052.339 Thread 0x0000016ce328e5d0 Uncommon trap: reason=class_check action=maybe_recompile pc=0x0000016c8df5c460 method=org.jetbrains.org.objectweb.asm.ClassReader.readElementValue(Lorg/jetbrains/org/objectweb/asm/AnnotationVisitor;ILjava/lang/String;[C)I @ 398 c2
Event: 1052.339 Thread 0x0000016ce328e5d0 DEOPT PACKING pc=0x0000016c8df5c460 sp=0x00000008027f5fe0
Event: 1052.339 Thread 0x0000016ce328e5d0 DEOPT UNPACKING pc=0x0000016c8d5d7ba2 sp=0x00000008027f5f90 mode 2
Event: 1052.347 Thread 0x0000016ce328e5d0 Uncommon trap: trap_request=0xffffffde fr.pc=0x0000016c8df5c4b8 relative=0x00000000000029f8
Event: 1052.347 Thread 0x0000016ce328e5d0 Uncommon trap: reason=class_check action=maybe_recompile pc=0x0000016c8df5c4b8 method=org.jetbrains.org.objectweb.asm.ClassReader.readElementValue(Lorg/jetbrains/org/objectweb/asm/AnnotationVisitor;ILjava/lang/String;[C)I @ 1022 c2
Event: 1052.347 Thread 0x0000016ce328e5d0 DEOPT PACKING pc=0x0000016c8df5c4b8 sp=0x00000008027f5fe0
Event: 1052.347 Thread 0x0000016ce328e5d0 DEOPT UNPACKING pc=0x0000016c8d5d7ba2 sp=0x00000008027f5f90 mode 2

Classes loaded (20 events):
Event: 1049.330 Loading class java/security/interfaces/DSAPrivateKey
Event: 1049.330 Loading class java/security/interfaces/DSAPrivateKey done
Event: 1049.330 Loading class java/security/interfaces/DSAParams
Event: 1049.330 Loading class java/security/interfaces/DSAParams done
Event: 1049.330 Loading class java/security/spec/DSAParameterSpec
Event: 1049.331 Loading class java/security/spec/DSAParameterSpec done
Event: 1049.331 Loading class java/math/SignedMutableBigInteger
Event: 1049.331 Loading class java/math/SignedMutableBigInteger done
Event: 1049.483 Loading class java/security/KeyStore$ProtectionParameter
Event: 1049.484 Loading class java/security/KeyStore$ProtectionParameter done
Event: 1049.672 Loading class java/lang/foreign/ValueLayout
Event: 1049.672 Loading class java/lang/foreign/MemoryLayout
Event: 1049.672 Loading class java/lang/foreign/MemoryLayout done
Event: 1049.673 Loading class java/lang/foreign/ValueLayout done
Event: 1051.131 Loading class java/security/KeyStore
Event: 1051.131 Loading class java/security/KeyStore done
Event: 1051.336 Loading class sun/reflect/annotation/AnnotationInvocationHandler$1
Event: 1051.336 Loading class sun/reflect/annotation/AnnotationInvocationHandler$1 done
Event: 1051.425 Loading class java/io/CharArrayReader
Event: 1051.426 Loading class java/io/CharArrayReader done

Classes unloaded (0 events):
No events

Classes redefined (0 events):
No events

Internal exceptions (20 events):
Event: 1042.824 Thread 0x0000016ce328e5d0 Exception <a 'java/lang/NoSuchMethodError'{0x000000008a230028}: static Lorg/gradle/tooling/internal/consumer/versioning/VersionDetails;.<clinit>()V> (0x000000008a230028) 
thrown [s\src\hotspot\share\prims\jni.cpp, line 1111]
Event: 1042.824 Thread 0x0000016ce328e5d0 Exception <a 'java/lang/NoSuchMethodError'{0x000000008a232b48}: static Lorg/gradle/tooling/internal/consumer/versioning/VersionDetails$R26VersionDetails;.<clinit>()V> (0x000000008a232b48) 
thrown [s\src\hotspot\share\prims\jni.cpp, line 1111]
Event: 1042.824 Thread 0x0000016ce328e5d0 Exception <a 'java/lang/NoSuchMethodError'{0x000000008a234210}: static Lorg/gradle/tooling/internal/consumer/versioning/VersionDetails$R28VersionDetails;.<clinit>()V> (0x000000008a234210) 
thrown [s\src\hotspot\share\prims\jni.cpp, line 1111]
Event: 1042.824 Thread 0x0000016ce328e5d0 Exception <a 'java/lang/NoSuchMethodError'{0x000000008a235828}: static Lorg/gradle/tooling/internal/consumer/versioning/VersionDetails$R35VersionDetails;.<clinit>()V> (0x000000008a235828) 
thrown [s\src\hotspot\share\prims\jni.cpp, line 1111]
Event: 1042.824 Thread 0x0000016ce328e5d0 Exception <a 'java/lang/NoSuchMethodError'{0x000000008a237008}: static Lorg/gradle/tooling/internal/consumer/versioning/VersionDetails$R44VersionDetails;.<clinit>()V> (0x000000008a237008) 
thrown [s\src\hotspot\share\prims\jni.cpp, line 1111]
Event: 1042.824 Thread 0x0000016ce328e5d0 Exception <a 'java/lang/NoSuchMethodError'{0x000000008a238720}: static Lorg/gradle/tooling/internal/consumer/versioning/VersionDetails$R48VersionDetails;.<clinit>()V> (0x000000008a238720) 
thrown [s\src\hotspot\share\prims\jni.cpp, line 1111]
Event: 1042.824 Thread 0x0000016ce328e5d0 Exception <a 'java/lang/NoSuchMethodError'{0x000000008a239a28}: static Lorg/gradle/tooling/internal/consumer/versioning/VersionDetails$R51VersionDetails;.<clinit>()V> (0x000000008a239a28) 
thrown [s\src\hotspot\share\prims\jni.cpp, line 1111]
Event: 1042.828 Thread 0x0000016ce328e5d0 Exception <a 'java/lang/NoSuchMethodError'{0x000000008a24bf70}: static [Lorg/gradle/tooling/BuildAction;.<clinit>()V> (0x000000008a24bf70) 
thrown [s\src\hotspot\share\prims\jni.cpp, line 1111]
Event: 1042.829 Thread 0x0000016ce328e5d0 Exception <a 'java/lang/NoSuchMethodError'{0x000000008a25cbb8}: static Lorg/eclipse/buildship/core/internal/workspace/TellGradleToRunSynchronizationTasks;.<clinit>()V> (0x000000008a25cbb8) 
thrown [s\src\hotspot\share\prims\jni.cpp, line 1111]
Event: 1043.101 Thread 0x0000016ce328e5d0 Exception <a 'sun/nio/fs/WindowsException'{0x000000008a02d910}> (0x000000008a02d910) 
thrown [s\src\hotspot\share\prims\jni.cpp, line 520]
Event: 1043.101 Thread 0x0000016ce328e5d0 Exception <a 'sun/nio/fs/WindowsException'{0x000000008a02f0a0}> (0x000000008a02f0a0) 
thrown [s\src\hotspot\share\prims\jni.cpp, line 520]
Event: 1043.103 Thread 0x0000016ce328e5d0 Exception <a 'sun/nio/fs/WindowsException'{0x000000008a030820}> (0x000000008a030820) 
thrown [s\src\hotspot\share\prims\jni.cpp, line 520]
Event: 1043.104 Thread 0x0000016ce328e5d0 Exception <a 'sun/nio/fs/WindowsException'{0x000000008a031b98}> (0x000000008a031b98) 
thrown [s\src\hotspot\share\prims\jni.cpp, line 520]
Event: 1043.226 Thread 0x0000016ce328e5d0 Implicit null exception at 0x0000016c8e05c8dd to 0x0000016c8e05cd4c
Event: 1043.530 Thread 0x0000016ce328e5d0 Exception <a 'sun/nio/fs/WindowsException'{0x0000000088cbbef8}> (0x0000000088cbbef8) 
thrown [s\src\hotspot\share\prims\jni.cpp, line 520]
Event: 1043.531 Thread 0x0000016ce328e5d0 Exception <a 'sun/nio/fs/WindowsException'{0x0000000088cbd5c0}> (0x0000000088cbd5c0) 
thrown [s\src\hotspot\share\prims\jni.cpp, line 520]
Event: 1043.554 Thread 0x0000016ce328e5d0 Exception <a 'sun/nio/fs/WindowsException'{0x0000000088cbf948}> (0x0000000088cbf948) 
thrown [s\src\hotspot\share\prims\jni.cpp, line 520]
Event: 1046.180 Thread 0x0000016ce0a5d650 Implicit null exception at 0x0000016c8df0518b to 0x0000016c8df05250
Event: 1046.191 Thread 0x0000016ce0a5d650 Exception <a 'java/lang/NoSuchMethodError'{0x0000000088e073f0}: static Lorg/gradle/internal/build/event/types/DefaultProjectConfigurationSuccessResult;.<clinit>()V> (0x0000000088e073f0) 
thrown [s\src\hotspot\share\prims\jni.cpp, line 1111]
Event: 1048.237 Thread 0x0000016ce328e5d0 Exception <a 'java/lang/ClassNotFoundException'{0x00000000896c28c8}: sun/misc/SharedSecrets> (0x00000000896c28c8) 
thrown [s\src\hotspot\share\classfile\systemDictionary.cpp, line 313]

ZGC Phase Switch (0 events):
No events

VM Operations (20 events):
Event: 1047.776 Executing safepoint VM operation: G1CollectForAllocation (G1 Evacuation Pause) done
Event: 1047.874 Executing safepoint VM operation: G1PauseRemark
Event: 1047.883 Executing safepoint VM operation: G1PauseRemark done
Event: 1047.932 Executing safepoint VM operation: G1PauseCleanup
Event: 1047.933 Executing safepoint VM operation: G1PauseCleanup done
Event: 1048.535 Executing non-safepoint VM operation: HandshakeAllThreads (Deoptimize)
Event: 1048.535 Executing non-safepoint VM operation: HandshakeAllThreads (Deoptimize) done
Event: 1048.988 Executing non-safepoint VM operation: HandshakeAllThreads (Deoptimize)
Event: 1048.989 Executing non-safepoint VM operation: HandshakeAllThreads (Deoptimize) done
Event: 1048.989 Executing safepoint VM operation: Cleanup
Event: 1048.989 Executing safepoint VM operation: Cleanup done
Event: 1049.377 Executing safepoint VM operation: G1CollectForAllocation (G1 Evacuation Pause)
Event: 1049.383 Executing safepoint VM operation: G1CollectForAllocation (G1 Evacuation Pause) done
Event: 1050.385 Executing safepoint VM operation: Cleanup
Event: 1051.072 Executing safepoint VM operation: Cleanup done
Event: 1051.313 Executing safepoint VM operation: G1CollectForAllocation (G1 Evacuation Pause)
Event: 1051.323 Executing safepoint VM operation: G1CollectForAllocation (G1 Evacuation Pause) done
Event: 1052.268 Executing safepoint VM operation: G1TryInitiateConcMark (G1 Humongous Allocation)
Event: 1052.275 Executing safepoint VM operation: G1TryInitiateConcMark (G1 Humongous Allocation) done
Event: 1052.384 Executing safepoint VM operation: G1PauseRemark

Memory protections (0 events):
No events

Nmethod flushes (20 events):
Event: 1047.881 Thread 0x0000016c9a5c5ad0 flushing  nmethod 0x0000016c863e9e10
Event: 1047.881 Thread 0x0000016c9a5c5ad0 flushing  nmethod 0x0000016c86476990
Event: 1047.881 Thread 0x0000016c9a5c5ad0 flushing  nmethod 0x0000016c864acf90
Event: 1047.881 Thread 0x0000016c9a5c5ad0 flushing  nmethod 0x0000016c866c8790
Event: 1047.881 Thread 0x0000016c9a5c5ad0 flushing  nmethod 0x0000016c86878190
Event: 1047.881 Thread 0x0000016c9a5c5ad0 flushing  nmethod 0x0000016c869bdc10
Event: 1047.881 Thread 0x0000016c9a5c5ad0 flushing  nmethod 0x0000016c86d76310
Event: 1047.881 Thread 0x0000016c9a5c5ad0 flushing  nmethod 0x0000016c86f7c510
Event: 1047.881 Thread 0x0000016c9a5c5ad0 flushing  nmethod 0x0000016c86f7d110
Event: 1047.881 Thread 0x0000016c9a5c5ad0 flushing  nmethod 0x0000016c86f7d810
Event: 1047.881 Thread 0x0000016c9a5c5ad0 flushing  nmethod 0x0000016c86f7f390
Event: 1047.881 Thread 0x0000016c9a5c5ad0 flushing  nmethod 0x0000016c86f80890
Event: 1047.881 Thread 0x0000016c9a5c5ad0 flushing  nmethod 0x0000016c86f81e10
Event: 1047.881 Thread 0x0000016c9a5c5ad0 flushing  nmethod 0x0000016c87097890
Event: 1047.881 Thread 0x0000016c9a5c5ad0 flushing  nmethod 0x0000016c870e4890
Event: 1047.881 Thread 0x0000016c9a5c5ad0 flushing  nmethod 0x0000016c870e5310
Event: 1047.881 Thread 0x0000016c9a5c5ad0 flushing  nmethod 0x0000016c870e7490
Event: 1047.881 Thread 0x0000016c9a5c5ad0 flushing  nmethod 0x0000016c8729d990
Event: 1047.881 Thread 0x0000016c9a5c5ad0 flushing  nmethod 0x0000016c872f0c10
Event: 1047.881 Thread 0x0000016c9a5c5ad0 flushing  nmethod 0x0000016c872f7710

Events (20 events):
Event: 1044.429 Thread 0x0000016ce328e5d0 Thread added: 0x0000016ce1915240
Event: 1044.429 Thread 0x0000016ce328e5d0 Thread added: 0x0000016ce328ec60
Event: 1044.429 Thread 0x0000016ce328e5d0 Thread added: 0x0000016ce328f2f0
Event: 1044.429 Thread 0x0000016ce328e5d0 Thread added: 0x0000016ce328f980
Event: 1044.430 Thread 0x0000016ce328e5d0 Thread added: 0x0000016ce328cb90
Event: 1044.430 Thread 0x0000016ce328e5d0 Thread added: 0x0000016ce32920e0
Event: 1045.629 Thread 0x0000016ce174ab60 Thread exited: 0x0000016ce174ab60
Event: 1045.964 Thread 0x0000016ce328e5d0 Thread added: 0x0000016ce3291a50
Event: 1045.965 Thread 0x0000016ce328e5d0 Thread added: 0x0000016ce0a64c70
Event: 1045.966 Thread 0x0000016ce328e5d0 Thread added: 0x0000016ce0a638c0
Event: 1045.966 Thread 0x0000016ce328e5d0 Thread added: 0x0000016ce0a63230
Event: 1045.969 Thread 0x0000016ce328e5d0 Thread added: 0x0000016ce0a62ba0
Event: 1045.969 Thread 0x0000016ce328e5d0 Thread added: 0x0000016ce0a63f50
Event: 1045.969 Thread 0x0000016ce328e5d0 Thread added: 0x0000016ce0a645e0
Event: 1045.973 Thread 0x0000016c9a5fb9e0 Thread added: 0x0000016ce174ab60
Event: 1046.583 Thread 0x0000016ce174ab60 Thread exited: 0x0000016ce174ab60
Event: 1049.071 Thread 0x0000016ce328e5d0 Thread added: 0x0000016ce5fe8650
Event: 1049.343 Thread 0x0000016c9a5fb9e0 Thread added: 0x0000016ce6357c80
Event: 1051.467 Thread 0x0000016ce328e5d0 Thread added: 0x0000016ce5fe1030
Event: 1051.769 Thread 0x0000016ce6357c80 Thread exited: 0x0000016ce6357c80


Dynamic libraries:
0x00007ff74e390000 - 0x00007ff74e39e000 	C:\Users\rawat\.antigravity-ide\extensions\redhat.java-1.55.0-win32-x64\jre\21.0.11-win32-x86_64\bin\java.exe
0x00007ffbfd760000 - 0x00007ffbfd9c6000 	C:\WINDOWS\SYSTEM32\ntdll.dll
0x00007ffbfd220000 - 0x00007ffbfd2e9000 	C:\WINDOWS\System32\KERNEL32.DLL
0x00007ffbfafc0000 - 0x00007ffbfb3be000 	C:\WINDOWS\System32\KERNELBASE.dll
0x00007ffbfaac0000 - 0x00007ffbfac0c000 	C:\WINDOWS\System32\ucrtbase.dll
0x00007ffbd8160000 - 0x00007ffbd8178000 	C:\Users\rawat\.antigravity-ide\extensions\redhat.java-1.55.0-win32-x64\jre\21.0.11-win32-x86_64\bin\jli.dll
0x00007ffbcf410000 - 0x00007ffbcf42e000 	C:\Users\rawat\.antigravity-ide\extensions\redhat.java-1.55.0-win32-x64\jre\21.0.11-win32-x86_64\bin\VCRUNTIME140.dll
0x00007ffbfd2f0000 - 0x00007ffbfd4b7000 	C:\WINDOWS\System32\USER32.dll
0x00007ffbfaed0000 - 0x00007ffbfaef7000 	C:\WINDOWS\System32\win32u.dll
0x00007ffbfc720000 - 0x00007ffbfc74b000 	C:\WINDOWS\System32\GDI32.dll
0x00007ffbfac20000 - 0x00007ffbfad4a000 	C:\WINDOWS\System32\gdi32full.dll
0x00007ffbded60000 - 0x00007ffbdeff2000 	C:\WINDOWS\WinSxS\amd64_microsoft.windows.common-controls_6595b64144ccf1df_6.0.26100.8875_none_3e0d5d42e32fe9dd\COMCTL32.dll
0x00007ffbfaa10000 - 0x00007ffbfaab3000 	C:\WINDOWS\System32\msvcp_win.dll
0x00007ffbfb490000 - 0x00007ffbfb539000 	C:\WINDOWS\System32\msvcrt.dll
0x00007ffbfbce0000 - 0x00007ffbfbd12000 	C:\WINDOWS\System32\IMM32.DLL
0x00007ffbf7220000 - 0x00007ffbf722c000 	C:\Users\rawat\.antigravity-ide\extensions\redhat.java-1.55.0-win32-x64\jre\21.0.11-win32-x86_64\bin\vcruntime140_1.dll
0x00007ffbc6090000 - 0x00007ffbc611d000 	C:\Users\rawat\.antigravity-ide\extensions\redhat.java-1.55.0-win32-x64\jre\21.0.11-win32-x86_64\bin\msvcp140.dll
0x00007ffb41930000 - 0x00007ffb426d2000 	C:\Users\rawat\.antigravity-ide\extensions\redhat.java-1.55.0-win32-x64\jre\21.0.11-win32-x86_64\bin\server\jvm.dll
0x00007ffbfc9f0000 - 0x00007ffbfcaa7000 	C:\WINDOWS\System32\ADVAPI32.dll
0x00007ffbfc930000 - 0x00007ffbfc9da000 	C:\WINDOWS\System32\sechost.dll
0x00007ffbfcab0000 - 0x00007ffbfcbc8000 	C:\WINDOWS\System32\RPCRT4.dll
0x00007ffbfc230000 - 0x00007ffbfc2b0000 	C:\WINDOWS\System32\WS2_32.dll
0x00007ffbfa7e0000 - 0x00007ffbfa83e000 	C:\WINDOWS\SYSTEM32\POWRPROF.dll
0x00007ffbef4c0000 - 0x00007ffbef4cb000 	C:\WINDOWS\SYSTEM32\VERSION.dll
0x00007ffbea130000 - 0x00007ffbea166000 	C:\WINDOWS\SYSTEM32\WINMM.dll
0x00007ffbfa7c0000 - 0x00007ffbfa7d4000 	C:\WINDOWS\SYSTEM32\UMPDC.dll
0x00007ffbf9660000 - 0x00007ffbf967b000 	C:\WINDOWS\SYSTEM32\kernel.appcore.dll
0x00007ffbeedc0000 - 0x00007ffbeedca000 	C:\Users\rawat\.antigravity-ide\extensions\redhat.java-1.55.0-win32-x64\jre\21.0.11-win32-x86_64\bin\jimage.dll
0x00007ffbf7d00000 - 0x00007ffbf7f42000 	C:\WINDOWS\SYSTEM32\DBGHELP.DLL
0x00007ffbfce80000 - 0x00007ffbfd203000 	C:\WINDOWS\System32\combase.dll
0x00007ffbfc640000 - 0x00007ffbfc719000 	C:\WINDOWS\System32\OLEAUT32.dll
0x00007ffbd07c0000 - 0x00007ffbd07fb000 	C:\WINDOWS\SYSTEM32\dbgcore.DLL
0x00007ffbfaf00000 - 0x00007ffbfafac000 	C:\WINDOWS\System32\bcryptPrimitives.dll
0x00007ffbee260000 - 0x00007ffbee26f000 	C:\Users\rawat\.antigravity-ide\extensions\redhat.java-1.55.0-win32-x64\jre\21.0.11-win32-x86_64\bin\instrument.dll
0x00007ffbe4ea0000 - 0x00007ffbe4ec0000 	C:\Users\rawat\.antigravity-ide\extensions\redhat.java-1.55.0-win32-x64\jre\21.0.11-win32-x86_64\bin\java.dll
0x00007ffbfb540000 - 0x00007ffbfbcd2000 	C:\WINDOWS\System32\SHELL32.dll
0x00007ffbf8400000 - 0x00007ffbf8c92000 	C:\WINDOWS\SYSTEM32\windows.storage.dll
0x00007ffbfd5a0000 - 0x00007ffbfd697000 	C:\WINDOWS\System32\SHCORE.dll
0x00007ffbfcbd0000 - 0x00007ffbfcc37000 	C:\WINDOWS\System32\shlwapi.dll
0x00007ffbfa8a0000 - 0x00007ffbfa8c9000 	C:\WINDOWS\SYSTEM32\profapi.dll
0x00007ffbca780000 - 0x00007ffbca798000 	C:\Users\rawat\.antigravity-ide\extensions\redhat.java-1.55.0-win32-x64\jre\21.0.11-win32-x86_64\bin\zip.dll
0x00007ffbe7070000 - 0x00007ffbe7080000 	C:\Users\rawat\.antigravity-ide\extensions\redhat.java-1.55.0-win32-x64\jre\21.0.11-win32-x86_64\bin\net.dll
0x00007ffbef620000 - 0x00007ffbef747000 	C:\WINDOWS\SYSTEM32\WINHTTP.dll
0x00007ffbf9c10000 - 0x00007ffbf9c7c000 	C:\WINDOWS\system32\mswsock.dll
0x00007ffbc8e00000 - 0x00007ffbc8e16000 	C:\Users\rawat\.antigravity-ide\extensions\redhat.java-1.55.0-win32-x64\jre\21.0.11-win32-x86_64\bin\nio.dll
0x00007ffbe6b40000 - 0x00007ffbe6b50000 	C:\Users\rawat\.antigravity-ide\extensions\redhat.java-1.55.0-win32-x64\jre\21.0.11-win32-x86_64\bin\verify.dll
0x00007ffbc2430000 - 0x00007ffbc2457000 	C:\Users\rawat\.gradle\native\1def1411415f61bf3af743bc5b6707747c0891f09f0c88961ee8f79bc544acac\windows-amd64\native-platform.dll
0x00007ffb8a770000 - 0x00007ffb8a7e8000 	C:\Users\rawat\.gradle\native\0.2.7\x86_64-windows-gnu\gradle-fileevents.dll
0x00007ffbe66c0000 - 0x00007ffbe66ca000 	C:\Users\rawat\.antigravity-ide\extensions\redhat.java-1.55.0-win32-x64\jre\21.0.11-win32-x86_64\bin\management.dll
0x00007ffbc9960000 - 0x00007ffbc996c000 	C:\Users\rawat\.antigravity-ide\extensions\redhat.java-1.55.0-win32-x64\jre\21.0.11-win32-x86_64\bin\management_ext.dll
0x00007ffbfd210000 - 0x00007ffbfd218000 	C:\WINDOWS\System32\PSAPI.DLL
0x00007ffbf90c0000 - 0x00007ffbf90f3000 	C:\WINDOWS\SYSTEM32\IPHLPAPI.DLL
0x00007ffbfcde0000 - 0x00007ffbfcdea000 	C:\WINDOWS\System32\NSI.dll
0x00007ffbc62e0000 - 0x00007ffbc62e9000 	C:\Users\rawat\.antigravity-ide\extensions\redhat.java-1.55.0-win32-x64\jre\21.0.11-win32-x86_64\bin\extnet.dll
0x00007ffbf9f30000 - 0x00007ffbf9f4b000 	C:\WINDOWS\SYSTEM32\CRYPTSP.dll
0x00007ffbf95c0000 - 0x00007ffbf95f9000 	C:\WINDOWS\system32\rsaenh.dll
0x00007ffbf9cd0000 - 0x00007ffbf9d02000 	C:\WINDOWS\SYSTEM32\USERENV.dll
0x00007ffbfa870000 - 0x00007ffbfa89a000 	C:\WINDOWS\SYSTEM32\bcrypt.dll
0x00007ffbf9f10000 - 0x00007ffbf9f1c000 	C:\WINDOWS\SYSTEM32\CRYPTBASE.dll
0x00007ffbc6060000 - 0x00007ffbc606e000 	C:\Users\rawat\.antigravity-ide\extensions\redhat.java-1.55.0-win32-x64\jre\21.0.11-win32-x86_64\bin\sunmscapi.dll
0x00007ffbfad50000 - 0x00007ffbfaec8000 	C:\WINDOWS\System32\CRYPT32.dll
0x00007ffbfa150000 - 0x00007ffbfa180000 	C:\WINDOWS\SYSTEM32\ncrypt.dll
0x00007ffbfa100000 - 0x00007ffbfa13f000 	C:\WINDOWS\SYSTEM32\NTASN1.dll
0x00007ffb7cb70000 - 0x00007ffb7cb78000 	C:\WINDOWS\system32\wshunix.dll

JVMTI agents:
C:\Users\rawat\.gradle\wrapper\dists\gradle-8.13-bin\5xuhj0ry160q40clulazy9h7d\gradle-8.13\lib\agents\gradle-instrumentation-agent-8.13.jar path:C:\Users\rawat\.antigravity-ide\extensions\redhat.java-1.55.0-win32-x64\jre\21.0.11-win32-x86_64\bin\instrument.dll, loaded, initialized, instrumentlib options:none

dbghelp: loaded successfully - version: 4.0.5 - missing functions: none
symbol engine: initialized successfully - sym options: 0x614 - pdb path: .;C:\Users\rawat\.antigravity-ide\extensions\redhat.java-1.55.0-win32-x64\jre\21.0.11-win32-x86_64\bin;C:\WINDOWS\SYSTEM32;C:\WINDOWS\WinSxS\amd64_microsoft.windows.common-controls_6595b64144ccf1df_6.0.26100.8875_none_3e0d5d42e32fe9dd;C:\Users\rawat\.antigravity-ide\extensions\redhat.java-1.55.0-win32-x64\jre\21.0.11-win32-x86_64\bin\server;C:\Users\rawat\.gradle\native\1def1411415f61bf3af743bc5b6707747c0891f09f0c88961ee8f79bc544acac\windows-amd64;C:\Users\rawat\.gradle\native\0.2.7\x86_64-windows-gnu

VM Arguments:
jvm_args: --add-opens=java.base/java.lang=ALL-UNNAMED --add-opens=java.base/java.lang.invoke=ALL-UNNAMED --add-opens=java.base/java.util=ALL-UNNAMED --add-opens=java.prefs/java.util.prefs=ALL-UNNAMED --add-exports=jdk.compiler/com.sun.tools.javac.api=ALL-UNNAMED --add-exports=jdk.compiler/com.sun.tools.javac.util=ALL-UNNAMED --add-opens=java.base/java.util=ALL-UNNAMED --add-opens=java.prefs/java.util.prefs=ALL-UNNAMED --add-opens=java.base/java.nio.charset=ALL-UNNAMED --add-opens=java.base/java.net=ALL-UNNAMED --add-opens=java.base/java.util.concurrent.atomic=ALL-UNNAMED --add-opens=java.xml/javax.xml.namespace=ALL-UNNAMED -Xmx2048m -Dfile.encoding=UTF-8 -Duser.country=US -Duser.language=en -Duser.variant -javaagent:C:\Users\rawat\.gradle\wrapper\dists\gradle-8.13-bin\5xuhj0ry160q40clulazy9h7d\gradle-8.13\lib\agents\gradle-instrumentation-agent-8.13.jar 
java_command: org.gradle.launcher.daemon.bootstrap.GradleDaemon 8.13
java_class_path (initial): C:\Users\rawat\.gradle\wrapper\dists\gradle-8.13-bin\5xuhj0ry160q40clulazy9h7d\gradle-8.13\lib\gradle-daemon-main-8.13.jar
Launcher Type: SUN_STANDARD

[Global flags]
     intx CICompilerCount                          = 4                                         {product} {ergonomic}
     uint ConcGCThreads                            = 2                                         {product} {ergonomic}
     uint G1ConcRefinementThreads                  = 8                                         {product} {ergonomic}
   size_t G1HeapRegionSize                         = 1048576                                   {product} {ergonomic}
    uintx GCDrainStackTargetSize                   = 64                                        {product} {ergonomic}
   size_t InitialHeapSize                          = 130023424                                 {product} {ergonomic}
   size_t MarkStackSize                            = 4194304                                   {product} {ergonomic}
   size_t MaxHeapSize                              = 2147483648                                {product} {command line}
   size_t MaxNewSize                               = 1287651328                                {product} {ergonomic}
   size_t MinHeapDeltaBytes                        = 1048576                                   {product} {ergonomic}
   size_t MinHeapSize                              = 8388608                                   {product} {ergonomic}
    uintx NonNMethodCodeHeapSize                   = 5839372                                {pd product} {ergonomic}
    uintx NonProfiledCodeHeapSize                  = 122909434                              {pd product} {ergonomic}
    uintx ProfiledCodeHeapSize                     = 122909434                              {pd product} {ergonomic}
    uintx ReservedCodeCacheSize                    = 251658240                              {pd product} {ergonomic}
     bool SegmentedCodeCache                       = true                                      {product} {ergonomic}
   size_t SoftMaxHeapSize                          = 2147483648                             {manageable} {ergonomic}
     bool UseCompressedOops                        = true                           {product lp64_product} {ergonomic}
     bool UseG1GC                                  = true                                      {product} {ergonomic}
     bool UseLargePagesIndividualAllocation        = false                                  {pd product} {ergonomic}

Logging:
Log output configuration:
 #0: stdout all=warning uptime,level,tags foldmultilines=false
 #1: stderr all=off uptime,level,tags foldmultilines=false

Release file:
JAVA_VERSION="21.0.11" 
MODULES="java.base java.compiler java.datatransfer java.xml java.prefs java.desktop java.instrument java.logging java.management java.security.sasl java.naming java.rmi java.management.rmi java.net.http java.scripting java.security.jgss java.transaction.xa java.sql java.sql.rowset java.xml.crypto java.se java.smartcardio jdk.accessibility jdk.internal.jvmstat jdk.attach jdk.charsets jdk.internal.opt jdk.zipfs jdk.compiler jdk.crypto.ec jdk.crypto.cryptoki jdk.crypto.mscapi jdk.dynalink jdk.internal.ed jdk.editpad jdk.hotspot.agent jdk.httpserver jdk.internal.le jdk.internal.vm.ci jdk.internal.vm.compiler jdk.internal.vm.compiler.management jdk.jartool jdk.javadoc jdk.jcmd jdk.management jdk.management.agent jdk.jconsole jdk.jdeps jdk.jdwp.agent jdk.jdi jdk.jfr jdk.jshell jdk.jsobject jdk.jstatd jdk.localedata jdk.management.jfr jdk.naming.dns jdk.naming.rmi jdk.net jdk.nio.mapmode jdk.random jdk.sctp jdk.security.auth jdk.security.jgss jdk.unsupported jdk.unsupported.desktop jdk.xml.dom" 

Environment Variables:
PATH=C:\Program Files\Common Files\Oracle\Java\javapath;C:\Windows\system32;C:\Windows;C:\Windows\System32\Wbem;C:\Windows\System32\WindowsPowerShell\v1.0\;C:\Windows\System32\OpenSSH\;C:\Program Files\NVIDIA Corporation\NVIDIA NvDLISR;C:\WINDOWS\system32;C:\WINDOWS;C:\WINDOWS\System32\Wbem;C:\WINDOWS\System32\WindowsPowerShell\v1.0\;C:\WINDOWS\System32\OpenSSH\;C:\Program Files\dotnet\;C:\Program Files (x86)\Windows Kits\10\Windows Performance Toolkit\;C:\Program Files\Git\cmd;C:\Program Files\Git\bin;C:\MinGW\bin;C:\Program Files\MySQL\MySQL Server 8.0\bin;C:\Program Files\MySQL\MySQL Shell 8.0\bin\;C:\Users\rawat\AppData\Local\Programs\Python\Python314\Scripts\;C:\Users\rawat\AppData\Local\Programs\Python\Python314\;C:\Users\rawat\AppData\Local\Microsoft\WindowsApps;C:\Users\rawat\AppData\Local\Programs\Microsoft VS Code\bin;C:\Users\rawat\Downloads\flutter_windows_3.38.3-stable\flutter\bin;C:\MinGW\bin;C:\Users\rawat\AppData\Local\Programs\Antigravity IDE\bin
USERNAME=rawat
OS=Windows_NT
PROCESSOR_IDENTIFIER=Intel64 Family 6 Model 140 Stepping 1, GenuineIntel
TMP=C:\Users\rawat\AppData\Local\Temp
TEMP=C:\Users\rawat\AppData\Local\Temp




Periodic native trim disabled

---------------  S Y S T E M  ---------------

OS:
 Windows 11 , 64 bit Build 26100 (10.0.26100.8875)
OS uptime: 2 days 21:53 hours
Hyper-V role detected

CPU: total 8 (initial active 8) (4 cores per cpu, 2 threads per core) family 6 model 140 stepping 1 microcode 0xbe, cx8, cmov, fxsr, ht, mmx, 3dnowpref, sse, sse2, sse3, ssse3, sse4.1, sse4.2, popcnt, lzcnt, tsc, tscinvbit, avx, avx2, aes, erms, clmul, bmi1, bmi2, adx, avx512f, avx512dq, avx512cd, avx512bw, avx512vl, sha, fma, vzeroupper, avx512_vpopcntdq, avx512_vpclmulqdq, avx512_vaes, avx512_vnni, clflush, clflushopt, clwb, avx512_vbmi2, avx512_vbmi, hv, rdtscp, rdpid, fsrm, gfni, avx512_bitalg, f16c, cet_ibt, cet_ss, avx512_ifma
Processor Information for the first 8 processors :
  Max Mhz: 2803, Current Mhz: 2803, Mhz Limit: 2803

Memory: 4k page, system-wide physical 7914M (494M free)
TotalPageFile size 32490M (AvailPageFile size 1M)
current process WorkingSet (physical memory assigned to process): 403M, peak: 447M
current process commit charge ("private bytes"): 546M, peak: 546M

vm_info: OpenJDK 64-Bit Server VM (21.0.11+10-LTS) for windows-amd64 JRE (21.0.11+10-LTS), built on 2026-04-21T00:00:00Z by "admin" with MS VC++ 17.12 (VS2022)

END.
