#
# There is insufficient memory for the Java Runtime Environment to continue.
# Native memory allocation (malloc) failed to allocate 1064336 bytes. Error detail: Chunk::new
# Possible reasons:
#   The system is out of physical RAM or swap space
#   This process is running with CompressedOops enabled, and the Java Heap may be blocking the growth of the native heap
# Possible solutions:
#   Reduce memory load on the system
#   Increase physical memory or swap space
#   Check if swap backing store is full
#   Decrease Java heap size (-Xmx/-Xms)
#   Decrease number of Java threads
#   Decrease Java thread stack sizes (-Xss)
#   Set larger code cache with -XX:ReservedCodeCacheSize=
#   JVM is running with Unscaled Compressed Oops mode in which the Java heap is
#     placed in the first 4GB address space. The Java Heap base address is the
#     maximum limit for the native heap growth. Please use -XX:HeapBaseMinAddress
#     to set the Java Heap base and to place the Java Heap above 4GB virtual address.
# This output file may be truncated or incomplete.
#
#  Out of Memory Error (arena.cpp:168), pid=12812, tid=13148
#
# JRE version: OpenJDK Runtime Environment Temurin-21.0.11+10 (21.0.11+10) (build 21.0.11+10-LTS)
# Java VM: OpenJDK 64-Bit Server VM Temurin-21.0.11+10 (21.0.11+10-LTS, mixed mode, sharing, tiered, compressed oops, compressed class ptrs, parallel gc, windows-amd64)
# No core dump will be written. Minidumps are not enabled by default on client versions of Windows
#

---------------  S U M M A R Y ------------

Command Line: --add-modules=ALL-SYSTEM --add-opens=java.base/java.util=ALL-UNNAMED --add-opens=java.base/java.lang=ALL-UNNAMED --add-opens=java.base/sun.nio.fs=ALL-UNNAMED -Declipse.application=org.eclipse.jdt.ls.core.id1 -Dosgi.bundles.defaultStartLevel=4 -Declipse.product=org.eclipse.jdt.ls.core.product -Djava.import.generatesMetadataFilesAtProjectRoot=false -DDetectVMInstallationsJob.disabled=true -Dfile.encoding=utf8 -XX:+UseParallelGC -XX:GCTimeRatio=4 -XX:AdaptiveSizePolicyWeight=90 -Dsun.zip.disableMemoryMapping=true -Xmx2G -Xms100m -Xlog:disable -javaagent:c:\Users\rawat\.antigravity-ide\extensions\redhat.java-1.55.0-win32-x64\lombok\lombok-1.18.39-4050.jar -XX:+HeapDumpOnOutOfMemoryError -XX:HeapDumpPath=c:\Users\rawat\AppData\Roaming\Antigravity IDE\User\workspaceStorage\37c22cd9f0bef5d5ec7063b27c4af746\redhat.java -Daether.dependencyCollector.impl=bf c:\Users\rawat\.antigravity-ide\extensions\redhat.java-1.55.0-win32-x64\server\plugins\org.eclipse.equinox.launcher_1.7.200.v20260619-2039.jar -configuration c:\Users\rawat\AppData\Roaming\Antigravity IDE\User\globalStorage\redhat.java\1.55.0\config_win -data c:\Users\rawat\AppData\Roaming\Antigravity IDE\User\workspaceStorage\37c22cd9f0bef5d5ec7063b27c4af746\redhat.java\jdt_ws --pipe=\\.\pipe\lsp-b55aed8cdca1352ff51d9d917bf42764-sock

Host: 11th Gen Intel(R) Core(TM) i7-1165G7 @ 2.80GHz, 8 cores, 7G,  Windows 11 , 64 bit Build 26100 (10.0.26100.8875)
Time: Fri Jul 24 15:53:49 2026 Nepal Standard Time elapsed time: 38.139163 seconds (0d 0h 0m 38s)

---------------  T H R E A D  ---------------

Current thread (0x000001b8d7e80230):  JavaThread "C2 CompilerThread1" daemon [_thread_in_native, id=13148, stack(0x0000003884800000,0x0000003884900000) (1024K)]


Current CompileTask:
C2:38139 9387       4       org.gradle.tooling.internal.provider.StreamedValueConsumer::dispatch (48 bytes)

Stack: [0x0000003884800000,0x0000003884900000]
Native frames: (J=compiled Java code, j=interpreted, Vv=VM code, C=native code)
V  [jvm.dll+0x6d7e19]
V  [jvm.dll+0x8b5096]
V  [jvm.dll+0x8b764e]
V  [jvm.dll+0x8b7d33]
V  [jvm.dll+0x284596]
V  [jvm.dll+0xc685d]
V  [jvm.dll+0xc6da1]
V  [jvm.dll+0x3bed31]
V  [jvm.dll+0x38b2b2]
V  [jvm.dll+0x38a6fa]
V  [jvm.dll+0x24c700]
V  [jvm.dll+0x24bce0]
V  [jvm.dll+0x1cb4ae]
V  [jvm.dll+0x25baad]
V  [jvm.dll+0x25a03a]
V  [jvm.dll+0x3f868e]
V  [jvm.dll+0x85fb0d]
V  [jvm.dll+0x6d664d]
C  [ucrtbase.dll+0x2cd30]
C  [KERNEL32.DLL+0x2e957]
C  [ntdll.dll+0xaad6c]


---------------  P R O C E S S  ---------------

Threads class SMR info:
_java_thread_list=0x000001b8d7bd0f10, length=56, elements={
0x000001b8f279a470, 0x000001b8f9f5f130, 0x000001b8f9f65380, 0x000001b8f9f67800,
0x000001b8f9f68390, 0x000001b8f9f68f20, 0x000001b8f9f69ce0, 0x000001b8f9f6ca80,
0x000001b8d4018070, 0x000001b8d41d0ae0, 0x000001b8d42440e0, 0x000001b8d475b330,
0x000001b8d4baf590, 0x000001b8d49cd630, 0x000001b8d49ce070, 0x000001b8d5107960,
0x000001b8d4e231e0, 0x000001b8d5489290, 0x000001b8d6fd65f0, 0x000001b8d6fd58d0,
0x000001b8d6fd5f60, 0x000001b8d6fd8030, 0x000001b8d6fd6c80, 0x000001b8d6fd79a0,
0x000001b8d6fd86c0, 0x000001b8d6fd8d50, 0x000001b8d70f3050, 0x000001b8d70f4400,
0x000001b8d70f2330, 0x000001b8d70f3d70, 0x000001b8d70f36e0, 0x000001b8d70f29c0,
0x000001b8d70f4a90, 0x000001b8d70f1610, 0x000001b8d58890b0, 0x000001b8d5887670,
0x000001b8d5886fe0, 0x000001b8d5889dd0, 0x000001b8d5889740, 0x000001b8d588b180,
0x000001b8d5886950, 0x000001b8d5888a20, 0x000001b8d5887d00, 0x000001b8d588b810,
0x000001b8d588a460, 0x000001b8d5888390, 0x000001b8d588d8e0, 0x000001b8d588bea0,
0x000001b8d588df70, 0x000001b8d588cbc0, 0x000001b8d588d250, 0x000001b8dd942180,
0x000001b8dd942810, 0x000001b8dd941460, 0x000001b8d7e80230, 0x000001b8da1b5aa0
}

Java Threads: ( => current thread )
  0x000001b8f279a470 JavaThread "main"                              [_thread_blocked, id=16668, stack(0x0000003880400000,0x0000003880500000) (1024K)]
  0x000001b8f9f5f130 JavaThread "Reference Handler"          daemon [_thread_blocked, id=17632, stack(0x0000003880800000,0x0000003880900000) (1024K)]
  0x000001b8f9f65380 JavaThread "Finalizer"                  daemon [_thread_blocked, id=5604, stack(0x0000003880900000,0x0000003880a00000) (1024K)]
  0x000001b8f9f67800 JavaThread "Signal Dispatcher"          daemon [_thread_blocked, id=23228, stack(0x0000003880a00000,0x0000003880b00000) (1024K)]
  0x000001b8f9f68390 JavaThread "Attach Listener"            daemon [_thread_blocked, id=6976, stack(0x0000003880b00000,0x0000003880c00000) (1024K)]
  0x000001b8f9f68f20 JavaThread "Service Thread"             daemon [_thread_blocked, id=8032, stack(0x0000003880c00000,0x0000003880d00000) (1024K)]
  0x000001b8f9f69ce0 JavaThread "Monitor Deflation Thread"   daemon [_thread_blocked, id=22080, stack(0x0000003880d00000,0x0000003880e00000) (1024K)]
  0x000001b8f9f6ca80 JavaThread "C2 CompilerThread0"         daemon [_thread_in_native, id=12792, stack(0x0000003880e00000,0x0000003880f00000) (1024K)]
  0x000001b8d4018070 JavaThread "C1 CompilerThread0"         daemon [_thread_blocked, id=13460, stack(0x0000003880f00000,0x0000003881000000) (1024K)]
  0x000001b8d41d0ae0 JavaThread "Common-Cleaner"             daemon [_thread_blocked, id=17856, stack(0x0000003881100000,0x0000003881200000) (1024K)]
  0x000001b8d42440e0 JavaThread "Notification Thread"        daemon [_thread_blocked, id=2972, stack(0x0000003881200000,0x0000003881300000) (1024K)]
  0x000001b8d475b330 JavaThread "Active Thread: Equinox Container: 0d79e892-4d4d-4671-920c-6323d013fb3f"        [_thread_blocked, id=10520, stack(0x0000003881900000,0x0000003881a00000) (1024K)]
  0x000001b8d4baf590 JavaThread "Refresh Thread: Equinox Container: 0d79e892-4d4d-4671-920c-6323d013fb3f" daemon [_thread_blocked, id=23184, stack(0x0000003881a00000,0x0000003881b00000) (1024K)]
  0x000001b8d49cd630 JavaThread "Framework Event Dispatcher: Equinox Container: 0d79e892-4d4d-4671-920c-6323d013fb3f" daemon [_thread_blocked, id=6900, stack(0x0000003881b00000,0x0000003881c00000) (1024K)]
  0x000001b8d49ce070 JavaThread "Start Level: Equinox Container: 0d79e892-4d4d-4671-920c-6323d013fb3f" daemon [_thread_blocked, id=10216, stack(0x0000003881c00000,0x0000003881d00000) (1024K)]
  0x000001b8d5107960 JavaThread "Bundle File Closer"         daemon [_thread_blocked, id=11864, stack(0x0000003881f00000,0x0000003882000000) (1024K)]
  0x000001b8d4e231e0 JavaThread "SCR Component Actor"        daemon [_thread_blocked, id=23696, stack(0x0000003881d00000,0x0000003881e00000) (1024K)]
  0x000001b8d5489290 JavaThread "Worker-JM"                         [_thread_blocked, id=9704, stack(0x0000003882000000,0x0000003882100000) (1024K)]
  0x000001b8d6fd65f0 JavaThread "JNA Cleaner"                daemon [_thread_blocked, id=9556, stack(0x0000003882200000,0x0000003882300000) (1024K)]
  0x000001b8d6fd58d0 JavaThread "Worker-0"                          [_thread_blocked, id=9548, stack(0x0000003882300000,0x0000003882400000) (1024K)]
  0x000001b8d6fd5f60 JavaThread "Worker-1: Register Watchers"        [_thread_blocked, id=2936, stack(0x0000003882400000,0x0000003882500000) (1024K)]
  0x000001b8d6fd8030 JavaThread "Java indexing"              daemon [_thread_blocked, id=16876, stack(0x0000003882500000,0x0000003882600000) (1024K)]
  0x000001b8d6fd6c80 JavaThread "Worker-2: Update project app"        [_thread_blocked, id=2676, stack(0x0000003882800000,0x0000003882900000) (1024K)]
  0x000001b8d6fd79a0 JavaThread "Worker-3: Initialize workspace"        [_thread_blocked, id=23308, stack(0x0000003882900000,0x0000003882a00000) (1024K)]
  0x000001b8d6fd86c0 JavaThread "Thread-1"                   daemon [_thread_in_native, id=22028, stack(0x0000003882a00000,0x0000003882b00000) (1024K)]
  0x000001b8d6fd8d50 JavaThread "Thread-2"                   daemon [_thread_in_native, id=19216, stack(0x0000003882b00000,0x0000003882c00000) (1024K)]
  0x000001b8d70f3050 JavaThread "Thread-3"                   daemon [_thread_in_native, id=18768, stack(0x0000003882c00000,0x0000003882d00000) (1024K)]
  0x000001b8d70f4400 JavaThread "Thread-4"                   daemon [_thread_in_native, id=12104, stack(0x0000003882d00000,0x0000003882e00000) (1024K)]
  0x000001b8d70f2330 JavaThread "Thread-5"                   daemon [_thread_in_native, id=17988, stack(0x0000003882e00000,0x0000003882f00000) (1024K)]
  0x000001b8d70f3d70 JavaThread "Thread-6"                   daemon [_thread_in_native, id=1188, stack(0x0000003882f00000,0x0000003883000000) (1024K)]
  0x000001b8d70f36e0 JavaThread "Thread-7"                   daemon [_thread_in_native, id=7888, stack(0x0000003883000000,0x0000003883100000) (1024K)]
  0x000001b8d70f29c0 JavaThread "Thread-8"                   daemon [_thread_in_native, id=20028, stack(0x0000003883100000,0x0000003883200000) (1024K)]
  0x000001b8d70f4a90 JavaThread "Thread-9"                   daemon [_thread_in_native, id=20700, stack(0x0000003883200000,0x0000003883300000) (1024K)]
  0x000001b8d70f1610 JavaThread "pool-2-thread-1"                   [_thread_blocked, id=4396, stack(0x0000003883300000,0x0000003883400000) (1024K)]
  0x000001b8d58890b0 JavaThread "Worker-4"                          [_thread_blocked, id=9172, stack(0x0000003883400000,0x0000003883500000) (1024K)]
  0x000001b8d5887670 JavaThread "WorkspaceEventsHandler"            [_thread_blocked, id=2768, stack(0x0000003883500000,0x0000003883600000) (1024K)]
  0x000001b8d5886fe0 JavaThread "pool-1-thread-1"                   [_thread_blocked, id=12068, stack(0x0000003883600000,0x0000003883700000) (1024K)]
  0x000001b8d5889dd0 JavaThread "PatternSearchJob-worker-1"  daemon [_thread_blocked, id=11092, stack(0x0000003883700000,0x0000003883800000) (1024K)]
  0x000001b8d5889740 JavaThread "PatternSearchJob-worker-2"  daemon [_thread_blocked, id=21160, stack(0x0000003883800000,0x0000003883900000) (1024K)]
  0x000001b8d588b180 JavaThread "Timer-0"                           [_thread_blocked, id=14304, stack(0x0000003883a00000,0x0000003883b00000) (1024K)]
  0x000001b8d5886950 JavaThread "ForkJoinPool.commonPool-worker-1" daemon [_thread_blocked, id=3600, stack(0x0000003883900000,0x0000003883a00000) (1024K)]
  0x000001b8d5888a20 JavaThread "ForkJoinPool.commonPool-worker-2" daemon [_thread_blocked, id=21564, stack(0x0000003883b00000,0x0000003883c00000) (1024K)]
  0x000001b8d5887d00 JavaThread "ForkJoinPool.commonPool-worker-3" daemon [_thread_blocked, id=16776, stack(0x0000003883c00000,0x0000003883d00000) (1024K)]
  0x000001b8d588b810 JavaThread "ForkJoinPool.commonPool-worker-4" daemon [_thread_blocked, id=9248, stack(0x0000003883d00000,0x0000003883e00000) (1024K)]
  0x000001b8d588a460 JavaThread "ForkJoinPool.commonPool-worker-5" daemon [_thread_blocked, id=16772, stack(0x0000003883e00000,0x0000003883f00000) (1024K)]
  0x000001b8d5888390 JavaThread "Timer-1"                           [_thread_blocked, id=7044, stack(0x0000003883f00000,0x0000003884000000) (1024K)]
  0x000001b8d588d8e0 JavaThread "Timer-2"                           [_thread_blocked, id=21372, stack(0x0000003884000000,0x0000003884100000) (1024K)]
  0x000001b8d588bea0 JavaThread "Timer-3"                           [_thread_blocked, id=15236, stack(0x0000003884300000,0x0000003884400000) (1024K)]
  0x000001b8d588df70 JavaThread "Timer-4"                           [_thread_blocked, id=19240, stack(0x0000003884100000,0x0000003884200000) (1024K)]
  0x000001b8d588cbc0 JavaThread "Timer-5"                           [_thread_blocked, id=18456, stack(0x0000003882100000,0x0000003882200000) (1024K)]
  0x000001b8d588d250 JavaThread "Timer-6"                           [_thread_blocked, id=19768, stack(0x0000003884200000,0x0000003884300000) (1024K)]
  0x000001b8dd942180 JavaThread "Timer-7"                           [_thread_blocked, id=6088, stack(0x0000003884600000,0x0000003884700000) (1024K)]
  0x000001b8dd942810 JavaThread "Connection worker"                 [_thread_in_Java, id=8936, stack(0x0000003884700000,0x0000003884800000) (1024K)]
  0x000001b8dd941460 JavaThread "pool-6-thread-1"                   [_thread_blocked, id=2984, stack(0x0000003884900000,0x0000003884a00000) (1024K)]
=>0x000001b8d7e80230 JavaThread "C2 CompilerThread1"         daemon [_thread_in_native, id=13148, stack(0x0000003884800000,0x0000003884900000) (1024K)]
  0x000001b8da1b5aa0 JavaThread "C2 CompilerThread2"         daemon [_thread_in_native, id=15380, stack(0x0000003884400000,0x0000003884500000) (1024K)]
Total: 56

Other Threads:
  0x000001b8f9f42840 VMThread "VM Thread"                           [id=5704, stack(0x0000003880700000,0x0000003880800000) (1024K)]
  0x000001b8f28083a0 WatcherThread "VM Periodic Task Thread"        [id=5520, stack(0x0000003880600000,0x0000003880700000) (1024K)]
  0x000001b8f27b9090 WorkerThread "GC Thread#0"                     [id=18836, stack(0x0000003880500000,0x0000003880600000) (1024K)]
  0x000001b8d4b6d250 WorkerThread "GC Thread#1"                     [id=23080, stack(0x0000003881300000,0x0000003881400000) (1024K)]
  0x000001b8d4b6bfe0 WorkerThread "GC Thread#2"                     [id=19100, stack(0x0000003881400000,0x0000003881500000) (1024K)]
  0x000001b8d4b6c740 WorkerThread "GC Thread#3"                     [id=18040, stack(0x0000003881500000,0x0000003881600000) (1024K)]
  0x000001b8d4b6caf0 WorkerThread "GC Thread#4"                     [id=5804, stack(0x0000003881600000,0x0000003881700000) (1024K)]
  0x000001b8d4b6cea0 WorkerThread "GC Thread#5"                     [id=18368, stack(0x0000003881700000,0x0000003881800000) (1024K)]
  0x000001b8d4b6b880 WorkerThread "GC Thread#6"                     [id=22152, stack(0x0000003881800000,0x0000003881900000) (1024K)]
  0x000001b8d4baf0d0 WorkerThread "GC Thread#7"                     [id=21908, stack(0x0000003881000000,0x0000003881100000) (1024K)]
Total: 10

Threads with active compile tasks:
C2 CompilerThread0  38185 9422   !   4       java.io.ObjectInputStream::readNonProxyDesc (316 bytes)
C2 CompilerThread1  38185 9387       4       org.gradle.tooling.internal.provider.StreamedValueConsumer::dispatch (48 bytes)
C2 CompilerThread2  38185 9426 %     4       com.google.gson.stream.JsonWriter::string @ 37 (171 bytes)
Total: 3

VM state: not at safepoint (normal execution)

VM Mutex/Monitor currently owned by a thread: None

Heap address: 0x0000000080000000, size: 2048 MB, Compressed Oops mode: 32-bit

CDS archive(s) mapped at: [0x000001b88f000000-0x000001b88fba0000-0x000001b88fba0000), size 12189696, SharedBaseAddress: 0x000001b88f000000, ArchiveRelocationMode: 1.
Compressed class space mapped at: 0x000001b890000000-0x000001b8d0000000, reserved size: 1073741824
Narrow klass base: 0x000001b88f000000, Narrow klass shift: 0, Narrow klass range: 0x100000000

GC Precious Log:
 CardTable entry size: 512
 CPUs: 8 total, 8 available
 Memory: 7914M
 Large Page Support: Disabled
 NUMA Support: Disabled
 Compressed Oops: Enabled (32-bit)
 Alignments: Space 512K, Generation 512K, Heap 2M
 Heap Min Capacity: 100M
 Heap Initial Capacity: 100M
 Heap Max Capacity: 2G
 Pre-touch: Disabled
 Parallel Workers: 8

Heap:
 PSYoungGen      total 21504K, used 2489K [0x00000000d5580000, 0x00000000d6c00000, 0x0000000100000000)
  eden space 20992K, 9% used [0x00000000d5580000,0x00000000d5773830,0x00000000d6a00000)
  from space 512K, 96% used [0x00000000d6b00000,0x00000000d6b7ae60,0x00000000d6b80000)
  to   space 512K, 0% used [0x00000000d6b80000,0x00000000d6b80000,0x00000000d6c00000)
 ParOldGen       total 68608K, used 62354K [0x0000000080000000, 0x0000000084300000, 0x00000000d5580000)
  object space 68608K, 90% used [0x0000000080000000,0x0000000083ce4a60,0x0000000084300000)
 Metaspace       used 67897K, committed 69440K, reserved 1114112K
  class space    used 8515K, committed 9152K, reserved 1048576K

Card table byte_map: [0x000001b8f2050000,0x000001b8f2460000] _byte_map_base: 0x000001b8f1c50000

Marking Bits: (ParMarkBitMap*) 0x00007ffb425f4460
 Begin Bits: [0x000001b8f59a0000, 0x000001b8f79a0000)
 End Bits:   [0x000001b8f79a0000, 0x000001b8f99a0000)

Polling page: 0x000001b8f0570000

Metaspace:

Usage:
  Non-class:     57.99 MB used.
      Class:      8.32 MB used.
       Both:     66.31 MB used.

Virtual space:
  Non-class space:       64.00 MB reserved,      58.88 MB ( 92%) committed,  1 nodes.
      Class space:        1.00 GB reserved,       8.94 MB ( <1%) committed,  1 nodes.
             Both:        1.06 GB reserved,      67.81 MB (  6%) committed. 

Chunk freelists:
   Non-Class:  4.77 MB
       Class:  6.88 MB
        Both:  11.64 MB

MaxMetaspaceSize: unlimited
CompressedClassSpaceSize: 1.00 GB
Initial GC threshold: 21.00 MB
Current GC threshold: 98.88 MB
CDS: on
 - commit_granule_bytes: 65536.
 - commit_granule_words: 8192.
 - virtual_space_node_default_size: 8388608.
 - enlarge_chunks_in_place: 1.
 - use_allocation_guard: 0.


Internal statistics:

num_allocs_failed_limit: 13.
num_arena_births: 1446.
num_arena_deaths: 34.
num_vsnodes_births: 2.
num_vsnodes_deaths: 0.
num_space_committed: 1085.
num_space_uncommitted: 0.
num_chunks_returned_to_freelist: 55.
num_chunks_taken_from_freelist: 4551.
num_chunk_merges: 17.
num_chunk_splits: 2860.
num_chunks_enlarged: 1732.
num_inconsistent_stats: 0.

CodeHeap 'non-profiled nmethods': size=120000Kb used=7447Kb max_used=7447Kb free=112552Kb
 bounds [0x000001b887ad0000, 0x000001b888220000, 0x000001b88f000000]
CodeHeap 'profiled nmethods': size=120000Kb used=17079Kb max_used=17079Kb free=102920Kb
 bounds [0x000001b880000000, 0x000001b8810b0000, 0x000001b887530000]
CodeHeap 'non-nmethods': size=5760Kb used=1413Kb max_used=1472Kb free=4346Kb
 bounds [0x000001b887530000, 0x000001b8877a0000, 0x000001b887ad0000]
CodeCache: size=245760Kb, used=25939Kb, max_used=25998Kb, free=219818Kb
 total_blobs=9342, nmethods=8633, adapters=615, full_count=0
Compilation: enabled, stopped_count=0, restarted_count=0

Compilation events (20 events):
Event: 37.125 Thread 0x000001b8f9f6ca80 nmethod 9421 0x000001b888214010 code [0x000001b8882141a0, 0x000001b888214290]
Event: 37.125 Thread 0x000001b8f9f6ca80 9422   !   4       java.io.ObjectInputStream::readNonProxyDesc (316 bytes)
Event: 37.126 Thread 0x000001b8d4018070 9424       3       java.io.ObjectInputStream::readStreamHeader (61 bytes)
Event: 37.127 Thread 0x000001b8d4018070 nmethod 9424 0x000001b8810a3890 code [0x000001b8810a3b60, 0x000001b8810a4878]
Event: 37.132 Thread 0x000001b8d4018070 9429       3       org.gradle.tooling.events.internal.DefaultOperationDescriptor::<init> (30 bytes)
Event: 37.132 Thread 0x000001b8d4018070 nmethod 9429 0x000001b8810a4d90 code [0x000001b8810a4f60, 0x000001b8810a52c0]
Event: 37.132 Thread 0x000001b8d4018070 9430       3       java.util.concurrent.locks.AbstractQueuedSynchronizer::acquireSharedInterruptibly (36 bytes)
Event: 37.132 Thread 0x000001b8d4018070 nmethod 9430 0x000001b8810a5410 code [0x000001b8810a5620, 0x000001b8810a5ba8]
Event: 37.132 Thread 0x000001b8d4018070 9431       3       sun.nio.ch.Util$BufferCache::offerFirst (73 bytes)
Event: 37.132 Thread 0x000001b8d4018070 nmethod 9431 0x000001b8810a5d90 code [0x000001b8810a5f40, 0x000001b8810a6268]
Event: 37.132 Thread 0x000001b8d4018070 9432       3       java.util.concurrent.locks.AbstractQueuedSynchronizer::signalNextIfShared (41 bytes)
Event: 37.133 Thread 0x000001b8d4018070 nmethod 9432 0x000001b8810a6390 code [0x000001b8810a65a0, 0x000001b8810a6b50]
Event: 37.133 Thread 0x000001b8d4018070 9433   !   3       java.nio.DirectByteBuffer::<init> (171 bytes)
Event: 37.134 Thread 0x000001b8d4018070 nmethod 9433 0x000001b8810a6d10 code [0x000001b8810a7000, 0x000001b8810a7e60]
Event: 37.134 Thread 0x000001b8d4018070 9435       3       org.gradle.tooling.internal.consumer.parameters.BuildProgressListenerAdapter::toDescriptor (21 bytes)
Event: 37.134 Thread 0x000001b8d4018070 nmethod 9435 0x000001b8810a8510 code [0x000001b8810a8700, 0x000001b8810a8c30]
Event: 37.134 Thread 0x000001b8d4018070 9436  s    3       org.gradle.tooling.internal.consumer.parameters.BuildProgressListenerAdapter::removeDescriptor (52 bytes)
Event: 37.136 Thread 0x000001b8d4018070 nmethod 9436 0x000001b8810a8e10 code [0x000001b8810a90c0, 0x000001b8810a9f40]
Event: 37.136 Thread 0x000001b8d4018070 9434   !   3       jdk.internal.ref.Cleaner::clean (35 bytes)
Event: 37.137 Thread 0x000001b8d4018070 nmethod 9434 0x000001b8810aa410 code [0x000001b8810aa640, 0x000001b8810aac30]

GC Heap History (20 events):
Event: 23.134 GC heap before
{Heap before GC invocations=56 (full 3):
 PSYoungGen      total 22528K, used 22288K [0x00000000d5580000, 0x00000000d6c80000, 0x0000000100000000)
  eden space 21504K, 100% used [0x00000000d5580000,0x00000000d6a80000,0x00000000d6a80000)
  from space 1024K, 76% used [0x00000000d6b80000,0x00000000d6c44020,0x00000000d6c80000)
  to   space 1024K, 0% used [0x00000000d6a80000,0x00000000d6a80000,0x00000000d6b80000)
 ParOldGen       total 68608K, used 59277K [0x0000000080000000, 0x0000000084300000, 0x00000000d5580000)
  object space 68608K, 86% used [0x0000000080000000,0x00000000839e3410,0x0000000084300000)
 Metaspace       used 66370K, committed 67840K, reserved 1114112K
  class space    used 8318K, committed 8960K, reserved 1048576K
}
Event: 23.136 GC heap after
{Heap after GC invocations=56 (full 3):
 PSYoungGen      total 22528K, used 96K [0x00000000d5580000, 0x00000000d6c00000, 0x0000000100000000)
  eden space 21504K, 0% used [0x00000000d5580000,0x00000000d5580000,0x00000000d6a80000)
  from space 1024K, 9% used [0x00000000d6a80000,0x00000000d6a98000,0x00000000d6b80000)
  to   space 512K, 0% used [0x00000000d6b80000,0x00000000d6b80000,0x00000000d6c00000)
 ParOldGen       total 68608K, used 59953K [0x0000000080000000, 0x0000000084300000, 0x00000000d5580000)
  object space 68608K, 87% used [0x0000000080000000,0x0000000083a8c470,0x0000000084300000)
 Metaspace       used 66370K, committed 67840K, reserved 1114112K
  class space    used 8318K, committed 8960K, reserved 1048576K
}
Event: 25.671 GC heap before
{Heap before GC invocations=57 (full 3):
 PSYoungGen      total 22528K, used 21600K [0x00000000d5580000, 0x00000000d6c00000, 0x0000000100000000)
  eden space 21504K, 100% used [0x00000000d5580000,0x00000000d6a80000,0x00000000d6a80000)
  from space 1024K, 9% used [0x00000000d6a80000,0x00000000d6a98000,0x00000000d6b80000)
  to   space 512K, 0% used [0x00000000d6b80000,0x00000000d6b80000,0x00000000d6c00000)
 ParOldGen       total 68608K, used 59953K [0x0000000080000000, 0x0000000084300000, 0x00000000d5580000)
  object space 68608K, 87% used [0x0000000080000000,0x0000000083a8c470,0x0000000084300000)
 Metaspace       used 66414K, committed 67904K, reserved 1114112K
  class space    used 8324K, committed 8960K, reserved 1048576K
}
Event: 25.672 GC heap after
{Heap after GC invocations=57 (full 3):
 PSYoungGen      total 22016K, used 224K [0x00000000d5580000, 0x00000000d6c00000, 0x0000000100000000)
  eden space 21504K, 0% used [0x00000000d5580000,0x00000000d5580000,0x00000000d6a80000)
  from space 512K, 43% used [0x00000000d6b80000,0x00000000d6bb8000,0x00000000d6c00000)
  to   space 512K, 0% used [0x00000000d6b00000,0x00000000d6b00000,0x00000000d6b80000)
 ParOldGen       total 68608K, used 59969K [0x0000000080000000, 0x0000000084300000, 0x00000000d5580000)
  object space 68608K, 87% used [0x0000000080000000,0x0000000083a90470,0x0000000084300000)
 Metaspace       used 66414K, committed 67904K, reserved 1114112K
  class space    used 8324K, committed 8960K, reserved 1048576K
}
Event: 29.878 GC heap before
{Heap before GC invocations=58 (full 3):
 PSYoungGen      total 22016K, used 21728K [0x00000000d5580000, 0x00000000d6c00000, 0x0000000100000000)
  eden space 21504K, 100% used [0x00000000d5580000,0x00000000d6a80000,0x00000000d6a80000)
  from space 512K, 43% used [0x00000000d6b80000,0x00000000d6bb8000,0x00000000d6c00000)
  to   space 512K, 0% used [0x00000000d6b00000,0x00000000d6b00000,0x00000000d6b80000)
 ParOldGen       total 68608K, used 59969K [0x0000000080000000, 0x0000000084300000, 0x00000000d5580000)
  object space 68608K, 87% used [0x0000000080000000,0x0000000083a90470,0x0000000084300000)
 Metaspace       used 66419K, committed 67904K, reserved 1114112K
  class space    used 8324K, committed 8960K, reserved 1048576K
}
Event: 29.879 GC heap after
{Heap after GC invocations=58 (full 3):
 PSYoungGen      total 22016K, used 160K [0x00000000d5580000, 0x00000000d6c00000, 0x0000000100000000)
  eden space 21504K, 0% used [0x00000000d5580000,0x00000000d5580000,0x00000000d6a80000)
  from space 512K, 31% used [0x00000000d6b00000,0x00000000d6b28000,0x00000000d6b80000)
  to   space 512K, 0% used [0x00000000d6b80000,0x00000000d6b80000,0x00000000d6c00000)
 ParOldGen       total 68608K, used 60025K [0x0000000080000000, 0x0000000084300000, 0x00000000d5580000)
  object space 68608K, 87% used [0x0000000080000000,0x0000000083a9e470,0x0000000084300000)
 Metaspace       used 66419K, committed 67904K, reserved 1114112K
  class space    used 8324K, committed 8960K, reserved 1048576K
}
Event: 32.857 GC heap before
{Heap before GC invocations=59 (full 3):
 PSYoungGen      total 22016K, used 21664K [0x00000000d5580000, 0x00000000d6c00000, 0x0000000100000000)
  eden space 21504K, 100% used [0x00000000d5580000,0x00000000d6a80000,0x00000000d6a80000)
  from space 512K, 31% used [0x00000000d6b00000,0x00000000d6b28000,0x00000000d6b80000)
  to   space 512K, 0% used [0x00000000d6b80000,0x00000000d6b80000,0x00000000d6c00000)
 ParOldGen       total 68608K, used 60025K [0x0000000080000000, 0x0000000084300000, 0x00000000d5580000)
  object space 68608K, 87% used [0x0000000080000000,0x0000000083a9e470,0x0000000084300000)
 Metaspace       used 66815K, committed 68352K, reserved 1114112K
  class space    used 8369K, committed 9024K, reserved 1048576K
}
Event: 32.860 GC heap after
{Heap after GC invocations=59 (full 3):
 PSYoungGen      total 21504K, used 512K [0x00000000d5580000, 0x00000000d6d80000, 0x0000000100000000)
  eden space 20992K, 0% used [0x00000000d5580000,0x00000000d5580000,0x00000000d6a00000)
  from space 512K, 100% used [0x00000000d6b80000,0x00000000d6c00000,0x00000000d6c00000)
  to   space 1536K, 0% used [0x00000000d6a00000,0x00000000d6a00000,0x00000000d6b80000)
 ParOldGen       total 68608K, used 60607K [0x0000000080000000, 0x0000000084300000, 0x00000000d5580000)
  object space 68608K, 88% used [0x0000000080000000,0x0000000083b2fc18,0x0000000084300000)
 Metaspace       used 66815K, committed 68352K, reserved 1114112K
  class space    used 8369K, committed 9024K, reserved 1048576K
}
Event: 33.736 GC heap before
{Heap before GC invocations=60 (full 3):
 PSYoungGen      total 21504K, used 21504K [0x00000000d5580000, 0x00000000d6d80000, 0x0000000100000000)
  eden space 20992K, 100% used [0x00000000d5580000,0x00000000d6a00000,0x00000000d6a00000)
  from space 512K, 100% used [0x00000000d6b80000,0x00000000d6c00000,0x00000000d6c00000)
  to   space 1536K, 0% used [0x00000000d6a00000,0x00000000d6a00000,0x00000000d6b80000)
 ParOldGen       total 68608K, used 60607K [0x0000000080000000, 0x0000000084300000, 0x00000000d5580000)
  object space 68608K, 88% used [0x0000000080000000,0x0000000083b2fc18,0x0000000084300000)
 Metaspace       used 67371K, committed 68864K, reserved 1114112K
  class space    used 8439K, committed 9088K, reserved 1048576K
}
Event: 33.738 GC heap after
{Heap after GC invocations=60 (full 3):
 PSYoungGen      total 22528K, used 1024K [0x00000000d5580000, 0x00000000d6d00000, 0x0000000100000000)
  eden space 20992K, 0% used [0x00000000d5580000,0x00000000d5580000,0x00000000d6a00000)
  from space 1536K, 66% used [0x00000000d6a00000,0x00000000d6b00000,0x00000000d6b80000)
  to   space 1536K, 0% used [0x00000000d6b80000,0x00000000d6b80000,0x00000000d6d00000)
 ParOldGen       total 68608K, used 61103K [0x0000000080000000, 0x0000000084300000, 0x00000000d5580000)
  object space 68608K, 89% used [0x0000000080000000,0x0000000083babc18,0x0000000084300000)
 Metaspace       used 67371K, committed 68864K, reserved 1114112K
  class space    used 8439K, committed 9088K, reserved 1048576K
}
Event: 34.607 GC heap before
{Heap before GC invocations=61 (full 3):
 PSYoungGen      total 22528K, used 22016K [0x00000000d5580000, 0x00000000d6d00000, 0x0000000100000000)
  eden space 20992K, 100% used [0x00000000d5580000,0x00000000d6a00000,0x00000000d6a00000)
  from space 1536K, 66% used [0x00000000d6a00000,0x00000000d6b00000,0x00000000d6b80000)
  to   space 1536K, 0% used [0x00000000d6b80000,0x00000000d6b80000,0x00000000d6d00000)
 ParOldGen       total 68608K, used 61103K [0x0000000080000000, 0x0000000084300000, 0x00000000d5580000)
  object space 68608K, 89% used [0x0000000080000000,0x0000000083babc18,0x0000000084300000)
 Metaspace       used 67377K, committed 68864K, reserved 1114112K
  class space    used 8439K, committed 9088K, reserved 1048576K
}
Event: 34.609 GC heap after
{Heap after GC invocations=61 (full 3):
 PSYoungGen      total 22016K, used 864K [0x00000000d5580000, 0x00000000d6c80000, 0x0000000100000000)
  eden space 20992K, 0% used [0x00000000d5580000,0x00000000d5580000,0x00000000d6a00000)
  from space 1024K, 84% used [0x00000000d6b80000,0x00000000d6c58000,0x00000000d6c80000)
  to   space 1024K, 0% used [0x00000000d6a80000,0x00000000d6a80000,0x00000000d6b80000)
 ParOldGen       total 68608K, used 61645K [0x0000000080000000, 0x0000000084300000, 0x00000000d5580000)
  object space 68608K, 89% used [0x0000000080000000,0x0000000083c33458,0x0000000084300000)
 Metaspace       used 67377K, committed 68864K, reserved 1114112K
  class space    used 8439K, committed 9088K, reserved 1048576K
}
Event: 35.275 GC heap before
{Heap before GC invocations=62 (full 3):
 PSYoungGen      total 22016K, used 21856K [0x00000000d5580000, 0x00000000d6c80000, 0x0000000100000000)
  eden space 20992K, 100% used [0x00000000d5580000,0x00000000d6a00000,0x00000000d6a00000)
  from space 1024K, 84% used [0x00000000d6b80000,0x00000000d6c58000,0x00000000d6c80000)
  to   space 1024K, 0% used [0x00000000d6a80000,0x00000000d6a80000,0x00000000d6b80000)
 ParOldGen       total 68608K, used 61645K [0x0000000080000000, 0x0000000084300000, 0x00000000d5580000)
  object space 68608K, 89% used [0x0000000080000000,0x0000000083c33458,0x0000000084300000)
 Metaspace       used 67390K, committed 68928K, reserved 1114112K
  class space    used 8442K, committed 9088K, reserved 1048576K
}
Event: 35.277 GC heap after
{Heap after GC invocations=62 (full 3):
 PSYoungGen      total 22016K, used 736K [0x00000000d5580000, 0x00000000d6c00000, 0x0000000100000000)
  eden space 20992K, 0% used [0x00000000d5580000,0x00000000d5580000,0x00000000d6a00000)
  from space 1024K, 71% used [0x00000000d6a80000,0x00000000d6b38000,0x00000000d6b80000)
  to   space 512K, 0% used [0x00000000d6b80000,0x00000000d6b80000,0x00000000d6c00000)
 ParOldGen       total 68608K, used 61757K [0x0000000080000000, 0x0000000084300000, 0x00000000d5580000)
  object space 68608K, 90% used [0x0000000080000000,0x0000000083c4f458,0x0000000084300000)
 Metaspace       used 67390K, committed 68928K, reserved 1114112K
  class space    used 8442K, committed 9088K, reserved 1048576K
}
Event: 35.956 GC heap before
{Heap before GC invocations=63 (full 3):
 PSYoungGen      total 22016K, used 21728K [0x00000000d5580000, 0x00000000d6c00000, 0x0000000100000000)
  eden space 20992K, 100% used [0x00000000d5580000,0x00000000d6a00000,0x00000000d6a00000)
  from space 1024K, 71% used [0x00000000d6a80000,0x00000000d6b38000,0x00000000d6b80000)
  to   space 512K, 0% used [0x00000000d6b80000,0x00000000d6b80000,0x00000000d6c00000)
 ParOldGen       total 68608K, used 61757K [0x0000000080000000, 0x0000000084300000, 0x00000000d5580000)
  object space 68608K, 90% used [0x0000000080000000,0x0000000083c4f458,0x0000000084300000)
 Metaspace       used 67600K, committed 69120K, reserved 1114112K
  class space    used 8474K, committed 9152K, reserved 1048576K
}
Event: 35.958 GC heap after
{Heap after GC invocations=63 (full 3):
 PSYoungGen      total 21504K, used 416K [0x00000000d5580000, 0x00000000d6c00000, 0x0000000100000000)
  eden space 20992K, 0% used [0x00000000d5580000,0x00000000d5580000,0x00000000d6a00000)
  from space 512K, 81% used [0x00000000d6b80000,0x00000000d6be8000,0x00000000d6c00000)
  to   space 1024K, 0% used [0x00000000d6a00000,0x00000000d6a00000,0x00000000d6b00000)
 ParOldGen       total 68608K, used 61805K [0x0000000080000000, 0x0000000084300000, 0x00000000d5580000)
  object space 68608K, 90% used [0x0000000080000000,0x0000000083c5b458,0x0000000084300000)
 Metaspace       used 67600K, committed 69120K, reserved 1114112K
  class space    used 8474K, committed 9152K, reserved 1048576K
}
Event: 36.469 GC heap before
{Heap before GC invocations=64 (full 3):
 PSYoungGen      total 21504K, used 21408K [0x00000000d5580000, 0x00000000d6c00000, 0x0000000100000000)
  eden space 20992K, 100% used [0x00000000d5580000,0x00000000d6a00000,0x00000000d6a00000)
  from space 512K, 81% used [0x00000000d6b80000,0x00000000d6be8000,0x00000000d6c00000)
  to   space 1024K, 0% used [0x00000000d6a00000,0x00000000d6a00000,0x00000000d6b00000)
 ParOldGen       total 68608K, used 61805K [0x0000000080000000, 0x0000000084300000, 0x00000000d5580000)
  object space 68608K, 90% used [0x0000000080000000,0x0000000083c5b458,0x0000000084300000)
 Metaspace       used 67607K, committed 69120K, reserved 1114112K
  class space    used 8474K, committed 9152K, reserved 1048576K
}
Event: 36.470 GC heap after
{Heap after GC invocations=64 (full 3):
 PSYoungGen      total 22016K, used 96K [0x00000000d5580000, 0x00000000d6c00000, 0x0000000100000000)
  eden space 20992K, 0% used [0x00000000d5580000,0x00000000d5580000,0x00000000d6a00000)
  from space 1024K, 9% used [0x00000000d6a00000,0x00000000d6a18000,0x00000000d6b00000)
  to   space 512K, 0% used [0x00000000d6b80000,0x00000000d6b80000,0x00000000d6c00000)
 ParOldGen       total 68608K, used 62137K [0x0000000080000000, 0x0000000084300000, 0x00000000d5580000)
  object space 68608K, 90% used [0x0000000080000000,0x0000000083cae5c8,0x0000000084300000)
 Metaspace       used 67607K, committed 69120K, reserved 1114112K
  class space    used 8474K, committed 9152K, reserved 1048576K
}
Event: 36.632 GC heap before
{Heap before GC invocations=65 (full 3):
 PSYoungGen      total 22016K, used 21088K [0x00000000d5580000, 0x00000000d6c00000, 0x0000000100000000)
  eden space 20992K, 100% used [0x00000000d5580000,0x00000000d6a00000,0x00000000d6a00000)
  from space 1024K, 9% used [0x00000000d6a00000,0x00000000d6a18000,0x00000000d6b00000)
  to   space 512K, 0% used [0x00000000d6b80000,0x00000000d6b80000,0x00000000d6c00000)
 ParOldGen       total 68608K, used 62137K [0x0000000080000000, 0x0000000084300000, 0x00000000d5580000)
  object space 68608K, 90% used [0x0000000080000000,0x0000000083cae5c8,0x0000000084300000)
 Metaspace       used 67607K, committed 69120K, reserved 1114112K
  class space    used 8474K, committed 9152K, reserved 1048576K
}
Event: 36.633 GC heap after
{Heap after GC invocations=65 (full 3):
 PSYoungGen      total 21504K, used 128K [0x00000000d5580000, 0x00000000d6c00000, 0x0000000100000000)
  eden space 20992K, 0% used [0x00000000d5580000,0x00000000d5580000,0x00000000d6a00000)
  from space 512K, 25% used [0x00000000d6b80000,0x00000000d6ba0000,0x00000000d6c00000)
  to   space 512K, 0% used [0x00000000d6b00000,0x00000000d6b00000,0x00000000d6b80000)
 ParOldGen       total 68608K, used 62177K [0x0000000080000000, 0x0000000084300000, 0x00000000d5580000)
  object space 68608K, 90% used [0x0000000080000000,0x0000000083cb85c8,0x0000000084300000)
 Metaspace       used 67607K, committed 69120K, reserved 1114112K
  class space    used 8474K, committed 9152K, reserved 1048576K
}

Dll operation events (15 events):
Event: 0.032 Loaded shared library c:\Users\rawat\.antigravity-ide\extensions\redhat.java-1.55.0-win32-x64\jre\21.0.11-win32-x86_64\bin\java.dll
Event: 0.142 Loaded shared library c:\Users\rawat\.antigravity-ide\extensions\redhat.java-1.55.0-win32-x64\jre\21.0.11-win32-x86_64\bin\zip.dll
Event: 0.194 Loaded shared library C:\Users\rawat\.antigravity-ide\extensions\redhat.java-1.55.0-win32-x64\jre\21.0.11-win32-x86_64\bin\instrument.dll
Event: 0.206 Loaded shared library C:\Users\rawat\.antigravity-ide\extensions\redhat.java-1.55.0-win32-x64\jre\21.0.11-win32-x86_64\bin\net.dll
Event: 0.216 Loaded shared library C:\Users\rawat\.antigravity-ide\extensions\redhat.java-1.55.0-win32-x64\jre\21.0.11-win32-x86_64\bin\nio.dll
Event: 0.220 Loaded shared library C:\Users\rawat\.antigravity-ide\extensions\redhat.java-1.55.0-win32-x64\jre\21.0.11-win32-x86_64\bin\zip.dll
Event: 0.261 Loaded shared library C:\Users\rawat\.antigravity-ide\extensions\redhat.java-1.55.0-win32-x64\jre\21.0.11-win32-x86_64\bin\jimage.dll
Event: 0.581 Loaded shared library c:\Users\rawat\.antigravity-ide\extensions\redhat.java-1.55.0-win32-x64\jre\21.0.11-win32-x86_64\bin\verify.dll
Event: 2.426 Loaded shared library C:\Users\rawat\AppData\Roaming\Antigravity IDE\User\globalStorage\redhat.java\1.55.0\config_win\org.eclipse.equinox.launcher\org.eclipse.equinox.launcher.win32.win32.x86_64_1.3.100.v20260613-0559\eclipse_11924.dll
Event: 5.779 Loaded shared library C:\Users\rawat\AppData\Local\Temp\jna-108288603\jna4007208660845993869.dll
Event: 9.989 Loaded shared library C:\Users\rawat\.gradle\native\1def1411415f61bf3af743bc5b6707747c0891f09f0c88961ee8f79bc544acac\windows-amd64\native-platform.dll
Event: 10.977 Loaded shared library C:\Users\rawat\.antigravity-ide\extensions\redhat.java-1.55.0-win32-x64\jre\21.0.11-win32-x86_64\bin\management.dll
Event: 10.980 Loaded shared library C:\Users\rawat\.antigravity-ide\extensions\redhat.java-1.55.0-win32-x64\jre\21.0.11-win32-x86_64\bin\management_ext.dll
Event: 13.971 Loaded shared library C:\Users\rawat\.antigravity-ide\extensions\redhat.java-1.55.0-win32-x64\jre\21.0.11-win32-x86_64\bin\extnet.dll
Event: 15.834 Loaded shared library C:\Users\rawat\.antigravity-ide\extensions\redhat.java-1.55.0-win32-x64\jre\21.0.11-win32-x86_64\bin\sunmscapi.dll

Deoptimization events (20 events):
Event: 37.039 Thread 0x000001b8dd942810 Uncommon trap: trap_request=0xffffff45 fr.pc=0x000001b88806f814 relative=0x0000000000000174
Event: 37.039 Thread 0x000001b8dd942810 Uncommon trap: reason=unstable_if action=reinterpret pc=0x000001b88806f814 method=com.esotericsoftware.kryo.io.Input.read([BII)I @ 64 c2
Event: 37.039 Thread 0x000001b8dd942810 DEOPT PACKING pc=0x000001b88806f814 sp=0x00000038847fdf40
Event: 37.039 Thread 0x000001b8dd942810 DEOPT UNPACKING pc=0x000001b887586da2 sp=0x00000038847fde78 mode 2
Event: 37.040 Thread 0x000001b8dd942810 Uncommon trap: trap_request=0xffffff45 fr.pc=0x000001b88806f014 relative=0x0000000000000174
Event: 37.040 Thread 0x000001b8dd942810 Uncommon trap: reason=unstable_if action=reinterpret pc=0x000001b88806f014 method=com.esotericsoftware.kryo.io.Input.read([BII)I @ 64 c2
Event: 37.040 Thread 0x000001b8dd942810 DEOPT PACKING pc=0x000001b88806f014 sp=0x00000038847fdaf0
Event: 37.040 Thread 0x000001b8dd942810 DEOPT UNPACKING pc=0x000001b887586da2 sp=0x00000038847fdac0 mode 2
Event: 37.076 Thread 0x000001b8d6fd58d0 Uncommon trap: trap_request=0xffffff45 fr.pc=0x000001b88806987c relative=0x00000000000009fc
Event: 37.076 Thread 0x000001b8d6fd58d0 Uncommon trap: reason=unstable_if action=reinterpret pc=0x000001b88806987c method=com.google.gson.stream.JsonWriter.string(Ljava/lang/String;)V @ 57 c2
Event: 37.076 Thread 0x000001b8d6fd58d0 DEOPT PACKING pc=0x000001b88806987c sp=0x00000038823fddf0
Event: 37.076 Thread 0x000001b8d6fd58d0 DEOPT UNPACKING pc=0x000001b887586da2 sp=0x00000038823fdd98 mode 2
Event: 37.092 Thread 0x000001b8d58890b0 Uncommon trap: trap_request=0xffffffde fr.pc=0x000001b8880182d8 relative=0x0000000000000578
Event: 37.092 Thread 0x000001b8d58890b0 Uncommon trap: reason=class_check action=maybe_recompile pc=0x000001b8880182d8 method=org.eclipse.core.internal.dtree.AbstractDataTreeNode.assembleWith(Lorg/eclipse/core/internal/dtree/AbstractDataTreeNode;)Lorg/eclipse/core/internal/dtree/AbstractDataTre
Event: 37.092 Thread 0x000001b8d58890b0 DEOPT PACKING pc=0x000001b8880182d8 sp=0x00000038834ff1e0
Event: 37.092 Thread 0x000001b8d58890b0 DEOPT UNPACKING pc=0x000001b887586da2 sp=0x00000038834ff198 mode 2
Event: 37.124 Thread 0x000001b8d6fd58d0 Uncommon trap: trap_request=0xffffffde fr.pc=0x000001b888118b50 relative=0x00000000000004f0
Event: 37.124 Thread 0x000001b8d6fd58d0 Uncommon trap: reason=class_check action=maybe_recompile pc=0x000001b888118b50 method=java.util.AbstractMap.hashCode()I @ 3 c2
Event: 37.124 Thread 0x000001b8d6fd58d0 DEOPT PACKING pc=0x000001b888118b50 sp=0x00000038823fe840
Event: 37.124 Thread 0x000001b8d6fd58d0 DEOPT UNPACKING pc=0x000001b887586da2 sp=0x00000038823fe7e8 mode 2

Classes loaded (20 events):
Event: 23.647 Loading class java/time/Ser
Event: 23.647 Loading class java/time/Ser done
Event: 32.454 Loading class java/net/Proxy
Event: 32.454 Loading class java/net/Proxy done
Event: 32.455 Loading class sun/nio/cs/ISO_8859_1$Encoder
Event: 32.456 Loading class sun/nio/cs/ISO_8859_1$Encoder done
Event: 32.456 Loading class sun/nio/cs/Surrogate$Parser
Event: 32.457 Loading class sun/nio/cs/Surrogate$Parser done
Event: 32.458 Loading class sun/nio/cs/Surrogate
Event: 32.458 Loading class sun/nio/cs/Surrogate done
Event: 32.521 Loading class java/util/concurrent/ConcurrentLinkedQueue$Itr
Event: 32.521 Loading class java/util/concurrent/ConcurrentLinkedQueue$Itr done
Event: 32.584 Loading class java/io/ObjectInputStream$Caches
Event: 32.584 Loading class java/io/ObjectInputStream$Caches done
Event: 32.584 Loading class java/io/ObjectInputStream$Caches$1
Event: 32.585 Loading class java/io/ObjectInputStream$Caches$1 done
Event: 33.089 Loading class sun/nio/ch/ChannelOutputStream
Event: 33.089 Loading class sun/nio/ch/ChannelOutputStream done
Event: 35.096 Loading class java/util/LinkedList$LLSpliterator
Event: 35.097 Loading class java/util/LinkedList$LLSpliterator done

Classes unloaded (17 events):
Event: 6.504 Thread 0x000001b8f9f42840 Unloading class 0x000001b8901af400 'java/lang/invoke/LambdaForm$MH+0x000001b8901af400'
Event: 6.504 Thread 0x000001b8f9f42840 Unloading class 0x000001b8901af000 'java/lang/invoke/LambdaForm$MH+0x000001b8901af000'
Event: 6.504 Thread 0x000001b8f9f42840 Unloading class 0x000001b8901aec00 'java/lang/invoke/LambdaForm$MH+0x000001b8901aec00'
Event: 6.504 Thread 0x000001b8f9f42840 Unloading class 0x000001b8901ae800 'java/lang/invoke/LambdaForm$MH+0x000001b8901ae800'
Event: 6.504 Thread 0x000001b8f9f42840 Unloading class 0x000001b8901ae400 'java/lang/invoke/LambdaForm$BMH+0x000001b8901ae400'
Event: 6.504 Thread 0x000001b8f9f42840 Unloading class 0x000001b8901ae000 'java/lang/invoke/LambdaForm$DMH+0x000001b8901ae000'
Event: 6.504 Thread 0x000001b8f9f42840 Unloading class 0x000001b8901acc00 'java/lang/invoke/LambdaForm$DMH+0x000001b8901acc00'
Event: 7.739 Thread 0x000001b8f9f42840 Unloading class 0x000001b8903df000 'java/lang/invoke/LambdaForm$MH+0x000001b8903df000'
Event: 7.739 Thread 0x000001b8f9f42840 Unloading class 0x000001b8903de800 'java/lang/invoke/LambdaForm$MH+0x000001b8903de800'
Event: 7.739 Thread 0x000001b8f9f42840 Unloading class 0x000001b8903de000 'java/lang/invoke/LambdaForm$MH+0x000001b8903de000'
Event: 7.739 Thread 0x000001b8f9f42840 Unloading class 0x000001b8903dd800 'java/lang/invoke/LambdaForm$MH+0x000001b8903dd800'
Event: 7.739 Thread 0x000001b8f9f42840 Unloading class 0x000001b8903dd400 'java/lang/invoke/LambdaForm$DMH+0x000001b8903dd400'
Event: 12.407 Thread 0x000001b8f9f42840 Unloading class 0x000001b890702400 'java/lang/invoke/LambdaForm$MH+0x000001b890702400'
Event: 12.407 Thread 0x000001b8f9f42840 Unloading class 0x000001b890701c00 'java/lang/invoke/LambdaForm$MH+0x000001b890701c00'
Event: 12.407 Thread 0x000001b8f9f42840 Unloading class 0x000001b890701400 'java/lang/invoke/LambdaForm$MH+0x000001b890701400'
Event: 12.407 Thread 0x000001b8f9f42840 Unloading class 0x000001b890700c00 'java/lang/invoke/LambdaForm$MH+0x000001b890700c00'
Event: 12.407 Thread 0x000001b8f9f42840 Unloading class 0x000001b890700400 'java/lang/invoke/LambdaForm$MH+0x000001b890700400'

Classes redefined (0 events):
No events

Internal exceptions (20 events):
Event: 32.995 Thread 0x000001b8d588bea0 Exception <a 'java/lang/NoSuchMethodError'{0x00000000d59c6830}: static Lorg/gradle/plugins/ide/internal/tooling/eclipse/DefaultEclipseProjectNature;.<clinit>()V> (0x00000000d59c6830) 
thrown [s\src\hotspot\share\prims\jni.cpp, line 1111]
Event: 32.998 Thread 0x000001b8d588bea0 Exception <a 'java/lang/NoSuchMethodError'{0x00000000d59e40b0}: static Lorg/gradle/plugins/ide/internal/tooling/eclipse/DefaultEclipseTask;.<clinit>()V> (0x00000000d59e40b0) 
thrown [s\src\hotspot\share\prims\jni.cpp, line 1111]
Event: 33.034 Thread 0x000001b8d588df70 Implicit null exception at 0x000001b8880ff1de to 0x000001b8880ff1f8
Event: 35.667 Thread 0x000001b8dd942810 Implicit null exception at 0x000001b8881407a1 to 0x000001b8881408f0
Event: 35.714 Thread 0x000001b8dd942810 Implicit null exception at 0x000001b8880dffa3 to 0x000001b8880e3b60
Event: 35.714 Thread 0x000001b8dd942810 Implicit null exception at 0x000001b888102e9d to 0x000001b8881032d4
Event: 36.766 Thread 0x000001b8dd942810 Exception <a 'java/lang/NoSuchMethodError'{0x00000000d5972770}: static Lorg/gradle/tooling/internal/provider/PhasedBuildActionResult;.<clinit>()V> (0x00000000d5972770) 
thrown [s\src\hotspot\share\prims\jni.cpp, line 1111]
Event: 36.767 Thread 0x000001b8dd942810 Exception <a 'java/lang/NoSuchMethodError'{0x00000000d5981618}: static Lorg/gradle/tooling/internal/provider/serialization/SerializedPayload;.<clinit>()V> (0x00000000d5981618) 
thrown [s\src\hotspot\share\prims\jni.cpp, line 1111]
Event: 36.876 Thread 0x000001b8dd940dd0 Exception <a 'java/lang/NoSuchMethodError'{0x00000000d5a13eb0}: static Lorg/gradle/internal/build/event/types/DefaultFailureResult;.<clinit>()V> (0x00000000d5a13eb0) 
thrown [s\src\hotspot\share\prims\jni.cpp, line 1111]
Event: 36.883 Thread 0x000001b8dd940dd0 Exception <a 'java/lang/NoSuchMethodError'{0x00000000d5a4f510}: static Lorg/gradle/internal/build/event/types/DefaultFailure;.<clinit>()V> (0x00000000d5a4f510) 
thrown [s\src\hotspot\share\prims\jni.cpp, line 1111]
Event: 36.953 Thread 0x000001b8dd940dd0 Exception <a 'java/lang/NoSuchMethodError'{0x00000000d5b911f0}: static [B.<clinit>()V> (0x00000000d5b911f0) 
thrown [s\src\hotspot\share\prims\jni.cpp, line 1111]
Event: 36.977 Thread 0x000001b8dd940dd0 Exception <a 'java/lang/NoSuchMethodError'{0x00000000d5c2d240}: static [Ljava/lang/StackTraceElement;.<clinit>()V> (0x00000000d5c2d240) 
thrown [s\src\hotspot\share\prims\jni.cpp, line 1111]
Event: 37.013 Thread 0x000001b8dd942810 Exception <a 'java/lang/NoSuchMethodError'{0x00000000d59ee778}: static Lorg/gradle/internal/build/event/types/DefaultTaskStartedProgressEvent;.<clinit>()V> (0x00000000d59ee778) 
thrown [s\src\hotspot\share\prims\jni.cpp, line 1111]
Event: 37.018 Thread 0x000001b8dd942810 Exception <a 'java/lang/NoSuchMethodError'{0x00000000d5e3d000}: static Lorg/gradle/internal/build/event/types/DefaultTaskDescriptor;.<clinit>()V> (0x00000000d5e3d000) 
thrown [s\src\hotspot\share\prims\jni.cpp, line 1111]
Event: 37.025 Thread 0x000001b8dd942810 Exception <a 'java/lang/NoSuchMethodError'{0x00000000d5ecb020}: static Lorg/gradle/internal/build/event/types/DefaultTaskFinishedProgressEvent;.<clinit>()V> (0x00000000d5ecb020) 
thrown [s\src\hotspot\share\prims\jni.cpp, line 1111]
Event: 37.026 Thread 0x000001b8dd940dd0 Exception <a 'java/lang/NoSuchMethodError'{0x00000000d5f0b888}: static Lorg/gradle/api/GradleException;.<clinit>()V> (0x00000000d5f0b888) 
thrown [s\src\hotspot\share\prims\jni.cpp, line 1111]
Event: 37.026 Thread 0x000001b8dd940dd0 Exception <a 'java/lang/NoSuchMethodError'{0x00000000d5f0d1b8}: static Lorg/gradle/internal/exceptions/ContextAwareException;.<clinit>()V> (0x00000000d5f0d1b8) 
thrown [s\src\hotspot\share\prims\jni.cpp, line 1111]
Event: 37.026 Thread 0x000001b8dd940dd0 Exception <a 'java/lang/NoSuchMethodError'{0x00000000d5f0f638}: static Lorg/gradle/internal/exceptions/LocationAwareException;.<clinit>()V> (0x00000000d5f0f638) 
thrown [s\src\hotspot\share\prims\jni.cpp, line 1111]
Event: 37.033 Thread 0x000001b8dd942810 Exception <a 'java/lang/NoSuchMethodError'{0x00000000d5ee4c40}: static Lorg/gradle/internal/build/event/types/AbstractTaskResult;.<clinit>()V> (0x00000000d5ee4c40) 
thrown [s\src\hotspot\share\prims\jni.cpp, line 1111]
Event: 37.036 Thread 0x000001b8dd942810 Exception <a 'java/lang/NoSuchMethodError'{0x00000000d5ef4320}: static Lorg/gradle/internal/build/event/types/DefaultTaskSuccessResult;.<clinit>()V> (0x00000000d5ef4320) 
thrown [s\src\hotspot\share\prims\jni.cpp, line 1111]

ZGC Phase Switch (0 events):
No events

VM Operations (20 events):
Event: 33.738 Executing safepoint VM operation: ParallelGCFailedAllocation (Allocation Failure) done
Event: 34.607 Executing safepoint VM operation: ParallelGCFailedAllocation (Allocation Failure)
Event: 34.609 Executing safepoint VM operation: ParallelGCFailedAllocation (Allocation Failure) done
Event: 35.275 Executing safepoint VM operation: ParallelGCFailedAllocation (Allocation Failure)
Event: 35.277 Executing safepoint VM operation: ParallelGCFailedAllocation (Allocation Failure) done
Event: 35.956 Executing safepoint VM operation: ParallelGCFailedAllocation (Allocation Failure)
Event: 35.958 Executing safepoint VM operation: ParallelGCFailedAllocation (Allocation Failure) done
Event: 36.469 Executing safepoint VM operation: ParallelGCFailedAllocation (Allocation Failure)
Event: 36.470 Executing safepoint VM operation: ParallelGCFailedAllocation (Allocation Failure) done
Event: 36.632 Executing safepoint VM operation: ParallelGCFailedAllocation (Allocation Failure)
Event: 36.633 Executing safepoint VM operation: ParallelGCFailedAllocation (Allocation Failure) done
Event: 36.875 Executing non-safepoint VM operation: HandshakeAllThreads (Deoptimize)
Event: 36.875 Executing non-safepoint VM operation: HandshakeAllThreads (Deoptimize) done
Event: 37.012 Executing non-safepoint VM operation: HandshakeAllThreads (Deoptimize)
Event: 37.012 Executing non-safepoint VM operation: HandshakeAllThreads (Deoptimize) done
Event: 37.016 Executing non-safepoint VM operation: HandshakeAllThreads (Deoptimize)
Event: 37.016 Executing non-safepoint VM operation: HandshakeAllThreads (Deoptimize) done
Event: 37.023 Executing non-safepoint VM operation: HandshakeAllThreads (Deoptimize)
Event: 37.023 Executing non-safepoint VM operation: HandshakeAllThreads (Deoptimize) done
Event: 37.192 Executing safepoint VM operation: ParallelGCFailedAllocation (Allocation Failure)

Memory protections (0 events):
No events

Nmethod flushes (20 events):
Event: 12.419 Thread 0x000001b8f9f42840 flushing  nmethod 0x000001b8808a6690
Event: 12.419 Thread 0x000001b8f9f42840 flushing  nmethod 0x000001b8808a9010
Event: 12.419 Thread 0x000001b8f9f42840 flushing  nmethod 0x000001b8808ad210
Event: 12.419 Thread 0x000001b8f9f42840 flushing  nmethod 0x000001b8808ae610
Event: 12.419 Thread 0x000001b8f9f42840 flushing  nmethod 0x000001b8808af310
Event: 12.419 Thread 0x000001b8f9f42840 flushing  nmethod 0x000001b8808af910
Event: 12.419 Thread 0x000001b8f9f42840 flushing  nmethod 0x000001b8808afe10
Event: 12.419 Thread 0x000001b8f9f42840 flushing  nmethod 0x000001b8808b0390
Event: 12.419 Thread 0x000001b8f9f42840 flushing  nmethod 0x000001b8808b0b10
Event: 12.419 Thread 0x000001b8f9f42840 flushing  nmethod 0x000001b8808b2290
Event: 12.419 Thread 0x000001b8f9f42840 flushing  nmethod 0x000001b8808b2610
Event: 12.419 Thread 0x000001b8f9f42840 flushing  nmethod 0x000001b8808b2990
Event: 12.419 Thread 0x000001b8f9f42840 flushing  nmethod 0x000001b8808b2f10
Event: 12.419 Thread 0x000001b8f9f42840 flushing  nmethod 0x000001b8808c7990
Event: 12.419 Thread 0x000001b8f9f42840 flushing  nmethod 0x000001b8808d1b10
Event: 12.419 Thread 0x000001b8f9f42840 flushing  nmethod 0x000001b8808d2010
Event: 12.419 Thread 0x000001b8f9f42840 flushing  nmethod 0x000001b8808d6410
Event: 12.419 Thread 0x000001b8f9f42840 flushing  nmethod 0x000001b8808d6710
Event: 12.419 Thread 0x000001b8f9f42840 flushing  nmethod 0x000001b8808d7010
Event: 12.419 Thread 0x000001b8f9f42840 flushing  nmethod 0x000001b8808d7390

Events (20 events):
Event: 33.377 Thread 0x000001b8d7d26110 Thread exited: 0x000001b8d7d26110
Event: 33.453 Thread 0x000001b8d7e80230 Thread exited: 0x000001b8d7e80230
Event: 34.710 Thread 0x000001b8f9f6ca80 Thread added: 0x000001b8d7e80230
Event: 35.034 Thread 0x000001b8d7e80230 Thread exited: 0x000001b8d7e80230
Event: 35.095 Thread 0x000001b8d588d250 Thread exited: 0x000001b8d588d250
Event: 35.097 Thread 0x000001b8d588cbc0 Thread exited: 0x000001b8d588cbc0
Event: 35.103 Thread 0x000001b8d6fd58d0 Thread added: 0x000001b8d588cbc0
Event: 35.583 Thread 0x000001b8d6fd6c80 Thread added: 0x000001b8d588d250
Event: 35.585 Thread 0x000001b8d6fd58d0 Thread added: 0x000001b8dd940dd0
Event: 35.585 Thread 0x000001b8d6fd6c80 Thread added: 0x000001b8dd941460
Event: 35.613 Thread 0x000001b8dd941460 Thread exited: 0x000001b8dd941460
Event: 35.615 Thread 0x000001b8dd940dd0 Thread added: 0x000001b8dd943530
Event: 35.618 Thread 0x000001b8d6fd6c80 Thread added: 0x000001b8dd942180
Event: 35.621 Thread 0x000001b8d6fd6c80 Thread added: 0x000001b8dd942810
Event: 35.649 Thread 0x000001b8d4018070 Thread added: 0x000001b8d7e80230
Event: 35.680 Thread 0x000001b8dd942810 Thread added: 0x000001b8dd941460
Event: 35.927 Thread 0x000001b8d7e80230 Thread exited: 0x000001b8d7e80230
Event: 36.407 Thread 0x000001b8f9f6ca80 Thread added: 0x000001b8d7e80230
Event: 36.943 Thread 0x000001b8dd943530 Thread exited: 0x000001b8dd943530
Event: 37.040 Thread 0x000001b8dd940dd0 Thread exited: 0x000001b8dd940dd0


Dynamic libraries:
0x00007ff74e390000 - 0x00007ff74e39e000 	c:\Users\rawat\.antigravity-ide\extensions\redhat.java-1.55.0-win32-x64\jre\21.0.11-win32-x86_64\bin\java.exe
0x00007ffbfd760000 - 0x00007ffbfd9c6000 	C:\WINDOWS\SYSTEM32\ntdll.dll
0x00007ffbfd220000 - 0x00007ffbfd2e9000 	C:\WINDOWS\System32\KERNEL32.DLL
0x00007ffbfafc0000 - 0x00007ffbfb3be000 	C:\WINDOWS\System32\KERNELBASE.dll
0x00007ffbfaac0000 - 0x00007ffbfac0c000 	C:\WINDOWS\System32\ucrtbase.dll
0x00007ffbd8160000 - 0x00007ffbd8178000 	c:\Users\rawat\.antigravity-ide\extensions\redhat.java-1.55.0-win32-x64\jre\21.0.11-win32-x86_64\bin\jli.dll
0x00007ffbfd2f0000 - 0x00007ffbfd4b7000 	C:\WINDOWS\System32\USER32.dll
0x00007ffbfaed0000 - 0x00007ffbfaef7000 	C:\WINDOWS\System32\win32u.dll
0x00007ffbfc720000 - 0x00007ffbfc74b000 	C:\WINDOWS\System32\GDI32.dll
0x00007ffbfac20000 - 0x00007ffbfad4a000 	C:\WINDOWS\System32\gdi32full.dll
0x00007ffbfaa10000 - 0x00007ffbfaab3000 	C:\WINDOWS\System32\msvcp_win.dll
0x00007ffbcf410000 - 0x00007ffbcf42e000 	c:\Users\rawat\.antigravity-ide\extensions\redhat.java-1.55.0-win32-x64\jre\21.0.11-win32-x86_64\bin\VCRUNTIME140.dll
0x00007ffbded60000 - 0x00007ffbdeff2000 	C:\WINDOWS\WinSxS\amd64_microsoft.windows.common-controls_6595b64144ccf1df_6.0.26100.8875_none_3e0d5d42e32fe9dd\COMCTL32.dll
0x00007ffbfb490000 - 0x00007ffbfb539000 	C:\WINDOWS\System32\msvcrt.dll
0x00007ffbfbce0000 - 0x00007ffbfbd12000 	C:\WINDOWS\System32\IMM32.DLL
0x00007ffbf7220000 - 0x00007ffbf722c000 	c:\Users\rawat\.antigravity-ide\extensions\redhat.java-1.55.0-win32-x64\jre\21.0.11-win32-x86_64\bin\vcruntime140_1.dll
0x00007ffbc6090000 - 0x00007ffbc611d000 	c:\Users\rawat\.antigravity-ide\extensions\redhat.java-1.55.0-win32-x64\jre\21.0.11-win32-x86_64\bin\msvcp140.dll
0x00007ffb41930000 - 0x00007ffb426d2000 	c:\Users\rawat\.antigravity-ide\extensions\redhat.java-1.55.0-win32-x64\jre\21.0.11-win32-x86_64\bin\server\jvm.dll
0x00007ffbfc9f0000 - 0x00007ffbfcaa7000 	C:\WINDOWS\System32\ADVAPI32.dll
0x00007ffbfc930000 - 0x00007ffbfc9da000 	C:\WINDOWS\System32\sechost.dll
0x00007ffbfcab0000 - 0x00007ffbfcbc8000 	C:\WINDOWS\System32\RPCRT4.dll
0x00007ffbfc230000 - 0x00007ffbfc2b0000 	C:\WINDOWS\System32\WS2_32.dll
0x00007ffbfa7e0000 - 0x00007ffbfa83e000 	C:\WINDOWS\SYSTEM32\POWRPROF.dll
0x00007ffbea130000 - 0x00007ffbea166000 	C:\WINDOWS\SYSTEM32\WINMM.dll
0x00007ffbef4c0000 - 0x00007ffbef4cb000 	C:\WINDOWS\SYSTEM32\VERSION.dll
0x00007ffbfa7c0000 - 0x00007ffbfa7d4000 	C:\WINDOWS\SYSTEM32\UMPDC.dll
0x00007ffbf9660000 - 0x00007ffbf967b000 	C:\WINDOWS\SYSTEM32\kernel.appcore.dll
0x00007ffbeedc0000 - 0x00007ffbeedca000 	c:\Users\rawat\.antigravity-ide\extensions\redhat.java-1.55.0-win32-x64\jre\21.0.11-win32-x86_64\bin\jimage.dll
0x00007ffbf7d00000 - 0x00007ffbf7f42000 	C:\WINDOWS\SYSTEM32\DBGHELP.DLL
0x00007ffbfce80000 - 0x00007ffbfd203000 	C:\WINDOWS\System32\combase.dll
0x00007ffbfc640000 - 0x00007ffbfc719000 	C:\WINDOWS\System32\OLEAUT32.dll
0x00007ffbd07c0000 - 0x00007ffbd07fb000 	C:\WINDOWS\SYSTEM32\dbgcore.DLL
0x00007ffbfaf00000 - 0x00007ffbfafac000 	C:\WINDOWS\System32\bcryptPrimitives.dll
0x00007ffbee260000 - 0x00007ffbee26f000 	c:\Users\rawat\.antigravity-ide\extensions\redhat.java-1.55.0-win32-x64\jre\21.0.11-win32-x86_64\bin\instrument.dll
0x00007ffbe4ea0000 - 0x00007ffbe4ec0000 	c:\Users\rawat\.antigravity-ide\extensions\redhat.java-1.55.0-win32-x64\jre\21.0.11-win32-x86_64\bin\java.dll
0x00007ffbfb540000 - 0x00007ffbfbcd2000 	C:\WINDOWS\System32\SHELL32.dll
0x00007ffbf8400000 - 0x00007ffbf8c92000 	C:\WINDOWS\SYSTEM32\windows.storage.dll
0x00007ffbfd5a0000 - 0x00007ffbfd697000 	C:\WINDOWS\System32\SHCORE.dll
0x00007ffbfcbd0000 - 0x00007ffbfcc37000 	C:\WINDOWS\System32\shlwapi.dll
0x00007ffbfa8a0000 - 0x00007ffbfa8c9000 	C:\WINDOWS\SYSTEM32\profapi.dll
0x00007ffbca780000 - 0x00007ffbca798000 	c:\Users\rawat\.antigravity-ide\extensions\redhat.java-1.55.0-win32-x64\jre\21.0.11-win32-x86_64\bin\zip.dll
0x00007ffbe7070000 - 0x00007ffbe7080000 	C:\Users\rawat\.antigravity-ide\extensions\redhat.java-1.55.0-win32-x64\jre\21.0.11-win32-x86_64\bin\net.dll
0x00007ffbef620000 - 0x00007ffbef747000 	C:\WINDOWS\SYSTEM32\WINHTTP.dll
0x00007ffbf9c10000 - 0x00007ffbf9c7c000 	C:\WINDOWS\system32\mswsock.dll
0x00007ffbc8e00000 - 0x00007ffbc8e16000 	C:\Users\rawat\.antigravity-ide\extensions\redhat.java-1.55.0-win32-x64\jre\21.0.11-win32-x86_64\bin\nio.dll
0x00007ffbe6b40000 - 0x00007ffbe6b50000 	c:\Users\rawat\.antigravity-ide\extensions\redhat.java-1.55.0-win32-x64\jre\21.0.11-win32-x86_64\bin\verify.dll
0x00007ffbb9fa0000 - 0x00007ffbb9fe5000 	C:\Users\rawat\AppData\Roaming\Antigravity IDE\User\globalStorage\redhat.java\1.55.0\config_win\org.eclipse.equinox.launcher\org.eclipse.equinox.launcher.win32.win32.x86_64_1.3.100.v20260613-0559\eclipse_11924.dll
0x00007ffbfcc40000 - 0x00007ffbfcdd9000 	C:\WINDOWS\System32\ole32.dll
0x00007ffbf9f30000 - 0x00007ffbf9f4b000 	C:\WINDOWS\SYSTEM32\CRYPTSP.dll
0x00007ffbf95c0000 - 0x00007ffbf95f9000 	C:\WINDOWS\system32\rsaenh.dll
0x00007ffbf9cd0000 - 0x00007ffbf9d02000 	C:\WINDOWS\SYSTEM32\USERENV.dll
0x00007ffbfa870000 - 0x00007ffbfa89a000 	C:\WINDOWS\SYSTEM32\bcrypt.dll
0x00007ffbf9f10000 - 0x00007ffbf9f1c000 	C:\WINDOWS\SYSTEM32\CRYPTBASE.dll
0x00007ffbf90c0000 - 0x00007ffbf90f3000 	C:\WINDOWS\SYSTEM32\IPHLPAPI.DLL
0x00007ffbfcde0000 - 0x00007ffbfcdea000 	C:\WINDOWS\System32\NSI.dll
0x00007ffbc9af0000 - 0x00007ffbc9b39000 	C:\Users\rawat\AppData\Local\Temp\jna-108288603\jna4007208660845993869.dll
0x00007ffbfd210000 - 0x00007ffbfd218000 	C:\WINDOWS\System32\PSAPI.DLL
0x00007ffbf0000000 - 0x00007ffbf001d000 	C:\WINDOWS\SYSTEM32\dhcpcsvc6.DLL
0x00007ffbeffd0000 - 0x00007ffbefff5000 	C:\WINDOWS\SYSTEM32\dhcpcsvc.DLL
0x00007ffbc2430000 - 0x00007ffbc2457000 	C:\Users\rawat\.gradle\native\1def1411415f61bf3af743bc5b6707747c0891f09f0c88961ee8f79bc544acac\windows-amd64\native-platform.dll
0x00007ffbe66c0000 - 0x00007ffbe66ca000 	C:\Users\rawat\.antigravity-ide\extensions\redhat.java-1.55.0-win32-x64\jre\21.0.11-win32-x86_64\bin\management.dll
0x00007ffbc9960000 - 0x00007ffbc996c000 	C:\Users\rawat\.antigravity-ide\extensions\redhat.java-1.55.0-win32-x64\jre\21.0.11-win32-x86_64\bin\management_ext.dll
0x00007ffbc62e0000 - 0x00007ffbc62e9000 	C:\Users\rawat\.antigravity-ide\extensions\redhat.java-1.55.0-win32-x64\jre\21.0.11-win32-x86_64\bin\extnet.dll
0x00007ffbc6060000 - 0x00007ffbc606e000 	C:\Users\rawat\.antigravity-ide\extensions\redhat.java-1.55.0-win32-x64\jre\21.0.11-win32-x86_64\bin\sunmscapi.dll
0x00007ffbfad50000 - 0x00007ffbfaec8000 	C:\WINDOWS\System32\CRYPT32.dll
0x00007ffbfa150000 - 0x00007ffbfa180000 	C:\WINDOWS\SYSTEM32\ncrypt.dll
0x00007ffbfa100000 - 0x00007ffbfa13f000 	C:\WINDOWS\SYSTEM32\NTASN1.dll
0x00007ffb7cb70000 - 0x00007ffb7cb78000 	C:\WINDOWS\system32\wshunix.dll

JVMTI agents:
c:\Users\rawat\.antigravity-ide\extensions\redhat.java-1.55.0-win32-x64\lombok\lombok-1.18.39-4050.jar path:c:\Users\rawat\.antigravity-ide\extensions\redhat.java-1.55.0-win32-x64\jre\21.0.11-win32-x86_64\bin\instrument.dll, loaded, initialized, instrumentlib options:none

dbghelp: loaded successfully - version: 4.0.5 - missing functions: none
symbol engine: initialized successfully - sym options: 0x614 - pdb path: .;c:\Users\rawat\.antigravity-ide\extensions\redhat.java-1.55.0-win32-x64\jre\21.0.11-win32-x86_64\bin;C:\WINDOWS\SYSTEM32;C:\WINDOWS\WinSxS\amd64_microsoft.windows.common-controls_6595b64144ccf1df_6.0.26100.8875_none_3e0d5d42e32fe9dd;c:\Users\rawat\.antigravity-ide\extensions\redhat.java-1.55.0-win32-x64\jre\21.0.11-win32-x86_64\bin\server;C:\Users\rawat\AppData\Roaming\Antigravity IDE\User\globalStorage\redhat.java\1.55.0\config_win\org.eclipse.equinox.launcher\org.eclipse.equinox.launcher.win32.win32.x86_64_1.3.100.v20260613-0559;C:\Users\rawat\AppData\Local\Temp\jna-108288603;C:\Users\rawat\.gradle\native\1def1411415f61bf3af743bc5b6707747c0891f09f0c88961ee8f79bc544acac\windows-amd64

VM Arguments:
jvm_args: --add-modules=ALL-SYSTEM --add-opens=java.base/java.util=ALL-UNNAMED --add-opens=java.base/java.lang=ALL-UNNAMED --add-opens=java.base/sun.nio.fs=ALL-UNNAMED -Declipse.application=org.eclipse.jdt.ls.core.id1 -Dosgi.bundles.defaultStartLevel=4 -Declipse.product=org.eclipse.jdt.ls.core.product -Djava.import.generatesMetadataFilesAtProjectRoot=false -DDetectVMInstallationsJob.disabled=true -Dfile.encoding=utf8 -XX:+UseParallelGC -XX:GCTimeRatio=4 -XX:AdaptiveSizePolicyWeight=90 -Dsun.zip.disableMemoryMapping=true -Xmx2G -Xms100m -Xlog:disable -javaagent:c:\Users\rawat\.antigravity-ide\extensions\redhat.java-1.55.0-win32-x64\lombok\lombok-1.18.39-4050.jar -XX:+HeapDumpOnOutOfMemoryError -XX:HeapDumpPath=c:\Users\rawat\AppData\Roaming\Antigravity IDE\User\workspaceStorage\37c22cd9f0bef5d5ec7063b27c4af746\redhat.java -Daether.dependencyCollector.impl=bf 
java_command: c:\Users\rawat\.antigravity-ide\extensions\redhat.java-1.55.0-win32-x64\server\plugins\org.eclipse.equinox.launcher_1.7.200.v20260619-2039.jar -configuration c:\Users\rawat\AppData\Roaming\Antigravity IDE\User\globalStorage\redhat.java\1.55.0\config_win -data c:\Users\rawat\AppData\Roaming\Antigravity IDE\User\workspaceStorage\37c22cd9f0bef5d5ec7063b27c4af746\redhat.java\jdt_ws --pipe=\\.\pipe\lsp-b55aed8cdca1352ff51d9d917bf42764-sock
java_class_path (initial): c:\Users\rawat\.antigravity-ide\extensions\redhat.java-1.55.0-win32-x64\server\plugins\org.eclipse.equinox.launcher_1.7.200.v20260619-2039.jar
Launcher Type: SUN_STANDARD

[Global flags]
    uintx AdaptiveSizePolicyWeight                 = 90                                        {product} {command line}
     intx CICompilerCount                          = 4                                         {product} {ergonomic}
    uintx GCTimeRatio                              = 4                                         {product} {command line}
     bool HeapDumpOnOutOfMemoryError               = true                                   {manageable} {command line}
    ccstr HeapDumpPath                             = c:\Users\rawat\AppData\Roaming\Antigravity IDE\User\workspaceStorage\37c22cd9f0bef5d5ec7063b27c4af746\redhat.java         {manageable} {command line}
   size_t InitialHeapSize                          = 104857600                                 {product} {command line}
   size_t MaxHeapSize                              = 2147483648                                {product} {command line}
   size_t MaxNewSize                               = 715653120                                 {product} {ergonomic}
   size_t MinHeapDeltaBytes                        = 524288                                    {product} {ergonomic}
   size_t MinHeapSize                              = 104857600                                 {product} {command line}
   size_t NewSize                                  = 34603008                                  {product} {ergonomic}
    uintx NonNMethodCodeHeapSize                   = 5839372                                {pd product} {ergonomic}
    uintx NonProfiledCodeHeapSize                  = 122909434                              {pd product} {ergonomic}
   size_t OldSize                                  = 70254592                                  {product} {ergonomic}
    uintx ProfiledCodeHeapSize                     = 122909434                              {pd product} {ergonomic}
    uintx ReservedCodeCacheSize                    = 251658240                              {pd product} {ergonomic}
     bool SegmentedCodeCache                       = true                                      {product} {ergonomic}
   size_t SoftMaxHeapSize                          = 2147483648                             {manageable} {ergonomic}
     bool UseCompressedOops                        = true                           {product lp64_product} {ergonomic}
     bool UseLargePagesIndividualAllocation        = false                                  {pd product} {ergonomic}
     bool UseParallelGC                            = true                                      {product} {command line}

Logging:
Log output configuration:
 #0: stdout all=off uptime,level,tags foldmultilines=false
 #1: stderr all=off uptime,level,tags foldmultilines=false

Release file:
JAVA_VERSION="21.0.11" 
MODULES="java.base java.compiler java.datatransfer java.xml java.prefs java.desktop java.instrument java.logging java.management java.security.sasl java.naming java.rmi java.management.rmi java.net.http java.scripting java.security.jgss java.transaction.xa java.sql java.sql.rowset java.xml.crypto java.se java.smartcardio jdk.accessibility jdk.internal.jvmstat jdk.attach jdk.charsets jdk.internal.opt jdk.zipfs jdk.compiler jdk.crypto.ec jdk.crypto.cryptoki jdk.crypto.mscapi jdk.dynalink jdk.internal.ed jdk.editpad jdk.hotspot.agent jdk.httpserver jdk.internal.le jdk.internal.vm.ci jdk.internal.vm.compiler jdk.internal.vm.compiler.management jdk.jartool jdk.javadoc jdk.jcmd jdk.management jdk.management.agent jdk.jconsole jdk.jdeps jdk.jdwp.agent jdk.jdi jdk.jfr jdk.jshell jdk.jsobject jdk.jstatd jdk.localedata jdk.management.jfr jdk.naming.dns jdk.naming.rmi jdk.net jdk.nio.mapmode jdk.random jdk.sctp jdk.security.auth jdk.security.jgss jdk.unsupported jdk.unsupported.desktop jdk.xml.dom" 

Environment Variables:
PATH=C:\Program Files\Common Files\Oracle\Java\javapath;C:\Windows\system32;C:\Windows;C:\Windows\System32\Wbem;C:\Windows\System32\WindowsPowerShell\v1.0\;C:\Windows\System32\OpenSSH\;C:\Program Files\NVIDIA Corporation\NVIDIA NvDLISR;C:\WINDOWS\system32;C:\WINDOWS;C:\WINDOWS\System32\Wbem;C:\WINDOWS\System32\WindowsPowerShell\v1.0\;C:\WINDOWS\System32\OpenSSH\;C:\Program Files\dotnet\;C:\Program Files (x86)\Windows Kits\10\Windows Performance Toolkit\;C:\Program Files\Git\cmd;C:\Program Files\Git\bin;C:\MinGW\bin;C:\Program Files\MySQL\MySQL Server 8.0\bin;C:\Program Files\MySQL\MySQL Shell 8.0\bin\;C:\Users\rawat\AppData\Local\Programs\Python\Python314\Scripts\;C:\Users\rawat\AppData\Local\Programs\Python\Python314\;C:\Users\rawat\AppData\Local\Microsoft\WindowsApps;C:\Users\rawat\AppData\Local\Programs\Microsoft VS Code\bin;C:\Users\rawat\Downloads\flutter_windows_3.38.3-stable\flutter\bin;C:\MinGW\bin;C:\Users\rawat\AppData\Local\Programs\Antigravity IDE\bin
USERNAME=rawat
OS=Windows_NT
PROCESSOR_IDENTIFIER=Intel64 Family 6 Model 140 Stepping 1, GenuineIntel
TMP=C:\Users\rawat\AppData\Local\Temp
TEMP=C:\Users\rawat\AppData\Local\Temp




Periodic native trim disabled

---------------  S Y S T E M  ---------------

OS:
 Windows 11 , 64 bit Build 26100 (10.0.26100.8875)
OS uptime: 3 days 1:15 hours
Hyper-V role detected

CPU: total 8 (initial active 8) (4 cores per cpu, 2 threads per core) family 6 model 140 stepping 1 microcode 0xbe, cx8, cmov, fxsr, ht, mmx, 3dnowpref, sse, sse2, sse3, ssse3, sse4.1, sse4.2, popcnt, lzcnt, tsc, tscinvbit, avx, avx2, aes, erms, clmul, bmi1, bmi2, adx, avx512f, avx512dq, avx512cd, avx512bw, avx512vl, sha, fma, vzeroupper, avx512_vpopcntdq, avx512_vpclmulqdq, avx512_vaes, avx512_vnni, clflush, clflushopt, clwb, avx512_vbmi2, avx512_vbmi, hv, rdtscp, rdpid, fsrm, gfni, avx512_bitalg, f16c, cet_ibt, cet_ss, avx512_ifma
Processor Information for the first 8 processors :
  Max Mhz: 2803, Current Mhz: 2803, Mhz Limit: 2803

Memory: 4k page, system-wide physical 7914M (703M free)
TotalPageFile size 32490M (AvailPageFile size 10M)
current process WorkingSet (physical memory assigned to process): 194M, peak: 298M
current process commit charge ("private bytes"): 393M, peak: 405M

vm_info: OpenJDK 64-Bit Server VM (21.0.11+10-LTS) for windows-amd64 JRE (21.0.11+10-LTS), built on 2026-04-21T00:00:00Z by "admin" with MS VC++ 17.12 (VS2022)

END.
