#
# There is insufficient memory for the Java Runtime Environment to continue.
# Native memory allocation (malloc) failed to allocate 1097776 bytes. Error detail: Chunk::new
# Possible reasons:
#   The system is out of physical RAM or swap space
#   This process is running with CompressedOops enabled, and the Java Heap may be blocking the growth of the native heap
# Possible solutions:
#   Reduce memory load on the system
#   Increase physical memory or swap space
#   Check if swap backing store is full
#   Decrease Java heap size (-Xmx/-Xms)
#   Decrease number of Java threads
#   Decrease Java thread stack sizes (-Xss)
#   Set larger code cache with -XX:ReservedCodeCacheSize=
#   JVM is running with Unscaled Compressed Oops mode in which the Java heap is
#     placed in the first 4GB address space. The Java Heap base address is the
#     maximum limit for the native heap growth. Please use -XX:HeapBaseMinAddress
#     to set the Java Heap base and to place the Java Heap above 4GB virtual address.
# This output file may be truncated or incomplete.
#
#  Out of Memory Error (arena.cpp:168), pid=9888, tid=18204
#
# JRE version: OpenJDK Runtime Environment Temurin-21.0.11+10 (21.0.11+10) (build 21.0.11+10-LTS)
# Java VM: OpenJDK 64-Bit Server VM Temurin-21.0.11+10 (21.0.11+10-LTS, mixed mode, sharing, tiered, compressed oops, compressed class ptrs, g1 gc, windows-amd64)
# No core dump will be written. Minidumps are not enabled by default on client versions of Windows
#

---------------  S U M M A R Y ------------

Command Line: --add-opens=java.base/java.lang=ALL-UNNAMED --add-opens=java.base/java.lang.invoke=ALL-UNNAMED --add-opens=java.base/java.util=ALL-UNNAMED --add-opens=java.prefs/java.util.prefs=ALL-UNNAMED --add-exports=jdk.compiler/com.sun.tools.javac.api=ALL-UNNAMED --add-exports=jdk.compiler/com.sun.tools.javac.util=ALL-UNNAMED --add-opens=java.base/java.util=ALL-UNNAMED --add-opens=java.prefs/java.util.prefs=ALL-UNNAMED --add-opens=java.base/java.nio.charset=ALL-UNNAMED --add-opens=java.base/java.net=ALL-UNNAMED --add-opens=java.base/java.util.concurrent.atomic=ALL-UNNAMED --add-opens=java.xml/javax.xml.namespace=ALL-UNNAMED -Xmx2048m -Dfile.encoding=UTF-8 -Duser.country=US -Duser.language=en -Duser.variant -javaagent:C:\Users\rawat\.gradle\wrapper\dists\gradle-8.13-bin\5xuhj0ry160q40clulazy9h7d\gradle-8.13\lib\agents\gradle-instrumentation-agent-8.13.jar org.gradle.launcher.daemon.bootstrap.GradleDaemon 8.13

Host: 11th Gen Intel(R) Core(TM) i7-1165G7 @ 2.80GHz, 8 cores, 7G,  Windows 11 , 64 bit Build 26100 (10.0.26100.8875)
Time: Fri Jul 24 16:46:11 2026 Nepal Standard Time elapsed time: 15.203583 seconds (0d 0h 0m 15s)

---------------  T H R E A D  ---------------

Current thread (0x000001d008419e30):  JavaThread "C2 CompilerThread1" daemon [_thread_in_native, id=18204, stack(0x00000040de300000,0x00000040de400000) (1024K)]


Current CompileTask:
C2:15203 12341       4       org.gradle.internal.reflect.annotations.impl.AbstractHasAnnotationMetadata::<init> (39 bytes)

Stack: [0x00000040de300000,0x00000040de400000]
Native frames: (J=compiled Java code, j=interpreted, Vv=VM code, C=native code)
V  [jvm.dll+0x6d7e19]
V  [jvm.dll+0x8b5096]
V  [jvm.dll+0x8b764e]
V  [jvm.dll+0x8b7d33]
V  [jvm.dll+0x284596]
V  [jvm.dll+0xc685d]
V  [jvm.dll+0xc6da1]
V  [jvm.dll+0x3bed31]
V  [jvm.dll+0x38b2b2]
V  [jvm.dll+0x38a6fa]
V  [jvm.dll+0x24c700]
V  [jvm.dll+0x24bce0]
V  [jvm.dll+0x1cb4ae]
V  [jvm.dll+0x25baad]
V  [jvm.dll+0x25a03a]
V  [jvm.dll+0x3f868e]
V  [jvm.dll+0x85fb0d]
V  [jvm.dll+0x6d664d]
C  [ucrtbase.dll+0x2cd30]
C  [KERNEL32.DLL+0x2e957]
C  [ntdll.dll+0xaad6c]


---------------  P R O C E S S  ---------------

Threads class SMR info:
_java_thread_list=0x000001d00800d720, length=75, elements={
0x000001d024e20400, 0x000001d03c593e30, 0x000001d03c5968a0, 0x000001d03c597560,
0x000001d03c598220, 0x000001d03c599030, 0x000001d03c599a90, 0x000001d03c5ab660,
0x000001d03c5bc520, 0x000001d03c8b4400, 0x000001d03c7cd530, 0x000001d07f5ffb30,
0x000001d07f49e990, 0x000001d07f649840, 0x000001d07f658680, 0x000001d00402cca0,
0x000001d07f6d54c0, 0x000001d07f70c850, 0x000001d0040b75b0, 0x000001d0040b82d0,
0x000001d0040b7c40, 0x000001d0040b8960, 0x000001d0040b8ff0, 0x000001d0040b9680,
0x000001d0040b6890, 0x000001d0040b6f20, 0x000001d005fb00f0, 0x000001d005fb2850,
0x000001d005fb2ee0, 0x000001d005fb0780, 0x000001d005fb3570, 0x000001d005fb21c0,
0x000001d005fb3c00, 0x000001d005fb0e10, 0x000001d005fb4920, 0x000001d005fb14a0,
0x000001d005fb4fb0, 0x000001d005fb1b30, 0x000001d005fb7710, 0x000001d005fb69f0,
0x000001d005237410, 0x000001d0052394e0, 0x000001d005237aa0, 0x000001d0052366f0,
0x000001d005238130, 0x000001d005236d80, 0x000001d0052387c0, 0x000001d005236060,
0x000001d005239b70, 0x000001d00523a200, 0x000001d00523a890, 0x000001d00523bc40,
0x000001d00523c2d0, 0x000001d00523af20, 0x000001d005238e50, 0x000001d00523b5b0,
0x000001d00523c960, 0x000001d00523cff0, 0x000001d00523d680, 0x000001d007c00fa0,
0x000001d007bff560, 0x000001d007bfeed0, 0x000001d007c02350, 0x000001d008419e30,
0x000001d006b32890, 0x000001d007c01cc0, 0x000001d007c03700, 0x000001d007c00280,
0x000001d007c03d90, 0x000001d007c00910, 0x000001d007c064f0, 0x000001d007c04420,
0x000001d007c057d0, 0x000001d007e3c1f0, 0x000001d00841c710
}

Java Threads: ( => current thread )
  0x000001d024e20400 JavaThread "main"                              [_thread_blocked, id=4564, stack(0x00000040dd100000,0x00000040dd200000) (1024K)]
  0x000001d03c593e30 JavaThread "Reference Handler"          daemon [_thread_blocked, id=5764, stack(0x00000040dd900000,0x00000040dda00000) (1024K)]
  0x000001d03c5968a0 JavaThread "Finalizer"                  daemon [_thread_blocked, id=9428, stack(0x00000040dda00000,0x00000040ddb00000) (1024K)]
  0x000001d03c597560 JavaThread "Signal Dispatcher"          daemon [_thread_blocked, id=16032, stack(0x00000040ddb00000,0x00000040ddc00000) (1024K)]
  0x000001d03c598220 JavaThread "Attach Listener"            daemon [_thread_blocked, id=20612, stack(0x00000040ddc00000,0x00000040ddd00000) (1024K)]
  0x000001d03c599030 JavaThread "Service Thread"             daemon [_thread_blocked, id=20696, stack(0x00000040ddd00000,0x00000040dde00000) (1024K)]
  0x000001d03c599a90 JavaThread "Monitor Deflation Thread"   daemon [_thread_blocked, id=22420, stack(0x00000040dde00000,0x00000040ddf00000) (1024K)]
  0x000001d03c5ab660 JavaThread "C2 CompilerThread0"         daemon [_thread_in_native, id=15664, stack(0x00000040ddf00000,0x00000040de000000) (1024K)]
  0x000001d03c5bc520 JavaThread "C1 CompilerThread0"         daemon [_thread_blocked, id=15696, stack(0x00000040de000000,0x00000040de100000) (1024K)]
  0x000001d03c8b4400 JavaThread "Common-Cleaner"             daemon [_thread_blocked, id=12964, stack(0x00000040de100000,0x00000040de200000) (1024K)]
  0x000001d03c7cd530 JavaThread "Notification Thread"        daemon [_thread_blocked, id=23184, stack(0x00000040de200000,0x00000040de300000) (1024K)]
  0x000001d07f5ffb30 JavaThread "Daemon health stats"               [_thread_blocked, id=22824, stack(0x00000040dea00000,0x00000040deb00000) (1024K)]
  0x000001d07f49e990 JavaThread "Incoming local TCP Connector on port 52958"        [_thread_in_native, id=2540, stack(0x00000040deb00000,0x00000040dec00000) (1024K)]
  0x000001d07f649840 JavaThread "Daemon periodic checks"            [_thread_blocked, id=10048, stack(0x00000040dec00000,0x00000040ded00000) (1024K)]
  0x000001d07f658680 JavaThread "Daemon"                            [_thread_blocked, id=9736, stack(0x00000040ded00000,0x00000040dee00000) (1024K)]
  0x000001d00402cca0 JavaThread "Handler for socket connection from /127.0.0.1:52958 to /127.0.0.1:52959"        [_thread_in_native, id=20224, stack(0x00000040dee00000,0x00000040def00000) (1024K)]
  0x000001d07f6d54c0 JavaThread "Cancel handler"                    [_thread_blocked, id=3044, stack(0x00000040def00000,0x00000040df000000) (1024K)]
  0x000001d07f70c850 JavaThread "Daemon worker"                     [_thread_in_Java, id=18820, stack(0x00000040df000000,0x00000040df100000) (1024K)]
  0x000001d0040b75b0 JavaThread "Asynchronous log dispatcher for DefaultDaemonConnection: socket connection from /127.0.0.1:52958 to /127.0.0.1:52959"        [_thread_blocked, id=8060, stack(0x00000040df100000,0x00000040df200000) (1024K)]
  0x000001d0040b82d0 JavaThread "Stdin handler"                     [_thread_blocked, id=13188, stack(0x00000040df200000,0x00000040df300000) (1024K)]
  0x000001d0040b7c40 JavaThread "Daemon client event forwarder"        [_thread_blocked, id=6808, stack(0x00000040df300000,0x00000040df400000) (1024K)]
  0x000001d0040b8960 JavaThread "Cache worker for journal cache (C:\Users\rawat\.gradle\caches\journal-1)"        [_thread_blocked, id=12384, stack(0x00000040df400000,0x00000040df500000) (1024K)]
  0x000001d0040b8ff0 JavaThread "File lock request listener"        [_thread_in_native, id=21440, stack(0x00000040df500000,0x00000040df600000) (1024K)]
  0x000001d0040b9680 JavaThread "Cache worker for file hash cache (C:\Users\rawat\.gradle\caches\8.13\fileHashes)"        [_thread_blocked, id=21404, stack(0x00000040df600000,0x00000040df700000) (1024K)]
  0x000001d0040b6890 JavaThread "Cache worker for file hash cache (C:\Findora_App\.gradle\8.13\fileHashes)"        [_thread_blocked, id=2852, stack(0x00000040dfa00000,0x00000040dfb00000) (1024K)]
  0x000001d0040b6f20 JavaThread "Cache worker for Build Output Cleanup Cache (C:\Findora_App\.gradle\buildOutputCleanup)"        [_thread_blocked, id=18440, stack(0x00000040dfb00000,0x00000040dfc00000) (1024K)]
  0x000001d005fb00f0 JavaThread "File watcher server"        daemon [_thread_in_native, id=6980, stack(0x00000040dfc00000,0x00000040dfd00000) (1024K)]
  0x000001d005fb2850 JavaThread "File watcher consumer"      daemon [_thread_blocked, id=12444, stack(0x00000040dfd00000,0x00000040dfe00000) (1024K)]
  0x000001d005fb2ee0 JavaThread "jar transforms"                    [_thread_blocked, id=21408, stack(0x00000040dfe00000,0x00000040dff00000) (1024K)]
  0x000001d005fb0780 JavaThread "jar transforms Thread 2"           [_thread_blocked, id=22348, stack(0x00000040dff00000,0x00000040e0000000) (1024K)]
  0x000001d005fb3570 JavaThread "jar transforms Thread 3"           [_thread_blocked, id=14392, stack(0x00000040e0000000,0x00000040e0100000) (1024K)]
  0x000001d005fb21c0 JavaThread "jar transforms Thread 4"           [_thread_blocked, id=24564, stack(0x00000040e0100000,0x00000040e0200000) (1024K)]
  0x000001d005fb3c00 JavaThread "jar transforms Thread 5"           [_thread_blocked, id=15992, stack(0x00000040e0200000,0x00000040e0300000) (1024K)]
  0x000001d005fb0e10 JavaThread "Cache worker for checksums cache (C:\Findora_App\.gradle\8.13\checksums)"        [_thread_blocked, id=1592, stack(0x00000040e0300000,0x00000040e0400000) (1024K)]
  0x000001d005fb4920 JavaThread "Cache worker for file content cache (C:\Users\rawat\.gradle\caches\8.13\fileContent)"        [_thread_blocked, id=11512, stack(0x00000040e0400000,0x00000040e0500000) (1024K)]
  0x000001d005fb14a0 JavaThread "jar transforms Thread 6"           [_thread_blocked, id=12552, stack(0x00000040e0500000,0x00000040e0600000) (1024K)]
  0x000001d005fb4fb0 JavaThread "jar transforms Thread 7"           [_thread_blocked, id=20460, stack(0x00000040e0600000,0x00000040e0700000) (1024K)]
  0x000001d005fb1b30 JavaThread "jar transforms Thread 8"           [_thread_blocked, id=24536, stack(0x00000040e0700000,0x00000040e0800000) (1024K)]
  0x000001d005fb7710 JavaThread "Cache worker for cache directory md-supplier (C:\Users\rawat\.gradle\caches\8.13\md-supplier)"        [_thread_blocked, id=7052, stack(0x00000040e0800000,0x00000040e0900000) (1024K)]
  0x000001d005fb69f0 JavaThread "Cache worker for cache directory md-rule (C:\Users\rawat\.gradle\caches\8.13\md-rule)"        [_thread_blocked, id=17172, stack(0x00000040e0900000,0x00000040e0a00000) (1024K)]
  0x000001d005237410 JavaThread "Unconstrained build operations"        [_thread_blocked, id=21536, stack(0x00000040e0a00000,0x00000040e0b00000) (1024K)]
  0x000001d0052394e0 JavaThread "Unconstrained build operations Thread 2"        [_thread_blocked, id=21464, stack(0x00000040e0b00000,0x00000040e0c00000) (1024K)]
  0x000001d005237aa0 JavaThread "Unconstrained build operations Thread 3"        [_thread_blocked, id=20644, stack(0x00000040e0c00000,0x00000040e0d00000) (1024K)]
  0x000001d0052366f0 JavaThread "Unconstrained build operations Thread 4"        [_thread_blocked, id=2648, stack(0x00000040e0d00000,0x00000040e0e00000) (1024K)]
  0x000001d005238130 JavaThread "Unconstrained build operations Thread 5"        [_thread_blocked, id=17888, stack(0x00000040e0e00000,0x00000040e0f00000) (1024K)]
  0x000001d005236d80 JavaThread "Unconstrained build operations Thread 6"        [_thread_blocked, id=19628, stack(0x00000040e0f00000,0x00000040e1000000) (1024K)]
  0x000001d0052387c0 JavaThread "Unconstrained build operations Thread 7"        [_thread_blocked, id=22668, stack(0x00000040e1000000,0x00000040e1100000) (1024K)]
  0x000001d005236060 JavaThread "Unconstrained build operations Thread 8"        [_thread_blocked, id=9140, stack(0x00000040e1100000,0x00000040e1200000) (1024K)]
  0x000001d005239b70 JavaThread "Unconstrained build operations Thread 9"        [_thread_blocked, id=14300, stack(0x00000040e1200000,0x00000040e1300000) (1024K)]
  0x000001d00523a200 JavaThread "Unconstrained build operations Thread 10"        [_thread_blocked, id=15948, stack(0x00000040e1300000,0x00000040e1400000) (1024K)]
  0x000001d00523a890 JavaThread "Unconstrained build operations Thread 11"        [_thread_blocked, id=20936, stack(0x00000040e1400000,0x00000040e1500000) (1024K)]
  0x000001d00523bc40 JavaThread "Unconstrained build operations Thread 12"        [_thread_blocked, id=22356, stack(0x00000040e1500000,0x00000040e1600000) (1024K)]
  0x000001d00523c2d0 JavaThread "Unconstrained build operations Thread 13"        [_thread_blocked, id=14672, stack(0x00000040e1600000,0x00000040e1700000) (1024K)]
  0x000001d00523af20 JavaThread "Unconstrained build operations Thread 14"        [_thread_blocked, id=17264, stack(0x00000040e1700000,0x00000040e1800000) (1024K)]
  0x000001d005238e50 JavaThread "Unconstrained build operations Thread 15"        [_thread_blocked, id=21264, stack(0x00000040e1800000,0x00000040e1900000) (1024K)]
  0x000001d00523b5b0 JavaThread "Unconstrained build operations Thread 16"        [_thread_blocked, id=20100, stack(0x00000040e1900000,0x00000040e1a00000) (1024K)]
  0x000001d00523c960 JavaThread "Unconstrained build operations Thread 17"        [_thread_blocked, id=22676, stack(0x00000040e1a00000,0x00000040e1b00000) (1024K)]
  0x000001d00523cff0 JavaThread "Unconstrained build operations Thread 18"        [_thread_blocked, id=1748, stack(0x00000040e1b00000,0x00000040e1c00000) (1024K)]
  0x000001d00523d680 JavaThread "Unconstrained build operations Thread 19"        [_thread_blocked, id=6140, stack(0x00000040e1c00000,0x00000040e1d00000) (1024K)]
  0x000001d007c00fa0 JavaThread "Unconstrained build operations Thread 20"        [_thread_blocked, id=23052, stack(0x00000040e1d00000,0x00000040e1e00000) (1024K)]
  0x000001d007bff560 JavaThread "Unconstrained build operations Thread 21"        [_thread_blocked, id=16736, stack(0x00000040e1e00000,0x00000040e1f00000) (1024K)]
  0x000001d007bfeed0 JavaThread "Memory manager"                    [_thread_blocked, id=12088, stack(0x00000040df700000,0x00000040df800000) (1024K)]
  0x000001d007c02350 JavaThread "Problems report writer"            [_thread_blocked, id=12196, stack(0x00000040e1f00000,0x00000040e2000000) (1024K)]
=>0x000001d008419e30 JavaThread "C2 CompilerThread1"         daemon [_thread_in_native, id=18204, stack(0x00000040de300000,0x00000040de400000) (1024K)]
  0x000001d006b32890 JavaThread "pool-3-thread-1"                   [_thread_blocked, id=19484, stack(0x00000040e2000000,0x00000040e2100000) (1024K)]
  0x000001d007c01cc0 JavaThread "included builds"                   [_thread_blocked, id=2120, stack(0x00000040e2100000,0x00000040e2200000) (1024K)]
  0x000001d007c03700 JavaThread "Execution worker"                  [_thread_blocked, id=13712, stack(0x00000040e2200000,0x00000040e2300000) (1024K)]
  0x000001d007c00280 JavaThread "Execution worker Thread 2"         [_thread_blocked, id=17732, stack(0x00000040e2300000,0x00000040e2400000) (1024K)]
  0x000001d007c03d90 JavaThread "Execution worker Thread 3"         [_thread_blocked, id=14760, stack(0x00000040e2400000,0x00000040e2500000) (1024K)]
  0x000001d007c00910 JavaThread "Execution worker Thread 4"         [_thread_blocked, id=3252, stack(0x00000040e2500000,0x00000040e2600000) (1024K)]
  0x000001d007c064f0 JavaThread "Execution worker Thread 5"         [_thread_blocked, id=6952, stack(0x00000040e2600000,0x00000040e2700000) (1024K)]
  0x000001d007c04420 JavaThread "Execution worker Thread 6"         [_thread_blocked, id=21624, stack(0x00000040e2700000,0x00000040e2800000) (1024K)]
  0x000001d007c057d0 JavaThread "Execution worker Thread 7"         [_thread_blocked, id=1832, stack(0x00000040e2800000,0x00000040e2900000) (1024K)]
  0x000001d007e3c1f0 JavaThread "Cache worker for execution history cache (C:\Findora_App\.gradle\8.13\executionHistory)"        [_thread_blocked, id=5924, stack(0x00000040e2900000,0x00000040e2a00000) (1024K)]
  0x000001d00841c710 JavaThread "C2 CompilerThread2"         daemon [_thread_in_native, id=12208, stack(0x00000040e2a00000,0x00000040e2b00000) (1024K)]
Total: 75

Other Threads:
  0x000001d03c572590 VMThread "VM Thread"                           [id=24508, stack(0x00000040dd800000,0x00000040dd900000) (1024K)]
  0x000001d03c564360 WatcherThread "VM Periodic Task Thread"        [id=2096, stack(0x00000040dd700000,0x00000040dd800000) (1024K)]
  0x000001d024e78e20 WorkerThread "GC Thread#0"                     [id=21980, stack(0x00000040dd200000,0x00000040dd300000) (1024K)]
  0x000001d07e0b0610 WorkerThread "GC Thread#1"                     [id=6252, stack(0x00000040de400000,0x00000040de500000) (1024K)]
  0x000001d07e198d20 WorkerThread "GC Thread#2"                     [id=14252, stack(0x00000040de500000,0x00000040de600000) (1024K)]
  0x000001d07eda56a0 WorkerThread "GC Thread#3"                     [id=22700, stack(0x00000040de600000,0x00000040de700000) (1024K)]
  0x000001d07f09b8d0 WorkerThread "GC Thread#4"                     [id=10952, stack(0x00000040de700000,0x00000040de800000) (1024K)]
  0x000001d07f4feae0 WorkerThread "GC Thread#5"                     [id=21008, stack(0x00000040de800000,0x00000040de900000) (1024K)]
  0x000001d07f4fee90 WorkerThread "GC Thread#6"                     [id=9508, stack(0x00000040de900000,0x00000040dea00000) (1024K)]
  0x000001d005de07f0 WorkerThread "GC Thread#7"                     [id=10744, stack(0x00000040df800000,0x00000040df900000) (1024K)]
  0x000001d024e89d20 ConcurrentGCThread "G1 Main Marker"            [id=19248, stack(0x00000040dd300000,0x00000040dd400000) (1024K)]
  0x000001d024e8b5c0 WorkerThread "G1 Conc#0"                       [id=9592, stack(0x00000040dd400000,0x00000040dd500000) (1024K)]
  0x000001d005de0ba0 WorkerThread "G1 Conc#1"                       [id=12484, stack(0x00000040df900000,0x00000040dfa00000) (1024K)]
  0x000001d024ede590 ConcurrentGCThread "G1 Refine#0"               [id=13428, stack(0x00000040dd500000,0x00000040dd600000) (1024K)]
  0x000001d03c4351a0 ConcurrentGCThread "G1 Service"                [id=23168, stack(0x00000040dd600000,0x00000040dd700000) (1024K)]
Total: 15

Threads with active compile tasks:
C2 CompilerThread0  15233 12347       4       org.gradle.internal.reflect.annotations.impl.DefaultTypeAnnotationMetadataStore$PropertyAnnotationMetadataBuilder::build (20 bytes)
C2 CompilerThread1  15233 12341       4       org.gradle.internal.reflect.annotations.impl.AbstractHasAnnotationMetadata::<init> (39 bytes)
C2 CompilerThread2  15233 12345       4       org.gradle.internal.reflect.annotations.impl.DefaultTypeAnnotationMetadataStore$HasAnnotationMetadataBuilder::resolveAnnotations (142 bytes)
Total: 3

VM state: not at safepoint (normal execution)

VM Mutex/Monitor currently owned by a thread: None

Heap address: 0x0000000080000000, size: 2048 MB, Compressed Oops mode: 32-bit

CDS archive(s) mapped at: [0x000001d03d000000-0x000001d03dba0000-0x000001d03dba0000), size 12189696, SharedBaseAddress: 0x000001d03d000000, ArchiveRelocationMode: 1.
Compressed class space mapped at: 0x000001d03e000000-0x000001d07e000000, reserved size: 1073741824
Narrow klass base: 0x000001d03d000000, Narrow klass shift: 0, Narrow klass range: 0x100000000

GC Precious Log:
 CardTable entry size: 512
 Card Set container configuration: InlinePtr #cards 5 size 8 Array Of Cards #cards 12 size 40 Howl #buckets 4 coarsen threshold 1843 Howl Bitmap #cards 512 size 80 coarsen threshold 460 Card regions per heap region 1 cards per card region 2048
 CPUs: 8 total, 8 available
 Memory: 7914M
 Large Page Support: Disabled
 NUMA Support: Disabled
 Compressed Oops: Enabled (32-bit)
 Heap Region Size: 1M
 Heap Min Capacity: 8M
 Heap Initial Capacity: 124M
 Heap Max Capacity: 2G
 Pre-touch: Disabled
 Parallel Workers: 8
 Concurrent Workers: 2
 Concurrent Refinement Workers: 8
 Periodic GC: Disabled

Heap:
 garbage-first heap   total 190464K, used 140849K [0x0000000080000000, 0x0000000100000000)
  region size 1024K, 42 young (43008K), 8 survivors (8192K)
 Metaspace       used 98332K, committed 100672K, reserved 1179648K
  class space    used 13813K, committed 14976K, reserved 1048576K

Heap Regions: E=young(eden), S=young(survivor), O=old, HS=humongous(starts), HC=humongous(continues), CS=collection set, F=free, TAMS=top-at-mark-start, PB=parsable bottom
|   0|0x0000000080000000, 0x0000000080100000, 0x0000000080100000|100%|HS|  |TAMS 0x0000000080000000| PB 0x0000000080000000| Complete 
|   1|0x0000000080100000, 0x0000000080200000, 0x0000000080200000|100%|HC|  |TAMS 0x0000000080100000| PB 0x0000000080100000| Complete 
|   2|0x0000000080200000, 0x0000000080300000, 0x0000000080300000|100%|HC|  |TAMS 0x0000000080200000| PB 0x0000000080200000| Complete 
|   3|0x0000000080300000, 0x0000000080400000, 0x0000000080400000|100%| O|  |TAMS 0x0000000080300000| PB 0x0000000080300000| Untracked 
|   4|0x0000000080400000, 0x0000000080500000, 0x0000000080500000|100%| O|  |TAMS 0x0000000080400000| PB 0x0000000080400000| Untracked 
|   5|0x0000000080500000, 0x0000000080600000, 0x0000000080600000|100%| O|  |TAMS 0x0000000080500000| PB 0x0000000080500000| Untracked 
|   6|0x0000000080600000, 0x0000000080700000, 0x0000000080700000|100%|HS|  |TAMS 0x0000000080600000| PB 0x0000000080600000| Complete 
|   7|0x0000000080700000, 0x0000000080800000, 0x0000000080800000|100%| O|  |TAMS 0x0000000080700000| PB 0x0000000080700000| Untracked 
|   8|0x0000000080800000, 0x0000000080900000, 0x0000000080900000|100%| O|  |TAMS 0x0000000080800000| PB 0x0000000080800000| Untracked 
|   9|0x0000000080900000, 0x0000000080a00000, 0x0000000080a00000|100%| O|  |TAMS 0x0000000080900000| PB 0x0000000080900000| Untracked 
|  10|0x0000000080a00000, 0x0000000080b00000, 0x0000000080b00000|100%| O|  |TAMS 0x0000000080a00000| PB 0x0000000080a00000| Untracked 
|  11|0x0000000080b00000, 0x0000000080c00000, 0x0000000080c00000|100%| O|  |TAMS 0x0000000080b00000| PB 0x0000000080b00000| Untracked 
|  12|0x0000000080c00000, 0x0000000080d00000, 0x0000000080d00000|100%| O|  |TAMS 0x0000000080c00000| PB 0x0000000080c00000| Untracked 
|  13|0x0000000080d00000, 0x0000000080e00000, 0x0000000080e00000|100%| O|  |TAMS 0x0000000080d00000| PB 0x0000000080d00000| Untracked 
|  14|0x0000000080e00000, 0x0000000080f00000, 0x0000000080f00000|100%| O|  |TAMS 0x0000000080e00000| PB 0x0000000080e00000| Untracked 
|  15|0x0000000080f00000, 0x0000000081000000, 0x0000000081000000|100%| O|  |TAMS 0x0000000080f00000| PB 0x0000000080f00000| Untracked 
|  16|0x0000000081000000, 0x0000000081000000, 0x0000000081100000|  0%| F|  |TAMS 0x0000000081000000| PB 0x0000000081000000| Untracked 
|  17|0x0000000081100000, 0x0000000081200000, 0x0000000081200000|100%| O|  |TAMS 0x0000000081100000| PB 0x0000000081100000| Untracked 
|  18|0x0000000081200000, 0x0000000081300000, 0x0000000081300000|100%| O|  |TAMS 0x0000000081200000| PB 0x0000000081200000| Untracked 
|  19|0x0000000081300000, 0x0000000081400000, 0x0000000081400000|100%| O|  |TAMS 0x0000000081300000| PB 0x0000000081300000| Untracked 
|  20|0x0000000081400000, 0x0000000081500000, 0x0000000081500000|100%| O|  |TAMS 0x0000000081400000| PB 0x0000000081400000| Untracked 
|  21|0x0000000081500000, 0x0000000081600000, 0x0000000081600000|100%| O|  |TAMS 0x0000000081500000| PB 0x0000000081500000| Untracked 
|  22|0x0000000081600000, 0x0000000081700000, 0x0000000081700000|100%| O|  |TAMS 0x0000000081600000| PB 0x0000000081600000| Untracked 
|  23|0x0000000081700000, 0x0000000081800000, 0x0000000081800000|100%| O|  |TAMS 0x0000000081700000| PB 0x0000000081700000| Untracked 
|  24|0x0000000081800000, 0x0000000081900000, 0x0000000081900000|100%| O|  |TAMS 0x0000000081800000| PB 0x0000000081800000| Untracked 
|  25|0x0000000081900000, 0x0000000081a00000, 0x0000000081a00000|100%| O|  |TAMS 0x0000000081900000| PB 0x0000000081900000| Untracked 
|  26|0x0000000081a00000, 0x0000000081b00000, 0x0000000081b00000|100%| O|  |TAMS 0x0000000081a00000| PB 0x0000000081a00000| Untracked 
|  27|0x0000000081b00000, 0x0000000081c00000, 0x0000000081c00000|100%| O|  |TAMS 0x0000000081b00000| PB 0x0000000081b00000| Untracked 
|  28|0x0000000081c00000, 0x0000000081d00000, 0x0000000081d00000|100%| O|  |TAMS 0x0000000081c00000| PB 0x0000000081c00000| Untracked 
|  29|0x0000000081d00000, 0x0000000081e00000, 0x0000000081e00000|100%| O|  |TAMS 0x0000000081d00000| PB 0x0000000081d00000| Untracked 
|  30|0x0000000081e00000, 0x0000000081f00000, 0x0000000081f00000|100%| O|  |TAMS 0x0000000081e00000| PB 0x0000000081e00000| Untracked 
|  31|0x0000000081f00000, 0x0000000082000000, 0x0000000082000000|100%| O|  |TAMS 0x0000000081f00000| PB 0x0000000081f00000| Untracked 
|  32|0x0000000082000000, 0x0000000082100000, 0x0000000082100000|100%| O|  |TAMS 0x0000000082000000| PB 0x0000000082000000| Untracked 
|  33|0x0000000082100000, 0x0000000082200000, 0x0000000082200000|100%| O|  |TAMS 0x0000000082100000| PB 0x0000000082100000| Untracked 
|  34|0x0000000082200000, 0x0000000082300000, 0x0000000082300000|100%| O|  |TAMS 0x0000000082200000| PB 0x0000000082200000| Untracked 
|  35|0x0000000082300000, 0x0000000082400000, 0x0000000082400000|100%|HS|  |TAMS 0x0000000082300000| PB 0x0000000082300000| Complete 
|  36|0x0000000082400000, 0x0000000082500000, 0x0000000082500000|100%| O|  |TAMS 0x0000000082400000| PB 0x0000000082400000| Untracked 
|  37|0x0000000082500000, 0x0000000082600000, 0x0000000082600000|100%| O|  |TAMS 0x0000000082500000| PB 0x0000000082500000| Untracked 
|  38|0x0000000082600000, 0x0000000082700000, 0x0000000082700000|100%| O|  |TAMS 0x0000000082600000| PB 0x0000000082600000| Untracked 
|  39|0x0000000082700000, 0x0000000082800000, 0x0000000082800000|100%|HS|  |TAMS 0x0000000082700000| PB 0x0000000082700000| Complete 
|  40|0x0000000082800000, 0x0000000082900000, 0x0000000082900000|100%| O|  |TAMS 0x0000000082800000| PB 0x0000000082800000| Untracked 
|  41|0x0000000082900000, 0x0000000082a00000, 0x0000000082a00000|100%| O|  |TAMS 0x0000000082900000| PB 0x0000000082900000| Untracked 
|  42|0x0000000082a00000, 0x0000000082b00000, 0x0000000082b00000|100%| O|  |TAMS 0x0000000082a00000| PB 0x0000000082a00000| Untracked 
|  43|0x0000000082b00000, 0x0000000082c00000, 0x0000000082c00000|100%| O|  |TAMS 0x0000000082b00000| PB 0x0000000082b00000| Untracked 
|  44|0x0000000082c00000, 0x0000000082d00000, 0x0000000082d00000|100%| O|  |TAMS 0x0000000082c00000| PB 0x0000000082c00000| Untracked 
|  45|0x0000000082d00000, 0x0000000082e00000, 0x0000000082e00000|100%| O|  |TAMS 0x0000000082d00000| PB 0x0000000082d00000| Untracked 
|  46|0x0000000082e00000, 0x0000000082e00000, 0x0000000082f00000|  0%| F|  |TAMS 0x0000000082e00000| PB 0x0000000082e00000| Untracked 
|  47|0x0000000082f00000, 0x0000000083000000, 0x0000000083000000|100%| O|  |TAMS 0x0000000082f00000| PB 0x0000000082f00000| Untracked 
|  48|0x0000000083000000, 0x0000000083100000, 0x0000000083100000|100%| O|  |TAMS 0x0000000083000000| PB 0x0000000083000000| Untracked 
|  49|0x0000000083100000, 0x0000000083200000, 0x0000000083200000|100%| O|  |TAMS 0x0000000083100000| PB 0x0000000083100000| Untracked 
|  50|0x0000000083200000, 0x0000000083300000, 0x0000000083300000|100%|HS|  |TAMS 0x0000000083200000| PB 0x0000000083200000| Complete 
|  51|0x0000000083300000, 0x0000000083400000, 0x0000000083400000|100%|HS|  |TAMS 0x0000000083300000| PB 0x0000000083300000| Complete 
|  52|0x0000000083400000, 0x0000000083500000, 0x0000000083500000|100%| O|  |TAMS 0x0000000083400000| PB 0x0000000083400000| Untracked 
|  53|0x0000000083500000, 0x0000000083600000, 0x0000000083600000|100%|HS|  |TAMS 0x0000000083500000| PB 0x0000000083500000| Complete 
|  54|0x0000000083600000, 0x0000000083700000, 0x0000000083700000|100%|HC|  |TAMS 0x0000000083600000| PB 0x0000000083600000| Complete 
|  55|0x0000000083700000, 0x0000000083800000, 0x0000000083800000|100%| O|  |TAMS 0x0000000083700000| PB 0x0000000083700000| Untracked 
|  56|0x0000000083800000, 0x0000000083900000, 0x0000000083900000|100%| O|  |TAMS 0x0000000083800000| PB 0x0000000083800000| Untracked 
|  57|0x0000000083900000, 0x0000000083a00000, 0x0000000083a00000|100%| O|  |TAMS 0x0000000083900000| PB 0x0000000083900000| Untracked 
|  58|0x0000000083a00000, 0x0000000083b00000, 0x0000000083b00000|100%| O|  |TAMS 0x0000000083a00000| PB 0x0000000083a00000| Untracked 
|  59|0x0000000083b00000, 0x0000000083c00000, 0x0000000083c00000|100%| O|  |TAMS 0x0000000083b00000| PB 0x0000000083b00000| Untracked 
|  60|0x0000000083c00000, 0x0000000083d00000, 0x0000000083d00000|100%| O|  |TAMS 0x0000000083c00000| PB 0x0000000083c00000| Untracked 
|  61|0x0000000083d00000, 0x0000000083e00000, 0x0000000083e00000|100%|HS|  |TAMS 0x0000000083d00000| PB 0x0000000083d00000| Complete 
|  62|0x0000000083e00000, 0x0000000083f00000, 0x0000000083f00000|100%| O|  |TAMS 0x0000000083e00000| PB 0x0000000083e00000| Untracked 
|  63|0x0000000083f00000, 0x0000000084000000, 0x0000000084000000|100%| O|  |TAMS 0x0000000083f00000| PB 0x0000000083f00000| Untracked 
|  64|0x0000000084000000, 0x0000000084100000, 0x0000000084100000|100%|HS|  |TAMS 0x0000000084000000| PB 0x0000000084000000| Complete 
|  65|0x0000000084100000, 0x0000000084200000, 0x0000000084200000|100%|HC|  |TAMS 0x0000000084100000| PB 0x0000000084100000| Complete 
|  66|0x0000000084200000, 0x0000000084300000, 0x0000000084300000|100%|HC|  |TAMS 0x0000000084200000| PB 0x0000000084200000| Complete 
|  67|0x0000000084300000, 0x0000000084400000, 0x0000000084400000|100%|HS|  |TAMS 0x0000000084300000| PB 0x0000000084300000| Complete 
|  68|0x0000000084400000, 0x0000000084500000, 0x0000000084500000|100%|HS|  |TAMS 0x0000000084400000| PB 0x0000000084400000| Complete 
|  69|0x0000000084500000, 0x0000000084600000, 0x0000000084600000|100%| O|  |TAMS 0x0000000084500000| PB 0x0000000084500000| Untracked 
|  70|0x0000000084600000, 0x0000000084700000, 0x0000000084700000|100%| O|  |TAMS 0x0000000084600000| PB 0x0000000084600000| Untracked 
|  71|0x0000000084700000, 0x0000000084800000, 0x0000000084800000|100%| O|  |TAMS 0x0000000084700000| PB 0x0000000084700000| Untracked 
|  72|0x0000000084800000, 0x0000000084900000, 0x0000000084900000|100%| O|  |TAMS 0x0000000084800000| PB 0x0000000084800000| Untracked 
|  73|0x0000000084900000, 0x0000000084a00000, 0x0000000084a00000|100%| O|  |TAMS 0x0000000084900000| PB 0x0000000084900000| Untracked 
|  74|0x0000000084a00000, 0x0000000084b00000, 0x0000000084b00000|100%| O|  |TAMS 0x0000000084a00000| PB 0x0000000084a00000| Untracked 
|  75|0x0000000084b00000, 0x0000000084c00000, 0x0000000084c00000|100%| O|  |TAMS 0x0000000084b00000| PB 0x0000000084b00000| Untracked 
|  76|0x0000000084c00000, 0x0000000084d00000, 0x0000000084d00000|100%|HS|  |TAMS 0x0000000084c00000| PB 0x0000000084c00000| Complete 
|  77|0x0000000084d00000, 0x0000000084e00000, 0x0000000084e00000|100%| O|  |TAMS 0x0000000084d00000| PB 0x0000000084d00000| Untracked 
|  78|0x0000000084e00000, 0x0000000084f00000, 0x0000000084f00000|100%| O|  |TAMS 0x0000000084e00000| PB 0x0000000084e00000| Untracked 
|  79|0x0000000084f00000, 0x0000000085000000, 0x0000000085000000|100%| O|  |TAMS 0x0000000084f00000| PB 0x0000000084f00000| Untracked 
|  80|0x0000000085000000, 0x0000000085100000, 0x0000000085100000|100%| O|  |TAMS 0x0000000085000000| PB 0x0000000085000000| Untracked 
|  81|0x0000000085100000, 0x0000000085200000, 0x0000000085200000|100%| O|  |TAMS 0x0000000085100000| PB 0x0000000085100000| Untracked 
|  82|0x0000000085200000, 0x0000000085200000, 0x0000000085300000|  0%| F|  |TAMS 0x0000000085200000| PB 0x0000000085200000| Untracked 
|  83|0x0000000085300000, 0x0000000085400000, 0x0000000085400000|100%|HS|  |TAMS 0x0000000085300000| PB 0x0000000085300000| Complete 
|  84|0x0000000085400000, 0x0000000085500000, 0x0000000085500000|100%|HC|  |TAMS 0x0000000085400000| PB 0x0000000085400000| Complete 
|  85|0x0000000085500000, 0x0000000085600000, 0x0000000085600000|100%| O|  |TAMS 0x0000000085500000| PB 0x0000000085500000| Untracked 
|  86|0x0000000085600000, 0x0000000085700000, 0x0000000085700000|100%| O|  |TAMS 0x0000000085600000| PB 0x0000000085600000| Untracked 
|  87|0x0000000085700000, 0x0000000085800000, 0x0000000085800000|100%| O|  |TAMS 0x0000000085700000| PB 0x0000000085700000| Untracked 
|  88|0x0000000085800000, 0x0000000085900000, 0x0000000085900000|100%| O|  |TAMS 0x0000000085800000| PB 0x0000000085800000| Untracked 
|  89|0x0000000085900000, 0x0000000085a00000, 0x0000000085a00000|100%| O|  |TAMS 0x0000000085900000| PB 0x0000000085900000| Untracked 
|  90|0x0000000085a00000, 0x0000000085b00000, 0x0000000085b00000|100%| O|  |TAMS 0x0000000085a00000| PB 0x0000000085a00000| Untracked 
|  91|0x0000000085b00000, 0x0000000085c00000, 0x0000000085c00000|100%| O|  |TAMS 0x0000000085b00000| PB 0x0000000085b00000| Untracked 
|  92|0x0000000085c00000, 0x0000000085d00000, 0x0000000085d00000|100%| O|  |TAMS 0x0000000085c00000| PB 0x0000000085c00000| Untracked 
|  93|0x0000000085d00000, 0x0000000085e00000, 0x0000000085e00000|100%| O|  |TAMS 0x0000000085d00000| PB 0x0000000085d00000| Untracked 
|  94|0x0000000085e00000, 0x0000000085f00000, 0x0000000085f00000|100%| O|  |TAMS 0x0000000085e00000| PB 0x0000000085e00000| Untracked 
|  95|0x0000000085f00000, 0x0000000086000000, 0x0000000086000000|100%| O|  |TAMS 0x0000000085f00000| PB 0x0000000085f00000| Untracked 
|  96|0x0000000086000000, 0x0000000086100000, 0x0000000086100000|100%| O|  |TAMS 0x0000000086000000| PB 0x0000000086000000| Untracked 
|  97|0x0000000086100000, 0x0000000086200000, 0x0000000086200000|100%| O|  |TAMS 0x0000000086100000| PB 0x0000000086100000| Untracked 
|  98|0x0000000086200000, 0x00000000862c4590, 0x0000000086300000| 76%| O|  |TAMS 0x0000000086200000| PB 0x0000000086200000| Untracked 
|  99|0x0000000086300000, 0x0000000086300000, 0x0000000086400000|  0%| F|  |TAMS 0x0000000086300000| PB 0x0000000086300000| Untracked 
| 100|0x0000000086400000, 0x0000000086400000, 0x0000000086500000|  0%| F|  |TAMS 0x0000000086400000| PB 0x0000000086400000| Untracked 
| 101|0x0000000086500000, 0x0000000086500000, 0x0000000086600000|  0%| F|  |TAMS 0x0000000086500000| PB 0x0000000086500000| Untracked 
| 102|0x0000000086600000, 0x0000000086600000, 0x0000000086700000|  0%| F|  |TAMS 0x0000000086600000| PB 0x0000000086600000| Untracked 
| 103|0x0000000086700000, 0x0000000086700000, 0x0000000086800000|  0%| F|  |TAMS 0x0000000086700000| PB 0x0000000086700000| Untracked 
| 104|0x0000000086800000, 0x0000000086800000, 0x0000000086900000|  0%| F|  |TAMS 0x0000000086800000| PB 0x0000000086800000| Untracked 
| 105|0x0000000086900000, 0x0000000086900000, 0x0000000086a00000|  0%| F|  |TAMS 0x0000000086900000| PB 0x0000000086900000| Untracked 
| 106|0x0000000086a00000, 0x0000000086a00000, 0x0000000086b00000|  0%| F|  |TAMS 0x0000000086a00000| PB 0x0000000086a00000| Untracked 
| 107|0x0000000086b00000, 0x0000000086b00000, 0x0000000086c00000|  0%| F|  |TAMS 0x0000000086b00000| PB 0x0000000086b00000| Untracked 
| 108|0x0000000086c00000, 0x0000000086c00000, 0x0000000086d00000|  0%| F|  |TAMS 0x0000000086c00000| PB 0x0000000086c00000| Untracked 
| 109|0x0000000086d00000, 0x0000000086d00000, 0x0000000086e00000|  0%| F|  |TAMS 0x0000000086d00000| PB 0x0000000086d00000| Untracked 
| 110|0x0000000086e00000, 0x0000000086e00000, 0x0000000086f00000|  0%| F|  |TAMS 0x0000000086e00000| PB 0x0000000086e00000| Untracked 
| 111|0x0000000086f00000, 0x0000000086fc80e8, 0x0000000087000000| 78%| S|CS|TAMS 0x0000000086f00000| PB 0x0000000086f00000| Complete 
| 112|0x0000000087000000, 0x0000000087100000, 0x0000000087100000|100%| S|CS|TAMS 0x0000000087000000| PB 0x0000000087000000| Complete 
| 113|0x0000000087100000, 0x0000000087200000, 0x0000000087200000|100%| S|CS|TAMS 0x0000000087100000| PB 0x0000000087100000| Complete 
| 114|0x0000000087200000, 0x0000000087300000, 0x0000000087300000|100%| S|CS|TAMS 0x0000000087200000| PB 0x0000000087200000| Complete 
| 115|0x0000000087300000, 0x0000000087400000, 0x0000000087400000|100%| S|CS|TAMS 0x0000000087300000| PB 0x0000000087300000| Complete 
| 116|0x0000000087400000, 0x0000000087500000, 0x0000000087500000|100%| S|CS|TAMS 0x0000000087400000| PB 0x0000000087400000| Complete 
| 117|0x0000000087500000, 0x0000000087600000, 0x0000000087600000|100%| S|CS|TAMS 0x0000000087500000| PB 0x0000000087500000| Complete 
| 118|0x0000000087600000, 0x0000000087700000, 0x0000000087700000|100%| S|CS|TAMS 0x0000000087600000| PB 0x0000000087600000| Complete 
| 119|0x0000000087700000, 0x0000000087700000, 0x0000000087800000|  0%| F|  |TAMS 0x0000000087700000| PB 0x0000000087700000| Untracked 
| 120|0x0000000087800000, 0x0000000087800000, 0x0000000087900000|  0%| F|  |TAMS 0x0000000087800000| PB 0x0000000087800000| Untracked 
| 121|0x0000000087900000, 0x0000000087900000, 0x0000000087a00000|  0%| F|  |TAMS 0x0000000087900000| PB 0x0000000087900000| Untracked 
| 122|0x0000000087a00000, 0x0000000087a00000, 0x0000000087b00000|  0%| F|  |TAMS 0x0000000087a00000| PB 0x0000000087a00000| Untracked 
| 123|0x0000000087b00000, 0x0000000087b00000, 0x0000000087c00000|  0%| F|  |TAMS 0x0000000087b00000| PB 0x0000000087b00000| Untracked 
| 124|0x0000000087c00000, 0x0000000087c00000, 0x0000000087d00000|  0%| F|  |TAMS 0x0000000087c00000| PB 0x0000000087c00000| Untracked 
| 125|0x0000000087d00000, 0x0000000087d00000, 0x0000000087e00000|  0%| F|  |TAMS 0x0000000087d00000| PB 0x0000000087d00000| Untracked 
| 126|0x0000000087e00000, 0x0000000087e00000, 0x0000000087f00000|  0%| F|  |TAMS 0x0000000087e00000| PB 0x0000000087e00000| Untracked 
| 127|0x0000000087f00000, 0x0000000087f00000, 0x0000000088000000|  0%| F|  |TAMS 0x0000000087f00000| PB 0x0000000087f00000| Untracked 
| 128|0x0000000088000000, 0x0000000088000000, 0x0000000088100000|  0%| F|  |TAMS 0x0000000088000000| PB 0x0000000088000000| Untracked 
| 129|0x0000000088100000, 0x0000000088100000, 0x0000000088200000|  0%| F|  |TAMS 0x0000000088100000| PB 0x0000000088100000| Untracked 
| 130|0x0000000088200000, 0x0000000088200000, 0x0000000088300000|  0%| F|  |TAMS 0x0000000088200000| PB 0x0000000088200000| Untracked 
| 131|0x0000000088300000, 0x0000000088300000, 0x0000000088400000|  0%| F|  |TAMS 0x0000000088300000| PB 0x0000000088300000| Untracked 
| 132|0x0000000088400000, 0x0000000088400000, 0x0000000088500000|  0%| F|  |TAMS 0x0000000088400000| PB 0x0000000088400000| Untracked 
| 133|0x0000000088500000, 0x0000000088500000, 0x0000000088600000|  0%| F|  |TAMS 0x0000000088500000| PB 0x0000000088500000| Untracked 
| 134|0x0000000088600000, 0x0000000088600000, 0x0000000088700000|  0%| F|  |TAMS 0x0000000088600000| PB 0x0000000088600000| Untracked 
| 135|0x0000000088700000, 0x0000000088700000, 0x0000000088800000|  0%| F|  |TAMS 0x0000000088700000| PB 0x0000000088700000| Untracked 
| 136|0x0000000088800000, 0x0000000088800000, 0x0000000088900000|  0%| F|  |TAMS 0x0000000088800000| PB 0x0000000088800000| Untracked 
| 137|0x0000000088900000, 0x0000000088900000, 0x0000000088a00000|  0%| F|  |TAMS 0x0000000088900000| PB 0x0000000088900000| Untracked 
| 138|0x0000000088a00000, 0x0000000088a00000, 0x0000000088b00000|  0%| F|  |TAMS 0x0000000088a00000| PB 0x0000000088a00000| Untracked 
| 139|0x0000000088b00000, 0x0000000088b00000, 0x0000000088c00000|  0%| F|  |TAMS 0x0000000088b00000| PB 0x0000000088b00000| Untracked 
| 140|0x0000000088c00000, 0x0000000088c00000, 0x0000000088d00000|  0%| F|  |TAMS 0x0000000088c00000| PB 0x0000000088c00000| Untracked 
| 141|0x0000000088d00000, 0x0000000088d00000, 0x0000000088e00000|  0%| F|  |TAMS 0x0000000088d00000| PB 0x0000000088d00000| Untracked 
| 142|0x0000000088e00000, 0x0000000088e00000, 0x0000000088f00000|  0%| F|  |TAMS 0x0000000088e00000| PB 0x0000000088e00000| Untracked 
| 143|0x0000000088f00000, 0x0000000088f00000, 0x0000000089000000|  0%| F|  |TAMS 0x0000000088f00000| PB 0x0000000088f00000| Untracked 
| 144|0x0000000089000000, 0x0000000089000000, 0x0000000089100000|  0%| F|  |TAMS 0x0000000089000000| PB 0x0000000089000000| Untracked 
| 145|0x0000000089100000, 0x0000000089100000, 0x0000000089200000|  0%| F|  |TAMS 0x0000000089100000| PB 0x0000000089100000| Untracked 
| 146|0x0000000089200000, 0x0000000089200000, 0x0000000089300000|  0%| F|  |TAMS 0x0000000089200000| PB 0x0000000089200000| Untracked 
| 147|0x0000000089300000, 0x0000000089300000, 0x0000000089400000|  0%| F|  |TAMS 0x0000000089300000| PB 0x0000000089300000| Untracked 
| 148|0x0000000089400000, 0x0000000089400000, 0x0000000089500000|  0%| F|  |TAMS 0x0000000089400000| PB 0x0000000089400000| Untracked 
| 149|0x0000000089500000, 0x0000000089500000, 0x0000000089600000|  0%| F|  |TAMS 0x0000000089500000| PB 0x0000000089500000| Untracked 
| 150|0x0000000089600000, 0x0000000089609820, 0x0000000089700000|  3%| E|  |TAMS 0x0000000089600000| PB 0x0000000089600000| Complete 
| 151|0x0000000089700000, 0x0000000089800000, 0x0000000089800000|100%| E|CS|TAMS 0x0000000089700000| PB 0x0000000089700000| Complete 
| 152|0x0000000089800000, 0x0000000089900000, 0x0000000089900000|100%| E|CS|TAMS 0x0000000089800000| PB 0x0000000089800000| Complete 
| 153|0x0000000089900000, 0x0000000089a00000, 0x0000000089a00000|100%| E|CS|TAMS 0x0000000089900000| PB 0x0000000089900000| Complete 
| 154|0x0000000089a00000, 0x0000000089b00000, 0x0000000089b00000|100%| E|CS|TAMS 0x0000000089a00000| PB 0x0000000089a00000| Complete 
| 155|0x0000000089b00000, 0x0000000089c00000, 0x0000000089c00000|100%| E|CS|TAMS 0x0000000089b00000| PB 0x0000000089b00000| Complete 
| 156|0x0000000089c00000, 0x0000000089d00000, 0x0000000089d00000|100%| E|CS|TAMS 0x0000000089c00000| PB 0x0000000089c00000| Complete 
| 157|0x0000000089d00000, 0x0000000089e00000, 0x0000000089e00000|100%| E|CS|TAMS 0x0000000089d00000| PB 0x0000000089d00000| Complete 
| 158|0x0000000089e00000, 0x0000000089f00000, 0x0000000089f00000|100%| E|CS|TAMS 0x0000000089e00000| PB 0x0000000089e00000| Complete 
| 159|0x0000000089f00000, 0x000000008a000000, 0x000000008a000000|100%| E|CS|TAMS 0x0000000089f00000| PB 0x0000000089f00000| Complete 
| 160|0x000000008a000000, 0x000000008a100000, 0x000000008a100000|100%| E|CS|TAMS 0x000000008a000000| PB 0x000000008a000000| Complete 
| 161|0x000000008a100000, 0x000000008a200000, 0x000000008a200000|100%| E|CS|TAMS 0x000000008a100000| PB 0x000000008a100000| Complete 
| 162|0x000000008a200000, 0x000000008a300000, 0x000000008a300000|100%| E|CS|TAMS 0x000000008a200000| PB 0x000000008a200000| Complete 
| 163|0x000000008a300000, 0x000000008a400000, 0x000000008a400000|100%| E|CS|TAMS 0x000000008a300000| PB 0x000000008a300000| Complete 
| 164|0x000000008a400000, 0x000000008a500000, 0x000000008a500000|100%| E|CS|TAMS 0x000000008a400000| PB 0x000000008a400000| Complete 
| 165|0x000000008a500000, 0x000000008a600000, 0x000000008a600000|100%| E|CS|TAMS 0x000000008a500000| PB 0x000000008a500000| Complete 
| 166|0x000000008a600000, 0x000000008a700000, 0x000000008a700000|100%| E|CS|TAMS 0x000000008a600000| PB 0x000000008a600000| Complete 
| 167|0x000000008a700000, 0x000000008a800000, 0x000000008a800000|100%| E|CS|TAMS 0x000000008a700000| PB 0x000000008a700000| Complete 
| 168|0x000000008a800000, 0x000000008a900000, 0x000000008a900000|100%| E|CS|TAMS 0x000000008a800000| PB 0x000000008a800000| Complete 
| 169|0x000000008a900000, 0x000000008aa00000, 0x000000008aa00000|100%| E|CS|TAMS 0x000000008a900000| PB 0x000000008a900000| Complete 
| 170|0x000000008aa00000, 0x000000008ab00000, 0x000000008ab00000|100%| E|CS|TAMS 0x000000008aa00000| PB 0x000000008aa00000| Complete 
| 171|0x000000008ab00000, 0x000000008ac00000, 0x000000008ac00000|100%| E|CS|TAMS 0x000000008ab00000| PB 0x000000008ab00000| Complete 
| 172|0x000000008ac00000, 0x000000008ad00000, 0x000000008ad00000|100%| E|CS|TAMS 0x000000008ac00000| PB 0x000000008ac00000| Complete 
| 173|0x000000008ad00000, 0x000000008ae00000, 0x000000008ae00000|100%| E|CS|TAMS 0x000000008ad00000| PB 0x000000008ad00000| Complete 
| 174|0x000000008ae00000, 0x000000008af00000, 0x000000008af00000|100%| E|CS|TAMS 0x000000008ae00000| PB 0x000000008ae00000| Complete 
| 175|0x000000008af00000, 0x000000008b000000, 0x000000008b000000|100%| E|CS|TAMS 0x000000008af00000| PB 0x000000008af00000| Complete 
| 176|0x000000008b000000, 0x000000008b100000, 0x000000008b100000|100%| E|CS|TAMS 0x000000008b000000| PB 0x000000008b000000| Complete 
| 177|0x000000008b100000, 0x000000008b200000, 0x000000008b200000|100%| E|CS|TAMS 0x000000008b100000| PB 0x000000008b100000| Complete 
| 178|0x000000008b200000, 0x000000008b300000, 0x000000008b300000|100%| E|CS|TAMS 0x000000008b200000| PB 0x000000008b200000| Complete 
| 179|0x000000008b300000, 0x000000008b400000, 0x000000008b400000|100%| E|CS|TAMS 0x000000008b300000| PB 0x000000008b300000| Complete 
| 180|0x000000008b400000, 0x000000008b500000, 0x000000008b500000|100%| E|CS|TAMS 0x000000008b400000| PB 0x000000008b400000| Complete 
| 181|0x000000008b500000, 0x000000008b600000, 0x000000008b600000|100%| E|CS|TAMS 0x000000008b500000| PB 0x000000008b500000| Complete 
| 182|0x000000008b600000, 0x000000008b700000, 0x000000008b700000|100%| E|CS|TAMS 0x000000008b600000| PB 0x000000008b600000| Complete 
| 183|0x000000008b700000, 0x000000008b800000, 0x000000008b800000|100%| E|CS|TAMS 0x000000008b700000| PB 0x000000008b700000| Complete 
| 184|0x000000008b800000, 0x000000008b900000, 0x000000008b900000|100%| E|CS|TAMS 0x000000008b800000| PB 0x000000008b800000| Complete 
|2047|0x00000000fff00000, 0x0000000100000000, 0x0000000100000000|100%| O|  |TAMS 0x00000000fff00000| PB 0x00000000fff00000| Untracked 

Card table byte_map: [0x000001d037750000,0x000001d037b50000] _byte_map_base: 0x000001d037350000

Marking Bits: (CMBitMap*) 0x000001d024e79440
 Bits: [0x000001d037b50000, 0x000001d039b50000)

Polling page: 0x000001d022ec0000

Metaspace:

Usage:
  Non-class:     82.56 MB used.
      Class:     13.49 MB used.
       Both:     96.05 MB used.

Virtual space:
  Non-class space:      128.00 MB reserved,      83.69 MB ( 65%) committed,  2 nodes.
      Class space:        1.00 GB reserved,      14.62 MB (  1%) committed,  1 nodes.
             Both:        1.12 GB reserved,      98.31 MB (  9%) committed. 

Chunk freelists:
   Non-Class:  11.58 MB
       Class:  1.41 MB
        Both:  12.98 MB

MaxMetaspaceSize: unlimited
CompressedClassSpaceSize: 1.00 GB
Initial GC threshold: 21.00 MB
Current GC threshold: 143.44 MB
CDS: on
 - commit_granule_bytes: 65536.
 - commit_granule_words: 8192.
 - virtual_space_node_default_size: 8388608.
 - enlarge_chunks_in_place: 1.
 - use_allocation_guard: 0.


Internal statistics:

num_allocs_failed_limit: 9.
num_arena_births: 4252.
num_arena_deaths: 0.
num_vsnodes_births: 3.
num_vsnodes_deaths: 0.
num_space_committed: 1572.
num_space_uncommitted: 0.
num_chunks_returned_to_freelist: 9.
num_chunks_taken_from_freelist: 8887.
num_chunk_merges: 9.
num_chunk_splits: 5821.
num_chunks_enlarged: 3677.
num_inconsistent_stats: 0.

CodeHeap 'non-profiled nmethods': size=120000Kb used=6826Kb max_used=6826Kb free=113173Kb
 bounds [0x000001d02faf0000, 0x000001d0301a0000, 0x000001d037020000]
CodeHeap 'profiled nmethods': size=120000Kb used=19744Kb max_used=19744Kb free=100255Kb
 bounds [0x000001d028020000, 0x000001d029370000, 0x000001d02f550000]
CodeHeap 'non-nmethods': size=5760Kb used=2990Kb max_used=3039Kb free=2770Kb
 bounds [0x000001d02f550000, 0x000001d02f860000, 0x000001d02faf0000]
CodeCache: size=245760Kb, used=29560Kb, max_used=29609Kb, free=216198Kb
 total_blobs=11627, nmethods=10626, adapters=903, full_count=0
Compilation: enabled, stopped_count=0, restarted_count=0

Compilation events (20 events):
Event: 15.093 Thread 0x000001d03c5bc520 12382       3       java.util.HashMap$Values::forEach (119 bytes)
Event: 15.094 Thread 0x000001d03c5bc520 nmethod 12382 0x000001d02935f890 code [0x000001d02935faa0, 0x000001d029360090]
Event: 15.094 Thread 0x000001d03c5bc520 12383       3       org.gradle.internal.execution.model.annotations.InputPropertyAnnotationHandler::validatePropertyMetadata (46 bytes)
Event: 15.095 Thread 0x000001d03c5bc520 nmethod 12383 0x000001d029360310 code [0x000001d029360600, 0x000001d029361550]
Event: 15.095 Thread 0x000001d03c5bc520 12384       3       org.gradle.internal.execution.model.annotations.InputPropertyAnnotationHandler::validateNotDirectoryType (32 bytes)
Event: 15.095 Thread 0x000001d03c5bc520 nmethod 12384 0x000001d029361b10 code [0x000001d029361d00, 0x000001d029362088]
Event: 15.095 Thread 0x000001d03c5bc520 12385       3       com.android.build.gradle.internal.scope.InternalArtifactType::getFolderName (14 bytes)
Event: 15.095 Thread 0x000001d03c5bc520 nmethod 12385 0x000001d029362210 code [0x000001d029362440, 0x000001d029362930]
Event: 15.100 Thread 0x000001d03c5bc520 12386       3       org.gradle.api.internal.project.taskfactory.StandardTaskAction::<init> (15 bytes)
Event: 15.100 Thread 0x000001d03c5bc520 nmethod 12386 0x000001d029362b10 code [0x000001d029362cc0, 0x000001d029362ee0]
Event: 15.100 Thread 0x000001d03c5bc520 12387       3       org.gradle.api.internal.AbstractTask::prependParallelSafeAction (31 bytes)
Event: 15.100 Thread 0x000001d03c5bc520 nmethod 12387 0x000001d029362f90 code [0x000001d0293631a0, 0x000001d029363770]
Event: 15.109 Thread 0x000001d03c5ab660 nmethod 12373 0x000001d030196590 code [0x000001d030196900, 0x000001d030197bb8]
Event: 15.110 Thread 0x000001d03c5ab660 12372       4       org.gradle.internal.instantiation.generator.AbstractClassGenerator$ManagedPropertiesHandler::visitProperty (37 bytes)
Event: 15.112 Thread 0x000001d03c5bc520 12388       3       java.util.IdentityHashMap::init (11 bytes)
Event: 15.112 Thread 0x000001d03c5bc520 nmethod 12388 0x000001d029363990 code [0x000001d029363b40, 0x000001d029363d38]
Event: 15.113 Thread 0x000001d03c5bc520 12389       3       org.gradle.internal.service.DefaultServiceRegistry$ConstructorService::getParameterTypes (8 bytes)
Event: 15.114 Thread 0x000001d03c5bc520 nmethod 12389 0x000001d029363e10 code [0x000001d029364060, 0x000001d029364948]
Event: 15.114 Thread 0x000001d03c5bc520 12390   !   3       org.gradle.internal.service.DefaultServiceRegistry$ConstructorService::invokeMethod (74 bytes)
Event: 15.115 Thread 0x000001d03c5bc520 nmethod 12390 0x000001d029364b90 code [0x000001d029364f80, 0x000001d029366950]

GC Heap History (20 events):
Event: 10.703 GC heap before
{Heap before GC invocations=27 (full 0):
 garbage-first heap   total 122880K, used 106235K [0x0000000080000000, 0x0000000100000000)
  region size 1024K, 35 young (35840K), 5 survivors (5120K)
 Metaspace       used 69170K, committed 71232K, reserved 1114112K
  class space    used 9729K, committed 10752K, reserved 1048576K
}
Event: 10.707 GC heap after
{Heap after GC invocations=28 (full 0):
 garbage-first heap   total 147456K, used 78015K [0x0000000080000000, 0x0000000100000000)
  region size 1024K, 4 young (4096K), 4 survivors (4096K)
 Metaspace       used 69170K, committed 71232K, reserved 1114112K
  class space    used 9729K, committed 10752K, reserved 1048576K
}
Event: 11.139 GC heap before
{Heap before GC invocations=29 (full 0):
 garbage-first heap   total 147456K, used 126143K [0x0000000080000000, 0x0000000100000000)
  region size 1024K, 47 young (48128K), 4 survivors (4096K)
 Metaspace       used 71378K, committed 73408K, reserved 1114112K
  class space    used 10065K, committed 11072K, reserved 1048576K
}
Event: 11.144 GC heap after
{Heap after GC invocations=30 (full 0):
 garbage-first heap   total 147456K, used 83724K [0x0000000080000000, 0x0000000100000000)
  region size 1024K, 6 young (6144K), 6 survivors (6144K)
 Metaspace       used 71378K, committed 73408K, reserved 1114112K
  class space    used 10065K, committed 11072K, reserved 1048576K
}
Event: 11.541 GC heap before
{Heap before GC invocations=30 (full 0):
 garbage-first heap   total 147456K, used 125708K [0x0000000080000000, 0x0000000100000000)
  region size 1024K, 47 young (48128K), 6 survivors (6144K)
 Metaspace       used 74855K, committed 76928K, reserved 1179648K
  class space    used 10486K, committed 11520K, reserved 1048576K
}
Event: 11.547 GC heap after
{Heap after GC invocations=31 (full 0):
 garbage-first heap   total 147456K, used 85219K [0x0000000080000000, 0x0000000100000000)
  region size 1024K, 3 young (3072K), 3 survivors (3072K)
 Metaspace       used 74855K, committed 76928K, reserved 1179648K
  class space    used 10486K, committed 11520K, reserved 1048576K
}
Event: 11.780 GC heap before
{Heap before GC invocations=31 (full 0):
 garbage-first heap   total 147456K, used 111843K [0x0000000080000000, 0x0000000100000000)
  region size 1024K, 30 young (30720K), 3 survivors (3072K)
 Metaspace       used 75858K, committed 77952K, reserved 1179648K
  class space    used 10605K, committed 11648K, reserved 1048576K
}
Event: 11.783 GC heap after
{Heap after GC invocations=32 (full 0):
 garbage-first heap   total 147456K, used 88237K [0x0000000080000000, 0x0000000100000000)
  region size 1024K, 6 young (6144K), 6 survivors (6144K)
 Metaspace       used 75858K, committed 77952K, reserved 1179648K
  class space    used 10605K, committed 11648K, reserved 1048576K
}
Event: 12.211 GC heap before
{Heap before GC invocations=33 (full 0):
 garbage-first heap   total 152576K, used 132269K [0x0000000080000000, 0x0000000100000000)
  region size 1024K, 47 young (48128K), 6 survivors (6144K)
 Metaspace       used 79030K, committed 81216K, reserved 1179648K
  class space    used 11044K, committed 12096K, reserved 1048576K
}
Event: 12.215 GC heap after
{Heap after GC invocations=34 (full 0):
 garbage-first heap   total 152576K, used 91798K [0x0000000080000000, 0x0000000100000000)
  region size 1024K, 5 young (5120K), 5 survivors (5120K)
 Metaspace       used 79030K, committed 81216K, reserved 1179648K
  class space    used 11044K, committed 12096K, reserved 1048576K
}
Event: 12.695 GC heap before
{Heap before GC invocations=34 (full 0):
 garbage-first heap   total 152576K, used 136854K [0x0000000080000000, 0x0000000100000000)
  region size 1024K, 49 young (50176K), 5 survivors (5120K)
 Metaspace       used 82296K, committed 84416K, reserved 1179648K
  class space    used 11628K, committed 12672K, reserved 1048576K
}
Event: 12.702 GC heap after
{Heap after GC invocations=35 (full 0):
 garbage-first heap   total 152576K, used 91738K [0x0000000080000000, 0x0000000100000000)
  region size 1024K, 4 young (4096K), 4 survivors (4096K)
 Metaspace       used 82296K, committed 84416K, reserved 1179648K
  class space    used 11628K, committed 12672K, reserved 1048576K
}
Event: 13.180 GC heap before
{Heap before GC invocations=35 (full 0):
 garbage-first heap   total 152576K, used 136794K [0x0000000080000000, 0x0000000100000000)
  region size 1024K, 48 young (49152K), 4 survivors (4096K)
 Metaspace       used 85657K, committed 87872K, reserved 1179648K
  class space    used 12111K, committed 13184K, reserved 1048576K
}
Event: 13.185 GC heap after
{Heap after GC invocations=36 (full 0):
 garbage-first heap   total 152576K, used 93533K [0x0000000080000000, 0x0000000100000000)
  region size 1024K, 5 young (5120K), 5 survivors (5120K)
 Metaspace       used 85657K, committed 87872K, reserved 1179648K
  class space    used 12111K, committed 13184K, reserved 1048576K
}
Event: 13.758 GC heap before
{Heap before GC invocations=37 (full 0):
 garbage-first heap   total 157696K, used 143709K [0x0000000080000000, 0x0000000100000000)
  region size 1024K, 50 young (51200K), 5 survivors (5120K)
 Metaspace       used 89760K, committed 92096K, reserved 1179648K
  class space    used 12616K, committed 13760K, reserved 1048576K
}
Event: 13.766 GC heap after
{Heap after GC invocations=38 (full 0):
 garbage-first heap   total 157696K, used 98416K [0x0000000080000000, 0x0000000100000000)
  region size 1024K, 7 young (7168K), 7 survivors (7168K)
 Metaspace       used 89760K, committed 92096K, reserved 1179648K
  class space    used 12616K, committed 13760K, reserved 1048576K
}
Event: 14.230 GC heap before
{Heap before GC invocations=38 (full 0):
 garbage-first heap   total 157696K, used 144496K [0x0000000080000000, 0x0000000100000000)
  region size 1024K, 51 young (52224K), 7 survivors (7168K)
 Metaspace       used 92036K, committed 94336K, reserved 1179648K
  class space    used 12934K, committed 14080K, reserved 1048576K
}
Event: 14.239 GC heap after
{Heap after GC invocations=39 (full 0):
 garbage-first heap   total 190464K, used 102315K [0x0000000080000000, 0x0000000100000000)
  region size 1024K, 4 young (4096K), 4 survivors (4096K)
 Metaspace       used 92036K, committed 94336K, reserved 1179648K
  class space    used 12934K, committed 14080K, reserved 1048576K
}
Event: 14.840 GC heap before
{Heap before GC invocations=39 (full 0):
 garbage-first heap   total 190464K, used 168875K [0x0000000080000000, 0x0000000100000000)
  region size 1024K, 69 young (70656K), 4 survivors (4096K)
 Metaspace       used 95444K, committed 97792K, reserved 1179648K
  class space    used 13426K, committed 14592K, reserved 1048576K
}
Event: 14.845 GC heap after
{Heap after GC invocations=40 (full 0):
 garbage-first heap   total 190464K, used 107057K [0x0000000080000000, 0x0000000100000000)
  region size 1024K, 8 young (8192K), 8 survivors (8192K)
 Metaspace       used 95444K, committed 97792K, reserved 1179648K
  class space    used 13426K, committed 14592K, reserved 1048576K
}

Dll operation events (14 events):
Event: 0.011 Loaded shared library C:\Users\rawat\.antigravity-ide\extensions\redhat.java-1.55.0-win32-x64\jre\21.0.11-win32-x86_64\bin\java.dll
Event: 0.087 Loaded shared library C:\Users\rawat\.antigravity-ide\extensions\redhat.java-1.55.0-win32-x64\jre\21.0.11-win32-x86_64\bin\zip.dll
Event: 0.099 Loaded shared library C:\Users\rawat\.antigravity-ide\extensions\redhat.java-1.55.0-win32-x64\jre\21.0.11-win32-x86_64\bin\instrument.dll
Event: 0.103 Loaded shared library C:\Users\rawat\.antigravity-ide\extensions\redhat.java-1.55.0-win32-x64\jre\21.0.11-win32-x86_64\bin\net.dll
Event: 0.106 Loaded shared library C:\Users\rawat\.antigravity-ide\extensions\redhat.java-1.55.0-win32-x64\jre\21.0.11-win32-x86_64\bin\nio.dll
Event: 0.108 Loaded shared library C:\Users\rawat\.antigravity-ide\extensions\redhat.java-1.55.0-win32-x64\jre\21.0.11-win32-x86_64\bin\zip.dll
Event: 0.350 Loaded shared library C:\Users\rawat\.antigravity-ide\extensions\redhat.java-1.55.0-win32-x64\jre\21.0.11-win32-x86_64\bin\jimage.dll
Event: 0.486 Loaded shared library C:\Users\rawat\.antigravity-ide\extensions\redhat.java-1.55.0-win32-x64\jre\21.0.11-win32-x86_64\bin\verify.dll
Event: 0.560 Loaded shared library C:\Users\rawat\.gradle\native\1def1411415f61bf3af743bc5b6707747c0891f09f0c88961ee8f79bc544acac\windows-amd64\native-platform.dll
Event: 0.572 Loaded shared library C:\Users\rawat\.gradle\native\0.2.7\x86_64-windows-gnu\gradle-fileevents.dll
Event: 1.599 Loaded shared library C:\Users\rawat\.antigravity-ide\extensions\redhat.java-1.55.0-win32-x64\jre\21.0.11-win32-x86_64\bin\management.dll
Event: 1.601 Loaded shared library C:\Users\rawat\.antigravity-ide\extensions\redhat.java-1.55.0-win32-x64\jre\21.0.11-win32-x86_64\bin\management_ext.dll
Event: 1.715 Loaded shared library C:\Users\rawat\.antigravity-ide\extensions\redhat.java-1.55.0-win32-x64\jre\21.0.11-win32-x86_64\bin\extnet.dll
Event: 1.894 Loaded shared library C:\Users\rawat\.antigravity-ide\extensions\redhat.java-1.55.0-win32-x64\jre\21.0.11-win32-x86_64\bin\sunmscapi.dll

Deoptimization events (20 events):
Event: 15.001 Thread 0x000001d07f70c850 Uncommon trap: trap_request=0xffffff45 fr.pc=0x000001d02fe0bc2c relative=0x000000000000032c
Event: 15.001 Thread 0x000001d07f70c850 Uncommon trap: reason=unstable_if action=reinterpret pc=0x000001d02fe0bc2c method=org.objectweb.asm.MethodWriter.visitVarInsn(II)V @ 224 c2
Event: 15.001 Thread 0x000001d07f70c850 DEOPT PACKING pc=0x000001d02fe0bc2c sp=0x00000040df0f9400
Event: 15.001 Thread 0x000001d07f70c850 DEOPT UNPACKING pc=0x000001d02f5a7ba2 sp=0x00000040df0f9398 mode 2
Event: 15.001 Thread 0x000001d07f70c850 Uncommon trap: trap_request=0xffffff45 fr.pc=0x000001d02feb7424 relative=0x0000000000005364
Event: 15.001 Thread 0x000001d07f70c850 Uncommon trap: reason=unstable_if action=reinterpret pc=0x000001d02feb7424 method=org.objectweb.asm.Type.getTypeInternal(Ljava/lang/String;II)Lorg/objectweb/asm/Type; @ 5 c2
Event: 15.001 Thread 0x000001d07f70c850 DEOPT PACKING pc=0x000001d02feb7424 sp=0x00000040df0f9550
Event: 15.001 Thread 0x000001d07f70c850 DEOPT UNPACKING pc=0x000001d02f5a7ba2 sp=0x00000040df0f9390 mode 2
Event: 15.001 Thread 0x000001d07f70c850 Uncommon trap: trap_request=0xffffff45 fr.pc=0x000001d02fe9fb2c relative=0x000000000000098c
Event: 15.001 Thread 0x000001d07f70c850 Uncommon trap: reason=unstable_if action=reinterpret pc=0x000001d02fe9fb2c method=org.objectweb.asm.Frame.accept(Lorg/objectweb/asm/MethodWriter;)V @ 32 c2
Event: 15.001 Thread 0x000001d07f70c850 DEOPT PACKING pc=0x000001d02fe9fb2c sp=0x00000040df0f94e0
Event: 15.001 Thread 0x000001d07f70c850 DEOPT UNPACKING pc=0x000001d02f5a7ba2 sp=0x00000040df0f9490 mode 2
Event: 15.003 Thread 0x000001d07f70c850 Uncommon trap: trap_request=0xffffff45 fr.pc=0x000001d02fff66c8 relative=0x0000000000000208
Event: 15.003 Thread 0x000001d07f70c850 Uncommon trap: reason=unstable_if action=reinterpret pc=0x000001d02fff66c8 method=org.objectweb.asm.Type.getTypeInternal(Ljava/lang/String;II)Lorg/objectweb/asm/Type; @ 5 c2
Event: 15.003 Thread 0x000001d07f70c850 DEOPT PACKING pc=0x000001d02fff66c8 sp=0x00000040df0f9240
Event: 15.004 Thread 0x000001d07f70c850 DEOPT UNPACKING pc=0x000001d02f5a7ba2 sp=0x00000040df0f91d8 mode 2
Event: 15.099 Thread 0x000001d07f70c850 Uncommon trap: trap_request=0xffffffde fr.pc=0x000001d02fbf7958 relative=0x0000000000000198
Event: 15.099 Thread 0x000001d07f70c850 Uncommon trap: reason=class_check action=maybe_recompile pc=0x000001d02fbf7958 method=java.util.stream.StreamOpFlag.fromCharacteristics(Ljava/util/Spliterator;)I @ 14 c2
Event: 15.099 Thread 0x000001d07f70c850 DEOPT PACKING pc=0x000001d02fbf7958 sp=0x00000040df0faea0
Event: 15.099 Thread 0x000001d07f70c850 DEOPT UNPACKING pc=0x000001d02f5a7ba2 sp=0x00000040df0fad88 mode 2

Classes loaded (20 events):
Event: 14.922 Loading class java/net/URL$1
Event: 14.922 Loading class java/net/URL$1 done
Event: 14.922 Loading class java/net/spi/URLStreamHandlerProvider
Event: 14.922 Loading class java/net/spi/URLStreamHandlerProvider done
Event: 14.923 Loading class sun/net/www/protocol/http/Handler
Event: 14.923 Loading class sun/net/www/protocol/http/Handler done
Event: 14.925 Loading class javax/crypto/JceSecurity$WeakIdentityWrapper
Event: 14.925 Loading class javax/crypto/JceSecurity$WeakIdentityWrapper done
Event: 14.925 Loading class javax/crypto/JceSecurity$2
Event: 14.925 Loading class javax/crypto/JceSecurity$2 done
Event: 14.925 Loading class javax/crypto/JceSecurity$3
Event: 14.925 Loading class javax/crypto/JceSecurity$3 done
Event: 14.925 Loading class javax/crypto/ProviderVerifier
Event: 14.925 Loading class javax/crypto/ProviderVerifier done
Event: 14.971 Loading class java/security/cert/CertificateEncodingException
Event: 14.971 Loading class java/security/cert/CertificateEncodingException done
Event: 15.118 Loading class java/text/MessageFormat
Event: 15.119 Loading class java/text/MessageFormat done
Event: 15.119 Loading class java/text/MessageFormat$Field
Event: 15.119 Loading class java/text/MessageFormat$Field done

Classes unloaded (0 events):
No events

Classes redefined (0 events):
No events

Internal exceptions (20 events):
Event: 13.532 Thread 0x000001d0040b7c40 Exception <a 'java/lang/NoSuchMethodError'{0x0000000087b8ea18}: static Lorg/gradle/tooling/internal/provider/serialization/SerializedPayload;.<clinit>()V> (0x0000000087b8ea18) 
thrown [s\src\hotspot\share\prims\jni.cpp, line 1111]
Event: 13.554 Thread 0x000001d07f70c850 Implicit null exception at 0x000001d03003b1b4 to 0x000001d03004211c
Event: 13.582 Thread 0x000001d07f70c850 Implicit null exception at 0x000001d02fbc4f79 to 0x000001d02fbc4fa4
Event: 13.628 Thread 0x000001d007c01cc0 Exception <a 'java/lang/NoSuchMethodError'{0x00000000875beee8}: 'java.lang.Object java.lang.invoke.DirectMethodHandle$Holder.newInvokeSpecial(java.lang.Object, java.lang.Object, int, java.lang.Object, java.lang.Object)'> (0x00000000875beee8) 
thrown [s\src\hotspot\share\interpreter\linkResolver.cpp, line 773]
Event: 13.675 Thread 0x000001d007c01cc0 Exception <a 'java/lang/NoSuchMethodError'{0x000000008715f7d8}: 'java.lang.Object java.lang.invoke.DirectMethodHandle$Holder.invokeVirtual(java.lang.Object, java.lang.Object, java.lang.Object, java.lang.Object, java.lang.Object, java.lang.Object, java.lang.Object, java.lang.Object, java.lang.Object, java.lang.Object, java.lang.Object, java.lang.Object, java.lang.Object, java.lang.Object, java.lang.Object, java.lang.Object, java.lang.Object, java.lang.Object, java.lang.Object)'> (0x000000008715f7d8) 
thrown
Event: 13.686 Thread 0x000001d0040b7c40 Exception <a 'java/lang/NoSuchMethodError'{0x0000000087061ad8}: static Lorg/gradle/internal/build/event/types/DefaultTaskStartedProgressEvent;.<clinit>()V> (0x0000000087061ad8) 
thrown [s\src\hotspot\share\prims\jni.cpp, line 1111]
Event: 13.686 Thread 0x000001d0040b7c40 Exception <a 'java/lang/NoSuchMethodError'{0x000000008706b5b0}: static Lorg/gradle/internal/build/event/types/DefaultTaskDescriptor;.<clinit>()V> (0x000000008706b5b0) 
thrown [s\src\hotspot\share\prims\jni.cpp, line 1111]
Event: 13.690 Thread 0x000001d0040b7c40 Exception <a 'java/lang/NoSuchMethodError'{0x0000000087089a38}: static Lorg/gradle/internal/build/event/types/DefaultTaskFinishedProgressEvent;.<clinit>()V> (0x0000000087089a38) 
thrown [s\src\hotspot\share\prims\jni.cpp, line 1111]
Event: 13.691 Thread 0x000001d0040b7c40 Exception <a 'java/lang/NoSuchMethodError'{0x00000000870ca688}: static Lorg/gradle/internal/build/event/types/DefaultTaskSuccessResult;.<clinit>()V> (0x00000000870ca688) 
thrown [s\src\hotspot\share\prims\jni.cpp, line 1111]
Event: 13.691 Thread 0x000001d0040b7c40 Exception <a 'java/lang/NoSuchMethodError'{0x00000000870cb9f0}: static Lorg/gradle/internal/build/event/types/AbstractTaskResult;.<clinit>()V> (0x00000000870cb9f0) 
thrown [s\src\hotspot\share\prims\jni.cpp, line 1111]
Event: 13.700 Thread 0x000001d07f70c850 Exception <a 'java/lang/NoSuchMethodError'{0x000000008754e0a8}: 'java.lang.Object java.lang.invoke.DirectMethodHandle$Holder.invokeStatic(java.lang.Object, int, java.lang.Object)'> (0x000000008754e0a8) 
thrown [s\src\hotspot\share\interpreter\linkResolver.cpp, line 773]
Event: 14.410 Thread 0x000001d07f70c850 Implicit null exception at 0x000001d03011e3be to 0x000001d03011e500
Event: 14.428 Thread 0x000001d07f70c850 Implicit null exception at 0x000001d03012b247 to 0x000001d03012b3eb
Event: 14.453 Thread 0x000001d07f70c850 Implicit null exception at 0x000001d03012c8c7 to 0x000001d03012ca6b
Event: 14.583 Thread 0x000001d07f70c850 Implicit null exception at 0x000001d03014d322 to 0x000001d03014d680
Event: 14.601 Thread 0x000001d07f70c850 Implicit null exception at 0x000001d03014f1b7 to 0x000001d03014f444
Event: 14.601 Thread 0x000001d07f70c850 Implicit null exception at 0x000001d030150ce4 to 0x000001d030151890
Event: 14.626 Thread 0x000001d07f70c850 Implicit null exception at 0x000001d030153f75 to 0x000001d03015478c
Event: 14.654 Thread 0x000001d07f70c850 Implicit null exception at 0x000001d03015b19a to 0x000001d03015b8ac
Event: 14.916 Thread 0x000001d07f70c850 Exception <a 'sun/nio/fs/WindowsException'{0x000000008af0b620}> (0x000000008af0b620) 
thrown [s\src\hotspot\share\prims\jni.cpp, line 520]

ZGC Phase Switch (0 events):
No events

VM Operations (20 events):
Event: 13.918 Executing non-safepoint VM operation: HandshakeAllThreads (Deoptimize)
Event: 13.918 Executing non-safepoint VM operation: HandshakeAllThreads (Deoptimize) done
Event: 14.197 Executing safepoint VM operation: ICBufferFull
Event: 14.197 Executing safepoint VM operation: ICBufferFull done
Event: 14.230 Executing safepoint VM operation: G1CollectForAllocation (G1 Evacuation Pause)
Event: 14.239 Executing safepoint VM operation: G1CollectForAllocation (G1 Evacuation Pause) done
Event: 14.526 Executing safepoint VM operation: ICBufferFull
Event: 14.526 Executing safepoint VM operation: ICBufferFull done
Event: 14.614 Executing non-safepoint VM operation: HandshakeAllThreads (Deoptimize)
Event: 14.614 Executing non-safepoint VM operation: HandshakeAllThreads (Deoptimize) done
Event: 14.840 Executing safepoint VM operation: G1CollectForAllocation (G1 Evacuation Pause)
Event: 14.845 Executing safepoint VM operation: G1CollectForAllocation (G1 Evacuation Pause) done
Event: 14.918 Executing non-safepoint VM operation: HandshakeAllThreads (Deoptimize)
Event: 14.918 Executing non-safepoint VM operation: HandshakeAllThreads (Deoptimize) done
Event: 14.923 Executing non-safepoint VM operation: HandshakeAllThreads (Deoptimize)
Event: 14.923 Executing non-safepoint VM operation: HandshakeAllThreads (Deoptimize) done
Event: 14.924 Executing non-safepoint VM operation: HandshakeAllThreads (Deoptimize)
Event: 14.925 Executing non-safepoint VM operation: HandshakeAllThreads (Deoptimize) done
Event: 15.111 Executing safepoint VM operation: ICBufferFull
Event: 15.111 Executing safepoint VM operation: ICBufferFull done

Memory protections (0 events):
No events

Nmethod flushes (20 events):
Event: 13.249 Thread 0x000001d03c572590 flushing  nmethod 0x000001d028091690
Event: 13.249 Thread 0x000001d03c572590 flushing  nmethod 0x000001d0281e8290
Event: 13.249 Thread 0x000001d03c572590 flushing  nmethod 0x000001d0282b3710
Event: 13.249 Thread 0x000001d03c572590 flushing  nmethod 0x000001d0282b9b10
Event: 13.249 Thread 0x000001d03c572590 flushing  nmethod 0x000001d0286d0e90
Event: 13.249 Thread 0x000001d03c572590 flushing  nmethod 0x000001d0286f2e90
Event: 13.249 Thread 0x000001d03c572590 flushing  nmethod 0x000001d028712a10
Event: 13.249 Thread 0x000001d03c572590 flushing  nmethod 0x000001d028a14b90
Event: 13.249 Thread 0x000001d03c572590 flushing  nmethod 0x000001d028a66c90
Event: 13.249 Thread 0x000001d03c572590 flushing  nmethod 0x000001d02fde8f10
Event: 13.249 Thread 0x000001d03c572590 flushing  nmethod 0x000001d02813a890
Event: 13.249 Thread 0x000001d03c572590 flushing  nmethod 0x000001d0281b2d10
Event: 13.249 Thread 0x000001d03c572590 flushing  nmethod 0x000001d0284a1310
Event: 13.249 Thread 0x000001d03c572590 flushing  nmethod 0x000001d0284a2810
Event: 13.249 Thread 0x000001d03c572590 flushing  nmethod 0x000001d028631d90
Event: 13.249 Thread 0x000001d03c572590 flushing  nmethod 0x000001d0287f9e10
Event: 13.249 Thread 0x000001d03c572590 flushing  nmethod 0x000001d028809b10
Event: 13.249 Thread 0x000001d03c572590 flushing  nmethod 0x000001d028a93c90
Event: 13.249 Thread 0x000001d03c572590 flushing  nmethod 0x000001d028a94110
Event: 13.249 Thread 0x000001d03c572590 flushing  nmethod 0x000001d028c21190

Events (20 events):
Event: 8.694 Thread 0x000001d07f70c850 Thread added: 0x000001d00523cff0
Event: 8.694 Thread 0x000001d07f70c850 Thread added: 0x000001d00523d680
Event: 8.695 Thread 0x000001d07f70c850 Thread added: 0x000001d007c00fa0
Event: 8.695 Thread 0x000001d07f70c850 Thread added: 0x000001d007bff560
Event: 10.272 Thread 0x000001d004a44cf0 Thread exited: 0x000001d004a44cf0
Event: 10.674 Thread 0x000001d07f70c850 Thread added: 0x000001d007bfeed0
Event: 11.442 Thread 0x000001d07f70c850 Thread added: 0x000001d007c02350
Event: 12.573 Thread 0x000001d03c93e3f0 Thread exited: 0x000001d03c93e3f0
Event: 13.014 Thread 0x000001d03c5bc520 Thread added: 0x000001d008419e30
Event: 13.399 Thread 0x000001d07f70c850 Thread added: 0x000001d006b32890
Event: 13.622 Thread 0x000001d07f70c850 Thread added: 0x000001d007c01cc0
Event: 13.630 Thread 0x000001d007c01cc0 Thread added: 0x000001d007c03700
Event: 13.630 Thread 0x000001d007c01cc0 Thread added: 0x000001d007c00280
Event: 13.630 Thread 0x000001d007c01cc0 Thread added: 0x000001d007c03d90
Event: 13.630 Thread 0x000001d007c01cc0 Thread added: 0x000001d007c00910
Event: 13.630 Thread 0x000001d007c01cc0 Thread added: 0x000001d007c064f0
Event: 13.630 Thread 0x000001d007c01cc0 Thread added: 0x000001d007c04420
Event: 13.630 Thread 0x000001d007c01cc0 Thread added: 0x000001d007c057d0
Event: 13.657 Thread 0x000001d007c01cc0 Thread added: 0x000001d007e3c1f0
Event: 13.791 Thread 0x000001d03c5bc520 Thread added: 0x000001d00841c710


Dynamic libraries:
0x00007ff74e390000 - 0x00007ff74e39e000 	C:\Users\rawat\.antigravity-ide\extensions\redhat.java-1.55.0-win32-x64\jre\21.0.11-win32-x86_64\bin\java.exe
0x00007ffbfd760000 - 0x00007ffbfd9c6000 	C:\WINDOWS\SYSTEM32\ntdll.dll
0x00007ffbfd220000 - 0x00007ffbfd2e9000 	C:\WINDOWS\System32\KERNEL32.DLL
0x00007ffbfafc0000 - 0x00007ffbfb3be000 	C:\WINDOWS\System32\KERNELBASE.dll
0x00007ffbfaac0000 - 0x00007ffbfac0c000 	C:\WINDOWS\System32\ucrtbase.dll
0x00007ffbd8160000 - 0x00007ffbd8178000 	C:\Users\rawat\.antigravity-ide\extensions\redhat.java-1.55.0-win32-x64\jre\21.0.11-win32-x86_64\bin\jli.dll
0x00007ffbcf410000 - 0x00007ffbcf42e000 	C:\Users\rawat\.antigravity-ide\extensions\redhat.java-1.55.0-win32-x64\jre\21.0.11-win32-x86_64\bin\VCRUNTIME140.dll
0x00007ffbfd2f0000 - 0x00007ffbfd4b7000 	C:\WINDOWS\System32\USER32.dll
0x00007ffbfaed0000 - 0x00007ffbfaef7000 	C:\WINDOWS\System32\win32u.dll
0x00007ffbded60000 - 0x00007ffbdeff2000 	C:\WINDOWS\WinSxS\amd64_microsoft.windows.common-controls_6595b64144ccf1df_6.0.26100.8875_none_3e0d5d42e32fe9dd\COMCTL32.dll
0x00007ffbfc720000 - 0x00007ffbfc74b000 	C:\WINDOWS\System32\GDI32.dll
0x00007ffbfb490000 - 0x00007ffbfb539000 	C:\WINDOWS\System32\msvcrt.dll
0x00007ffbfac20000 - 0x00007ffbfad4a000 	C:\WINDOWS\System32\gdi32full.dll
0x00007ffbfaa10000 - 0x00007ffbfaab3000 	C:\WINDOWS\System32\msvcp_win.dll
0x00007ffbfbce0000 - 0x00007ffbfbd12000 	C:\WINDOWS\System32\IMM32.DLL
0x00007ffbf7220000 - 0x00007ffbf722c000 	C:\Users\rawat\.antigravity-ide\extensions\redhat.java-1.55.0-win32-x64\jre\21.0.11-win32-x86_64\bin\vcruntime140_1.dll
0x00007ffbc6090000 - 0x00007ffbc611d000 	C:\Users\rawat\.antigravity-ide\extensions\redhat.java-1.55.0-win32-x64\jre\21.0.11-win32-x86_64\bin\msvcp140.dll
0x00007ffb41930000 - 0x00007ffb426d2000 	C:\Users\rawat\.antigravity-ide\extensions\redhat.java-1.55.0-win32-x64\jre\21.0.11-win32-x86_64\bin\server\jvm.dll
0x00007ffbfc9f0000 - 0x00007ffbfcaa7000 	C:\WINDOWS\System32\ADVAPI32.dll
0x00007ffbfc930000 - 0x00007ffbfc9da000 	C:\WINDOWS\System32\sechost.dll
0x00007ffbfcab0000 - 0x00007ffbfcbc8000 	C:\WINDOWS\System32\RPCRT4.dll
0x00007ffbfc230000 - 0x00007ffbfc2b0000 	C:\WINDOWS\System32\WS2_32.dll
0x00007ffbfa7e0000 - 0x00007ffbfa83e000 	C:\WINDOWS\SYSTEM32\POWRPROF.dll
0x00007ffbef4c0000 - 0x00007ffbef4cb000 	C:\WINDOWS\SYSTEM32\VERSION.dll
0x00007ffbea130000 - 0x00007ffbea166000 	C:\WINDOWS\SYSTEM32\WINMM.dll
0x00007ffbfa7c0000 - 0x00007ffbfa7d4000 	C:\WINDOWS\SYSTEM32\UMPDC.dll
0x00007ffbf9660000 - 0x00007ffbf967b000 	C:\WINDOWS\SYSTEM32\kernel.appcore.dll
0x00007ffbeedc0000 - 0x00007ffbeedca000 	C:\Users\rawat\.antigravity-ide\extensions\redhat.java-1.55.0-win32-x64\jre\21.0.11-win32-x86_64\bin\jimage.dll
0x00007ffbf7d00000 - 0x00007ffbf7f42000 	C:\WINDOWS\SYSTEM32\DBGHELP.DLL
0x00007ffbfce80000 - 0x00007ffbfd203000 	C:\WINDOWS\System32\combase.dll
0x00007ffbfc640000 - 0x00007ffbfc719000 	C:\WINDOWS\System32\OLEAUT32.dll
0x00007ffbd07c0000 - 0x00007ffbd07fb000 	C:\WINDOWS\SYSTEM32\dbgcore.DLL
0x00007ffbfaf00000 - 0x00007ffbfafac000 	C:\WINDOWS\System32\bcryptPrimitives.dll
0x00007ffbee260000 - 0x00007ffbee26f000 	C:\Users\rawat\.antigravity-ide\extensions\redhat.java-1.55.0-win32-x64\jre\21.0.11-win32-x86_64\bin\instrument.dll
0x00007ffbe4ea0000 - 0x00007ffbe4ec0000 	C:\Users\rawat\.antigravity-ide\extensions\redhat.java-1.55.0-win32-x64\jre\21.0.11-win32-x86_64\bin\java.dll
0x00007ffbfb540000 - 0x00007ffbfbcd2000 	C:\WINDOWS\System32\SHELL32.dll
0x00007ffbf8400000 - 0x00007ffbf8c92000 	C:\WINDOWS\SYSTEM32\windows.storage.dll
0x00007ffbfd5a0000 - 0x00007ffbfd697000 	C:\WINDOWS\System32\SHCORE.dll
0x00007ffbfcbd0000 - 0x00007ffbfcc37000 	C:\WINDOWS\System32\shlwapi.dll
0x00007ffbfa8a0000 - 0x00007ffbfa8c9000 	C:\WINDOWS\SYSTEM32\profapi.dll
0x00007ffbca780000 - 0x00007ffbca798000 	C:\Users\rawat\.antigravity-ide\extensions\redhat.java-1.55.0-win32-x64\jre\21.0.11-win32-x86_64\bin\zip.dll
0x00007ffbe7070000 - 0x00007ffbe7080000 	C:\Users\rawat\.antigravity-ide\extensions\redhat.java-1.55.0-win32-x64\jre\21.0.11-win32-x86_64\bin\net.dll
0x00007ffbef620000 - 0x00007ffbef747000 	C:\WINDOWS\SYSTEM32\WINHTTP.dll
0x00007ffbf9c10000 - 0x00007ffbf9c7c000 	C:\WINDOWS\system32\mswsock.dll
0x00007ffbc8e00000 - 0x00007ffbc8e16000 	C:\Users\rawat\.antigravity-ide\extensions\redhat.java-1.55.0-win32-x64\jre\21.0.11-win32-x86_64\bin\nio.dll
0x00007ffbe6b40000 - 0x00007ffbe6b50000 	C:\Users\rawat\.antigravity-ide\extensions\redhat.java-1.55.0-win32-x64\jre\21.0.11-win32-x86_64\bin\verify.dll
0x00007ffbc2430000 - 0x00007ffbc2457000 	C:\Users\rawat\.gradle\native\1def1411415f61bf3af743bc5b6707747c0891f09f0c88961ee8f79bc544acac\windows-amd64\native-platform.dll
0x00007ffb8a770000 - 0x00007ffb8a7e8000 	C:\Users\rawat\.gradle\native\0.2.7\x86_64-windows-gnu\gradle-fileevents.dll
0x00007ffbe66c0000 - 0x00007ffbe66ca000 	C:\Users\rawat\.antigravity-ide\extensions\redhat.java-1.55.0-win32-x64\jre\21.0.11-win32-x86_64\bin\management.dll
0x00007ffbc9960000 - 0x00007ffbc996c000 	C:\Users\rawat\.antigravity-ide\extensions\redhat.java-1.55.0-win32-x64\jre\21.0.11-win32-x86_64\bin\management_ext.dll
0x00007ffbfd210000 - 0x00007ffbfd218000 	C:\WINDOWS\System32\PSAPI.DLL
0x00007ffbf90c0000 - 0x00007ffbf90f3000 	C:\WINDOWS\SYSTEM32\IPHLPAPI.DLL
0x00007ffbfcde0000 - 0x00007ffbfcdea000 	C:\WINDOWS\System32\NSI.dll
0x00007ffbc62e0000 - 0x00007ffbc62e9000 	C:\Users\rawat\.antigravity-ide\extensions\redhat.java-1.55.0-win32-x64\jre\21.0.11-win32-x86_64\bin\extnet.dll
0x00007ffbf9f30000 - 0x00007ffbf9f4b000 	C:\WINDOWS\SYSTEM32\CRYPTSP.dll
0x00007ffbf95c0000 - 0x00007ffbf95f9000 	C:\WINDOWS\system32\rsaenh.dll
0x00007ffbf9cd0000 - 0x00007ffbf9d02000 	C:\WINDOWS\SYSTEM32\USERENV.dll
0x00007ffbfa870000 - 0x00007ffbfa89a000 	C:\WINDOWS\SYSTEM32\bcrypt.dll
0x00007ffbf9f10000 - 0x00007ffbf9f1c000 	C:\WINDOWS\SYSTEM32\CRYPTBASE.dll
0x00007ffbc6060000 - 0x00007ffbc606e000 	C:\Users\rawat\.antigravity-ide\extensions\redhat.java-1.55.0-win32-x64\jre\21.0.11-win32-x86_64\bin\sunmscapi.dll
0x00007ffbfad50000 - 0x00007ffbfaec8000 	C:\WINDOWS\System32\CRYPT32.dll
0x00007ffbfa150000 - 0x00007ffbfa180000 	C:\WINDOWS\SYSTEM32\ncrypt.dll
0x00007ffbfa100000 - 0x00007ffbfa13f000 	C:\WINDOWS\SYSTEM32\NTASN1.dll
0x00007ffb7cb70000 - 0x00007ffb7cb78000 	C:\WINDOWS\system32\wshunix.dll

JVMTI agents:
C:\Users\rawat\.gradle\wrapper\dists\gradle-8.13-bin\5xuhj0ry160q40clulazy9h7d\gradle-8.13\lib\agents\gradle-instrumentation-agent-8.13.jar path:C:\Users\rawat\.antigravity-ide\extensions\redhat.java-1.55.0-win32-x64\jre\21.0.11-win32-x86_64\bin\instrument.dll, loaded, initialized, instrumentlib options:none

dbghelp: loaded successfully - version: 4.0.5 - missing functions: none
symbol engine: initialized successfully - sym options: 0x614 - pdb path: .;C:\Users\rawat\.antigravity-ide\extensions\redhat.java-1.55.0-win32-x64\jre\21.0.11-win32-x86_64\bin;C:\WINDOWS\SYSTEM32;C:\WINDOWS\WinSxS\amd64_microsoft.windows.common-controls_6595b64144ccf1df_6.0.26100.8875_none_3e0d5d42e32fe9dd;C:\Users\rawat\.antigravity-ide\extensions\redhat.java-1.55.0-win32-x64\jre\21.0.11-win32-x86_64\bin\server;C:\Users\rawat\.gradle\native\1def1411415f61bf3af743bc5b6707747c0891f09f0c88961ee8f79bc544acac\windows-amd64;C:\Users\rawat\.gradle\native\0.2.7\x86_64-windows-gnu

VM Arguments:
jvm_args: --add-opens=java.base/java.lang=ALL-UNNAMED --add-opens=java.base/java.lang.invoke=ALL-UNNAMED --add-opens=java.base/java.util=ALL-UNNAMED --add-opens=java.prefs/java.util.prefs=ALL-UNNAMED --add-exports=jdk.compiler/com.sun.tools.javac.api=ALL-UNNAMED --add-exports=jdk.compiler/com.sun.tools.javac.util=ALL-UNNAMED --add-opens=java.base/java.util=ALL-UNNAMED --add-opens=java.prefs/java.util.prefs=ALL-UNNAMED --add-opens=java.base/java.nio.charset=ALL-UNNAMED --add-opens=java.base/java.net=ALL-UNNAMED --add-opens=java.base/java.util.concurrent.atomic=ALL-UNNAMED --add-opens=java.xml/javax.xml.namespace=ALL-UNNAMED -Xmx2048m -Dfile.encoding=UTF-8 -Duser.country=US -Duser.language=en -Duser.variant -javaagent:C:\Users\rawat\.gradle\wrapper\dists\gradle-8.13-bin\5xuhj0ry160q40clulazy9h7d\gradle-8.13\lib\agents\gradle-instrumentation-agent-8.13.jar 
java_command: org.gradle.launcher.daemon.bootstrap.GradleDaemon 8.13
java_class_path (initial): C:\Users\rawat\.gradle\wrapper\dists\gradle-8.13-bin\5xuhj0ry160q40clulazy9h7d\gradle-8.13\lib\gradle-daemon-main-8.13.jar
Launcher Type: SUN_STANDARD

[Global flags]
     intx CICompilerCount                          = 4                                         {product} {ergonomic}
     uint ConcGCThreads                            = 2                                         {product} {ergonomic}
     uint G1ConcRefinementThreads                  = 8                                         {product} {ergonomic}
   size_t G1HeapRegionSize                         = 1048576                                   {product} {ergonomic}
    uintx GCDrainStackTargetSize                   = 64                                        {product} {ergonomic}
   size_t InitialHeapSize                          = 130023424                                 {product} {ergonomic}
   size_t MarkStackSize                            = 4194304                                   {product} {ergonomic}
   size_t MaxHeapSize                              = 2147483648                                {product} {command line}
   size_t MaxNewSize                               = 1287651328                                {product} {ergonomic}
   size_t MinHeapDeltaBytes                        = 1048576                                   {product} {ergonomic}
   size_t MinHeapSize                              = 8388608                                   {product} {ergonomic}
    uintx NonNMethodCodeHeapSize                   = 5839372                                {pd product} {ergonomic}
    uintx NonProfiledCodeHeapSize                  = 122909434                              {pd product} {ergonomic}
    uintx ProfiledCodeHeapSize                     = 122909434                              {pd product} {ergonomic}
    uintx ReservedCodeCacheSize                    = 251658240                              {pd product} {ergonomic}
     bool SegmentedCodeCache                       = true                                      {product} {ergonomic}
   size_t SoftMaxHeapSize                          = 2147483648                             {manageable} {ergonomic}
     bool UseCompressedOops                        = true                           {product lp64_product} {ergonomic}
     bool UseG1GC                                  = true                                      {product} {ergonomic}
     bool UseLargePagesIndividualAllocation        = false                                  {pd product} {ergonomic}

Logging:
Log output configuration:
 #0: stdout all=warning uptime,level,tags foldmultilines=false
 #1: stderr all=off uptime,level,tags foldmultilines=false

Release file:
JAVA_VERSION="21.0.11" 
MODULES="java.base java.compiler java.datatransfer java.xml java.prefs java.desktop java.instrument java.logging java.management java.security.sasl java.naming java.rmi java.management.rmi java.net.http java.scripting java.security.jgss java.transaction.xa java.sql java.sql.rowset java.xml.crypto java.se java.smartcardio jdk.accessibility jdk.internal.jvmstat jdk.attach jdk.charsets jdk.internal.opt jdk.zipfs jdk.compiler jdk.crypto.ec jdk.crypto.cryptoki jdk.crypto.mscapi jdk.dynalink jdk.internal.ed jdk.editpad jdk.hotspot.agent jdk.httpserver jdk.internal.le jdk.internal.vm.ci jdk.internal.vm.compiler jdk.internal.vm.compiler.management jdk.jartool jdk.javadoc jdk.jcmd jdk.management jdk.management.agent jdk.jconsole jdk.jdeps jdk.jdwp.agent jdk.jdi jdk.jfr jdk.jshell jdk.jsobject jdk.jstatd jdk.localedata jdk.management.jfr jdk.naming.dns jdk.naming.rmi jdk.net jdk.nio.mapmode jdk.random jdk.sctp jdk.security.auth jdk.security.jgss jdk.unsupported jdk.unsupported.desktop jdk.xml.dom" 

Environment Variables:
PATH=C:\Program Files\Common Files\Oracle\Java\javapath;C:\Windows\system32;C:\Windows;C:\Windows\System32\Wbem;C:\Windows\System32\WindowsPowerShell\v1.0\;C:\Windows\System32\OpenSSH\;C:\Program Files\NVIDIA Corporation\NVIDIA NvDLISR;C:\WINDOWS\system32;C:\WINDOWS;C:\WINDOWS\System32\Wbem;C:\WINDOWS\System32\WindowsPowerShell\v1.0\;C:\WINDOWS\System32\OpenSSH\;C:\Program Files\dotnet\;C:\Program Files (x86)\Windows Kits\10\Windows Performance Toolkit\;C:\Program Files\Git\cmd;C:\Program Files\Git\bin;C:\MinGW\bin;C:\Program Files\MySQL\MySQL Server 8.0\bin;C:\Program Files\MySQL\MySQL Shell 8.0\bin\;C:\Users\rawat\AppData\Local\Programs\Python\Python314\Scripts\;C:\Users\rawat\AppData\Local\Programs\Python\Python314\;C:\Users\rawat\AppData\Local\Microsoft\WindowsApps;C:\Users\rawat\AppData\Local\Programs\Microsoft VS Code\bin;C:\Users\rawat\Downloads\flutter_windows_3.38.3-stable\flutter\bin;C:\MinGW\bin;C:\Users\rawat\AppData\Local\Programs\Antigravity IDE\bin
USERNAME=rawat
OS=Windows_NT
PROCESSOR_IDENTIFIER=Intel64 Family 6 Model 140 Stepping 1, GenuineIntel
TMP=C:\Users\rawat\AppData\Local\Temp
TEMP=C:\Users\rawat\AppData\Local\Temp




Periodic native trim disabled

---------------  S Y S T E M  ---------------

OS:
 Windows 11 , 64 bit Build 26100 (10.0.26100.8875)
OS uptime: 3 days 2:08 hours
Hyper-V role detected

CPU: total 8 (initial active 8) (4 cores per cpu, 2 threads per core) family 6 model 140 stepping 1 microcode 0xbe, cx8, cmov, fxsr, ht, mmx, 3dnowpref, sse, sse2, sse3, ssse3, sse4.1, sse4.2, popcnt, lzcnt, tsc, tscinvbit, avx, avx2, aes, erms, clmul, bmi1, bmi2, adx, avx512f, avx512dq, avx512cd, avx512bw, avx512vl, sha, fma, vzeroupper, avx512_vpopcntdq, avx512_vpclmulqdq, avx512_vaes, avx512_vnni, clflush, clflushopt, clwb, avx512_vbmi2, avx512_vbmi, hv, rdtscp, rdpid, fsrm, gfni, avx512_bitalg, f16c, cet_ibt, cet_ss, avx512_ifma
Processor Information for processor 0
  Max Mhz: 2803, Current Mhz: 2803, Mhz Limit: 2803
Processor Information for processor 1
  Max Mhz: 2803, Current Mhz: 1201, Mhz Limit: 2803
Processor Information for processor 2
  Max Mhz: 2803, Current Mhz: 2803, Mhz Limit: 2803
Processor Information for processor 3
  Max Mhz: 2803, Current Mhz: 2803, Mhz Limit: 2803
Processor Information for processor 4
  Max Mhz: 2803, Current Mhz: 2803, Mhz Limit: 2803
Processor Information for processor 5
  Max Mhz: 2803, Current Mhz: 2803, Mhz Limit: 2803
Processor Information for processor 6
  Max Mhz: 2803, Current Mhz: 2803, Mhz Limit: 2803
Processor Information for processor 7
  Max Mhz: 2803, Current Mhz: 2803, Mhz Limit: 2803

Memory: 4k page, system-wide physical 7914M (763M free)
TotalPageFile size 32490M (AvailPageFile size 5M)
current process WorkingSet (physical memory assigned to process): 483M, peak: 483M
current process commit charge ("private bytes"): 519M, peak: 520M

vm_info: OpenJDK 64-Bit Server VM (21.0.11+10-LTS) for windows-amd64 JRE (21.0.11+10-LTS), built on 2026-04-21T00:00:00Z by "admin" with MS VC++ 17.12 (VS2022)

END.
