#
# There is insufficient memory for the Java Runtime Environment to continue.
# Native memory allocation (malloc) failed to allocate 1614016 bytes. Error detail: Chunk::new
# Possible reasons:
#   The system is out of physical RAM or swap space
#   This process is running with CompressedOops enabled, and the Java Heap may be blocking the growth of the native heap
# Possible solutions:
#   Reduce memory load on the system
#   Increase physical memory or swap space
#   Check if swap backing store is full
#   Decrease Java heap size (-Xmx/-Xms)
#   Decrease number of Java threads
#   Decrease Java thread stack sizes (-Xss)
#   Set larger code cache with -XX:ReservedCodeCacheSize=
#   JVM is running with Unscaled Compressed Oops mode in which the Java heap is
#     placed in the first 4GB address space. The Java Heap base address is the
#     maximum limit for the native heap growth. Please use -XX:HeapBaseMinAddress
#     to set the Java Heap base and to place the Java Heap above 4GB virtual address.
# This output file may be truncated or incomplete.
#
#  Out of Memory Error (arena.cpp:168), pid=3848, tid=13112
#
# JRE version: OpenJDK Runtime Environment Temurin-21.0.11+10 (21.0.11+10) (build 21.0.11+10-LTS)
# Java VM: OpenJDK 64-Bit Server VM Temurin-21.0.11+10 (21.0.11+10-LTS, mixed mode, sharing, tiered, compressed oops, compressed class ptrs, g1 gc, windows-amd64)
# No core dump will be written. Minidumps are not enabled by default on client versions of Windows
#

---------------  S U M M A R Y ------------

Command Line: --add-opens=java.base/java.lang=ALL-UNNAMED --add-opens=java.base/java.lang.invoke=ALL-UNNAMED --add-opens=java.base/java.util=ALL-UNNAMED --add-opens=java.prefs/java.util.prefs=ALL-UNNAMED --add-exports=jdk.compiler/com.sun.tools.javac.api=ALL-UNNAMED --add-exports=jdk.compiler/com.sun.tools.javac.util=ALL-UNNAMED --add-opens=java.base/java.util=ALL-UNNAMED --add-opens=java.prefs/java.util.prefs=ALL-UNNAMED --add-opens=java.base/java.nio.charset=ALL-UNNAMED --add-opens=java.base/java.net=ALL-UNNAMED --add-opens=java.base/java.util.concurrent.atomic=ALL-UNNAMED --add-opens=java.xml/javax.xml.namespace=ALL-UNNAMED -Xmx2048m -Dfile.encoding=UTF-8 -Duser.country=US -Duser.language=en -Duser.variant -javaagent:C:\Users\rawat\.gradle\wrapper\dists\gradle-8.13-bin\5xuhj0ry160q40clulazy9h7d\gradle-8.13\lib\agents\gradle-instrumentation-agent-8.13.jar org.gradle.launcher.daemon.bootstrap.GradleDaemon 8.13

Host: 11th Gen Intel(R) Core(TM) i7-1165G7 @ 2.80GHz, 8 cores, 7G,  Windows 11 , 64 bit Build 26100 (10.0.26100.8875)
Time: Fri Jul 24 14:51:31 2026 Nepal Standard Time elapsed time: 33.877751 seconds (0d 0h 0m 33s)

---------------  T H R E A D  ---------------

Current thread (0x0000026f1ffe0b90):  JavaThread "C2 CompilerThread0" daemon [_thread_in_native, id=13112, stack(0x0000007ee4d00000,0x0000007ee4e00000) (1024K)]


Current CompileTask:
C2:33878 11457 %     4       org.gradle.internal.instantiation.generator.AbstractClassGenerator::inspectType @ 77 (602 bytes)

Stack: [0x0000007ee4d00000,0x0000007ee4e00000]
Native frames: (J=compiled Java code, j=interpreted, Vv=VM code, C=native code)
V  [jvm.dll+0x6d7e19]
V  [jvm.dll+0x8b5096]
V  [jvm.dll+0x8b764e]
V  [jvm.dll+0x8b7d33]
V  [jvm.dll+0x284596]
V  [jvm.dll+0xc685d]
V  [jvm.dll+0xc6da1]
V  [jvm.dll+0x2fb4ee]
V  [jvm.dll+0x5fe9a4]
V  [jvm.dll+0x255d67]
V  [jvm.dll+0x25612d]
V  [jvm.dll+0x24e6a0]
V  [jvm.dll+0x24bbe6]
V  [jvm.dll+0x1cb4ae]
V  [jvm.dll+0x25baad]
V  [jvm.dll+0x25a03a]
V  [jvm.dll+0x3f868e]
V  [jvm.dll+0x85fb0d]
V  [jvm.dll+0x6d664d]
C  [ucrtbase.dll+0x2cd30]
C  [KERNEL32.DLL+0x2e957]
C  [ntdll.dll+0xaad6c]


---------------  P R O C E S S  ---------------

Threads class SMR info:
_java_thread_list=0x0000026f6a085bf0, length=74, elements={
0x0000026f088522c0, 0x0000026f1ffd8670, 0x0000026f1ffd90d0, 0x0000026f1ffd9c60,
0x0000026f1ffdc800, 0x0000026f1ffdd390, 0x0000026f1ffdddf0, 0x0000026f1ffe0b90,
0x0000026f1ffed8b0, 0x0000026f651f15a0, 0x0000026f652e94b0, 0x0000026f66b78310,
0x0000026f66bac560, 0x0000026f66aec490, 0x0000026f66b4c440, 0x0000026f66d39ed0,
0x0000026f66bd9400, 0x0000026f66c12040, 0x0000026f66c25fc0, 0x0000026f66c27a00,
0x0000026f66c26650, 0x0000026f66c28720, 0x0000026f66c26ce0, 0x0000026f66c28090,
0x0000026f66c28db0, 0x0000026f66c25930, 0x0000026f69a8b440, 0x0000026f69a8ce80,
0x0000026f69a8dba0, 0x0000026f69a8d510, 0x0000026f69a8a720, 0x0000026f69a8e230,
0x0000026f69a8adb0, 0x0000026f69a8e8c0, 0x0000026f69a8ef50, 0x0000026f69a8bad0,
0x0000026f69a8f5e0, 0x0000026f69a8c160, 0x0000026f69a90990, 0x0000026f69a91020,
0x0000026f695d3870, 0x0000026f695d5940, 0x0000026f695d24c0, 0x0000026f695d52b0,
0x0000026f695d3f00, 0x0000026f695d31e0, 0x0000026f695d5fd0, 0x0000026f695d2b50,
0x0000026f695d7a10, 0x0000026f695d4590, 0x0000026f695d6660, 0x0000026f695d6cf0,
0x0000026f695d80a0, 0x0000026f695d7380, 0x0000026f695d4c20, 0x0000026f695d8730,
0x0000026f695d8dc0, 0x0000026f695d9ae0, 0x0000026f695d9450, 0x0000026f68c70ee0,
0x0000026f68c701c0, 0x0000026f68c71c00, 0x0000026f68c6ee10, 0x0000026f68a388c0,
0x0000026f683e2b80, 0x0000026f68a38f50, 0x0000026f68a39c70, 0x0000026f68a3a300,
0x0000026f68a3a990, 0x0000026f68c6e780, 0x0000026f68c72fb0, 0x0000026f68c6fb30,
0x0000026f68c74360, 0x0000026f68c73640
}

Java Threads: ( => current thread )
  0x0000026f088522c0 JavaThread "main"                              [_thread_blocked, id=23548, stack(0x0000007ee3f00000,0x0000007ee4000000) (1024K)]
  0x0000026f1ffd8670 JavaThread "Reference Handler"          daemon [_thread_blocked, id=20936, stack(0x0000007ee4700000,0x0000007ee4800000) (1024K)]
  0x0000026f1ffd90d0 JavaThread "Finalizer"                  daemon [_thread_blocked, id=15692, stack(0x0000007ee4800000,0x0000007ee4900000) (1024K)]
  0x0000026f1ffd9c60 JavaThread "Signal Dispatcher"          daemon [_thread_blocked, id=344, stack(0x0000007ee4900000,0x0000007ee4a00000) (1024K)]
  0x0000026f1ffdc800 JavaThread "Attach Listener"            daemon [_thread_blocked, id=20628, stack(0x0000007ee4a00000,0x0000007ee4b00000) (1024K)]
  0x0000026f1ffdd390 JavaThread "Service Thread"             daemon [_thread_blocked, id=23020, stack(0x0000007ee4b00000,0x0000007ee4c00000) (1024K)]
  0x0000026f1ffdddf0 JavaThread "Monitor Deflation Thread"   daemon [_thread_blocked, id=3508, stack(0x0000007ee4c00000,0x0000007ee4d00000) (1024K)]
=>0x0000026f1ffe0b90 JavaThread "C2 CompilerThread0"         daemon [_thread_in_native, id=13112, stack(0x0000007ee4d00000,0x0000007ee4e00000) (1024K)]
  0x0000026f1ffed8b0 JavaThread "C1 CompilerThread0"         daemon [_thread_in_vm, id=21884, stack(0x0000007ee4e00000,0x0000007ee4f00000) (1024K)]
  0x0000026f651f15a0 JavaThread "Common-Cleaner"             daemon [_thread_blocked, id=20840, stack(0x0000007ee4f00000,0x0000007ee5000000) (1024K)]
  0x0000026f652e94b0 JavaThread "Notification Thread"        daemon [_thread_blocked, id=21460, stack(0x0000007ee5000000,0x0000007ee5100000) (1024K)]
  0x0000026f66b78310 JavaThread "Daemon health stats"               [_thread_blocked, id=516, stack(0x0000007ee5700000,0x0000007ee5800000) (1024K)]
  0x0000026f66bac560 JavaThread "Incoming local TCP Connector on port 53353"        [_thread_in_native, id=20020, stack(0x0000007ee5800000,0x0000007ee5900000) (1024K)]
  0x0000026f66aec490 JavaThread "Daemon periodic checks"            [_thread_blocked, id=6180, stack(0x0000007ee5900000,0x0000007ee5a00000) (1024K)]
  0x0000026f66b4c440 JavaThread "Daemon"                            [_thread_blocked, id=10456, stack(0x0000007ee5a00000,0x0000007ee5b00000) (1024K)]
  0x0000026f66d39ed0 JavaThread "Handler for socket connection from /127.0.0.1:53353 to /127.0.0.1:53354"        [_thread_in_native, id=12060, stack(0x0000007ee5b00000,0x0000007ee5c00000) (1024K)]
  0x0000026f66bd9400 JavaThread "Cancel handler"                    [_thread_blocked, id=22216, stack(0x0000007ee5500000,0x0000007ee5600000) (1024K)]
  0x0000026f66c12040 JavaThread "Daemon worker"                     [_thread_in_vm, id=19292, stack(0x0000007ee5c00000,0x0000007ee5d00000) (1024K)]
  0x0000026f66c25fc0 JavaThread "Asynchronous log dispatcher for DefaultDaemonConnection: socket connection from /127.0.0.1:53353 to /127.0.0.1:53354"        [_thread_blocked, id=16040, stack(0x0000007ee5d00000,0x0000007ee5e00000) (1024K)]
  0x0000026f66c27a00 JavaThread "Stdin handler"                     [_thread_blocked, id=11120, stack(0x0000007ee5e00000,0x0000007ee5f00000) (1024K)]
  0x0000026f66c26650 JavaThread "Daemon client event forwarder"        [_thread_blocked, id=14620, stack(0x0000007ee5f00000,0x0000007ee6000000) (1024K)]
  0x0000026f66c28720 JavaThread "Cache worker for journal cache (C:\Users\rawat\.gradle\caches\journal-1)"        [_thread_blocked, id=18808, stack(0x0000007ee6000000,0x0000007ee6100000) (1024K)]
  0x0000026f66c26ce0 JavaThread "File lock request listener"        [_thread_in_native, id=19836, stack(0x0000007ee6100000,0x0000007ee6200000) (1024K)]
  0x0000026f66c28090 JavaThread "Cache worker for file hash cache (C:\Users\rawat\.gradle\caches\8.13\fileHashes)"        [_thread_blocked, id=8104, stack(0x0000007ee6200000,0x0000007ee6300000) (1024K)]
  0x0000026f66c28db0 JavaThread "Cache worker for file hash cache (C:\Findora_App\.gradle\8.13\fileHashes)"        [_thread_blocked, id=22572, stack(0x0000007ee6700000,0x0000007ee6800000) (1024K)]
  0x0000026f66c25930 JavaThread "Cache worker for Build Output Cleanup Cache (C:\Findora_App\.gradle\buildOutputCleanup)"        [_thread_blocked, id=12044, stack(0x0000007ee6800000,0x0000007ee6900000) (1024K)]
  0x0000026f69a8b440 JavaThread "File watcher server"        daemon [_thread_in_native, id=15688, stack(0x0000007ee6a00000,0x0000007ee6b00000) (1024K)]
  0x0000026f69a8ce80 JavaThread "File watcher consumer"      daemon [_thread_blocked, id=22408, stack(0x0000007ee6b00000,0x0000007ee6c00000) (1024K)]
  0x0000026f69a8dba0 JavaThread "jar transforms"                    [_thread_blocked, id=14100, stack(0x0000007ee6c00000,0x0000007ee6d00000) (1024K)]
  0x0000026f69a8d510 JavaThread "jar transforms Thread 2"           [_thread_blocked, id=5444, stack(0x0000007ee6d00000,0x0000007ee6e00000) (1024K)]
  0x0000026f69a8a720 JavaThread "jar transforms Thread 3"           [_thread_blocked, id=13960, stack(0x0000007ee6e00000,0x0000007ee6f00000) (1024K)]
  0x0000026f69a8e230 JavaThread "jar transforms Thread 4"           [_thread_blocked, id=10524, stack(0x0000007ee6f00000,0x0000007ee7000000) (1024K)]
  0x0000026f69a8adb0 JavaThread "jar transforms Thread 5"           [_thread_blocked, id=12912, stack(0x0000007ee7000000,0x0000007ee7100000) (1024K)]
  0x0000026f69a8e8c0 JavaThread "Cache worker for checksums cache (C:\Findora_App\.gradle\8.13\checksums)"        [_thread_blocked, id=4736, stack(0x0000007ee7100000,0x0000007ee7200000) (1024K)]
  0x0000026f69a8ef50 JavaThread "Cache worker for file content cache (C:\Users\rawat\.gradle\caches\8.13\fileContent)"        [_thread_blocked, id=18224, stack(0x0000007ee7200000,0x0000007ee7300000) (1024K)]
  0x0000026f69a8bad0 JavaThread "jar transforms Thread 6"           [_thread_blocked, id=21776, stack(0x0000007ee7300000,0x0000007ee7400000) (1024K)]
  0x0000026f69a8f5e0 JavaThread "jar transforms Thread 7"           [_thread_blocked, id=18456, stack(0x0000007ee7400000,0x0000007ee7500000) (1024K)]
  0x0000026f69a8c160 JavaThread "jar transforms Thread 8"           [_thread_blocked, id=24364, stack(0x0000007ee7500000,0x0000007ee7600000) (1024K)]
  0x0000026f69a90990 JavaThread "Cache worker for cache directory md-supplier (C:\Users\rawat\.gradle\caches\8.13\md-supplier)"        [_thread_blocked, id=9840, stack(0x0000007ee7600000,0x0000007ee7700000) (1024K)]
  0x0000026f69a91020 JavaThread "Cache worker for cache directory md-rule (C:\Users\rawat\.gradle\caches\8.13\md-rule)"        [_thread_blocked, id=23068, stack(0x0000007ee7700000,0x0000007ee7800000) (1024K)]
  0x0000026f695d3870 JavaThread "Unconstrained build operations"        [_thread_blocked, id=18172, stack(0x0000007ee6900000,0x0000007ee6a00000) (1024K)]
  0x0000026f695d5940 JavaThread "Unconstrained build operations Thread 2"        [_thread_blocked, id=10228, stack(0x0000007ee7800000,0x0000007ee7900000) (1024K)]
  0x0000026f695d24c0 JavaThread "Unconstrained build operations Thread 3"        [_thread_blocked, id=17628, stack(0x0000007ee7900000,0x0000007ee7a00000) (1024K)]
  0x0000026f695d52b0 JavaThread "Unconstrained build operations Thread 4"        [_thread_blocked, id=16876, stack(0x0000007ee7a00000,0x0000007ee7b00000) (1024K)]
  0x0000026f695d3f00 JavaThread "Unconstrained build operations Thread 5"        [_thread_blocked, id=24320, stack(0x0000007ee7b00000,0x0000007ee7c00000) (1024K)]
  0x0000026f695d31e0 JavaThread "Unconstrained build operations Thread 6"        [_thread_blocked, id=7828, stack(0x0000007ee7c00000,0x0000007ee7d00000) (1024K)]
  0x0000026f695d5fd0 JavaThread "Unconstrained build operations Thread 7"        [_thread_blocked, id=13520, stack(0x0000007ee7d00000,0x0000007ee7e00000) (1024K)]
  0x0000026f695d2b50 JavaThread "Unconstrained build operations Thread 8"        [_thread_blocked, id=12256, stack(0x0000007ee7f00000,0x0000007ee8000000) (1024K)]
  0x0000026f695d7a10 JavaThread "Unconstrained build operations Thread 9"        [_thread_blocked, id=2752, stack(0x0000007ee8000000,0x0000007ee8100000) (1024K)]
  0x0000026f695d4590 JavaThread "Unconstrained build operations Thread 10"        [_thread_blocked, id=6140, stack(0x0000007ee8100000,0x0000007ee8200000) (1024K)]
  0x0000026f695d6660 JavaThread "Unconstrained build operations Thread 11"        [_thread_blocked, id=18216, stack(0x0000007ee8200000,0x0000007ee8300000) (1024K)]
  0x0000026f695d6cf0 JavaThread "Unconstrained build operations Thread 12"        [_thread_blocked, id=20740, stack(0x0000007ee8300000,0x0000007ee8400000) (1024K)]
  0x0000026f695d80a0 JavaThread "Unconstrained build operations Thread 13"        [_thread_blocked, id=4864, stack(0x0000007ee8400000,0x0000007ee8500000) (1024K)]
  0x0000026f695d7380 JavaThread "Unconstrained build operations Thread 14"        [_thread_blocked, id=11588, stack(0x0000007ee8500000,0x0000007ee8600000) (1024K)]
  0x0000026f695d4c20 JavaThread "Unconstrained build operations Thread 15"        [_thread_blocked, id=12528, stack(0x0000007ee8600000,0x0000007ee8700000) (1024K)]
  0x0000026f695d8730 JavaThread "Unconstrained build operations Thread 16"        [_thread_blocked, id=7944, stack(0x0000007ee8700000,0x0000007ee8800000) (1024K)]
  0x0000026f695d8dc0 JavaThread "Unconstrained build operations Thread 17"        [_thread_blocked, id=22004, stack(0x0000007ee8800000,0x0000007ee8900000) (1024K)]
  0x0000026f695d9ae0 JavaThread "Unconstrained build operations Thread 18"        [_thread_blocked, id=14320, stack(0x0000007ee8900000,0x0000007ee8a00000) (1024K)]
  0x0000026f695d9450 JavaThread "Unconstrained build operations Thread 19"        [_thread_blocked, id=11740, stack(0x0000007ee8a00000,0x0000007ee8b00000) (1024K)]
  0x0000026f68c70ee0 JavaThread "Unconstrained build operations Thread 20"        [_thread_blocked, id=10856, stack(0x0000007ee8b00000,0x0000007ee8c00000) (1024K)]
  0x0000026f68c701c0 JavaThread "Unconstrained build operations Thread 21"        [_thread_blocked, id=7924, stack(0x0000007ee8c00000,0x0000007ee8d00000) (1024K)]
  0x0000026f68c71c00 JavaThread "Memory manager"                    [_thread_blocked, id=14400, stack(0x0000007ee7e00000,0x0000007ee7f00000) (1024K)]
  0x0000026f68c6ee10 JavaThread "Problems report writer"            [_thread_blocked, id=11792, stack(0x0000007ee6300000,0x0000007ee6400000) (1024K)]
  0x0000026f68a388c0 JavaThread "pool-3-thread-1"                   [_thread_blocked, id=15836, stack(0x0000007ee8d00000,0x0000007ee8e00000) (1024K)]
  0x0000026f683e2b80 JavaThread "C2 CompilerThread1"         daemon [_thread_in_native, id=20008, stack(0x0000007ee8e00000,0x0000007ee8f00000) (1024K)]
  0x0000026f68a38f50 JavaThread "included builds"                   [_thread_blocked, id=11584, stack(0x0000007ee8f00000,0x0000007ee9000000) (1024K)]
  0x0000026f68a39c70 JavaThread "Execution worker"                  [_thread_blocked, id=3292, stack(0x0000007ee9000000,0x0000007ee9100000) (1024K)]
  0x0000026f68a3a300 JavaThread "Execution worker Thread 2"         [_thread_blocked, id=3760, stack(0x0000007ee9100000,0x0000007ee9200000) (1024K)]
  0x0000026f68a3a990 JavaThread "Execution worker Thread 3"         [_thread_blocked, id=11628, stack(0x0000007ee9200000,0x0000007ee9300000) (1024K)]
  0x0000026f68c6e780 JavaThread "Execution worker Thread 4"         [_thread_blocked, id=12936, stack(0x0000007ee9300000,0x0000007ee9400000) (1024K)]
  0x0000026f68c72fb0 JavaThread "Execution worker Thread 5"         [_thread_blocked, id=9836, stack(0x0000007ee9400000,0x0000007ee9500000) (1024K)]
  0x0000026f68c6fb30 JavaThread "Execution worker Thread 6"         [_thread_blocked, id=14716, stack(0x0000007ee9500000,0x0000007ee9600000) (1024K)]
  0x0000026f68c74360 JavaThread "Execution worker Thread 7"         [_thread_blocked, id=19644, stack(0x0000007ee9600000,0x0000007ee9700000) (1024K)]
  0x0000026f68c73640 JavaThread "Cache worker for execution history cache (C:\Findora_App\.gradle\8.13\executionHistory)"        [_thread_blocked, id=19844, stack(0x0000007ee9700000,0x0000007ee9800000) (1024K)]
Total: 74

Other Threads:
  0x0000026f1ffb4bc0 VMThread "VM Thread"                           [id=16712, stack(0x0000007ee4600000,0x0000007ee4700000) (1024K)]
  0x0000026f1ffa6590 WatcherThread "VM Periodic Task Thread"        [id=20464, stack(0x0000007ee4500000,0x0000007ee4600000) (1024K)]
  0x0000026f066be060 WorkerThread "GC Thread#0"                     [id=21172, stack(0x0000007ee4000000,0x0000007ee4100000) (1024K)]
  0x0000026f65475930 WorkerThread "GC Thread#1"                     [id=24132, stack(0x0000007ee5200000,0x0000007ee5300000) (1024K)]
  0x0000026f65475ce0 WorkerThread "GC Thread#2"                     [id=20328, stack(0x0000007ee5300000,0x0000007ee5400000) (1024K)]
  0x0000026f65eaae70 WorkerThread "GC Thread#3"                     [id=14672, stack(0x0000007ee5100000,0x0000007ee5200000) (1024K)]
  0x0000026f65e97390 WorkerThread "GC Thread#4"                     [id=5864, stack(0x0000007ee5400000,0x0000007ee5500000) (1024K)]
  0x0000026f66024ab0 WorkerThread "GC Thread#5"                     [id=21288, stack(0x0000007ee5600000,0x0000007ee5700000) (1024K)]
  0x0000026f66a5c0f0 WorkerThread "GC Thread#6"                     [id=23344, stack(0x0000007ee6400000,0x0000007ee6500000) (1024K)]
  0x0000026f66a5bd40 WorkerThread "GC Thread#7"                     [id=19332, stack(0x0000007ee6500000,0x0000007ee6600000) (1024K)]
  0x0000026f088b8cb0 ConcurrentGCThread "G1 Main Marker"            [id=15612, stack(0x0000007ee4100000,0x0000007ee4200000) (1024K)]
  0x0000026f088b97c0 WorkerThread "G1 Conc#0"                       [id=10004, stack(0x0000007ee4200000,0x0000007ee4300000) (1024K)]
  0x0000026f67acbcf0 WorkerThread "G1 Conc#1"                       [id=13756, stack(0x0000007ee6600000,0x0000007ee6700000) (1024K)]
  0x0000026f1fe6fbb0 ConcurrentGCThread "G1 Refine#0"               [id=10552, stack(0x0000007ee4300000,0x0000007ee4400000) (1024K)]
  0x0000026f1fe70640 ConcurrentGCThread "G1 Service"                [id=15808, stack(0x0000007ee4400000,0x0000007ee4500000) (1024K)]
Total: 15

Threads with active compile tasks:
C2 CompilerThread0  33921 11457 %     4       org.gradle.internal.instantiation.generator.AbstractClassGenerator::inspectType @ 77 (602 bytes)
C2 CompilerThread1  33921 11659       4       org.gradle.internal.service.DefaultServiceRegistry$SingletonService::get (5 bytes)
Total: 2

VM state: not at safepoint (normal execution)

VM Mutex/Monitor currently owned by a thread: None

Heap address: 0x0000000080000000, size: 2048 MB, Compressed Oops mode: 32-bit

CDS archive(s) mapped at: [0x0000026f20000000-0x0000026f20ba0000-0x0000026f20ba0000), size 12189696, SharedBaseAddress: 0x0000026f20000000, ArchiveRelocationMode: 1.
Compressed class space mapped at: 0x0000026f21000000-0x0000026f61000000, reserved size: 1073741824
Narrow klass base: 0x0000026f20000000, Narrow klass shift: 0, Narrow klass range: 0x100000000

GC Precious Log:
 CardTable entry size: 512
 Card Set container configuration: InlinePtr #cards 5 size 8 Array Of Cards #cards 12 size 40 Howl #buckets 4 coarsen threshold 1843 Howl Bitmap #cards 512 size 80 coarsen threshold 460 Card regions per heap region 1 cards per card region 2048
 CPUs: 8 total, 8 available
 Memory: 7914M
 Large Page Support: Disabled
 NUMA Support: Disabled
 Compressed Oops: Enabled (32-bit)
 Heap Region Size: 1M
 Heap Min Capacity: 8M
 Heap Initial Capacity: 124M
 Heap Max Capacity: 2G
 Pre-touch: Disabled
 Parallel Workers: 8
 Concurrent Workers: 2
 Concurrent Refinement Workers: 8
 Periodic GC: Disabled

Heap:
 garbage-first heap   total 157696K, used 102851K [0x0000000080000000, 0x0000000100000000)
  region size 1024K, 13 young (13312K), 7 survivors (7168K)
 Metaspace       used 89801K, committed 92160K, reserved 1179648K
  class space    used 12609K, committed 13760K, reserved 1048576K

Heap Regions: E=young(eden), S=young(survivor), O=old, HS=humongous(starts), HC=humongous(continues), CS=collection set, F=free, TAMS=top-at-mark-start, PB=parsable bottom
|   0|0x0000000080000000, 0x0000000080100000, 0x0000000080100000|100%|HS|  |TAMS 0x0000000080000000| PB 0x0000000080000000| Complete 
|   1|0x0000000080100000, 0x0000000080200000, 0x0000000080200000|100%|HC|  |TAMS 0x0000000080100000| PB 0x0000000080100000| Complete 
|   2|0x0000000080200000, 0x0000000080300000, 0x0000000080300000|100%|HC|  |TAMS 0x0000000080200000| PB 0x0000000080200000| Complete 
|   3|0x0000000080300000, 0x0000000080400000, 0x0000000080400000|100%| O|  |TAMS 0x0000000080300000| PB 0x0000000080300000| Untracked 
|   4|0x0000000080400000, 0x0000000080500000, 0x0000000080500000|100%| O|  |TAMS 0x0000000080400000| PB 0x0000000080400000| Untracked 
|   5|0x0000000080500000, 0x0000000080600000, 0x0000000080600000|100%| O|  |TAMS 0x0000000080500000| PB 0x0000000080500000| Untracked 
|   6|0x0000000080600000, 0x0000000080700000, 0x0000000080700000|100%|HS|  |TAMS 0x0000000080600000| PB 0x0000000080600000| Complete 
|   7|0x0000000080700000, 0x0000000080800000, 0x0000000080800000|100%| O|  |TAMS 0x0000000080700000| PB 0x0000000080700000| Untracked 
|   8|0x0000000080800000, 0x0000000080900000, 0x0000000080900000|100%| O|  |TAMS 0x0000000080800000| PB 0x0000000080800000| Untracked 
|   9|0x0000000080900000, 0x0000000080a00000, 0x0000000080a00000|100%| O|  |TAMS 0x0000000080900000| PB 0x0000000080900000| Untracked 
|  10|0x0000000080a00000, 0x0000000080b00000, 0x0000000080b00000|100%| O|  |TAMS 0x0000000080a00000| PB 0x0000000080a00000| Untracked 
|  11|0x0000000080b00000, 0x0000000080c00000, 0x0000000080c00000|100%| O|  |TAMS 0x0000000080b00000| PB 0x0000000080b00000| Untracked 
|  12|0x0000000080c00000, 0x0000000080d00000, 0x0000000080d00000|100%| O|  |TAMS 0x0000000080c00000| PB 0x0000000080c00000| Untracked 
|  13|0x0000000080d00000, 0x0000000080e00000, 0x0000000080e00000|100%| O|  |TAMS 0x0000000080d00000| PB 0x0000000080d00000| Untracked 
|  14|0x0000000080e00000, 0x0000000080f00000, 0x0000000080f00000|100%| O|  |TAMS 0x0000000080e00000| PB 0x0000000080e00000| Untracked 
|  15|0x0000000080f00000, 0x0000000081000000, 0x0000000081000000|100%| O|  |TAMS 0x0000000080f00000| PB 0x0000000080f00000| Untracked 
|  16|0x0000000081000000, 0x0000000081100000, 0x0000000081100000|100%| O|  |TAMS 0x0000000081000000| PB 0x0000000081000000| Untracked 
|  17|0x0000000081100000, 0x0000000081200000, 0x0000000081200000|100%| O|  |TAMS 0x0000000081100000| PB 0x0000000081100000| Untracked 
|  18|0x0000000081200000, 0x0000000081300000, 0x0000000081300000|100%| O|  |TAMS 0x0000000081200000| PB 0x0000000081200000| Untracked 
|  19|0x0000000081300000, 0x0000000081400000, 0x0000000081400000|100%| O|  |TAMS 0x0000000081300000| PB 0x0000000081300000| Untracked 
|  20|0x0000000081400000, 0x0000000081500000, 0x0000000081500000|100%| O|  |TAMS 0x0000000081400000| PB 0x0000000081400000| Untracked 
|  21|0x0000000081500000, 0x0000000081600000, 0x0000000081600000|100%| O|  |TAMS 0x0000000081500000| PB 0x0000000081500000| Untracked 
|  22|0x0000000081600000, 0x0000000081700000, 0x0000000081700000|100%| O|  |TAMS 0x0000000081600000| PB 0x0000000081600000| Untracked 
|  23|0x0000000081700000, 0x0000000081800000, 0x0000000081800000|100%| O|  |TAMS 0x0000000081700000| PB 0x0000000081700000| Untracked 
|  24|0x0000000081800000, 0x0000000081900000, 0x0000000081900000|100%| O|  |TAMS 0x0000000081800000| PB 0x0000000081800000| Untracked 
|  25|0x0000000081900000, 0x0000000081a00000, 0x0000000081a00000|100%| O|  |TAMS 0x0000000081900000| PB 0x0000000081900000| Untracked 
|  26|0x0000000081a00000, 0x0000000081b00000, 0x0000000081b00000|100%| O|  |TAMS 0x0000000081a00000| PB 0x0000000081a00000| Untracked 
|  27|0x0000000081b00000, 0x0000000081c00000, 0x0000000081c00000|100%| O|  |TAMS 0x0000000081b00000| PB 0x0000000081b00000| Untracked 
|  28|0x0000000081c00000, 0x0000000081d00000, 0x0000000081d00000|100%| O|  |TAMS 0x0000000081c00000| PB 0x0000000081c00000| Untracked 
|  29|0x0000000081d00000, 0x0000000081e00000, 0x0000000081e00000|100%| O|  |TAMS 0x0000000081d00000| PB 0x0000000081d00000| Untracked 
|  30|0x0000000081e00000, 0x0000000081f00000, 0x0000000081f00000|100%| O|  |TAMS 0x0000000081e00000| PB 0x0000000081e00000| Untracked 
|  31|0x0000000081f00000, 0x0000000082000000, 0x0000000082000000|100%| O|  |TAMS 0x0000000081f00000| PB 0x0000000081f00000| Untracked 
|  32|0x0000000082000000, 0x0000000082100000, 0x0000000082100000|100%| O|  |TAMS 0x0000000082000000| PB 0x0000000082000000| Untracked 
|  33|0x0000000082100000, 0x0000000082200000, 0x0000000082200000|100%| O|  |TAMS 0x0000000082100000| PB 0x0000000082100000| Untracked 
|  34|0x0000000082200000, 0x0000000082300000, 0x0000000082300000|100%| O|  |TAMS 0x0000000082200000| PB 0x0000000082200000| Untracked 
|  35|0x0000000082300000, 0x0000000082400000, 0x0000000082400000|100%| O|  |TAMS 0x0000000082300000| PB 0x0000000082300000| Untracked 
|  36|0x0000000082400000, 0x0000000082500000, 0x0000000082500000|100%| O|  |TAMS 0x0000000082400000| PB 0x0000000082400000| Untracked 
|  37|0x0000000082500000, 0x0000000082600000, 0x0000000082600000|100%| O|  |TAMS 0x0000000082500000| PB 0x0000000082500000| Untracked 
|  38|0x0000000082600000, 0x0000000082700000, 0x0000000082700000|100%| O|  |TAMS 0x0000000082600000| PB 0x0000000082600000| Untracked 
|  39|0x0000000082700000, 0x0000000082800000, 0x0000000082800000|100%| O|  |TAMS 0x0000000082700000| PB 0x0000000082700000| Untracked 
|  40|0x0000000082800000, 0x0000000082900000, 0x0000000082900000|100%| O|  |TAMS 0x0000000082800000| PB 0x0000000082800000| Untracked 
|  41|0x0000000082900000, 0x0000000082a00000, 0x0000000082a00000|100%| O|  |TAMS 0x0000000082900000| PB 0x0000000082900000| Untracked 
|  42|0x0000000082a00000, 0x0000000082b00000, 0x0000000082b00000|100%| O|  |TAMS 0x0000000082a00000| PB 0x0000000082a00000| Untracked 
|  43|0x0000000082b00000, 0x0000000082b00000, 0x0000000082c00000|  0%| F|  |TAMS 0x0000000082b00000| PB 0x0000000082b00000| Untracked 
|  44|0x0000000082c00000, 0x0000000082d00000, 0x0000000082d00000|100%| O|Cm|TAMS 0x0000000082c00000| PB 0x0000000082c00000| Complete 
|  45|0x0000000082d00000, 0x0000000082e00000, 0x0000000082e00000|100%| O|  |TAMS 0x0000000082d00000| PB 0x0000000082d00000| Untracked 
|  46|0x0000000082e00000, 0x0000000082f00000, 0x0000000082f00000|100%| O|  |TAMS 0x0000000082e00000| PB 0x0000000082e00000| Untracked 
|  47|0x0000000082f00000, 0x0000000083000000, 0x0000000083000000|100%| O|  |TAMS 0x0000000082f00000| PB 0x0000000082f00000| Untracked 
|  48|0x0000000083000000, 0x0000000083100000, 0x0000000083100000|100%| O|  |TAMS 0x0000000083000000| PB 0x0000000083000000| Untracked 
|  49|0x0000000083100000, 0x0000000083200000, 0x0000000083200000|100%| O|  |TAMS 0x0000000083100000| PB 0x0000000083100000| Untracked 
|  50|0x0000000083200000, 0x0000000083300000, 0x0000000083300000|100%| O|  |TAMS 0x0000000083200000| PB 0x0000000083200000| Untracked 
|  51|0x0000000083300000, 0x0000000083300000, 0x0000000083400000|  0%| F|  |TAMS 0x0000000083300000| PB 0x0000000083300000| Untracked 
|  52|0x0000000083400000, 0x0000000083500000, 0x0000000083500000|100%| O|  |TAMS 0x0000000083400000| PB 0x0000000083400000| Untracked 
|  53|0x0000000083500000, 0x0000000083600000, 0x0000000083600000|100%| O|Cm|TAMS 0x0000000083500000| PB 0x0000000083500000| Complete 
|  54|0x0000000083600000, 0x0000000083700000, 0x0000000083700000|100%|HS|  |TAMS 0x0000000083600000| PB 0x0000000083600000| Complete 
|  55|0x0000000083700000, 0x0000000083800000, 0x0000000083800000|100%|HS|  |TAMS 0x0000000083700000| PB 0x0000000083700000| Complete 
|  56|0x0000000083800000, 0x0000000083900000, 0x0000000083900000|100%|HS|  |TAMS 0x0000000083800000| PB 0x0000000083800000| Complete 
|  57|0x0000000083900000, 0x0000000083a00000, 0x0000000083a00000|100%|HS|  |TAMS 0x0000000083900000| PB 0x0000000083900000| Complete 
|  58|0x0000000083a00000, 0x0000000083b00000, 0x0000000083b00000|100%|HC|  |TAMS 0x0000000083a00000| PB 0x0000000083a00000| Complete 
|  59|0x0000000083b00000, 0x0000000083c00000, 0x0000000083c00000|100%|HS|  |TAMS 0x0000000083b00000| PB 0x0000000083b00000| Complete 
|  60|0x0000000083c00000, 0x0000000083d00000, 0x0000000083d00000|100%|HS|  |TAMS 0x0000000083c00000| PB 0x0000000083c00000| Complete 
|  61|0x0000000083d00000, 0x0000000083e00000, 0x0000000083e00000|100%|HC|  |TAMS 0x0000000083d00000| PB 0x0000000083d00000| Complete 
|  62|0x0000000083e00000, 0x0000000083f00000, 0x0000000083f00000|100%|HC|  |TAMS 0x0000000083e00000| PB 0x0000000083e00000| Complete 
|  63|0x0000000083f00000, 0x0000000084000000, 0x0000000084000000|100%|HS|  |TAMS 0x0000000083f00000| PB 0x0000000083f00000| Complete 
|  64|0x0000000084000000, 0x0000000084100000, 0x0000000084100000|100%| O|  |TAMS 0x0000000084000000| PB 0x0000000084000000| Untracked 
|  65|0x0000000084100000, 0x0000000084200000, 0x0000000084200000|100%| O|  |TAMS 0x0000000084100000| PB 0x0000000084100000| Untracked 
|  66|0x0000000084200000, 0x0000000084300000, 0x0000000084300000|100%|HS|  |TAMS 0x0000000084200000| PB 0x0000000084200000| Complete 
|  67|0x0000000084300000, 0x0000000084400000, 0x0000000084400000|100%|HS|  |TAMS 0x0000000084300000| PB 0x0000000084300000| Complete 
|  68|0x0000000084400000, 0x0000000084500000, 0x0000000084500000|100%| O|  |TAMS 0x0000000084400000| PB 0x0000000084400000| Untracked 
|  69|0x0000000084500000, 0x0000000084600000, 0x0000000084600000|100%| O|  |TAMS 0x0000000084500000| PB 0x0000000084500000| Untracked 
|  70|0x0000000084600000, 0x0000000084700000, 0x0000000084700000|100%| O|  |TAMS 0x0000000084600000| PB 0x0000000084600000| Untracked 
|  71|0x0000000084700000, 0x0000000084800000, 0x0000000084800000|100%| O|  |TAMS 0x0000000084700000| PB 0x0000000084700000| Untracked 
|  72|0x0000000084800000, 0x0000000084900000, 0x0000000084900000|100%| O|  |TAMS 0x0000000084800000| PB 0x0000000084800000| Untracked 
|  73|0x0000000084900000, 0x0000000084a00000, 0x0000000084a00000|100%| O|  |TAMS 0x0000000084900000| PB 0x0000000084900000| Untracked 
|  74|0x0000000084a00000, 0x0000000084b00000, 0x0000000084b00000|100%| O|  |TAMS 0x0000000084a00000| PB 0x0000000084a00000| Untracked 
|  75|0x0000000084b00000, 0x0000000084c00000, 0x0000000084c00000|100%| O|  |TAMS 0x0000000084b00000| PB 0x0000000084b00000| Untracked 
|  76|0x0000000084c00000, 0x0000000084d00000, 0x0000000084d00000|100%| O|  |TAMS 0x0000000084c00000| PB 0x0000000084c00000| Untracked 
|  77|0x0000000084d00000, 0x0000000084e00000, 0x0000000084e00000|100%| O|  |TAMS 0x0000000084d00000| PB 0x0000000084d00000| Untracked 
|  78|0x0000000084e00000, 0x0000000084f00000, 0x0000000084f00000|100%|HS|  |TAMS 0x0000000084e00000| PB 0x0000000084e00000| Complete 
|  79|0x0000000084f00000, 0x0000000085000000, 0x0000000085000000|100%|HC|  |TAMS 0x0000000084f00000| PB 0x0000000084f00000| Complete 
|  80|0x0000000085000000, 0x0000000085100000, 0x0000000085100000|100%| O|  |TAMS 0x0000000085000000| PB 0x0000000085000000| Untracked 
|  81|0x0000000085100000, 0x0000000085100000, 0x0000000085200000|  0%| F|  |TAMS 0x0000000085100000| PB 0x0000000085100000| Untracked 
|  82|0x0000000085200000, 0x0000000085300000, 0x0000000085300000|100%| O|  |TAMS 0x0000000085200000| PB 0x0000000085200000| Untracked 
|  83|0x0000000085300000, 0x0000000085400000, 0x0000000085400000|100%| O|  |TAMS 0x0000000085300000| PB 0x0000000085300000| Untracked 
|  84|0x0000000085400000, 0x0000000085500000, 0x0000000085500000|100%| O|  |TAMS 0x0000000085400000| PB 0x0000000085400000| Untracked 
|  85|0x0000000085500000, 0x0000000085500000, 0x0000000085600000|  0%| F|  |TAMS 0x0000000085500000| PB 0x0000000085500000| Untracked 
|  86|0x0000000085600000, 0x0000000085600000, 0x0000000085700000|  0%| F|  |TAMS 0x0000000085600000| PB 0x0000000085600000| Untracked 
|  87|0x0000000085700000, 0x0000000085800000, 0x0000000085800000|100%| O|  |TAMS 0x0000000085700000| PB 0x0000000085700000| Untracked 
|  88|0x0000000085800000, 0x0000000085870e18, 0x0000000085900000| 44%| O|  |TAMS 0x0000000085800000| PB 0x0000000085800000| Untracked 
|  89|0x0000000085900000, 0x0000000085900000, 0x0000000085a00000|  0%| F|  |TAMS 0x0000000085900000| PB 0x0000000085900000| Untracked 
|  90|0x0000000085a00000, 0x0000000085a00000, 0x0000000085b00000|  0%| F|  |TAMS 0x0000000085a00000| PB 0x0000000085a00000| Untracked 
|  91|0x0000000085b00000, 0x0000000085b00000, 0x0000000085c00000|  0%| F|  |TAMS 0x0000000085b00000| PB 0x0000000085b00000| Untracked 
|  92|0x0000000085c00000, 0x0000000085c00000, 0x0000000085d00000|  0%| F|  |TAMS 0x0000000085c00000| PB 0x0000000085c00000| Untracked 
|  93|0x0000000085d00000, 0x0000000085d00000, 0x0000000085e00000|  0%| F|  |TAMS 0x0000000085d00000| PB 0x0000000085d00000| Untracked 
|  94|0x0000000085e00000, 0x0000000085e00000, 0x0000000085f00000|  0%| F|  |TAMS 0x0000000085e00000| PB 0x0000000085e00000| Untracked 
|  95|0x0000000085f00000, 0x0000000085f00000, 0x0000000086000000|  0%| F|  |TAMS 0x0000000085f00000| PB 0x0000000085f00000| Untracked 
|  96|0x0000000086000000, 0x0000000086000000, 0x0000000086100000|  0%| F|  |TAMS 0x0000000086000000| PB 0x0000000086000000| Untracked 
|  97|0x0000000086100000, 0x0000000086100000, 0x0000000086200000|  0%| F|  |TAMS 0x0000000086100000| PB 0x0000000086100000| Untracked 
|  98|0x0000000086200000, 0x0000000086300000, 0x0000000086300000|100%| S|CS|TAMS 0x0000000086200000| PB 0x0000000086200000| Complete 
|  99|0x0000000086300000, 0x0000000086400000, 0x0000000086400000|100%| S|CS|TAMS 0x0000000086300000| PB 0x0000000086300000| Complete 
| 100|0x0000000086400000, 0x0000000086500000, 0x0000000086500000|100%| S|CS|TAMS 0x0000000086400000| PB 0x0000000086400000| Complete 
| 101|0x0000000086500000, 0x0000000086600000, 0x0000000086600000|100%| S|CS|TAMS 0x0000000086500000| PB 0x0000000086500000| Complete 
| 102|0x0000000086600000, 0x0000000086700000, 0x0000000086700000|100%| S|CS|TAMS 0x0000000086600000| PB 0x0000000086600000| Complete 
| 103|0x0000000086700000, 0x0000000086800000, 0x0000000086800000|100%| S|CS|TAMS 0x0000000086700000| PB 0x0000000086700000| Complete 
| 104|0x0000000086800000, 0x0000000086900000, 0x0000000086900000|100%| S|CS|TAMS 0x0000000086800000| PB 0x0000000086800000| Complete 
| 105|0x0000000086900000, 0x0000000086900000, 0x0000000086a00000|  0%| F|  |TAMS 0x0000000086900000| PB 0x0000000086900000| Untracked 
| 106|0x0000000086a00000, 0x0000000086a00000, 0x0000000086b00000|  0%| F|  |TAMS 0x0000000086a00000| PB 0x0000000086a00000| Untracked 
| 107|0x0000000086b00000, 0x0000000086b00000, 0x0000000086c00000|  0%| F|  |TAMS 0x0000000086b00000| PB 0x0000000086b00000| Untracked 
| 108|0x0000000086c00000, 0x0000000086c00000, 0x0000000086d00000|  0%| F|  |TAMS 0x0000000086c00000| PB 0x0000000086c00000| Untracked 
| 109|0x0000000086d00000, 0x0000000086d00000, 0x0000000086e00000|  0%| F|  |TAMS 0x0000000086d00000| PB 0x0000000086d00000| Untracked 
| 110|0x0000000086e00000, 0x0000000086e00000, 0x0000000086f00000|  0%| F|  |TAMS 0x0000000086e00000| PB 0x0000000086e00000| Untracked 
| 111|0x0000000086f00000, 0x0000000086f00000, 0x0000000087000000|  0%| F|  |TAMS 0x0000000086f00000| PB 0x0000000086f00000| Untracked 
| 112|0x0000000087000000, 0x0000000087000000, 0x0000000087100000|  0%| F|  |TAMS 0x0000000087000000| PB 0x0000000087000000| Untracked 
| 113|0x0000000087100000, 0x0000000087100000, 0x0000000087200000|  0%| F|  |TAMS 0x0000000087100000| PB 0x0000000087100000| Untracked 
| 114|0x0000000087200000, 0x0000000087200000, 0x0000000087300000|  0%| F|  |TAMS 0x0000000087200000| PB 0x0000000087200000| Untracked 
| 115|0x0000000087300000, 0x0000000087300000, 0x0000000087400000|  0%| F|  |TAMS 0x0000000087300000| PB 0x0000000087300000| Untracked 
| 116|0x0000000087400000, 0x0000000087400000, 0x0000000087500000|  0%| F|  |TAMS 0x0000000087400000| PB 0x0000000087400000| Untracked 
| 117|0x0000000087500000, 0x0000000087500000, 0x0000000087600000|  0%| F|  |TAMS 0x0000000087500000| PB 0x0000000087500000| Untracked 
| 118|0x0000000087600000, 0x0000000087600000, 0x0000000087700000|  0%| F|  |TAMS 0x0000000087600000| PB 0x0000000087600000| Untracked 
| 119|0x0000000087700000, 0x0000000087700000, 0x0000000087800000|  0%| F|  |TAMS 0x0000000087700000| PB 0x0000000087700000| Untracked 
| 120|0x0000000087800000, 0x0000000087800000, 0x0000000087900000|  0%| F|  |TAMS 0x0000000087800000| PB 0x0000000087800000| Untracked 
| 121|0x0000000087900000, 0x0000000087900000, 0x0000000087a00000|  0%| F|  |TAMS 0x0000000087900000| PB 0x0000000087900000| Untracked 
| 122|0x0000000087a00000, 0x0000000087a00000, 0x0000000087b00000|  0%| F|  |TAMS 0x0000000087a00000| PB 0x0000000087a00000| Untracked 
| 123|0x0000000087b00000, 0x0000000087b00000, 0x0000000087c00000|  0%| F|  |TAMS 0x0000000087b00000| PB 0x0000000087b00000| Untracked 
| 124|0x0000000087c00000, 0x0000000087c00000, 0x0000000087d00000|  0%| F|  |TAMS 0x0000000087c00000| PB 0x0000000087c00000| Untracked 
| 125|0x0000000087d00000, 0x0000000087d00000, 0x0000000087e00000|  0%| F|  |TAMS 0x0000000087d00000| PB 0x0000000087d00000| Untracked 
| 126|0x0000000087e00000, 0x0000000087e00000, 0x0000000087f00000|  0%| F|  |TAMS 0x0000000087e00000| PB 0x0000000087e00000| Untracked 
| 127|0x0000000087f00000, 0x0000000087f00000, 0x0000000088000000|  0%| F|  |TAMS 0x0000000087f00000| PB 0x0000000087f00000| Untracked 
| 128|0x0000000088000000, 0x0000000088000000, 0x0000000088100000|  0%| F|  |TAMS 0x0000000088000000| PB 0x0000000088000000| Untracked 
| 129|0x0000000088100000, 0x0000000088100000, 0x0000000088200000|  0%| F|  |TAMS 0x0000000088100000| PB 0x0000000088100000| Untracked 
| 130|0x0000000088200000, 0x0000000088200000, 0x0000000088300000|  0%| F|  |TAMS 0x0000000088200000| PB 0x0000000088200000| Untracked 
| 131|0x0000000088300000, 0x0000000088300000, 0x0000000088400000|  0%| F|  |TAMS 0x0000000088300000| PB 0x0000000088300000| Untracked 
| 132|0x0000000088400000, 0x0000000088400000, 0x0000000088500000|  0%| F|  |TAMS 0x0000000088400000| PB 0x0000000088400000| Untracked 
| 133|0x0000000088500000, 0x0000000088500000, 0x0000000088600000|  0%| F|  |TAMS 0x0000000088500000| PB 0x0000000088500000| Untracked 
| 134|0x0000000088600000, 0x0000000088600000, 0x0000000088700000|  0%| F|  |TAMS 0x0000000088600000| PB 0x0000000088600000| Untracked 
| 135|0x0000000088700000, 0x0000000088700000, 0x0000000088800000|  0%| F|  |TAMS 0x0000000088700000| PB 0x0000000088700000| Untracked 
| 136|0x0000000088800000, 0x0000000088800000, 0x0000000088900000|  0%| F|  |TAMS 0x0000000088800000| PB 0x0000000088800000| Untracked 
| 137|0x0000000088900000, 0x0000000088900000, 0x0000000088a00000|  0%| F|  |TAMS 0x0000000088900000| PB 0x0000000088900000| Untracked 
| 138|0x0000000088a00000, 0x0000000088a00000, 0x0000000088b00000|  0%| F|  |TAMS 0x0000000088a00000| PB 0x0000000088a00000| Untracked 
| 139|0x0000000088b00000, 0x0000000088b00000, 0x0000000088c00000|  0%| F|  |TAMS 0x0000000088b00000| PB 0x0000000088b00000| Untracked 
| 140|0x0000000088c00000, 0x0000000088c00000, 0x0000000088d00000|  0%| F|  |TAMS 0x0000000088c00000| PB 0x0000000088c00000| Untracked 
| 141|0x0000000088d00000, 0x0000000088d00000, 0x0000000088e00000|  0%| F|  |TAMS 0x0000000088d00000| PB 0x0000000088d00000| Untracked 
| 142|0x0000000088e00000, 0x0000000088e80000, 0x0000000088f00000| 50%| E|  |TAMS 0x0000000088e00000| PB 0x0000000088e00000| Complete 
| 143|0x0000000088f00000, 0x0000000089000000, 0x0000000089000000|100%| E|CS|TAMS 0x0000000088f00000| PB 0x0000000088f00000| Complete 
| 144|0x0000000089000000, 0x0000000089100000, 0x0000000089100000|100%| E|CS|TAMS 0x0000000089000000| PB 0x0000000089000000| Complete 
| 145|0x0000000089100000, 0x0000000089200000, 0x0000000089200000|100%| E|CS|TAMS 0x0000000089100000| PB 0x0000000089100000| Complete 
| 146|0x0000000089200000, 0x0000000089300000, 0x0000000089300000|100%| E|CS|TAMS 0x0000000089200000| PB 0x0000000089200000| Complete 
| 147|0x0000000089300000, 0x0000000089400000, 0x0000000089400000|100%| E|CS|TAMS 0x0000000089300000| PB 0x0000000089300000| Complete 
| 148|0x0000000089400000, 0x0000000089500000, 0x0000000089500000|100%| E|CS|TAMS 0x0000000089400000| PB 0x0000000089400000| Complete 
|2043|0x00000000ffb00000, 0x00000000ffc00000, 0x00000000ffc00000|100%| O|  |TAMS 0x00000000ffb00000| PB 0x00000000ffb00000| Untracked 
|2044|0x00000000ffc00000, 0x00000000ffd00000, 0x00000000ffd00000|100%| O|  |TAMS 0x00000000ffc00000| PB 0x00000000ffc00000| Untracked 
|2045|0x00000000ffd00000, 0x00000000ffe00000, 0x00000000ffe00000|100%| O|  |TAMS 0x00000000ffd00000| PB 0x00000000ffd00000| Untracked 
|2046|0x00000000ffe00000, 0x00000000fff00000, 0x00000000fff00000|100%| O|  |TAMS 0x00000000ffe00000| PB 0x00000000ffe00000| Untracked 
|2047|0x00000000fff00000, 0x0000000100000000, 0x0000000100000000|100%| O|  |TAMS 0x00000000fff00000| PB 0x00000000fff00000| Untracked 

Card table byte_map: [0x0000026f1b180000,0x0000026f1b580000] _byte_map_base: 0x0000026f1ad80000

Marking Bits: (CMBitMap*) 0x0000026f066be770
 Bits: [0x0000026f1b580000, 0x0000026f1d580000)

Polling page: 0x0000026f06ab0000

Metaspace:

Usage:
  Non-class:     75.40 MB used.
      Class:     12.32 MB used.
       Both:     87.72 MB used.

Virtual space:
  Non-class space:      128.00 MB reserved,      76.56 MB ( 60%) committed,  2 nodes.
      Class space:        1.00 GB reserved,      13.44 MB (  1%) committed,  1 nodes.
             Both:        1.12 GB reserved,      90.00 MB (  8%) committed. 

Chunk freelists:
   Non-Class:  2.66 MB
       Class:  2.59 MB
        Both:  5.25 MB

MaxMetaspaceSize: unlimited
CompressedClassSpaceSize: 1.00 GB
Initial GC threshold: 21.00 MB
Current GC threshold: 143.12 MB
CDS: on
 - commit_granule_bytes: 65536.
 - commit_granule_words: 8192.
 - virtual_space_node_default_size: 8388608.
 - enlarge_chunks_in_place: 1.
 - use_allocation_guard: 0.


Internal statistics:

num_allocs_failed_limit: 6.
num_arena_births: 4166.
num_arena_deaths: 0.
num_vsnodes_births: 3.
num_vsnodes_deaths: 0.
num_space_committed: 1439.
num_space_uncommitted: 0.
num_chunks_returned_to_freelist: 6.
num_chunks_taken_from_freelist: 8487.
num_chunk_merges: 3.
num_chunk_splits: 5525.
num_chunks_enlarged: 3380.
num_inconsistent_stats: 0.

CodeHeap 'non-profiled nmethods': size=120000Kb used=6023Kb max_used=6023Kb free=113976Kb
 bounds [0x0000026f13520000, 0x0000026f13b10000, 0x0000026f1aa50000]
CodeHeap 'profiled nmethods': size=120000Kb used=18148Kb max_used=18148Kb free=101851Kb
 bounds [0x0000026f0ba50000, 0x0000026f0cc10000, 0x0000026f12f80000]
CodeHeap 'non-nmethods': size=5760Kb used=2958Kb max_used=2985Kb free=2801Kb
 bounds [0x0000026f12f80000, 0x0000026f13270000, 0x0000026f13520000]
CodeCache: size=245760Kb, used=27129Kb, max_used=27156Kb, free=218628Kb
 total_blobs=10867, nmethods=9890, adapters=881, full_count=0
Compilation: enabled, stopped_count=0, restarted_count=0

Compilation events (20 events):
Event: 32.839 Thread 0x0000026f1ffed8b0 nmethod 11590 0x0000026f0cbdbc10 code [0x0000026f0cbdbdc0, 0x0000026f0cbdc098]
Event: 32.839 Thread 0x0000026f1ffed8b0 11592       3       org.gradle.internal.reflect.annotations.impl.DefaultTypeAnnotationMetadataStore::getOrCreatePropertyBuilder (24 bytes)
Event: 32.840 Thread 0x0000026f1ffed8b0 nmethod 11592 0x0000026f0cbdc190 code [0x0000026f0cbdc3c0, 0x0000026f0cbdcc90]
Event: 32.840 Thread 0x0000026f1ffed8b0 11594       3       com.google.common.collect.ImmutableBiMap::values (5 bytes)
Event: 32.841 Thread 0x0000026f1ffed8b0 nmethod 11594 0x0000026f0cbdcf90 code [0x0000026f0cbdd180, 0x0000026f0cbdd6a0]
Event: 32.841 Thread 0x0000026f1ffed8b0 11597       3       com.google.common.collect.MultimapBuilder$LinkedHashSetSupplier::get (5 bytes)
Event: 32.841 Thread 0x0000026f1ffed8b0 nmethod 11597 0x0000026f0cbdd810 code [0x0000026f0cbdda20, 0x0000026f0cbddd90]
Event: 32.841 Thread 0x0000026f1ffed8b0 11598       3       com.google.common.collect.MultimapBuilder$LinkedHashSetSupplier::get (8 bytes)
Event: 32.841 Thread 0x0000026f1ffed8b0 nmethod 11598 0x0000026f0cbddf10 code [0x0000026f0cbde100, 0x0000026f0cbde410]
Event: 32.841 Thread 0x0000026f1ffed8b0 11599       3       com.google.common.collect.Platform::newLinkedHashSetWithExpectedSize (5 bytes)
Event: 32.842 Thread 0x0000026f1ffed8b0 nmethod 11599 0x0000026f0cbde590 code [0x0000026f0cbde780, 0x0000026f0cbdea10]
Event: 32.842 Thread 0x0000026f1ffed8b0 11595       3       org.gradle.internal.reflect.annotations.impl.DefaultTypeAnnotationMetadataStore$HasAnnotationMetadataBuilder::resolveAnnotation (40 bytes)
Event: 32.842 Thread 0x0000026f1ffed8b0 nmethod 11595 0x0000026f0cbdeb90 code [0x0000026f0cbded80, 0x0000026f0cbdf318]
Event: 32.842 Thread 0x0000026f1ffed8b0 11596       3       org.gradle.internal.reflect.annotations.impl.DefaultTypeAnnotationMetadataStore$HasAnnotationMetadataBuilder$$Lambda/0x0000026f216e5528::<init> (10 bytes)
Event: 32.842 Thread 0x0000026f1ffed8b0 nmethod 11596 0x0000026f0cbdf490 code [0x0000026f0cbdf640, 0x0000026f0cbdf7f8]
Event: 32.842 Thread 0x0000026f1ffed8b0 11601       1       org.gradle.internal.properties.annotations.NoOpPropertyAnnotationHandler::isPropertyRelevant (2 bytes)
Event: 32.843 Thread 0x0000026f1ffed8b0 nmethod 11601 0x0000026f13afab10 code [0x0000026f13afaca0, 0x0000026f13afad68]
Event: 32.843 Thread 0x0000026f1ffed8b0 11600       1       org.gradle.internal.properties.annotations.AbstractAnnotationHandler::getAnnotationType (5 bytes)
Event: 32.843 Thread 0x0000026f1ffed8b0 nmethod 11600 0x0000026f13afae10 code [0x0000026f13afafa0, 0x0000026f13afb068]
Event: 32.865 Thread 0x0000026f1ffed8b0 11603       3       org.gradle.model.internal.asm.AsmClassGeneratorUtils::visitFormalTypeParameters (108 bytes)

GC Heap History (20 events):
Event: 21.629 GC heap before
{Heap before GC invocations=29 (full 0):
 garbage-first heap   total 120832K, used 115823K [0x0000000080000000, 0x0000000100000000)
  region size 1024K, 49 young (50176K), 1 survivors (1024K)
 Metaspace       used 64430K, committed 66432K, reserved 1114112K
  class space    used 9115K, committed 10112K, reserved 1048576K
}
Event: 21.634 GC heap after
{Heap after GC invocations=30 (full 0):
 garbage-first heap   total 124928K, used 73990K [0x0000000080000000, 0x0000000100000000)
  region size 1024K, 7 young (7168K), 7 survivors (7168K)
 Metaspace       used 64430K, committed 66432K, reserved 1114112K
  class space    used 9115K, committed 10112K, reserved 1048576K
}
Event: 22.275 GC heap before
{Heap before GC invocations=30 (full 0):
 garbage-first heap   total 124928K, used 115974K [0x0000000080000000, 0x0000000100000000)
  region size 1024K, 47 young (48128K), 7 survivors (7168K)
 Metaspace       used 68224K, committed 70208K, reserved 1114112K
  class space    used 9544K, committed 10496K, reserved 1048576K
}
Event: 22.282 GC heap after
{Heap after GC invocations=31 (full 0):
 garbage-first heap   total 129024K, used 76790K [0x0000000080000000, 0x0000000100000000)
  region size 1024K, 3 young (3072K), 3 survivors (3072K)
 Metaspace       used 68224K, committed 70208K, reserved 1114112K
  class space    used 9544K, committed 10496K, reserved 1048576K
}
Event: 22.666 GC heap before
{Heap before GC invocations=31 (full 0):
 garbage-first heap   total 129024K, used 96246K [0x0000000080000000, 0x0000000100000000)
  region size 1024K, 24 young (24576K), 3 survivors (3072K)
 Metaspace       used 69941K, committed 72000K, reserved 1114112K
  class space    used 9845K, committed 10816K, reserved 1048576K
}
Event: 22.670 GC heap after
{Heap after GC invocations=32 (full 0):
 garbage-first heap   total 129024K, used 78768K [0x0000000080000000, 0x0000000100000000)
  region size 1024K, 5 young (5120K), 5 survivors (5120K)
 Metaspace       used 69941K, committed 72000K, reserved 1114112K
  class space    used 9845K, committed 10816K, reserved 1048576K
}
Event: 23.906 GC heap before
{Heap before GC invocations=33 (full 0):
 garbage-first heap   total 140288K, used 123824K [0x0000000080000000, 0x0000000100000000)
  region size 1024K, 44 young (45056K), 5 survivors (5120K)
 Metaspace       used 71909K, committed 74048K, reserved 1114112K
  class space    used 10130K, committed 11136K, reserved 1048576K
}
Event: 23.917 GC heap after
{Heap after GC invocations=34 (full 0):
 garbage-first heap   total 140288K, used 83378K [0x0000000080000000, 0x0000000100000000)
  region size 1024K, 6 young (6144K), 6 survivors (6144K)
 Metaspace       used 71909K, committed 74048K, reserved 1114112K
  class space    used 10130K, committed 11136K, reserved 1048576K
}
Event: 27.243 GC heap before
{Heap before GC invocations=34 (full 0):
 garbage-first heap   total 140288K, used 124338K [0x0000000080000000, 0x0000000100000000)
  region size 1024K, 47 young (48128K), 6 survivors (6144K)
 Metaspace       used 75667K, committed 77824K, reserved 1179648K
  class space    used 10579K, committed 11584K, reserved 1048576K
}
Event: 27.258 GC heap after
{Heap after GC invocations=35 (full 0):
 garbage-first heap   total 140288K, used 85559K [0x0000000080000000, 0x0000000100000000)
  region size 1024K, 3 young (3072K), 3 survivors (3072K)
 Metaspace       used 75667K, committed 77824K, reserved 1179648K
  class space    used 10579K, committed 11584K, reserved 1048576K
}
Event: 27.870 GC heap before
{Heap before GC invocations=35 (full 0):
 garbage-first heap   total 140288K, used 106039K [0x0000000080000000, 0x0000000100000000)
  region size 1024K, 24 young (24576K), 3 survivors (3072K)
 Metaspace       used 75968K, committed 78080K, reserved 1179648K
  class space    used 10614K, committed 11584K, reserved 1048576K
}
Event: 27.880 GC heap after
{Heap after GC invocations=36 (full 0):
 garbage-first heap   total 140288K, used 87801K [0x0000000080000000, 0x0000000100000000)
  region size 1024K, 5 young (5120K), 5 survivors (5120K)
 Metaspace       used 75968K, committed 78080K, reserved 1179648K
  class space    used 10614K, committed 11584K, reserved 1048576K
}
Event: 29.129 GC heap before
{Heap before GC invocations=37 (full 0):
 garbage-first heap   total 150528K, used 128761K [0x0000000080000000, 0x0000000100000000)
  region size 1024K, 43 young (44032K), 5 survivors (5120K)
 Metaspace       used 78864K, committed 81024K, reserved 1179648K
  class space    used 11009K, committed 12032K, reserved 1048576K
}
Event: 29.137 GC heap after
{Heap after GC invocations=38 (full 0):
 garbage-first heap   total 150528K, used 91510K [0x0000000080000000, 0x0000000100000000)
  region size 1024K, 5 young (5120K), 5 survivors (5120K)
 Metaspace       used 78864K, committed 81024K, reserved 1179648K
  class space    used 11009K, committed 12032K, reserved 1048576K
}
Event: 30.376 GC heap before
{Heap before GC invocations=38 (full 0):
 garbage-first heap   total 150528K, used 135542K [0x0000000080000000, 0x0000000100000000)
  region size 1024K, 47 young (48128K), 5 survivors (5120K)
 Metaspace       used 82084K, committed 84288K, reserved 1179648K
  class space    used 11561K, committed 12608K, reserved 1048576K
}
Event: 30.386 GC heap after
{Heap after GC invocations=39 (full 0):
 garbage-first heap   total 150528K, used 91156K [0x0000000080000000, 0x0000000100000000)
  region size 1024K, 3 young (3072K), 3 survivors (3072K)
 Metaspace       used 82084K, committed 84288K, reserved 1179648K
  class space    used 11561K, committed 12608K, reserved 1048576K
}
Event: 31.499 GC heap before
{Heap before GC invocations=39 (full 0):
 garbage-first heap   total 150528K, used 136212K [0x0000000080000000, 0x0000000100000000)
  region size 1024K, 47 young (48128K), 3 survivors (3072K)
 Metaspace       used 85308K, committed 87488K, reserved 1179648K
  class space    used 12053K, committed 13120K, reserved 1048576K
}
Event: 31.504 GC heap after
{Heap after GC invocations=40 (full 0):
 garbage-first heap   total 150528K, used 93185K [0x0000000080000000, 0x0000000100000000)
  region size 1024K, 5 young (5120K), 5 survivors (5120K)
 Metaspace       used 85308K, committed 87488K, reserved 1179648K
  class space    used 12053K, committed 13120K, reserved 1048576K
}
Event: 32.756 GC heap before
{Heap before GC invocations=41 (full 0):
 garbage-first heap   total 157696K, used 142337K [0x0000000080000000, 0x0000000100000000)
  region size 1024K, 49 young (50176K), 5 survivors (5120K)
 Metaspace       used 89338K, committed 91648K, reserved 1179648K
  class space    used 12542K, committed 13696K, reserved 1048576K
}
Event: 32.770 GC heap after
{Heap after GC invocations=42 (full 0):
 garbage-first heap   total 157696K, used 97731K [0x0000000080000000, 0x0000000100000000)
  region size 1024K, 7 young (7168K), 7 survivors (7168K)
 Metaspace       used 89338K, committed 91648K, reserved 1179648K
  class space    used 12542K, committed 13696K, reserved 1048576K
}

Dll operation events (14 events):
Event: 0.013 Loaded shared library C:\Users\rawat\.antigravity-ide\extensions\redhat.java-1.55.0-win32-x64\jre\21.0.11-win32-x86_64\bin\java.dll
Event: 0.074 Loaded shared library C:\Users\rawat\.antigravity-ide\extensions\redhat.java-1.55.0-win32-x64\jre\21.0.11-win32-x86_64\bin\zip.dll
Event: 0.094 Loaded shared library C:\Users\rawat\.antigravity-ide\extensions\redhat.java-1.55.0-win32-x64\jre\21.0.11-win32-x86_64\bin\instrument.dll
Event: 0.099 Loaded shared library C:\Users\rawat\.antigravity-ide\extensions\redhat.java-1.55.0-win32-x64\jre\21.0.11-win32-x86_64\bin\net.dll
Event: 0.102 Loaded shared library C:\Users\rawat\.antigravity-ide\extensions\redhat.java-1.55.0-win32-x64\jre\21.0.11-win32-x86_64\bin\nio.dll
Event: 0.105 Loaded shared library C:\Users\rawat\.antigravity-ide\extensions\redhat.java-1.55.0-win32-x64\jre\21.0.11-win32-x86_64\bin\zip.dll
Event: 0.457 Loaded shared library C:\Users\rawat\.antigravity-ide\extensions\redhat.java-1.55.0-win32-x64\jre\21.0.11-win32-x86_64\bin\jimage.dll
Event: 0.760 Loaded shared library C:\Users\rawat\.antigravity-ide\extensions\redhat.java-1.55.0-win32-x64\jre\21.0.11-win32-x86_64\bin\verify.dll
Event: 0.961 Loaded shared library C:\Users\rawat\.gradle\native\1def1411415f61bf3af743bc5b6707747c0891f09f0c88961ee8f79bc544acac\windows-amd64\native-platform.dll
Event: 0.979 Loaded shared library C:\Users\rawat\.gradle\native\0.2.7\x86_64-windows-gnu\gradle-fileevents.dll
Event: 2.747 Loaded shared library C:\Users\rawat\.antigravity-ide\extensions\redhat.java-1.55.0-win32-x64\jre\21.0.11-win32-x86_64\bin\management.dll
Event: 2.751 Loaded shared library C:\Users\rawat\.antigravity-ide\extensions\redhat.java-1.55.0-win32-x64\jre\21.0.11-win32-x86_64\bin\management_ext.dll
Event: 2.897 Loaded shared library C:\Users\rawat\.antigravity-ide\extensions\redhat.java-1.55.0-win32-x64\jre\21.0.11-win32-x86_64\bin\extnet.dll
Event: 3.387 Loaded shared library C:\Users\rawat\.antigravity-ide\extensions\redhat.java-1.55.0-win32-x64\jre\21.0.11-win32-x86_64\bin\sunmscapi.dll

Deoptimization events (20 events):
Event: 32.784 Thread 0x0000026f68a38f50 Uncommon trap: trap_request=0xffffffde fr.pc=0x0000026f13985190 relative=0x0000000000000230
Event: 32.784 Thread 0x0000026f68a38f50 Uncommon trap: reason=class_check action=maybe_recompile pc=0x0000026f13985190 method=org.gradle.tooling.internal.provider.runner.ClientBuildEventGenerator$Enabled.accept(Lorg/gradle/internal/operations/BuildOperationDescriptor;)Lorg/gradle/tooling/intern
Event: 32.784 Thread 0x0000026f68a38f50 DEOPT PACKING pc=0x0000026f13985190 sp=0x0000007ee8ffd220
Event: 32.784 Thread 0x0000026f68a38f50 DEOPT UNPACKING pc=0x0000026f12fd7ba2 sp=0x0000007ee8ffd1b8 mode 2
Event: 32.784 Thread 0x0000026f68a38f50 Uncommon trap: trap_request=0xffffffc6 fr.pc=0x0000026f137b4c4c relative=0x000000000000028c
Event: 32.784 Thread 0x0000026f68a38f50 Uncommon trap: reason=bimorphic_or_optimized_type_check action=maybe_recompile pc=0x0000026f137b4c4c method=java.util.stream.StreamOpFlag.fromCharacteristics(Ljava/util/Spliterator;)I @ 14 c2
Event: 32.784 Thread 0x0000026f68a38f50 DEOPT PACKING pc=0x0000026f137b4c4c sp=0x0000007ee8ffd000
Event: 32.784 Thread 0x0000026f68a38f50 DEOPT UNPACKING pc=0x0000026f12fd7ba2 sp=0x0000007ee8ffcee8 mode 2
Event: 32.791 Thread 0x0000026f68a38f50 Uncommon trap: trap_request=0xffffff45 fr.pc=0x0000026f1368f7b0 relative=0x0000000000000290
Event: 32.791 Thread 0x0000026f68a38f50 Uncommon trap: reason=unstable_if action=reinterpret pc=0x0000026f1368f7b0 method=org.gradle.internal.operations.logging.LoggingBuildOperationProgressBroadcaster.onOutput(Lorg/gradle/internal/logging/events/OutputEvent;)V @ 73 c2
Event: 32.791 Thread 0x0000026f68a38f50 DEOPT PACKING pc=0x0000026f1368f7b0 sp=0x0000007ee8ffd260
Event: 32.791 Thread 0x0000026f68a38f50 DEOPT UNPACKING pc=0x0000026f12fd7ba2 sp=0x0000007ee8ffd190 mode 2
Event: 32.818 Thread 0x0000026f66c12040 Uncommon trap: trap_request=0xffffffc6 fr.pc=0x0000026f137b4c4c relative=0x000000000000028c
Event: 32.818 Thread 0x0000026f66c12040 Uncommon trap: reason=bimorphic_or_optimized_type_check action=maybe_recompile pc=0x0000026f137b4c4c method=java.util.stream.StreamOpFlag.fromCharacteristics(Ljava/util/Spliterator;)I @ 14 c2
Event: 32.818 Thread 0x0000026f66c12040 DEOPT PACKING pc=0x0000026f137b4c4c sp=0x0000007ee5cfac00
Event: 32.818 Thread 0x0000026f66c12040 DEOPT UNPACKING pc=0x0000026f12fd7ba2 sp=0x0000007ee5cfaae8 mode 2
Event: 32.826 Thread 0x0000026f66c12040 Uncommon trap: trap_request=0xffffff45 fr.pc=0x0000026f136cf178 relative=0x00000000000008f8
Event: 32.826 Thread 0x0000026f66c12040 Uncommon trap: reason=unstable_if action=reinterpret pc=0x0000026f136cf178 method=org.objectweb.asm.Frame.execute(IILorg/objectweb/asm/Symbol;Lorg/objectweb/asm/SymbolTable;)V @ 1 c2
Event: 32.826 Thread 0x0000026f66c12040 DEOPT PACKING pc=0x0000026f136cf178 sp=0x0000007ee5cf9200
Event: 32.826 Thread 0x0000026f66c12040 DEOPT UNPACKING pc=0x0000026f12fd7ba2 sp=0x0000007ee5cf9188 mode 2

Classes loaded (20 events):
Event: 31.626 Loading class java/util/TreeSetCustomizer
Event: 31.626 Loading class java/util/TreeSetCustomizer done
Event: 31.626 Loading class java/util/TreeSetCustomizer
Event: 31.626 Loading class java/util/TreeSetCustomizer done
Event: 32.057 Loading class sun/nio/ch/ChannelOutputStream
Event: 32.058 Loading class sun/nio/ch/ChannelOutputStream done
Event: 32.060 Loading class java/util/concurrent/ConcurrentLinkedQueue$Itr
Event: 32.060 Loading class java/util/concurrent/ConcurrentLinkedQueue$Itr done
Event: 32.551 Loading class java/util/stream/ReduceOps$5
Event: 32.552 Loading class java/util/stream/ReduceOps$5 done
Event: 32.552 Loading class java/util/stream/ReduceOps$CountingSink$OfRef
Event: 32.552 Loading class java/util/stream/ReduceOps$CountingSink
Event: 32.553 Loading class java/util/stream/ReduceOps$CountingSink done
Event: 32.553 Loading class java/util/stream/ReduceOps$CountingSink$OfRef done
Event: 32.784 Loading class java/util/TreeMap$KeySpliterator
Event: 32.784 Loading class java/util/TreeMap$TreeMapSpliterator
Event: 32.784 Loading class java/util/TreeMap$TreeMapSpliterator done
Event: 32.784 Loading class java/util/TreeMap$KeySpliterator done
Event: 32.813 Loading class java/util/TreeMap$ValueSpliterator
Event: 32.813 Loading class java/util/TreeMap$ValueSpliterator done

Classes unloaded (0 events):
No events

Classes redefined (0 events):
No events

Internal exceptions (20 events):
Event: 31.416 Thread 0x0000026f66c12040 Exception <a 'java/lang/ClassNotFoundException'{0x00000000866cf888}: com/android/build/gradle/internal/api/ApkVariantOutputImplCustomizer> (0x00000000866cf888) 
thrown [s\src\hotspot\share\classfile\systemDictionary.cpp, line 313]
Event: 31.418 Thread 0x0000026f66c12040 Exception <a 'java/lang/ClassNotFoundException'{0x00000000866ecb88}: com/android/build/gradle/internal/api/ApkVariantOutputImpl_DecoratedCustomizer> (0x00000000866ecb88) 
thrown [s\src\hotspot\share\classfile\systemDictionary.cpp, line 313]
Event: 31.622 Thread 0x0000026f66c12040 Exception <a 'java/lang/ClassNotFoundException'{0x0000000089333210}: java/util/TreeSetBeanInfo> (0x0000000089333210) 
thrown [s\src\hotspot\share\classfile\systemDictionary.cpp, line 313]
Event: 31.623 Thread 0x0000026f66c12040 Exception <a 'java/lang/ClassNotFoundException'{0x0000000089338828}: java/util/AbstractSetBeanInfo> (0x0000000089338828) 
thrown [s\src\hotspot\share\classfile\systemDictionary.cpp, line 313]
Event: 31.624 Thread 0x0000026f66c12040 Exception <a 'java/lang/ClassNotFoundException'{0x000000008933dea8}: java/util/AbstractSetCustomizer> (0x000000008933dea8) 
thrown [s\src\hotspot\share\classfile\systemDictionary.cpp, line 313]
Event: 31.626 Thread 0x0000026f66c12040 Exception <a 'java/lang/ClassNotFoundException'{0x0000000089369868}: java/util/TreeSetCustomizer> (0x0000000089369868) 
thrown [s\src\hotspot\share\classfile\systemDictionary.cpp, line 313]
Event: 31.978 Thread 0x0000026f66c12040 Exception <a 'java/lang/NoSuchMethodError'{0x0000000087d15588}: static Lcom/android/build/gradle/internal/profile/ProjectData;.<clinit>()V> (0x0000000087d15588) 
thrown [s\src\hotspot\share\prims\jni.cpp, line 1111]
Event: 32.054 Thread 0x0000026f66c12040 Exception <a 'sun/nio/fs/WindowsException'{0x0000000087bcc6c0}> (0x0000000087bcc6c0) 
thrown [s\src\hotspot\share\prims\jni.cpp, line 520]
Event: 32.345 Thread 0x0000026f66c26650 Exception <a 'java/lang/NoSuchMethodError'{0x00000000872083d8}: static Lorg/gradle/tooling/internal/provider/PhasedBuildActionResult;.<clinit>()V> (0x00000000872083d8) 
thrown [s\src\hotspot\share\prims\jni.cpp, line 1111]
Event: 32.346 Thread 0x0000026f66c26650 Exception <a 'java/lang/NoSuchMethodError'{0x0000000087210938}: static Lorg/gradle/tooling/internal/provider/serialization/SerializedPayload;.<clinit>()V> (0x0000000087210938) 
thrown [s\src\hotspot\share\prims\jni.cpp, line 1111]
Event: 32.473 Thread 0x0000026f66c12040 Implicit null exception at 0x0000026f13a64520 to 0x0000026f13a6b818
Event: 32.553 Thread 0x0000026f66c12040 Implicit null exception at 0x0000026f135c54f9 to 0x0000026f135c5524
Event: 32.667 Thread 0x0000026f68a38f50 Exception <a 'java/lang/NoSuchMethodError'{0x0000000086c3fc70}: 'java.lang.Object java.lang.invoke.DirectMethodHandle$Holder.newInvokeSpecial(java.lang.Object, java.lang.Object, int, java.lang.Object, java.lang.Object)'> (0x0000000086c3fc70) 
thrown [s\src\hotspot\share\interpreter\linkResolver.cpp, line 773]
Event: 32.755 Thread 0x0000026f68a38f50 Exception <a 'java/lang/NoSuchMethodError'{0x00000000869d4cc0}: 'java.lang.Object java.lang.invoke.DirectMethodHandle$Holder.invokeVirtual(java.lang.Object, java.lang.Object, java.lang.Object, java.lang.Object, java.lang.Object, java.lang.Object, java.lang.Object, java.lang.Object, java.lang.Object, java.lang.Object, java.lang.Object, java.lang.Object, java.lang.Object, java.lang.Object, java.lang.Object, java.lang.Object, java.lang.Object, java.lang.Object, java.lang.Object)'> (0x00000000869d4cc0) 
thrown
Event: 32.791 Thread 0x0000026f66c26650 Exception <a 'java/lang/NoSuchMethodError'{0x00000000894ad720}: static Lorg/gradle/internal/build/event/types/DefaultTaskStartedProgressEvent;.<clinit>()V> (0x00000000894ad720) 
thrown [s\src\hotspot\share\prims\jni.cpp, line 1111]
Event: 32.793 Thread 0x0000026f66c26650 Exception <a 'java/lang/NoSuchMethodError'{0x00000000894d17e8}: static Lorg/gradle/internal/build/event/types/DefaultTaskDescriptor;.<clinit>()V> (0x00000000894d17e8) 
thrown [s\src\hotspot\share\prims\jni.cpp, line 1111]
Event: 32.799 Thread 0x0000026f66c26650 Exception <a 'java/lang/NoSuchMethodError'{0x000000008939f3b0}: static Lorg/gradle/internal/build/event/types/DefaultTaskFinishedProgressEvent;.<clinit>()V> (0x000000008939f3b0) 
thrown [s\src\hotspot\share\prims\jni.cpp, line 1111]
Event: 32.800 Thread 0x0000026f66c26650 Exception <a 'java/lang/NoSuchMethodError'{0x00000000893b1d80}: static Lorg/gradle/internal/build/event/types/DefaultTaskSuccessResult;.<clinit>()V> (0x00000000893b1d80) 
thrown [s\src\hotspot\share\prims\jni.cpp, line 1111]
Event: 32.800 Thread 0x0000026f66c26650 Exception <a 'java/lang/NoSuchMethodError'{0x00000000893b3348}: static Lorg/gradle/internal/build/event/types/AbstractTaskResult;.<clinit>()V> (0x00000000893b3348) 
thrown [s\src\hotspot\share\prims\jni.cpp, line 1111]
Event: 32.815 Thread 0x0000026f66c12040 Exception <a 'java/lang/NoSuchMethodError'{0x00000000893ffb10}: 'java.lang.Object java.lang.invoke.DirectMethodHandle$Holder.invokeStatic(java.lang.Object, int, java.lang.Object)'> (0x00000000893ffb10) 
thrown [s\src\hotspot\share\interpreter\linkResolver.cpp, line 773]

ZGC Phase Switch (0 events):
No events

VM Operations (20 events):
Event: 30.376 Executing safepoint VM operation: G1CollectForAllocation (G1 Evacuation Pause)
Event: 30.386 Executing safepoint VM operation: G1CollectForAllocation (G1 Evacuation Pause) done
Event: 31.387 Executing safepoint VM operation: Cleanup
Event: 31.388 Executing safepoint VM operation: Cleanup done
Event: 31.499 Executing safepoint VM operation: G1CollectForAllocation (G1 Evacuation Pause)
Event: 31.504 Executing safepoint VM operation: G1CollectForAllocation (G1 Evacuation Pause) done
Event: 31.597 Executing safepoint VM operation: G1PauseRemark
Event: 31.603 Executing safepoint VM operation: G1PauseRemark done
Event: 31.636 Executing safepoint VM operation: G1PauseCleanup
Event: 31.636 Executing safepoint VM operation: G1PauseCleanup done
Event: 32.184 Executing safepoint VM operation: ICBufferFull
Event: 32.184 Executing safepoint VM operation: ICBufferFull done
Event: 32.492 Executing non-safepoint VM operation: HandshakeAllThreads (Deoptimize)
Event: 32.492 Executing non-safepoint VM operation: HandshakeAllThreads (Deoptimize) done
Event: 32.756 Executing safepoint VM operation: G1CollectForAllocation (G1 Evacuation Pause)
Event: 32.770 Executing safepoint VM operation: G1CollectForAllocation (G1 Evacuation Pause) done
Event: 32.789 Executing non-safepoint VM operation: HandshakeAllThreads (Deoptimize)
Event: 32.789 Executing non-safepoint VM operation: HandshakeAllThreads (Deoptimize) done
Event: 33.794 Executing safepoint VM operation: Cleanup
Event: 33.794 Executing safepoint VM operation: Cleanup done

Memory protections (0 events):
No events

Nmethod flushes (20 events):
Event: 31.601 Thread 0x0000026f1ffb4bc0 flushing  nmethod 0x0000026f0c41a490
Event: 31.601 Thread 0x0000026f1ffb4bc0 flushing  nmethod 0x0000026f0c49f290
Event: 31.601 Thread 0x0000026f1ffb4bc0 flushing  nmethod 0x0000026f0c4a4190
Event: 31.601 Thread 0x0000026f1ffb4bc0 flushing  nmethod 0x0000026f0c4e6190
Event: 31.601 Thread 0x0000026f1ffb4bc0 flushing  nmethod 0x0000026f0c6e5010
Event: 31.601 Thread 0x0000026f1ffb4bc0 flushing  nmethod 0x0000026f13902a10
Event: 31.601 Thread 0x0000026f1ffb4bc0 flushing  nmethod 0x0000026f139cdb10
Event: 31.601 Thread 0x0000026f1ffb4bc0 flushing  nmethod 0x0000026f13a49990
Event: 31.601 Thread 0x0000026f1ffb4bc0 flushing  nmethod 0x0000026f0bbdc290
Event: 31.601 Thread 0x0000026f1ffb4bc0 flushing  nmethod 0x0000026f0bc08610
Event: 31.601 Thread 0x0000026f1ffb4bc0 flushing  nmethod 0x0000026f0bc0ba10
Event: 31.601 Thread 0x0000026f1ffb4bc0 flushing  nmethod 0x0000026f0bcfa210
Event: 31.601 Thread 0x0000026f1ffb4bc0 flushing  nmethod 0x0000026f0bcfcf10
Event: 31.601 Thread 0x0000026f1ffb4bc0 flushing  nmethod 0x0000026f0bd7c810
Event: 31.601 Thread 0x0000026f1ffb4bc0 flushing  nmethod 0x0000026f0bea3510
Event: 31.601 Thread 0x0000026f1ffb4bc0 flushing  nmethod 0x0000026f0c10b310
Event: 31.601 Thread 0x0000026f1ffb4bc0 flushing  nmethod 0x0000026f0c1ab910
Event: 31.601 Thread 0x0000026f1ffb4bc0 flushing  nmethod 0x0000026f0c370f10
Event: 31.601 Thread 0x0000026f1ffb4bc0 flushing  nmethod 0x0000026f0c3df710
Event: 31.601 Thread 0x0000026f1ffb4bc0 flushing  nmethod 0x0000026f0c6a8810

Events (20 events):
Event: 22.395 Thread 0x0000026f66c12040 Thread added: 0x0000026f68c71c00
Event: 23.125 Thread 0x0000026f683e3250 Thread exited: 0x0000026f683e3250
Event: 23.562 Thread 0x0000026f1ffed8b0 Thread added: 0x0000026f683e24b0
Event: 24.693 Thread 0x0000026f683e24b0 Thread exited: 0x0000026f683e24b0
Event: 25.899 Thread 0x0000026f66c12040 Thread added: 0x0000026f68c6ee10
Event: 29.353 Thread 0x0000026f1ffed8b0 Thread added: 0x0000026f683e3250
Event: 29.817 Thread 0x0000026f683e3250 Thread exited: 0x0000026f683e3250
Event: 31.281 Thread 0x0000026f1ffe0b90 Thread added: 0x0000026f683e5460
Event: 32.053 Thread 0x0000026f683e5460 Thread exited: 0x0000026f683e5460
Event: 32.059 Thread 0x0000026f66c12040 Thread added: 0x0000026f68a388c0
Event: 32.637 Thread 0x0000026f1ffed8b0 Thread added: 0x0000026f683e2b80
Event: 32.654 Thread 0x0000026f66c12040 Thread added: 0x0000026f68a38f50
Event: 32.670 Thread 0x0000026f68a38f50 Thread added: 0x0000026f68a39c70
Event: 32.670 Thread 0x0000026f68a38f50 Thread added: 0x0000026f68a3a300
Event: 32.670 Thread 0x0000026f68a38f50 Thread added: 0x0000026f68a3a990
Event: 32.671 Thread 0x0000026f68a38f50 Thread added: 0x0000026f68c6e780
Event: 32.671 Thread 0x0000026f68a38f50 Thread added: 0x0000026f68c72fb0
Event: 32.671 Thread 0x0000026f68a38f50 Thread added: 0x0000026f68c6fb30
Event: 32.671 Thread 0x0000026f68a38f50 Thread added: 0x0000026f68c74360
Event: 32.715 Thread 0x0000026f68a38f50 Thread added: 0x0000026f68c73640


Dynamic libraries:
0x00007ff74e390000 - 0x00007ff74e39e000 	C:\Users\rawat\.antigravity-ide\extensions\redhat.java-1.55.0-win32-x64\jre\21.0.11-win32-x86_64\bin\java.exe
0x00007ffbfd760000 - 0x00007ffbfd9c6000 	C:\WINDOWS\SYSTEM32\ntdll.dll
0x00007ffbfd220000 - 0x00007ffbfd2e9000 	C:\WINDOWS\System32\KERNEL32.DLL
0x00007ffbfafc0000 - 0x00007ffbfb3be000 	C:\WINDOWS\System32\KERNELBASE.dll
0x00007ffbfaac0000 - 0x00007ffbfac0c000 	C:\WINDOWS\System32\ucrtbase.dll
0x00007ffbd8160000 - 0x00007ffbd8178000 	C:\Users\rawat\.antigravity-ide\extensions\redhat.java-1.55.0-win32-x64\jre\21.0.11-win32-x86_64\bin\jli.dll
0x00007ffbfd2f0000 - 0x00007ffbfd4b7000 	C:\WINDOWS\System32\USER32.dll
0x00007ffbcf410000 - 0x00007ffbcf42e000 	C:\Users\rawat\.antigravity-ide\extensions\redhat.java-1.55.0-win32-x64\jre\21.0.11-win32-x86_64\bin\VCRUNTIME140.dll
0x00007ffbfaed0000 - 0x00007ffbfaef7000 	C:\WINDOWS\System32\win32u.dll
0x00007ffbfc720000 - 0x00007ffbfc74b000 	C:\WINDOWS\System32\GDI32.dll
0x00007ffbfac20000 - 0x00007ffbfad4a000 	C:\WINDOWS\System32\gdi32full.dll
0x00007ffbded60000 - 0x00007ffbdeff2000 	C:\WINDOWS\WinSxS\amd64_microsoft.windows.common-controls_6595b64144ccf1df_6.0.26100.8875_none_3e0d5d42e32fe9dd\COMCTL32.dll
0x00007ffbfaa10000 - 0x00007ffbfaab3000 	C:\WINDOWS\System32\msvcp_win.dll
0x00007ffbfb490000 - 0x00007ffbfb539000 	C:\WINDOWS\System32\msvcrt.dll
0x00007ffbfbce0000 - 0x00007ffbfbd12000 	C:\WINDOWS\System32\IMM32.DLL
0x00007ffbf7220000 - 0x00007ffbf722c000 	C:\Users\rawat\.antigravity-ide\extensions\redhat.java-1.55.0-win32-x64\jre\21.0.11-win32-x86_64\bin\vcruntime140_1.dll
0x00007ffbc6090000 - 0x00007ffbc611d000 	C:\Users\rawat\.antigravity-ide\extensions\redhat.java-1.55.0-win32-x64\jre\21.0.11-win32-x86_64\bin\msvcp140.dll
0x00007ffb41930000 - 0x00007ffb426d2000 	C:\Users\rawat\.antigravity-ide\extensions\redhat.java-1.55.0-win32-x64\jre\21.0.11-win32-x86_64\bin\server\jvm.dll
0x00007ffbfc9f0000 - 0x00007ffbfcaa7000 	C:\WINDOWS\System32\ADVAPI32.dll
0x00007ffbfc930000 - 0x00007ffbfc9da000 	C:\WINDOWS\System32\sechost.dll
0x00007ffbfcab0000 - 0x00007ffbfcbc8000 	C:\WINDOWS\System32\RPCRT4.dll
0x00007ffbfc230000 - 0x00007ffbfc2b0000 	C:\WINDOWS\System32\WS2_32.dll
0x00007ffbef4c0000 - 0x00007ffbef4cb000 	C:\WINDOWS\SYSTEM32\VERSION.dll
0x00007ffbfa7e0000 - 0x00007ffbfa83e000 	C:\WINDOWS\SYSTEM32\POWRPROF.dll
0x00007ffbea130000 - 0x00007ffbea166000 	C:\WINDOWS\SYSTEM32\WINMM.dll
0x00007ffbfa7c0000 - 0x00007ffbfa7d4000 	C:\WINDOWS\SYSTEM32\UMPDC.dll
0x00007ffbf9660000 - 0x00007ffbf967b000 	C:\WINDOWS\SYSTEM32\kernel.appcore.dll
0x00007ffbeedc0000 - 0x00007ffbeedca000 	C:\Users\rawat\.antigravity-ide\extensions\redhat.java-1.55.0-win32-x64\jre\21.0.11-win32-x86_64\bin\jimage.dll
0x00007ffbf7d00000 - 0x00007ffbf7f42000 	C:\WINDOWS\SYSTEM32\DBGHELP.DLL
0x00007ffbfce80000 - 0x00007ffbfd203000 	C:\WINDOWS\System32\combase.dll
0x00007ffbfc640000 - 0x00007ffbfc719000 	C:\WINDOWS\System32\OLEAUT32.dll
0x00007ffbd07c0000 - 0x00007ffbd07fb000 	C:\WINDOWS\SYSTEM32\dbgcore.DLL
0x00007ffbfaf00000 - 0x00007ffbfafac000 	C:\WINDOWS\System32\bcryptPrimitives.dll
0x00007ffbee260000 - 0x00007ffbee26f000 	C:\Users\rawat\.antigravity-ide\extensions\redhat.java-1.55.0-win32-x64\jre\21.0.11-win32-x86_64\bin\instrument.dll
0x00007ffbe4ea0000 - 0x00007ffbe4ec0000 	C:\Users\rawat\.antigravity-ide\extensions\redhat.java-1.55.0-win32-x64\jre\21.0.11-win32-x86_64\bin\java.dll
0x00007ffbfb540000 - 0x00007ffbfbcd2000 	C:\WINDOWS\System32\SHELL32.dll
0x00007ffbf8400000 - 0x00007ffbf8c92000 	C:\WINDOWS\SYSTEM32\windows.storage.dll
0x00007ffbfd5a0000 - 0x00007ffbfd697000 	C:\WINDOWS\System32\SHCORE.dll
0x00007ffbfcbd0000 - 0x00007ffbfcc37000 	C:\WINDOWS\System32\shlwapi.dll
0x00007ffbfa8a0000 - 0x00007ffbfa8c9000 	C:\WINDOWS\SYSTEM32\profapi.dll
0x00007ffbca780000 - 0x00007ffbca798000 	C:\Users\rawat\.antigravity-ide\extensions\redhat.java-1.55.0-win32-x64\jre\21.0.11-win32-x86_64\bin\zip.dll
0x00007ffbe7070000 - 0x00007ffbe7080000 	C:\Users\rawat\.antigravity-ide\extensions\redhat.java-1.55.0-win32-x64\jre\21.0.11-win32-x86_64\bin\net.dll
0x00007ffbef620000 - 0x00007ffbef747000 	C:\WINDOWS\SYSTEM32\WINHTTP.dll
0x00007ffbf9c10000 - 0x00007ffbf9c7c000 	C:\WINDOWS\system32\mswsock.dll
0x00007ffbc8e00000 - 0x00007ffbc8e16000 	C:\Users\rawat\.antigravity-ide\extensions\redhat.java-1.55.0-win32-x64\jre\21.0.11-win32-x86_64\bin\nio.dll
0x00007ffbe6b40000 - 0x00007ffbe6b50000 	C:\Users\rawat\.antigravity-ide\extensions\redhat.java-1.55.0-win32-x64\jre\21.0.11-win32-x86_64\bin\verify.dll
0x00007ffbc2430000 - 0x00007ffbc2457000 	C:\Users\rawat\.gradle\native\1def1411415f61bf3af743bc5b6707747c0891f09f0c88961ee8f79bc544acac\windows-amd64\native-platform.dll
0x00007ffb8a770000 - 0x00007ffb8a7e8000 	C:\Users\rawat\.gradle\native\0.2.7\x86_64-windows-gnu\gradle-fileevents.dll
0x00007ffbe66c0000 - 0x00007ffbe66ca000 	C:\Users\rawat\.antigravity-ide\extensions\redhat.java-1.55.0-win32-x64\jre\21.0.11-win32-x86_64\bin\management.dll
0x00007ffbc9960000 - 0x00007ffbc996c000 	C:\Users\rawat\.antigravity-ide\extensions\redhat.java-1.55.0-win32-x64\jre\21.0.11-win32-x86_64\bin\management_ext.dll
0x00007ffbfd210000 - 0x00007ffbfd218000 	C:\WINDOWS\System32\PSAPI.DLL
0x00007ffbf90c0000 - 0x00007ffbf90f3000 	C:\WINDOWS\SYSTEM32\IPHLPAPI.DLL
0x00007ffbfcde0000 - 0x00007ffbfcdea000 	C:\WINDOWS\System32\NSI.dll
0x00007ffbc62e0000 - 0x00007ffbc62e9000 	C:\Users\rawat\.antigravity-ide\extensions\redhat.java-1.55.0-win32-x64\jre\21.0.11-win32-x86_64\bin\extnet.dll
0x00007ffbf9f30000 - 0x00007ffbf9f4b000 	C:\WINDOWS\SYSTEM32\CRYPTSP.dll
0x00007ffbf95c0000 - 0x00007ffbf95f9000 	C:\WINDOWS\system32\rsaenh.dll
0x00007ffbf9cd0000 - 0x00007ffbf9d02000 	C:\WINDOWS\SYSTEM32\USERENV.dll
0x00007ffbfa870000 - 0x00007ffbfa89a000 	C:\WINDOWS\SYSTEM32\bcrypt.dll
0x00007ffbf9f10000 - 0x00007ffbf9f1c000 	C:\WINDOWS\SYSTEM32\CRYPTBASE.dll
0x00007ffbc6060000 - 0x00007ffbc606e000 	C:\Users\rawat\.antigravity-ide\extensions\redhat.java-1.55.0-win32-x64\jre\21.0.11-win32-x86_64\bin\sunmscapi.dll
0x00007ffbfad50000 - 0x00007ffbfaec8000 	C:\WINDOWS\System32\CRYPT32.dll
0x00007ffbfa150000 - 0x00007ffbfa180000 	C:\WINDOWS\SYSTEM32\ncrypt.dll
0x00007ffbfa100000 - 0x00007ffbfa13f000 	C:\WINDOWS\SYSTEM32\NTASN1.dll
0x00007ffb7cb70000 - 0x00007ffb7cb78000 	C:\WINDOWS\system32\wshunix.dll

JVMTI agents:
C:\Users\rawat\.gradle\wrapper\dists\gradle-8.13-bin\5xuhj0ry160q40clulazy9h7d\gradle-8.13\lib\agents\gradle-instrumentation-agent-8.13.jar path:C:\Users\rawat\.antigravity-ide\extensions\redhat.java-1.55.0-win32-x64\jre\21.0.11-win32-x86_64\bin\instrument.dll, loaded, initialized, instrumentlib options:none

dbghelp: loaded successfully - version: 4.0.5 - missing functions: none
symbol engine: initialized successfully - sym options: 0x614 - pdb path: .;C:\Users\rawat\.antigravity-ide\extensions\redhat.java-1.55.0-win32-x64\jre\21.0.11-win32-x86_64\bin;C:\WINDOWS\SYSTEM32;C:\WINDOWS\WinSxS\amd64_microsoft.windows.common-controls_6595b64144ccf1df_6.0.26100.8875_none_3e0d5d42e32fe9dd;C:\Users\rawat\.antigravity-ide\extensions\redhat.java-1.55.0-win32-x64\jre\21.0.11-win32-x86_64\bin\server;C:\Users\rawat\.gradle\native\1def1411415f61bf3af743bc5b6707747c0891f09f0c88961ee8f79bc544acac\windows-amd64;C:\Users\rawat\.gradle\native\0.2.7\x86_64-windows-gnu

VM Arguments:
jvm_args: --add-opens=java.base/java.lang=ALL-UNNAMED --add-opens=java.base/java.lang.invoke=ALL-UNNAMED --add-opens=java.base/java.util=ALL-UNNAMED --add-opens=java.prefs/java.util.prefs=ALL-UNNAMED --add-exports=jdk.compiler/com.sun.tools.javac.api=ALL-UNNAMED --add-exports=jdk.compiler/com.sun.tools.javac.util=ALL-UNNAMED --add-opens=java.base/java.util=ALL-UNNAMED --add-opens=java.prefs/java.util.prefs=ALL-UNNAMED --add-opens=java.base/java.nio.charset=ALL-UNNAMED --add-opens=java.base/java.net=ALL-UNNAMED --add-opens=java.base/java.util.concurrent.atomic=ALL-UNNAMED --add-opens=java.xml/javax.xml.namespace=ALL-UNNAMED -Xmx2048m -Dfile.encoding=UTF-8 -Duser.country=US -Duser.language=en -Duser.variant -javaagent:C:\Users\rawat\.gradle\wrapper\dists\gradle-8.13-bin\5xuhj0ry160q40clulazy9h7d\gradle-8.13\lib\agents\gradle-instrumentation-agent-8.13.jar 
java_command: org.gradle.launcher.daemon.bootstrap.GradleDaemon 8.13
java_class_path (initial): C:\Users\rawat\.gradle\wrapper\dists\gradle-8.13-bin\5xuhj0ry160q40clulazy9h7d\gradle-8.13\lib\gradle-daemon-main-8.13.jar
Launcher Type: SUN_STANDARD

[Global flags]
     intx CICompilerCount                          = 4                                         {product} {ergonomic}
     uint ConcGCThreads                            = 2                                         {product} {ergonomic}
     uint G1ConcRefinementThreads                  = 8                                         {product} {ergonomic}
   size_t G1HeapRegionSize                         = 1048576                                   {product} {ergonomic}
    uintx GCDrainStackTargetSize                   = 64                                        {product} {ergonomic}
   size_t InitialHeapSize                          = 130023424                                 {product} {ergonomic}
   size_t MarkStackSize                            = 4194304                                   {product} {ergonomic}
   size_t MaxHeapSize                              = 2147483648                                {product} {command line}
   size_t MaxNewSize                               = 1287651328                                {product} {ergonomic}
   size_t MinHeapDeltaBytes                        = 1048576                                   {product} {ergonomic}
   size_t MinHeapSize                              = 8388608                                   {product} {ergonomic}
    uintx NonNMethodCodeHeapSize                   = 5839372                                {pd product} {ergonomic}
    uintx NonProfiledCodeHeapSize                  = 122909434                              {pd product} {ergonomic}
    uintx ProfiledCodeHeapSize                     = 122909434                              {pd product} {ergonomic}
    uintx ReservedCodeCacheSize                    = 251658240                              {pd product} {ergonomic}
     bool SegmentedCodeCache                       = true                                      {product} {ergonomic}
   size_t SoftMaxHeapSize                          = 2147483648                             {manageable} {ergonomic}
     bool UseCompressedOops                        = true                           {product lp64_product} {ergonomic}
     bool UseG1GC                                  = true                                      {product} {ergonomic}
     bool UseLargePagesIndividualAllocation        = false                                  {pd product} {ergonomic}

Logging:
Log output configuration:
 #0: stdout all=warning uptime,level,tags foldmultilines=false
 #1: stderr all=off uptime,level,tags foldmultilines=false

Release file:
JAVA_VERSION="21.0.11" 
MODULES="java.base java.compiler java.datatransfer java.xml java.prefs java.desktop java.instrument java.logging java.management java.security.sasl java.naming java.rmi java.management.rmi java.net.http java.scripting java.security.jgss java.transaction.xa java.sql java.sql.rowset java.xml.crypto java.se java.smartcardio jdk.accessibility jdk.internal.jvmstat jdk.attach jdk.charsets jdk.internal.opt jdk.zipfs jdk.compiler jdk.crypto.ec jdk.crypto.cryptoki jdk.crypto.mscapi jdk.dynalink jdk.internal.ed jdk.editpad jdk.hotspot.agent jdk.httpserver jdk.internal.le jdk.internal.vm.ci jdk.internal.vm.compiler jdk.internal.vm.compiler.management jdk.jartool jdk.javadoc jdk.jcmd jdk.management jdk.management.agent jdk.jconsole jdk.jdeps jdk.jdwp.agent jdk.jdi jdk.jfr jdk.jshell jdk.jsobject jdk.jstatd jdk.localedata jdk.management.jfr jdk.naming.dns jdk.naming.rmi jdk.net jdk.nio.mapmode jdk.random jdk.sctp jdk.security.auth jdk.security.jgss jdk.unsupported jdk.unsupported.desktop jdk.xml.dom" 

Environment Variables:
PATH=C:\Program Files\Common Files\Oracle\Java\javapath;C:\Windows\system32;C:\Windows;C:\Windows\System32\Wbem;C:\Windows\System32\WindowsPowerShell\v1.0\;C:\Windows\System32\OpenSSH\;C:\Program Files\NVIDIA Corporation\NVIDIA NvDLISR;C:\WINDOWS\system32;C:\WINDOWS;C:\WINDOWS\System32\Wbem;C:\WINDOWS\System32\WindowsPowerShell\v1.0\;C:\WINDOWS\System32\OpenSSH\;C:\Program Files\dotnet\;C:\Program Files (x86)\Windows Kits\10\Windows Performance Toolkit\;C:\Program Files\Git\cmd;C:\Program Files\Git\bin;C:\MinGW\bin;C:\Program Files\MySQL\MySQL Server 8.0\bin;C:\Program Files\MySQL\MySQL Shell 8.0\bin\;C:\Users\rawat\AppData\Local\Programs\Python\Python314\Scripts\;C:\Users\rawat\AppData\Local\Programs\Python\Python314\;C:\Users\rawat\AppData\Local\Microsoft\WindowsApps;C:\Users\rawat\AppData\Local\Programs\Microsoft VS Code\bin;C:\Users\rawat\Downloads\flutter_windows_3.38.3-stable\flutter\bin;C:\MinGW\bin;C:\Users\rawat\AppData\Local\Programs\Antigravity IDE\bin
USERNAME=rawat
OS=Windows_NT
PROCESSOR_IDENTIFIER=Intel64 Family 6 Model 140 Stepping 1, GenuineIntel
TMP=C:\Users\rawat\AppData\Local\Temp
TEMP=C:\Users\rawat\AppData\Local\Temp




Periodic native trim disabled

---------------  S Y S T E M  ---------------

OS:
 Windows 11 , 64 bit Build 26100 (10.0.26100.8875)
OS uptime: 3 days 0:13 hours
Hyper-V role detected

CPU: total 8 (initial active 8) (4 cores per cpu, 2 threads per core) family 6 model 140 stepping 1 microcode 0xbe, cx8, cmov, fxsr, ht, mmx, 3dnowpref, sse, sse2, sse3, ssse3, sse4.1, sse4.2, popcnt, lzcnt, tsc, tscinvbit, avx, avx2, aes, erms, clmul, bmi1, bmi2, adx, avx512f, avx512dq, avx512cd, avx512bw, avx512vl, sha, fma, vzeroupper, avx512_vpopcntdq, avx512_vpclmulqdq, avx512_vaes, avx512_vnni, clflush, clflushopt, clwb, avx512_vbmi2, avx512_vbmi, hv, rdtscp, rdpid, fsrm, gfni, avx512_bitalg, f16c, cet_ibt, cet_ss, avx512_ifma
Processor Information for the first 8 processors :
  Max Mhz: 2803, Current Mhz: 2803, Mhz Limit: 2803

Memory: 4k page, system-wide physical 7914M (436M free)
TotalPageFile size 32490M (AvailPageFile size 13M)
current process WorkingSet (physical memory assigned to process): 357M, peak: 357M
current process commit charge ("private bytes"): 450M, peak: 451M

vm_info: OpenJDK 64-Bit Server VM (21.0.11+10-LTS) for windows-amd64 JRE (21.0.11+10-LTS), built on 2026-04-21T00:00:00Z by "admin" with MS VC++ 17.12 (VS2022)

END.
