#
# There is insufficient memory for the Java Runtime Environment to continue.
# Native memory allocation (malloc) failed to allocate 32744 bytes. Error detail: Chunk::new
# Possible reasons:
#   The system is out of physical RAM or swap space
#   This process is running with CompressedOops enabled, and the Java Heap may be blocking the growth of the native heap
# Possible solutions:
#   Reduce memory load on the system
#   Increase physical memory or swap space
#   Check if swap backing store is full
#   Decrease Java heap size (-Xmx/-Xms)
#   Decrease number of Java threads
#   Decrease Java thread stack sizes (-Xss)
#   Set larger code cache with -XX:ReservedCodeCacheSize=
#   JVM is running with Unscaled Compressed Oops mode in which the Java heap is
#     placed in the first 4GB address space. The Java Heap base address is the
#     maximum limit for the native heap growth. Please use -XX:HeapBaseMinAddress
#     to set the Java Heap base and to place the Java Heap above 4GB virtual address.
# This output file may be truncated or incomplete.
#
#  Out of Memory Error (arena.cpp:168), pid=18936, tid=15412
#
# JRE version: OpenJDK Runtime Environment Temurin-21.0.11+10 (21.0.11+10) (build 21.0.11+10-LTS)
# Java VM: OpenJDK 64-Bit Server VM Temurin-21.0.11+10 (21.0.11+10-LTS, mixed mode, sharing, tiered, compressed oops, compressed class ptrs, parallel gc, windows-amd64)
# No core dump will be written. Minidumps are not enabled by default on client versions of Windows
#

---------------  S U M M A R Y ------------

Command Line: --add-modules=ALL-SYSTEM --add-opens=java.base/java.util=ALL-UNNAMED --add-opens=java.base/java.lang=ALL-UNNAMED --add-opens=java.base/sun.nio.fs=ALL-UNNAMED -Declipse.application=org.eclipse.jdt.ls.core.id1 -Dosgi.bundles.defaultStartLevel=4 -Declipse.product=org.eclipse.jdt.ls.core.product -Djava.import.generatesMetadataFilesAtProjectRoot=false -DDetectVMInstallationsJob.disabled=true -Dfile.encoding=utf8 -XX:+UseParallelGC -XX:GCTimeRatio=4 -XX:AdaptiveSizePolicyWeight=90 -Dsun.zip.disableMemoryMapping=true -Xmx2G -Xms100m -Xlog:disable -javaagent:c:\Users\rawat\.antigravity-ide\extensions\redhat.java-1.55.0-win32-x64\lombok\lombok-1.18.39-4050.jar c:\Users\rawat\.antigravity-ide\extensions\redhat.java-1.55.0-win32-x64\server\plugins\org.eclipse.equinox.launcher_1.7.200.v20260619-2039.jar -configuration c:\Users\rawat\AppData\Roaming\Antigravity IDE\User\globalStorage\redhat.java\1.55.0\config_ss_win -data c:\Users\rawat\AppData\Roaming\Antigravity IDE\User\workspaceStorage\37c22cd9f0bef5d5ec7063b27c4af746\redhat.java\ss_ws --pipe=\\.\pipe\lsp-196e196e81ec4f612dfd4dd4d1696860-sock

Host: 11th Gen Intel(R) Core(TM) i7-1165G7 @ 2.80GHz, 8 cores, 7G,  Windows 11 , 64 bit Build 26100 (10.0.26100.8875)
Time: Fri Jul 24 16:46:28 2026 Nepal Standard Time elapsed time: 47.071238 seconds (0d 0h 0m 47s)

---------------  T H R E A D  ---------------

Current thread (0x000001dc115ba2d0):  JavaThread "C2 CompilerThread1" daemon [_thread_in_native, id=15412, stack(0x000000586f200000,0x000000586f300000) (1024K)]


Current CompileTask:
C2:47071 4975       4       java.io.DataOutputStream::writeUTF (389 bytes)

Stack: [0x000000586f200000,0x000000586f300000]
Native frames: (J=compiled Java code, j=interpreted, Vv=VM code, C=native code)
V  [jvm.dll+0x6d7e19]
V  [jvm.dll+0x8b5096]
V  [jvm.dll+0x8b764e]
V  [jvm.dll+0x8b7d33]
V  [jvm.dll+0x284596]
V  [jvm.dll+0xc685d]
V  [jvm.dll+0xc6da1]
V  [jvm.dll+0xd41cd]
V  [jvm.dll+0x5ee9ed]
V  [jvm.dll+0x5ecf0d]
V  [jvm.dll+0x5ed7b0]
V  [jvm.dll+0x5ecd2e]
V  [jvm.dll+0x5ecd41]
V  [jvm.dll+0x5ecd41]
V  [jvm.dll+0x5ff0f3]
V  [jvm.dll+0x255d67]
V  [jvm.dll+0x24e2ca]
V  [jvm.dll+0x24bbe6]
V  [jvm.dll+0x1cb4ae]
V  [jvm.dll+0x25baad]
V  [jvm.dll+0x25a03a]
V  [jvm.dll+0x3f868e]
V  [jvm.dll+0x85fb0d]
V  [jvm.dll+0x6d664d]
C  [ucrtbase.dll+0x2cd30]
C  [KERNEL32.DLL+0x2e957]
C  [ntdll.dll+0xaad6c]


---------------  P R O C E S S  ---------------

Threads class SMR info:
_java_thread_list=0x000001dc110500e0, length=36, elements={
0x000001dbb0f17d50, 0x000001dbc9d0d740, 0x000001dbc9d10e20, 0x000001dbc9d14180,
0x000001dbc9d14f40, 0x000001dbc9d159a0, 0x000001dbc9d16400, 0x000001dbc9d17240,
0x000001dbc9d44110, 0x000001dc0c7ad020, 0x000001dc0c961820, 0x000001dc1181afa0,
0x000001dc117e1750, 0x000001dc117e4320, 0x000001dc1164a0c0, 0x000001dc1168fc20,
0x000001dc12a747f0, 0x000001dc12729530, 0x000001dc11e406b0, 0x000001dc11e40020,
0x000001dc11e3f300, 0x000001dc133fa9e0, 0x000001dc133f8910, 0x000001dc133fa350,
0x000001dc133f7560, 0x000001dc133f7bf0, 0x000001dc133f9630, 0x000001dc133f9cc0,
0x000001dc133f8280, 0x000001dc133fb070, 0x000001dc133fbd90, 0x000001dc133fc420,
0x000001dc133f8fa0, 0x000001dc133fb700, 0x000001dc115ba2d0, 0x000001dc1249d710
}

Java Threads: ( => current thread )
  0x000001dbb0f17d50 JavaThread "main"                              [_thread_blocked, id=16192, stack(0x000000586c400000,0x000000586c500000) (1024K)]
  0x000001dbc9d0d740 JavaThread "Reference Handler"          daemon [_thread_blocked, id=23988, stack(0x000000586c800000,0x000000586c900000) (1024K)]
  0x000001dbc9d10e20 JavaThread "Finalizer"                  daemon [_thread_blocked, id=22488, stack(0x000000586c900000,0x000000586ca00000) (1024K)]
  0x000001dbc9d14180 JavaThread "Signal Dispatcher"          daemon [_thread_blocked, id=12664, stack(0x000000586ca00000,0x000000586cb00000) (1024K)]
  0x000001dbc9d14f40 JavaThread "Attach Listener"            daemon [_thread_blocked, id=11128, stack(0x000000586cb00000,0x000000586cc00000) (1024K)]
  0x000001dbc9d159a0 JavaThread "Service Thread"             daemon [_thread_blocked, id=2952, stack(0x000000586cc00000,0x000000586cd00000) (1024K)]
  0x000001dbc9d16400 JavaThread "Monitor Deflation Thread"   daemon [_thread_blocked, id=24068, stack(0x000000586cd00000,0x000000586ce00000) (1024K)]
  0x000001dbc9d17240 JavaThread "C2 CompilerThread0"         daemon [_thread_blocked, id=21080, stack(0x000000586ce00000,0x000000586cf00000) (1024K)]
  0x000001dbc9d44110 JavaThread "C1 CompilerThread0"         daemon [_thread_blocked, id=11820, stack(0x000000586cf00000,0x000000586d000000) (1024K)]
  0x000001dc0c7ad020 JavaThread "Common-Cleaner"             daemon [_thread_blocked, id=2228, stack(0x000000586d000000,0x000000586d100000) (1024K)]
  0x000001dc0c961820 JavaThread "Notification Thread"        daemon [_thread_blocked, id=14520, stack(0x000000586d100000,0x000000586d200000) (1024K)]
  0x000001dc1181afa0 JavaThread "Active Thread: Equinox Container: 13afa8c2-c777-4d69-b401-952f3e219e64"        [_thread_blocked, id=5640, stack(0x000000586d900000,0x000000586da00000) (1024K)]
  0x000001dc117e1750 JavaThread "Framework Event Dispatcher: Equinox Container: 13afa8c2-c777-4d69-b401-952f3e219e64" daemon [_thread_blocked, id=14268, stack(0x000000586da00000,0x000000586db00000) (1024K)]
  0x000001dc117e4320 JavaThread "Start Level: Equinox Container: 13afa8c2-c777-4d69-b401-952f3e219e64" daemon [_thread_blocked, id=20340, stack(0x000000586db00000,0x000000586dc00000) (1024K)]
  0x000001dc1164a0c0 JavaThread "SCR Component Actor"        daemon [_thread_blocked, id=2284, stack(0x000000586dd00000,0x000000586de00000) (1024K)]
  0x000001dc1168fc20 JavaThread "Worker-JM"                         [_thread_blocked, id=16132, stack(0x000000586de00000,0x000000586df00000) (1024K)]
  0x000001dc12a747f0 JavaThread "JNA Cleaner"                daemon [_thread_blocked, id=7180, stack(0x000000586d200000,0x000000586d300000) (1024K)]
  0x000001dc12729530 JavaThread "Worker-0: Shutdown..."             [_thread_blocked, id=10248, stack(0x000000586df00000,0x000000586e000000) (1024K)]
  0x000001dc11e406b0 JavaThread "Worker-1"                          [_thread_blocked, id=21420, stack(0x000000586e000000,0x000000586e100000) (1024K)]
  0x000001dc11e40020 JavaThread "Thread-1"                   daemon [_thread_in_native, id=4016, stack(0x000000586e500000,0x000000586e600000) (1024K)]
  0x000001dc11e3f300 JavaThread "Thread-2"                   daemon [_thread_in_native, id=8088, stack(0x000000586e600000,0x000000586e700000) (1024K)]
  0x000001dc133fa9e0 JavaThread "Thread-3"                   daemon [_thread_in_native, id=15784, stack(0x000000586e700000,0x000000586e800000) (1024K)]
  0x000001dc133f8910 JavaThread "Thread-4"                   daemon [_thread_in_native, id=19872, stack(0x000000586e800000,0x000000586e900000) (1024K)]
  0x000001dc133fa350 JavaThread "Thread-5"                   daemon [_thread_in_native, id=10520, stack(0x000000586e900000,0x000000586ea00000) (1024K)]
  0x000001dc133f7560 JavaThread "Thread-6"                   daemon [_thread_in_native, id=23860, stack(0x000000586ea00000,0x000000586eb00000) (1024K)]
  0x000001dc133f7bf0 JavaThread "Thread-7"                   daemon [_thread_in_native, id=3056, stack(0x000000586eb00000,0x000000586ec00000) (1024K)]
  0x000001dc133f9630 JavaThread "Thread-8"                   daemon [_thread_in_native, id=8896, stack(0x000000586ec00000,0x000000586ed00000) (1024K)]
  0x000001dc133f9cc0 JavaThread "Thread-9"                   daemon [_thread_in_native, id=8768, stack(0x000000586ed00000,0x000000586ee00000) (1024K)]
  0x000001dc133f8280 JavaThread "pool-2-thread-1"                   [_thread_blocked, id=21944, stack(0x000000586ee00000,0x000000586ef00000) (1024K)]
  0x000001dc133fb070 JavaThread "Worker-2"                          [_thread_blocked, id=20156, stack(0x000000586ef00000,0x000000586f000000) (1024K)]
  0x000001dc133fbd90 JavaThread "WorkspaceEventsHandler"            [_thread_blocked, id=21704, stack(0x000000586f000000,0x000000586f100000) (1024K)]
  0x000001dc133fc420 JavaThread "pool-1-thread-1"                   [_thread_blocked, id=9420, stack(0x000000586f100000,0x000000586f200000) (1024K)]
  0x000001dc133f8fa0 JavaThread "ForkJoinPool.commonPool-worker-1" daemon [_thread_blocked, id=22444, stack(0x000000586e100000,0x000000586e200000) (1024K)]
  0x000001dc133fb700 JavaThread "pool-3-thread-1"                   [_thread_blocked, id=3772, stack(0x000000586e200000,0x000000586e300000) (1024K)]
=>0x000001dc115ba2d0 JavaThread "C2 CompilerThread1"         daemon [_thread_in_native, id=15412, stack(0x000000586f200000,0x000000586f300000) (1024K)]
  0x000001dc1249d710 JavaThread "C2 CompilerThread2"         daemon [_thread_in_vm, id=18004, stack(0x000000586f300000,0x000000586f400000) (1024K)]
Total: 36

Other Threads:
  0x000001dbc9cf2630 VMThread "VM Thread"                           [id=4160, stack(0x000000586c700000,0x000000586c800000) (1024K)]
  0x000001dbb330ebb0 WatcherThread "VM Periodic Task Thread"        [id=14288, stack(0x000000586c600000,0x000000586c700000) (1024K)]
  0x000001dbb32bf8a0 WorkerThread "GC Thread#0"                     [id=9412, stack(0x000000586c500000,0x000000586c600000) (1024K)]
  0x000001dc1118db10 WorkerThread "GC Thread#1"                     [id=10968, stack(0x000000586d300000,0x000000586d400000) (1024K)]
  0x000001dc11314950 WorkerThread "GC Thread#2"                     [id=18144, stack(0x000000586d400000,0x000000586d500000) (1024K)]
  0x000001dc11314d00 WorkerThread "GC Thread#3"                     [id=21348, stack(0x000000586d500000,0x000000586d600000) (1024K)]
  0x000001dc113150b0 WorkerThread "GC Thread#4"                     [id=12468, stack(0x000000586d600000,0x000000586d700000) (1024K)]
  0x000001dc11315460 WorkerThread "GC Thread#5"                     [id=20728, stack(0x000000586d700000,0x000000586d800000) (1024K)]
  0x000001dc11315810 WorkerThread "GC Thread#6"                     [id=4976, stack(0x000000586d800000,0x000000586d900000) (1024K)]
  0x000001dc117f7970 WorkerThread "GC Thread#7"                     [id=23940, stack(0x000000586dc00000,0x000000586dd00000) (1024K)]
Total: 10

Threads with active compile tasks:
C2 CompilerThread0  48112 4985       4       org.eclipse.core.internal.dtree.DataTreeWriter::writeNode (182 bytes)
C2 CompilerThread1  48112 4975       4       java.io.DataOutputStream::writeUTF (389 bytes)
C2 CompilerThread2  48112 4978       4       jdk.internal.util.ByteArray::setLong (10 bytes)
Total: 3

VM state: not at safepoint (normal execution)

VM Mutex/Monitor currently owned by a thread:  ([mutex/lock_event])
[0x00007ffb425ef470] CodeCache_lock - owner thread: 0x000001dc12729530

Heap address: 0x0000000080000000, size: 2048 MB, Compressed Oops mode: 32-bit

CDS archive(s) mapped at: [0x000001dbca000000-0x000001dbcaba0000-0x000001dbcaba0000), size 12189696, SharedBaseAddress: 0x000001dbca000000, ArchiveRelocationMode: 1.
Compressed class space mapped at: 0x000001dbcb000000-0x000001dc0b000000, reserved size: 1073741824
Narrow klass base: 0x000001dbca000000, Narrow klass shift: 0, Narrow klass range: 0x100000000

GC Precious Log:
 CardTable entry size: 512
 CPUs: 8 total, 8 available
 Memory: 7914M
 Large Page Support: Disabled
 NUMA Support: Disabled
 Compressed Oops: Enabled (32-bit)
 Alignments: Space 512K, Generation 512K, Heap 2M
 Heap Min Capacity: 100M
 Heap Initial Capacity: 100M
 Heap Max Capacity: 2G
 Pre-touch: Disabled
 Parallel Workers: 8

Heap:
 PSYoungGen      total 23040K, used 8226K [0x00000000d5580000, 0x00000000d6e80000, 0x0000000100000000)
  eden space 22016K, 34% used [0x00000000d5580000,0x00000000d5cd8b18,0x00000000d6b00000)
  from space 1024K, 68% used [0x00000000d6d80000,0x00000000d6e30020,0x00000000d6e80000)
  to   space 1024K, 0% used [0x00000000d6c80000,0x00000000d6c80000,0x00000000d6d80000)
 ParOldGen       total 68608K, used 30461K [0x0000000080000000, 0x0000000084300000, 0x00000000d5580000)
  object space 68608K, 44% used [0x0000000080000000,0x0000000081dbf7d8,0x0000000084300000)
 Metaspace       used 39604K, committed 40576K, reserved 1114112K
  class space    used 4017K, committed 4416K, reserved 1048576K

Card table byte_map: [0x000001dbb2c40000,0x000001dbb3050000] _byte_map_base: 0x000001dbb2840000

Marking Bits: (ParMarkBitMap*) 0x00007ffb425f4460
 Begin Bits: [0x000001dbc5750000, 0x000001dbc7750000)
 End Bits:   [0x000001dbc7750000, 0x000001dbc9750000)

Polling page: 0x000001dbb1270000

Metaspace:

Usage:
  Non-class:     34.75 MB used.
      Class:      3.92 MB used.
       Both:     38.68 MB used.

Virtual space:
  Non-class space:       64.00 MB reserved,      35.31 MB ( 55%) committed,  1 nodes.
      Class space:        1.00 GB reserved,       4.31 MB ( <1%) committed,  1 nodes.
             Both:        1.06 GB reserved,      39.62 MB (  4%) committed. 

Chunk freelists:
   Non-Class:  12.48 MB
       Class:  11.72 MB
        Both:  24.20 MB

MaxMetaspaceSize: unlimited
CompressedClassSpaceSize: 1.00 GB
Initial GC threshold: 21.00 MB
Current GC threshold: 58.38 MB
CDS: on
 - commit_granule_bytes: 65536.
 - commit_granule_words: 8192.
 - virtual_space_node_default_size: 8388608.
 - enlarge_chunks_in_place: 1.
 - use_allocation_guard: 0.


Internal statistics:

num_allocs_failed_limit: 6.
num_arena_births: 736.
num_arena_deaths: 14.
num_vsnodes_births: 2.
num_vsnodes_deaths: 0.
num_space_committed: 634.
num_space_uncommitted: 0.
num_chunks_returned_to_freelist: 20.
num_chunks_taken_from_freelist: 2354.
num_chunk_merges: 12.
num_chunk_splits: 1521.
num_chunks_enlarged: 973.
num_inconsistent_stats: 0.

CodeHeap 'non-profiled nmethods': size=120000Kb used=3008Kb max_used=3008Kb free=116991Kb
 bounds [0x000001dbbdf70000, 0x000001dbbe270000, 0x000001dbc54a0000]
CodeHeap 'profiled nmethods': size=120000Kb used=9474Kb max_used=9474Kb free=110526Kb
 bounds [0x000001dbb64a0000, 0x000001dbb6df0000, 0x000001dbbd9d0000]
CodeHeap 'non-nmethods': size=5760Kb used=1396Kb max_used=1439Kb free=4363Kb
 bounds [0x000001dbbd9d0000, 0x000001dbbdc40000, 0x000001dbbdf70000]
CodeCache: size=245760Kb, used=13878Kb, max_used=13921Kb, free=231880Kb
 total_blobs=5284, nmethods=4594, adapters=596, full_count=0
Compilation: enabled, stopped_count=0, restarted_count=0

Compilation events (20 events):
Event: 45.042 Thread 0x000001dbc9d44110 nmethod 4967 0x000001dbb6dde690 code [0x000001dbb6dde820, 0x000001dbb6dde930]
Event: 45.042 Thread 0x000001dbc9d44110 4955       1       org.eclipse.core.internal.dtree.DataTreeNode::type (2 bytes)
Event: 45.042 Thread 0x000001dbc9d44110 nmethod 4955 0x000001dbbe041b90 code [0x000001dbbe041d20, 0x000001dbbe041de8]
Event: 45.042 Thread 0x000001dbc9d44110 4970  s    3       java.io.DataOutputStream::write (16 bytes)
Event: 45.042 Thread 0x000001dbc9d44110 nmethod 4970 0x000001dbb6ddea10 code [0x000001dbb6ddebc0, 0x000001dbb6ddef08]
Event: 45.042 Thread 0x000001dbc9d44110 4971       3       org.eclipse.core.internal.watson.ElementTreeWriter$1::writeData (25 bytes)
Event: 45.042 Thread 0x000001dbc9d44110 nmethod 4971 0x000001dbb6ddf010 code [0x000001dbb6ddf1e0, 0x000001dbb6ddf400]
Event: 45.042 Thread 0x000001dbc9d44110 4972       3       org.eclipse.core.internal.resources.SaveManager::writeElement (36 bytes)
Event: 45.042 Thread 0x000001dbc9d44110 nmethod 4972 0x000001dbb6ddf510 code [0x000001dbb6ddf7a0, 0x000001dbb6de0298]
Event: 45.042 Thread 0x000001dbc9d44110 4974       3       org.eclipse.core.internal.resources.ResourceInfo::writeTo (41 bytes)
Event: 45.042 Thread 0x000001dbc9d44110 nmethod 4974 0x000001dbb6de0710 code [0x000001dbb6de0900, 0x000001dbb6de0e40]
Event: 45.043 Thread 0x000001dc115ba2d0 nmethod 4959 0x000001dbbe040e10 code [0x000001dbbe041020, 0x000001dbbe0414f8]
Event: 45.043 Thread 0x000001dc115ba2d0 4961   !   4       org.eclipse.core.internal.localstore.SafeFileOutputStream::write (20 bytes)
Event: 45.049 Thread 0x000001dc115ba2d0 nmethod 4961 0x000001dbbe062410 code [0x000001dbbe062640, 0x000001dbbe062c40]
Event: 45.049 Thread 0x000001dc115ba2d0 4975       4       java.io.DataOutputStream::writeUTF (389 bytes)
Event: 45.050 Thread 0x000001dbc9d17240 nmethod 4973 0x000001dbbdff7610 code [0x000001dbbdff7840, 0x000001dbbdff8230]
Event: 45.050 Thread 0x000001dbc9d17240 4960       4       java.io.BufferedOutputStream::implWrite (40 bytes)
Event: 45.052 Thread 0x000001dbc9d17240 nmethod 4960 0x000001dbbdff7090 code [0x000001dbbdff7240, 0x000001dbbdff7430]
Event: 45.052 Thread 0x000001dbc9d17240 4976       4       java.io.DataOutputStream::writeByte (14 bytes)
Event: 45.052 Thread 0x000001dc1249d710 4977       4       java.io.DataOutputStream::writeLong (30 bytes)

GC Heap History (20 events):
Event: 5.738 GC heap before
{Heap before GC invocations=11 (full 1):
 PSYoungGen      total 27136K, used 27003K [0x00000000d5580000, 0x00000000d7480000, 0x0000000100000000)
  eden space 22528K, 100% used [0x00000000d5580000,0x00000000d6b80000,0x00000000d6b80000)
  from space 4608K, 97% used [0x00000000d6c00000,0x00000000d705efd0,0x00000000d7080000)
  to   space 4096K, 0% used [0x00000000d7080000,0x00000000d7080000,0x00000000d7480000)
 ParOldGen       total 68608K, used 11228K [0x0000000080000000, 0x0000000084300000, 0x00000000d5580000)
  object space 68608K, 16% used [0x0000000080000000,0x0000000080af73a8,0x0000000084300000)
 Metaspace       used 31813K, committed 32832K, reserved 1114112K
  class space    used 3201K, committed 3648K, reserved 1048576K
}
Event: 5.741 GC heap after
{Heap after GC invocations=11 (full 1):
 PSYoungGen      total 24576K, used 2494K [0x00000000d5580000, 0x00000000d7300000, 0x0000000100000000)
  eden space 22016K, 0% used [0x00000000d5580000,0x00000000d5580000,0x00000000d6b00000)
  from space 2560K, 97% used [0x00000000d7080000,0x00000000d72ef838,0x00000000d7300000)
  to   space 3584K, 0% used [0x00000000d6c00000,0x00000000d6c00000,0x00000000d6f80000)
 ParOldGen       total 68608K, used 14766K [0x0000000080000000, 0x0000000084300000, 0x00000000d5580000)
  object space 68608K, 21% used [0x0000000080000000,0x0000000080e6b828,0x0000000084300000)
 Metaspace       used 31813K, committed 32832K, reserved 1114112K
  class space    used 3201K, committed 3648K, reserved 1048576K
}
Event: 5.893 GC heap before
{Heap before GC invocations=12 (full 1):
 PSYoungGen      total 24576K, used 24510K [0x00000000d5580000, 0x00000000d7300000, 0x0000000100000000)
  eden space 22016K, 100% used [0x00000000d5580000,0x00000000d6b00000,0x00000000d6b00000)
  from space 2560K, 97% used [0x00000000d7080000,0x00000000d72ef838,0x00000000d7300000)
  to   space 3584K, 0% used [0x00000000d6c00000,0x00000000d6c00000,0x00000000d6f80000)
 ParOldGen       total 68608K, used 14766K [0x0000000080000000, 0x0000000084300000, 0x00000000d5580000)
  object space 68608K, 21% used [0x0000000080000000,0x0000000080e6b828,0x0000000084300000)
 Metaspace       used 32329K, committed 33344K, reserved 1114112K
  class space    used 3281K, committed 3712K, reserved 1048576K
}
Event: 5.897 GC heap after
{Heap after GC invocations=12 (full 1):
 PSYoungGen      total 25600K, used 3554K [0x00000000d5580000, 0x00000000d7800000, 0x0000000100000000)
  eden space 22016K, 0% used [0x00000000d5580000,0x00000000d5580000,0x00000000d6b00000)
  from space 3584K, 99% used [0x00000000d6c00000,0x00000000d6f78820,0x00000000d6f80000)
  to   space 6656K, 0% used [0x00000000d7180000,0x00000000d7180000,0x00000000d7800000)
 ParOldGen       total 68608K, used 17153K [0x0000000080000000, 0x0000000084300000, 0x00000000d5580000)
  object space 68608K, 25% used [0x0000000080000000,0x00000000810c0658,0x0000000084300000)
 Metaspace       used 32329K, committed 33344K, reserved 1114112K
  class space    used 3281K, committed 3712K, reserved 1048576K
}
Event: 5.988 GC heap before
{Heap before GC invocations=13 (full 1):
 PSYoungGen      total 25600K, used 25570K [0x00000000d5580000, 0x00000000d7800000, 0x0000000100000000)
  eden space 22016K, 100% used [0x00000000d5580000,0x00000000d6b00000,0x00000000d6b00000)
  from space 3584K, 99% used [0x00000000d6c00000,0x00000000d6f78820,0x00000000d6f80000)
  to   space 6656K, 0% used [0x00000000d7180000,0x00000000d7180000,0x00000000d7800000)
 ParOldGen       total 68608K, used 17153K [0x0000000080000000, 0x0000000084300000, 0x00000000d5580000)
  object space 68608K, 25% used [0x0000000080000000,0x00000000810c0658,0x0000000084300000)
 Metaspace       used 32368K, committed 33344K, reserved 1114112K
  class space    used 3281K, committed 3712K, reserved 1048576K
}
Event: 5.995 GC heap after
{Heap after GC invocations=13 (full 1):
 PSYoungGen      total 26112K, used 3876K [0x00000000d5580000, 0x00000000d7580000, 0x0000000100000000)
  eden space 22016K, 0% used [0x00000000d5580000,0x00000000d5580000,0x00000000d6b00000)
  from space 4096K, 94% used [0x00000000d7180000,0x00000000d7549010,0x00000000d7580000)
  to   space 5120K, 0% used [0x00000000d6b80000,0x00000000d6b80000,0x00000000d7080000)
 ParOldGen       total 68608K, used 20593K [0x0000000080000000, 0x0000000084300000, 0x00000000d5580000)
  object space 68608K, 30% used [0x0000000080000000,0x000000008141c5c8,0x0000000084300000)
 Metaspace       used 32368K, committed 33344K, reserved 1114112K
  class space    used 3281K, committed 3712K, reserved 1048576K
}
Event: 6.120 GC heap before
{Heap before GC invocations=14 (full 1):
 PSYoungGen      total 26112K, used 25892K [0x00000000d5580000, 0x00000000d7580000, 0x0000000100000000)
  eden space 22016K, 100% used [0x00000000d5580000,0x00000000d6b00000,0x00000000d6b00000)
  from space 4096K, 94% used [0x00000000d7180000,0x00000000d7549010,0x00000000d7580000)
  to   space 5120K, 0% used [0x00000000d6b80000,0x00000000d6b80000,0x00000000d7080000)
 ParOldGen       total 68608K, used 20593K [0x0000000080000000, 0x0000000084300000, 0x00000000d5580000)
  object space 68608K, 30% used [0x0000000080000000,0x000000008141c5c8,0x0000000084300000)
 Metaspace       used 32481K, committed 33472K, reserved 1114112K
  class space    used 3286K, committed 3712K, reserved 1048576K
}
Event: 6.127 GC heap after
{Heap after GC invocations=14 (full 1):
 PSYoungGen      total 25600K, used 3552K [0x00000000d5580000, 0x00000000d7300000, 0x0000000100000000)
  eden space 22016K, 0% used [0x00000000d5580000,0x00000000d5580000,0x00000000d6b00000)
  from space 3584K, 99% used [0x00000000d6b80000,0x00000000d6ef8010,0x00000000d6f00000)
  to   space 4096K, 0% used [0x00000000d6f00000,0x00000000d6f00000,0x00000000d7300000)
 ParOldGen       total 68608K, used 24200K [0x0000000080000000, 0x0000000084300000, 0x00000000d5580000)
  object space 68608K, 35% used [0x0000000080000000,0x00000000817a2070,0x0000000084300000)
 Metaspace       used 32481K, committed 33472K, reserved 1114112K
  class space    used 3286K, committed 3712K, reserved 1048576K
}
Event: 6.352 GC heap before
{Heap before GC invocations=15 (full 1):
 PSYoungGen      total 25600K, used 25568K [0x00000000d5580000, 0x00000000d7300000, 0x0000000100000000)
  eden space 22016K, 100% used [0x00000000d5580000,0x00000000d6b00000,0x00000000d6b00000)
  from space 3584K, 99% used [0x00000000d6b80000,0x00000000d6ef8010,0x00000000d6f00000)
  to   space 4096K, 0% used [0x00000000d6f00000,0x00000000d6f00000,0x00000000d7300000)
 ParOldGen       total 68608K, used 24200K [0x0000000080000000, 0x0000000084300000, 0x00000000d5580000)
  object space 68608K, 35% used [0x0000000080000000,0x00000000817a2070,0x0000000084300000)
 Metaspace       used 33705K, committed 34624K, reserved 1114112K
  class space    used 3442K, committed 3840K, reserved 1048576K
}
Event: 6.359 GC heap after
{Heap after GC invocations=15 (full 1):
 PSYoungGen      total 24576K, used 2437K [0x00000000d5580000, 0x00000000d7180000, 0x0000000100000000)
  eden space 22016K, 0% used [0x00000000d5580000,0x00000000d5580000,0x00000000d6b00000)
  from space 2560K, 95% used [0x00000000d6f00000,0x00000000d7161568,0x00000000d7180000)
  to   space 3072K, 0% used [0x00000000d6b80000,0x00000000d6b80000,0x00000000d6e80000)
 ParOldGen       total 68608K, used 27725K [0x0000000080000000, 0x0000000084300000, 0x00000000d5580000)
  object space 68608K, 40% used [0x0000000080000000,0x0000000081b13798,0x0000000084300000)
 Metaspace       used 33705K, committed 34624K, reserved 1114112K
  class space    used 3442K, committed 3840K, reserved 1048576K
}
Event: 6.737 GC heap before
{Heap before GC invocations=16 (full 1):
 PSYoungGen      total 24576K, used 21166K [0x00000000d5580000, 0x00000000d7180000, 0x0000000100000000)
  eden space 22016K, 85% used [0x00000000d5580000,0x00000000d67ca640,0x00000000d6b00000)
  from space 2560K, 95% used [0x00000000d6f00000,0x00000000d7161568,0x00000000d7180000)
  to   space 3072K, 0% used [0x00000000d6b80000,0x00000000d6b80000,0x00000000d6e80000)
 ParOldGen       total 68608K, used 27725K [0x0000000080000000, 0x0000000084300000, 0x00000000d5580000)
  object space 68608K, 40% used [0x0000000080000000,0x0000000081b13798,0x0000000084300000)
 Metaspace       used 34858K, committed 35840K, reserved 1114112K
  class space    used 3598K, committed 4032K, reserved 1048576K
}
Event: 6.741 GC heap after
{Heap after GC invocations=16 (full 1):
 PSYoungGen      total 23040K, used 608K [0x00000000d5580000, 0x00000000d6f80000, 0x0000000100000000)
  eden space 22016K, 0% used [0x00000000d5580000,0x00000000d5580000,0x00000000d6b00000)
  from space 1024K, 59% used [0x00000000d6b80000,0x00000000d6c18010,0x00000000d6c80000)
  to   space 1536K, 0% used [0x00000000d6e00000,0x00000000d6e00000,0x00000000d6f80000)
 ParOldGen       total 68608K, used 29985K [0x0000000080000000, 0x0000000084300000, 0x00000000d5580000)
  object space 68608K, 43% used [0x0000000080000000,0x0000000081d487a0,0x0000000084300000)
 Metaspace       used 34858K, committed 35840K, reserved 1114112K
  class space    used 3598K, committed 4032K, reserved 1048576K
}
Event: 6.741 GC heap before
{Heap before GC invocations=17 (full 2):
 PSYoungGen      total 23040K, used 608K [0x00000000d5580000, 0x00000000d6f80000, 0x0000000100000000)
  eden space 22016K, 0% used [0x00000000d5580000,0x00000000d5580000,0x00000000d6b00000)
  from space 1024K, 59% used [0x00000000d6b80000,0x00000000d6c18010,0x00000000d6c80000)
  to   space 1536K, 0% used [0x00000000d6e00000,0x00000000d6e00000,0x00000000d6f80000)
 ParOldGen       total 68608K, used 29985K [0x0000000080000000, 0x0000000084300000, 0x00000000d5580000)
  object space 68608K, 43% used [0x0000000080000000,0x0000000081d487a0,0x0000000084300000)
 Metaspace       used 34858K, committed 35840K, reserved 1114112K
  class space    used 3598K, committed 4032K, reserved 1048576K
}
Event: 6.787 GC heap after
{Heap after GC invocations=17 (full 2):
 PSYoungGen      total 23040K, used 0K [0x00000000d5580000, 0x00000000d6f80000, 0x0000000100000000)
  eden space 22016K, 0% used [0x00000000d5580000,0x00000000d5580000,0x00000000d6b00000)
  from space 1024K, 0% used [0x00000000d6b80000,0x00000000d6b80000,0x00000000d6c80000)
  to   space 1536K, 0% used [0x00000000d6e00000,0x00000000d6e00000,0x00000000d6f80000)
 ParOldGen       total 68608K, used 29563K [0x0000000080000000, 0x0000000084300000, 0x00000000d5580000)
  object space 68608K, 43% used [0x0000000080000000,0x0000000081cdef50,0x0000000084300000)
 Metaspace       used 34858K, committed 35840K, reserved 1114112K
  class space    used 3598K, committed 4032K, reserved 1048576K
}
Event: 7.153 GC heap before
{Heap before GC invocations=18 (full 2):
 PSYoungGen      total 23040K, used 22016K [0x00000000d5580000, 0x00000000d6f80000, 0x0000000100000000)
  eden space 22016K, 100% used [0x00000000d5580000,0x00000000d6b00000,0x00000000d6b00000)
  from space 1024K, 0% used [0x00000000d6b80000,0x00000000d6b80000,0x00000000d6c80000)
  to   space 1536K, 0% used [0x00000000d6e00000,0x00000000d6e00000,0x00000000d6f80000)
 ParOldGen       total 68608K, used 29563K [0x0000000080000000, 0x0000000084300000, 0x00000000d5580000)
  object space 68608K, 43% used [0x0000000080000000,0x0000000081cdef50,0x0000000084300000)
 Metaspace       used 37257K, committed 38208K, reserved 1114112K
  class space    used 3795K, committed 4224K, reserved 1048576K
}
Event: 7.155 GC heap after
{Heap after GC invocations=18 (full 2):
 PSYoungGen      total 23552K, used 1146K [0x00000000d5580000, 0x00000000d6f80000, 0x0000000100000000)
  eden space 22016K, 0% used [0x00000000d5580000,0x00000000d5580000,0x00000000d6b00000)
  from space 1536K, 74% used [0x00000000d6e00000,0x00000000d6f1ebb0,0x00000000d6f80000)
  to   space 1536K, 0% used [0x00000000d6c80000,0x00000000d6c80000,0x00000000d6e00000)
 ParOldGen       total 68608K, used 29571K [0x0000000080000000, 0x0000000084300000, 0x00000000d5580000)
  object space 68608K, 43% used [0x0000000080000000,0x0000000081ce0f50,0x0000000084300000)
 Metaspace       used 37257K, committed 38208K, reserved 1114112K
  class space    used 3795K, committed 4224K, reserved 1048576K
}
Event: 7.253 GC heap before
{Heap before GC invocations=19 (full 2):
 PSYoungGen      total 23552K, used 23162K [0x00000000d5580000, 0x00000000d6f80000, 0x0000000100000000)
  eden space 22016K, 100% used [0x00000000d5580000,0x00000000d6b00000,0x00000000d6b00000)
  from space 1536K, 74% used [0x00000000d6e00000,0x00000000d6f1ebb0,0x00000000d6f80000)
  to   space 1536K, 0% used [0x00000000d6c80000,0x00000000d6c80000,0x00000000d6e00000)
 ParOldGen       total 68608K, used 29571K [0x0000000080000000, 0x0000000084300000, 0x00000000d5580000)
  object space 68608K, 43% used [0x0000000080000000,0x0000000081ce0f50,0x0000000084300000)
 Metaspace       used 37292K, committed 38272K, reserved 1114112K
  class space    used 3795K, committed 4224K, reserved 1048576K
}
Event: 7.255 GC heap after
{Heap after GC invocations=19 (full 2):
 PSYoungGen      total 23040K, used 822K [0x00000000d5580000, 0x00000000d6e80000, 0x0000000100000000)
  eden space 22016K, 0% used [0x00000000d5580000,0x00000000d5580000,0x00000000d6b00000)
  from space 1024K, 80% used [0x00000000d6c80000,0x00000000d6d4d9c0,0x00000000d6d80000)
  to   space 1024K, 0% used [0x00000000d6d80000,0x00000000d6d80000,0x00000000d6e80000)
 ParOldGen       total 68608K, used 30437K [0x0000000080000000, 0x0000000084300000, 0x00000000d5580000)
  object space 68608K, 44% used [0x0000000080000000,0x0000000081db97d8,0x0000000084300000)
 Metaspace       used 37292K, committed 38272K, reserved 1114112K
  class space    used 3795K, committed 4224K, reserved 1048576K
}
Event: 8.457 GC heap before
{Heap before GC invocations=20 (full 2):
 PSYoungGen      total 23040K, used 22838K [0x00000000d5580000, 0x00000000d6e80000, 0x0000000100000000)
  eden space 22016K, 100% used [0x00000000d5580000,0x00000000d6b00000,0x00000000d6b00000)
  from space 1024K, 80% used [0x00000000d6c80000,0x00000000d6d4d9c0,0x00000000d6d80000)
  to   space 1024K, 0% used [0x00000000d6d80000,0x00000000d6d80000,0x00000000d6e80000)
 ParOldGen       total 68608K, used 30437K [0x0000000080000000, 0x0000000084300000, 0x00000000d5580000)
  object space 68608K, 44% used [0x0000000080000000,0x0000000081db97d8,0x0000000084300000)
 Metaspace       used 38902K, committed 39872K, reserved 1114112K
  class space    used 3942K, committed 4352K, reserved 1048576K
}
Event: 8.459 GC heap after
{Heap after GC invocations=20 (full 2):
 PSYoungGen      total 23040K, used 704K [0x00000000d5580000, 0x00000000d6e80000, 0x0000000100000000)
  eden space 22016K, 0% used [0x00000000d5580000,0x00000000d5580000,0x00000000d6b00000)
  from space 1024K, 68% used [0x00000000d6d80000,0x00000000d6e30020,0x00000000d6e80000)
  to   space 1024K, 0% used [0x00000000d6c80000,0x00000000d6c80000,0x00000000d6d80000)
 ParOldGen       total 68608K, used 30461K [0x0000000080000000, 0x0000000084300000, 0x00000000d5580000)
  object space 68608K, 44% used [0x0000000080000000,0x0000000081dbf7d8,0x0000000084300000)
 Metaspace       used 38902K, committed 39872K, reserved 1114112K
  class space    used 3942K, committed 4352K, reserved 1048576K
}

Dll operation events (10 events):
Event: 0.018 Loaded shared library c:\Users\rawat\.antigravity-ide\extensions\redhat.java-1.55.0-win32-x64\jre\21.0.11-win32-x86_64\bin\java.dll
Event: 0.283 Loaded shared library c:\Users\rawat\.antigravity-ide\extensions\redhat.java-1.55.0-win32-x64\jre\21.0.11-win32-x86_64\bin\zip.dll
Event: 0.319 Loaded shared library C:\Users\rawat\.antigravity-ide\extensions\redhat.java-1.55.0-win32-x64\jre\21.0.11-win32-x86_64\bin\instrument.dll
Event: 0.346 Loaded shared library C:\Users\rawat\.antigravity-ide\extensions\redhat.java-1.55.0-win32-x64\jre\21.0.11-win32-x86_64\bin\net.dll
Event: 0.352 Loaded shared library C:\Users\rawat\.antigravity-ide\extensions\redhat.java-1.55.0-win32-x64\jre\21.0.11-win32-x86_64\bin\nio.dll
Event: 0.359 Loaded shared library C:\Users\rawat\.antigravity-ide\extensions\redhat.java-1.55.0-win32-x64\jre\21.0.11-win32-x86_64\bin\zip.dll
Event: 0.389 Loaded shared library C:\Users\rawat\.antigravity-ide\extensions\redhat.java-1.55.0-win32-x64\jre\21.0.11-win32-x86_64\bin\jimage.dll
Event: 0.614 Loaded shared library c:\Users\rawat\.antigravity-ide\extensions\redhat.java-1.55.0-win32-x64\jre\21.0.11-win32-x86_64\bin\verify.dll
Event: 2.764 Loaded shared library C:\Users\rawat\AppData\Roaming\Antigravity IDE\User\globalStorage\redhat.java\1.55.0\config_ss_win\org.eclipse.equinox.launcher\org.eclipse.equinox.launcher.win32.win32.x86_64_1.3.100.v20260613-0559\eclipse_11924.dll
Event: 4.224 Loaded shared library C:\Users\rawat\AppData\Local\Temp\jna-108288603\jna5112786212838050503.dll

Deoptimization events (20 events):
Event: 44.987 Thread 0x000001dc12729530 Uncommon trap: trap_request=0xffffffde fr.pc=0x000001dbbe195184 relative=0x0000000000000624
Event: 44.987 Thread 0x000001dc12729530 Uncommon trap: reason=class_check action=maybe_recompile pc=0x000001dbbe195184 method=java.util.Spliterators$1Adapter.hasNext()Z @ 12 c2
Event: 44.987 Thread 0x000001dc12729530 DEOPT PACKING pc=0x000001dbbe195184 sp=0x000000586dffeb90
Event: 44.987 Thread 0x000001dc12729530 DEOPT UNPACKING pc=0x000001dbbda26da2 sp=0x000000586dffeb48 mode 2
Event: 44.988 Thread 0x000001dc12729530 Uncommon trap: trap_request=0xffffffde fr.pc=0x000001dbbe195184 relative=0x0000000000000624
Event: 44.988 Thread 0x000001dc12729530 Uncommon trap: reason=class_check action=maybe_recompile pc=0x000001dbbe195184 method=java.util.Spliterators$1Adapter.hasNext()Z @ 12 c2
Event: 44.988 Thread 0x000001dc12729530 DEOPT PACKING pc=0x000001dbbe195184 sp=0x000000586dffeba0
Event: 44.988 Thread 0x000001dc12729530 DEOPT UNPACKING pc=0x000001dbbda26da2 sp=0x000000586dffeb58 mode 2
Event: 44.988 Thread 0x000001dc12729530 Uncommon trap: trap_request=0xffffffde fr.pc=0x000001dbbe195184 relative=0x0000000000000624
Event: 44.988 Thread 0x000001dc12729530 Uncommon trap: reason=class_check action=maybe_recompile pc=0x000001dbbe195184 method=java.util.Spliterators$1Adapter.hasNext()Z @ 12 c2
Event: 44.988 Thread 0x000001dc12729530 DEOPT PACKING pc=0x000001dbbe195184 sp=0x000000586dffeba0
Event: 44.988 Thread 0x000001dc12729530 DEOPT UNPACKING pc=0x000001dbbda26da2 sp=0x000000586dffeb58 mode 2
Event: 45.034 Thread 0x000001dc12729530 Uncommon trap: trap_request=0xffffffde fr.pc=0x000001dbbe013bc8 relative=0x0000000000000688
Event: 45.034 Thread 0x000001dc12729530 Uncommon trap: reason=class_check action=maybe_recompile pc=0x000001dbbe013bc8 method=java.util.HashMap.computeIfAbsent(Ljava/lang/Object;Ljava/util/function/Function;)Ljava/lang/Object; @ 188 c2
Event: 45.034 Thread 0x000001dc12729530 DEOPT PACKING pc=0x000001dbbe013bc8 sp=0x000000586dfff190
Event: 45.034 Thread 0x000001dc12729530 DEOPT UNPACKING pc=0x000001dbbda26da2 sp=0x000000586dfff138 mode 2
Event: 45.034 Thread 0x000001dc12729530 Uncommon trap: trap_request=0xffffffde fr.pc=0x000001dbbe013bc8 relative=0x0000000000000688
Event: 45.034 Thread 0x000001dc12729530 Uncommon trap: reason=class_check action=maybe_recompile pc=0x000001dbbe013bc8 method=java.util.HashMap.computeIfAbsent(Ljava/lang/Object;Ljava/util/function/Function;)Ljava/lang/Object; @ 188 c2
Event: 45.034 Thread 0x000001dc12729530 DEOPT PACKING pc=0x000001dbbe013bc8 sp=0x000000586dfff190
Event: 45.034 Thread 0x000001dc12729530 DEOPT UNPACKING pc=0x000001dbbda26da2 sp=0x000000586dfff138 mode 2

Classes loaded (20 events):
Event: 44.981 Loading class java/util/concurrent/Executors$DelegatedExecutorService done
Event: 44.981 Loading class java/util/concurrent/Executors$DelegatedScheduledExecutorService done
Event: 45.000 Loading class java/util/concurrent/ConcurrentHashMap$EntrySpliterator
Event: 45.000 Loading class java/util/concurrent/ConcurrentHashMap$EntrySpliterator done
Event: 45.010 Loading class java/util/concurrent/ForkJoinTask$AdaptedCallable
Event: 45.011 Loading class java/util/concurrent/ForkJoinTask$AdaptedCallable done
Event: 45.013 Loading class java/util/stream/Nodes$CollectorTask$OfRef
Event: 45.014 Loading class java/util/stream/Nodes$CollectorTask
Event: 45.015 Loading class java/util/stream/Nodes$CollectorTask done
Event: 45.015 Loading class java/util/stream/Nodes$CollectorTask$OfRef done
Event: 45.015 Loading class java/util/function/LongFunction
Event: 45.015 Loading class java/util/function/LongFunction done
Event: 45.016 Loading class java/util/stream/Nodes$ConcNode
Event: 45.016 Loading class java/util/stream/Nodes$AbstractConcNode
Event: 45.016 Loading class java/util/stream/Nodes$AbstractConcNode done
Event: 45.016 Loading class java/util/stream/Nodes$ConcNode done
Event: 45.017 Loading class java/util/stream/Nodes$ToArrayTask$OfRef
Event: 45.017 Loading class java/util/stream/Nodes$ToArrayTask
Event: 45.017 Loading class java/util/stream/Nodes$ToArrayTask done
Event: 45.017 Loading class java/util/stream/Nodes$ToArrayTask$OfRef done

Classes unloaded (7 events):
Event: 4.669 Thread 0x000001dbc9cf2630 Unloading class 0x000001dbcb190c00 'java/lang/invoke/LambdaForm$MH+0x000001dbcb190c00'
Event: 4.669 Thread 0x000001dbc9cf2630 Unloading class 0x000001dbcb190800 'java/lang/invoke/LambdaForm$MH+0x000001dbcb190800'
Event: 4.669 Thread 0x000001dbc9cf2630 Unloading class 0x000001dbcb190400 'java/lang/invoke/LambdaForm$MH+0x000001dbcb190400'
Event: 4.669 Thread 0x000001dbc9cf2630 Unloading class 0x000001dbcb190000 'java/lang/invoke/LambdaForm$MH+0x000001dbcb190000'
Event: 4.669 Thread 0x000001dbc9cf2630 Unloading class 0x000001dbcb18fc00 'java/lang/invoke/LambdaForm$BMH+0x000001dbcb18fc00'
Event: 4.669 Thread 0x000001dbc9cf2630 Unloading class 0x000001dbcb18f800 'java/lang/invoke/LambdaForm$DMH+0x000001dbcb18f800'
Event: 4.669 Thread 0x000001dbc9cf2630 Unloading class 0x000001dbcb18e400 'java/lang/invoke/LambdaForm$DMH+0x000001dbcb18e400'

Classes redefined (0 events):
No events

Internal exceptions (20 events):
Event: 5.546 Thread 0x000001dc133fc420 Exception <a 'sun/nio/fs/WindowsException'{0x00000000d60b3d58}> (0x00000000d60b3d58) 
thrown [s\src\hotspot\share\prims\jni.cpp, line 520]
Event: 5.593 Thread 0x000001dc133fc420 Exception <a 'java/lang/IncompatibleClassChangeError'{0x00000000d63923b0}: Found class java.lang.Object, but interface was expected> (0x00000000d63923b0) 
thrown [s\src\hotspot\share\interpreter\linkResolver.cpp, line 840]
Event: 5.668 Thread 0x000001dc133fc420 Implicit null exception at 0x000001dbbe13f9a6 to 0x000001dbbe13fc74
Event: 5.668 Thread 0x000001dc133fc420 Exception <a 'java/lang/NoSuchMethodError'{0x00000000d67c9ef8}: 'long java.lang.invoke.DirectMethodHandle$Holder.invokeStatic(java.lang.Object, java.lang.Object, int)'> (0x00000000d67c9ef8) 
thrown [s\src\hotspot\share\interpreter\linkResolver.cpp, line 773]
Event: 5.669 Thread 0x000001dc133fc420 Exception <a 'java/lang/NoSuchMethodError'{0x00000000d67d4af0}: 'java.lang.Object java.lang.invoke.DelegatingMethodHandle$Holder.reinvoke_L(java.lang.Object, int, long, java.lang.Object, java.lang.Object, int, java.lang.Object)'> (0x00000000d67d4af0) 
thrown [s\src\hotspot\share\interpreter\linkResolver.cpp, line 773]
Event: 5.760 Thread 0x000001dc133fc420 Exception <a 'java/lang/NoSuchMethodError'{0x00000000d5761d80}: 'java.lang.Object java.lang.invoke.DirectMethodHandle$Holder.invokeStaticInit(java.lang.Object, java.lang.Object, java.lang.Object, java.lang.Object, java.lang.Object, java.lang.Object, java.lang.Object)'> (0x00000000d5761d80) 
thrown [s\src\hotspot\share\interpreter\linkResolver.cpp, line 773]
Event: 5.760 Thread 0x000001dc133fc420 Exception <a 'java/lang/NoSuchMethodError'{0x00000000d5766ec8}: 'java.lang.Object java.lang.invoke.Invokers$Holder.invoke_MT(java.lang.Object, java.lang.Object, java.lang.Object, java.lang.Object, java.lang.Object, java.lang.Object, java.lang.Object, java.lang.Object, java.lang.Object, java.lang.Object)'> (0x00000000d5766ec8) 
thrown [s\src\hotspot\share\interpreter\linkResolver.cpp, line 773]
Event: 5.765 Thread 0x000001dc133fc420 Exception <a 'java/lang/NoSuchMethodError'{0x00000000d57a6b88}: 'int java.lang.invoke.DirectMethodHandle$Holder.invokeVirtual(java.lang.Object, java.lang.Object, java.lang.Object)'> (0x00000000d57a6b88) 
thrown [s\src\hotspot\share\interpreter\linkResolver.cpp, line 773]
Event: 5.766 Thread 0x000001dc133fc420 Exception <a 'java/lang/NoSuchMethodError'{0x00000000d57aaf30}: 'int java.lang.invoke.DirectMethodHandle$Holder.invokeStaticInit(java.lang.Object, int, int)'> (0x00000000d57aaf30) 
thrown [s\src\hotspot\share\interpreter\linkResolver.cpp, line 773]
Event: 5.766 Thread 0x000001dc133fc420 Exception <a 'java/lang/NoSuchMethodError'{0x00000000d57b29f0}: 'int java.lang.invoke.DirectMethodHandle$Holder.invokeStaticInit(java.lang.Object, long, long)'> (0x00000000d57b29f0) 
thrown [s\src\hotspot\share\interpreter\linkResolver.cpp, line 773]
Event: 5.767 Thread 0x000001dc133fc420 Exception <a 'java/lang/NoSuchMethodError'{0x00000000d57b9738}: 'int java.lang.invoke.DirectMethodHandle$Holder.invokeStaticInit(java.lang.Object, float, float)'> (0x00000000d57b9738) 
thrown [s\src\hotspot\share\interpreter\linkResolver.cpp, line 773]
Event: 5.767 Thread 0x000001dc133fc420 Exception <a 'java/lang/NoSuchMethodError'{0x00000000d57c0478}: 'int java.lang.invoke.DirectMethodHandle$Holder.invokeStaticInit(java.lang.Object, double, double)'> (0x00000000d57c0478) 
thrown [s\src\hotspot\share\interpreter\linkResolver.cpp, line 773]
Event: 5.767 Thread 0x000001dc133fc420 Exception <a 'java/lang/NoSuchMethodError'{0x00000000d57c4c90}: 'int java.lang.invoke.DirectMethodHandle$Holder.invokeStatic(java.lang.Object, long)'> (0x00000000d57c4c90) 
thrown [s\src\hotspot\share\interpreter\linkResolver.cpp, line 773]
Event: 5.770 Thread 0x000001dc133fc420 Exception <a 'java/lang/NoSuchMethodError'{0x00000000d57e3b28}: 'int java.lang.invoke.Invokers$Holder.linkToTargetMethod(java.lang.Object, java.lang.Object)'> (0x00000000d57e3b28) 
thrown [s\src\hotspot\share\interpreter\linkResolver.cpp, line 773]
Event: 7.831 Thread 0x000001dc11e406b0 Exception <a 'java/lang/NoSuchMethodError'{0x00000000d69f4e70}: 'java.lang.Object java.lang.invoke.DirectMethodHandle$Holder.invokeSpecial(java.lang.Object, java.lang.Object, int, long)'> (0x00000000d69f4e70) 
thrown [s\src\hotspot\share\interpreter\linkResolver.cpp, line 773]
Event: 8.495 Thread 0x000001dc11e406b0 Exception <a 'java/io/FileNotFoundException'{0x00000000d57b79f0}> (0x00000000d57b79f0) 
thrown [s\src\hotspot\share\prims\jni.cpp, line 520]
Event: 8.496 Thread 0x000001dc11e406b0 Exception <a 'java/io/FileNotFoundException'{0x00000000d57b8a48}> (0x00000000d57b8a48) 
thrown [s\src\hotspot\share\prims\jni.cpp, line 520]
Event: 8.496 Thread 0x000001dc11e406b0 Exception <a 'java/io/FileNotFoundException'{0x00000000d57b9ad8}> (0x00000000d57b9ad8) 
thrown [s\src\hotspot\share\prims\jni.cpp, line 520]
Event: 44.977 Thread 0x000001dc133fc420 Exception <a 'java/lang/NoSuchMethodError'{0x00000000d59acdf8}: 'void java.lang.invoke.DirectMethodHandle$Holder.invokeInterface(java.lang.Object, java.lang.Object)'> (0x00000000d59acdf8) 
thrown [s\src\hotspot\share\interpreter\linkResolver.cpp, line 773]
Event: 45.026 Thread 0x000001dc12729530 Exception <a 'java/io/FileNotFoundException'{0x00000000d5b33178}> (0x00000000d5b33178) 
thrown [s\src\hotspot\share\prims\jni.cpp, line 520]

ZGC Phase Switch (0 events):
No events

VM Operations (20 events):
Event: 6.120 Executing safepoint VM operation: ParallelGCFailedAllocation (Allocation Failure)
Event: 6.127 Executing safepoint VM operation: ParallelGCFailedAllocation (Allocation Failure) done
Event: 6.352 Executing safepoint VM operation: ParallelGCFailedAllocation (Allocation Failure)
Event: 6.359 Executing safepoint VM operation: ParallelGCFailedAllocation (Allocation Failure) done
Event: 6.411 Executing non-safepoint VM operation: HandshakeAllThreads (Deoptimize)
Event: 6.412 Executing non-safepoint VM operation: HandshakeAllThreads (Deoptimize) done
Event: 6.737 Executing safepoint VM operation: CollectForMetadataAllocation (Metadata GC Threshold)
Event: 6.787 Executing safepoint VM operation: CollectForMetadataAllocation (Metadata GC Threshold) done
Event: 7.153 Executing safepoint VM operation: ParallelGCFailedAllocation (Allocation Failure)
Event: 7.155 Executing safepoint VM operation: ParallelGCFailedAllocation (Allocation Failure) done
Event: 7.253 Executing safepoint VM operation: ParallelGCFailedAllocation (Allocation Failure)
Event: 7.255 Executing safepoint VM operation: ParallelGCFailedAllocation (Allocation Failure) done
Event: 8.263 Executing safepoint VM operation: Cleanup
Event: 8.263 Executing safepoint VM operation: Cleanup done
Event: 8.457 Executing safepoint VM operation: ParallelGCFailedAllocation (Allocation Failure)
Event: 8.459 Executing safepoint VM operation: ParallelGCFailedAllocation (Allocation Failure) done
Event: 9.462 Executing safepoint VM operation: Cleanup
Event: 9.462 Executing safepoint VM operation: Cleanup done
Event: 45.739 Executing safepoint VM operation: Cleanup
Event: 45.739 Executing safepoint VM operation: Cleanup done

Memory protections (0 events):
No events

Nmethod flushes (20 events):
Event: 6.760 Thread 0x000001dbc9cf2630 flushing  nmethod 0x000001dbb6923a90
Event: 6.760 Thread 0x000001dbc9cf2630 flushing  nmethod 0x000001dbb6924610
Event: 6.760 Thread 0x000001dbc9cf2630 flushing  nmethod 0x000001dbb6924a90
Event: 6.760 Thread 0x000001dbc9cf2630 flushing  nmethod 0x000001dbb6927e10
Event: 6.760 Thread 0x000001dbc9cf2630 flushing  nmethod 0x000001dbb6928190
Event: 6.760 Thread 0x000001dbc9cf2630 flushing  nmethod 0x000001dbb6929390
Event: 6.760 Thread 0x000001dbc9cf2630 flushing  nmethod 0x000001dbb692a690
Event: 6.760 Thread 0x000001dbc9cf2630 flushing  nmethod 0x000001dbb692aa10
Event: 6.760 Thread 0x000001dbc9cf2630 flushing  nmethod 0x000001dbb692b990
Event: 6.760 Thread 0x000001dbc9cf2630 flushing  nmethod 0x000001dbb692c190
Event: 6.760 Thread 0x000001dbc9cf2630 flushing  nmethod 0x000001dbb692cb10
Event: 6.760 Thread 0x000001dbc9cf2630 flushing  nmethod 0x000001dbb692d810
Event: 6.760 Thread 0x000001dbc9cf2630 flushing  nmethod 0x000001dbb6944390
Event: 6.760 Thread 0x000001dbc9cf2630 flushing  nmethod 0x000001dbb6947410
Event: 6.760 Thread 0x000001dbc9cf2630 flushing  nmethod 0x000001dbb6947790
Event: 6.760 Thread 0x000001dbc9cf2630 flushing  nmethod 0x000001dbb6988010
Event: 6.760 Thread 0x000001dbc9cf2630 flushing  nmethod 0x000001dbb6991e90
Event: 6.760 Thread 0x000001dbc9cf2630 flushing  nmethod 0x000001dbb6999190
Event: 6.760 Thread 0x000001dbc9cf2630 flushing  nmethod 0x000001dbb699bb90
Event: 6.760 Thread 0x000001dbc9cf2630 flushing  nmethod 0x000001dbb69a3d10

Events (20 events):
Event: 5.180 Thread 0x000001dbb0f17d50 Thread added: 0x000001dc133f9630
Event: 5.180 Thread 0x000001dbb0f17d50 Thread added: 0x000001dc133f9cc0
Event: 5.200 Thread 0x000001dbb0f17d50 Thread added: 0x000001dc133f8280
Event: 5.347 Thread 0x000001dc12729530 Thread added: 0x000001dc133fb070
Event: 5.427 Thread 0x000001dbb0f17d50 Thread added: 0x000001dc133fbd90
Event: 5.427 Thread 0x000001dbb0f17d50 Thread added: 0x000001dc133fc420
Event: 6.624 Thread 0x000001dc1221c8f0 Thread exited: 0x000001dc1221c8f0
Event: 7.210 Thread 0x000001dc12714d80 Thread added: 0x000001dc115ba2d0
Event: 7.829 Thread 0x000001dc115ba2d0 Thread exited: 0x000001dc115ba2d0
Event: 7.829 Thread 0x000001dc12714d80 Thread exited: 0x000001dc12714d80
Event: 8.454 Thread 0x000001dbc9d44110 Thread added: 0x000001dc115ba2d0
Event: 13.686 Thread 0x000001dc115ba2d0 Thread exited: 0x000001dc115ba2d0
Event: 44.967 Thread 0x000001dc133fc420 Thread added: 0x000001dc133f8fa0
Event: 44.983 Thread 0x000001dc133fc420 Thread added: 0x000001dc133fb700
Event: 45.011 Thread 0x000001dc12729530 Thread added: 0x000001dc133fcab0
Event: 45.016 Thread 0x000001dc133fcab0 Thread added: 0x000001dc133fd140
Event: 45.017 Thread 0x000001dc133fcab0 Thread exited: 0x000001dc133fcab0
Event: 45.018 Thread 0x000001dc133fd140 Thread exited: 0x000001dc133fd140
Event: 45.035 Thread 0x000001dbc9d44110 Thread added: 0x000001dc115ba2d0
Event: 45.052 Thread 0x000001dbc9d17240 Thread added: 0x000001dc1249d710


Dynamic libraries:
0x00007ff74e390000 - 0x00007ff74e39e000 	c:\Users\rawat\.antigravity-ide\extensions\redhat.java-1.55.0-win32-x64\jre\21.0.11-win32-x86_64\bin\java.exe
0x00007ffbfd760000 - 0x00007ffbfd9c6000 	C:\WINDOWS\SYSTEM32\ntdll.dll
0x00007ffbfd220000 - 0x00007ffbfd2e9000 	C:\WINDOWS\System32\KERNEL32.DLL
0x00007ffbfafc0000 - 0x00007ffbfb3be000 	C:\WINDOWS\System32\KERNELBASE.dll
0x00007ffbfaac0000 - 0x00007ffbfac0c000 	C:\WINDOWS\System32\ucrtbase.dll
0x00007ffbcf410000 - 0x00007ffbcf42e000 	c:\Users\rawat\.antigravity-ide\extensions\redhat.java-1.55.0-win32-x64\jre\21.0.11-win32-x86_64\bin\VCRUNTIME140.dll
0x00007ffbd8160000 - 0x00007ffbd8178000 	c:\Users\rawat\.antigravity-ide\extensions\redhat.java-1.55.0-win32-x64\jre\21.0.11-win32-x86_64\bin\jli.dll
0x00007ffbfd2f0000 - 0x00007ffbfd4b7000 	C:\WINDOWS\System32\USER32.dll
0x00007ffbfaed0000 - 0x00007ffbfaef7000 	C:\WINDOWS\System32\win32u.dll
0x00007ffbfc720000 - 0x00007ffbfc74b000 	C:\WINDOWS\System32\GDI32.dll
0x00007ffbded60000 - 0x00007ffbdeff2000 	C:\WINDOWS\WinSxS\amd64_microsoft.windows.common-controls_6595b64144ccf1df_6.0.26100.8875_none_3e0d5d42e32fe9dd\COMCTL32.dll
0x00007ffbfac20000 - 0x00007ffbfad4a000 	C:\WINDOWS\System32\gdi32full.dll
0x00007ffbfaa10000 - 0x00007ffbfaab3000 	C:\WINDOWS\System32\msvcp_win.dll
0x00007ffbfb490000 - 0x00007ffbfb539000 	C:\WINDOWS\System32\msvcrt.dll
0x00007ffbfbce0000 - 0x00007ffbfbd12000 	C:\WINDOWS\System32\IMM32.DLL
0x00007ffbf7220000 - 0x00007ffbf722c000 	c:\Users\rawat\.antigravity-ide\extensions\redhat.java-1.55.0-win32-x64\jre\21.0.11-win32-x86_64\bin\vcruntime140_1.dll
0x00007ffbc6090000 - 0x00007ffbc611d000 	c:\Users\rawat\.antigravity-ide\extensions\redhat.java-1.55.0-win32-x64\jre\21.0.11-win32-x86_64\bin\msvcp140.dll
0x00007ffb41930000 - 0x00007ffb426d2000 	c:\Users\rawat\.antigravity-ide\extensions\redhat.java-1.55.0-win32-x64\jre\21.0.11-win32-x86_64\bin\server\jvm.dll
0x00007ffbfc9f0000 - 0x00007ffbfcaa7000 	C:\WINDOWS\System32\ADVAPI32.dll
0x00007ffbfc930000 - 0x00007ffbfc9da000 	C:\WINDOWS\System32\sechost.dll
0x00007ffbfcab0000 - 0x00007ffbfcbc8000 	C:\WINDOWS\System32\RPCRT4.dll
0x00007ffbfc230000 - 0x00007ffbfc2b0000 	C:\WINDOWS\System32\WS2_32.dll
0x00007ffbfa7e0000 - 0x00007ffbfa83e000 	C:\WINDOWS\SYSTEM32\POWRPROF.dll
0x00007ffbea130000 - 0x00007ffbea166000 	C:\WINDOWS\SYSTEM32\WINMM.dll
0x00007ffbef4c0000 - 0x00007ffbef4cb000 	C:\WINDOWS\SYSTEM32\VERSION.dll
0x00007ffbfa7c0000 - 0x00007ffbfa7d4000 	C:\WINDOWS\SYSTEM32\UMPDC.dll
0x00007ffbf9660000 - 0x00007ffbf967b000 	C:\WINDOWS\SYSTEM32\kernel.appcore.dll
0x00007ffbeedc0000 - 0x00007ffbeedca000 	c:\Users\rawat\.antigravity-ide\extensions\redhat.java-1.55.0-win32-x64\jre\21.0.11-win32-x86_64\bin\jimage.dll
0x00007ffbf7d00000 - 0x00007ffbf7f42000 	C:\WINDOWS\SYSTEM32\DBGHELP.DLL
0x00007ffbfce80000 - 0x00007ffbfd203000 	C:\WINDOWS\System32\combase.dll
0x00007ffbfc640000 - 0x00007ffbfc719000 	C:\WINDOWS\System32\OLEAUT32.dll
0x00007ffbd07c0000 - 0x00007ffbd07fb000 	C:\WINDOWS\SYSTEM32\dbgcore.DLL
0x00007ffbfaf00000 - 0x00007ffbfafac000 	C:\WINDOWS\System32\bcryptPrimitives.dll
0x00007ffbee260000 - 0x00007ffbee26f000 	c:\Users\rawat\.antigravity-ide\extensions\redhat.java-1.55.0-win32-x64\jre\21.0.11-win32-x86_64\bin\instrument.dll
0x00007ffbe4ea0000 - 0x00007ffbe4ec0000 	c:\Users\rawat\.antigravity-ide\extensions\redhat.java-1.55.0-win32-x64\jre\21.0.11-win32-x86_64\bin\java.dll
0x00007ffbfb540000 - 0x00007ffbfbcd2000 	C:\WINDOWS\System32\SHELL32.dll
0x00007ffbf8400000 - 0x00007ffbf8c92000 	C:\WINDOWS\SYSTEM32\windows.storage.dll
0x00007ffbfd5a0000 - 0x00007ffbfd697000 	C:\WINDOWS\System32\SHCORE.dll
0x00007ffbfcbd0000 - 0x00007ffbfcc37000 	C:\WINDOWS\System32\shlwapi.dll
0x00007ffbfa8a0000 - 0x00007ffbfa8c9000 	C:\WINDOWS\SYSTEM32\profapi.dll
0x00007ffbca780000 - 0x00007ffbca798000 	c:\Users\rawat\.antigravity-ide\extensions\redhat.java-1.55.0-win32-x64\jre\21.0.11-win32-x86_64\bin\zip.dll
0x00007ffbe7070000 - 0x00007ffbe7080000 	C:\Users\rawat\.antigravity-ide\extensions\redhat.java-1.55.0-win32-x64\jre\21.0.11-win32-x86_64\bin\net.dll
0x00007ffbef620000 - 0x00007ffbef747000 	C:\WINDOWS\SYSTEM32\WINHTTP.dll
0x00007ffbf9c10000 - 0x00007ffbf9c7c000 	C:\WINDOWS\system32\mswsock.dll
0x00007ffbc8e00000 - 0x00007ffbc8e16000 	C:\Users\rawat\.antigravity-ide\extensions\redhat.java-1.55.0-win32-x64\jre\21.0.11-win32-x86_64\bin\nio.dll
0x00007ffbe6b40000 - 0x00007ffbe6b50000 	c:\Users\rawat\.antigravity-ide\extensions\redhat.java-1.55.0-win32-x64\jre\21.0.11-win32-x86_64\bin\verify.dll
0x00007ffbe7190000 - 0x00007ffbe71d5000 	C:\Users\rawat\AppData\Roaming\Antigravity IDE\User\globalStorage\redhat.java\1.55.0\config_ss_win\org.eclipse.equinox.launcher\org.eclipse.equinox.launcher.win32.win32.x86_64_1.3.100.v20260613-0559\eclipse_11924.dll
0x00007ffbfcc40000 - 0x00007ffbfcdd9000 	C:\WINDOWS\System32\ole32.dll
0x00007ffbf9f30000 - 0x00007ffbf9f4b000 	C:\WINDOWS\SYSTEM32\CRYPTSP.dll
0x00007ffbf95c0000 - 0x00007ffbf95f9000 	C:\WINDOWS\system32\rsaenh.dll
0x00007ffbf9cd0000 - 0x00007ffbf9d02000 	C:\WINDOWS\SYSTEM32\USERENV.dll
0x00007ffbfa870000 - 0x00007ffbfa89a000 	C:\WINDOWS\SYSTEM32\bcrypt.dll
0x00007ffbf9f10000 - 0x00007ffbf9f1c000 	C:\WINDOWS\SYSTEM32\CRYPTBASE.dll
0x00007ffbf90c0000 - 0x00007ffbf90f3000 	C:\WINDOWS\SYSTEM32\IPHLPAPI.DLL
0x00007ffbfcde0000 - 0x00007ffbfcdea000 	C:\WINDOWS\System32\NSI.dll
0x00007ffbc6290000 - 0x00007ffbc62d9000 	C:\Users\rawat\AppData\Local\Temp\jna-108288603\jna5112786212838050503.dll
0x00007ffbfd210000 - 0x00007ffbfd218000 	C:\WINDOWS\System32\PSAPI.DLL
0x00007ffbf0000000 - 0x00007ffbf001d000 	C:\WINDOWS\SYSTEM32\dhcpcsvc6.DLL
0x00007ffbeffd0000 - 0x00007ffbefff5000 	C:\WINDOWS\SYSTEM32\dhcpcsvc.DLL

JVMTI agents:
c:\Users\rawat\.antigravity-ide\extensions\redhat.java-1.55.0-win32-x64\lombok\lombok-1.18.39-4050.jar path:c:\Users\rawat\.antigravity-ide\extensions\redhat.java-1.55.0-win32-x64\jre\21.0.11-win32-x86_64\bin\instrument.dll, loaded, initialized, instrumentlib options:none

dbghelp: loaded successfully - version: 4.0.5 - missing functions: none
symbol engine: initialized successfully - sym options: 0x614 - pdb path: .;c:\Users\rawat\.antigravity-ide\extensions\redhat.java-1.55.0-win32-x64\jre\21.0.11-win32-x86_64\bin;C:\WINDOWS\SYSTEM32;C:\WINDOWS\WinSxS\amd64_microsoft.windows.common-controls_6595b64144ccf1df_6.0.26100.8875_none_3e0d5d42e32fe9dd;c:\Users\rawat\.antigravity-ide\extensions\redhat.java-1.55.0-win32-x64\jre\21.0.11-win32-x86_64\bin\server;C:\Users\rawat\AppData\Roaming\Antigravity IDE\User\globalStorage\redhat.java\1.55.0\config_ss_win\org.eclipse.equinox.launcher\org.eclipse.equinox.launcher.win32.win32.x86_64_1.3.100.v20260613-0559;C:\Users\rawat\AppData\Local\Temp\jna-108288603

VM Arguments:
jvm_args: --add-modules=ALL-SYSTEM --add-opens=java.base/java.util=ALL-UNNAMED --add-opens=java.base/java.lang=ALL-UNNAMED --add-opens=java.base/sun.nio.fs=ALL-UNNAMED -Declipse.application=org.eclipse.jdt.ls.core.id1 -Dosgi.bundles.defaultStartLevel=4 -Declipse.product=org.eclipse.jdt.ls.core.product -Djava.import.generatesMetadataFilesAtProjectRoot=false -DDetectVMInstallationsJob.disabled=true -Dfile.encoding=utf8 -XX:+UseParallelGC -XX:GCTimeRatio=4 -XX:AdaptiveSizePolicyWeight=90 -Dsun.zip.disableMemoryMapping=true -Xmx2G -Xms100m -Xlog:disable -javaagent:c:\Users\rawat\.antigravity-ide\extensions\redhat.java-1.55.0-win32-x64\lombok\lombok-1.18.39-4050.jar 
java_command: c:\Users\rawat\.antigravity-ide\extensions\redhat.java-1.55.0-win32-x64\server\plugins\org.eclipse.equinox.launcher_1.7.200.v20260619-2039.jar -configuration c:\Users\rawat\AppData\Roaming\Antigravity IDE\User\globalStorage\redhat.java\1.55.0\config_ss_win -data c:\Users\rawat\AppData\Roaming\Antigravity IDE\User\workspaceStorage\37c22cd9f0bef5d5ec7063b27c4af746\redhat.java\ss_ws --pipe=\\.\pipe\lsp-196e196e81ec4f612dfd4dd4d1696860-sock
java_class_path (initial): c:\Users\rawat\.antigravity-ide\extensions\redhat.java-1.55.0-win32-x64\server\plugins\org.eclipse.equinox.launcher_1.7.200.v20260619-2039.jar
Launcher Type: SUN_STANDARD

[Global flags]
    uintx AdaptiveSizePolicyWeight                 = 90                                        {product} {command line}
     intx CICompilerCount                          = 4                                         {product} {ergonomic}
    uintx GCTimeRatio                              = 4                                         {product} {command line}
   size_t InitialHeapSize                          = 104857600                                 {product} {command line}
   size_t MaxHeapSize                              = 2147483648                                {product} {command line}
   size_t MaxNewSize                               = 715653120                                 {product} {ergonomic}
   size_t MinHeapDeltaBytes                        = 524288                                    {product} {ergonomic}
   size_t MinHeapSize                              = 104857600                                 {product} {command line}
   size_t NewSize                                  = 34603008                                  {product} {ergonomic}
    uintx NonNMethodCodeHeapSize                   = 5839372                                {pd product} {ergonomic}
    uintx NonProfiledCodeHeapSize                  = 122909434                              {pd product} {ergonomic}
   size_t OldSize                                  = 70254592                                  {product} {ergonomic}
    uintx ProfiledCodeHeapSize                     = 122909434                              {pd product} {ergonomic}
    uintx ReservedCodeCacheSize                    = 251658240                              {pd product} {ergonomic}
     bool SegmentedCodeCache                       = true                                      {product} {ergonomic}
   size_t SoftMaxHeapSize                          = 2147483648                             {manageable} {ergonomic}
     bool UseCompressedOops                        = true                           {product lp64_product} {ergonomic}
     bool UseLargePagesIndividualAllocation        = false                                  {pd product} {ergonomic}
     bool UseParallelGC                            = true                                      {product} {command line}

Logging:
Log output configuration:
 #0: stdout all=off uptime,level,tags foldmultilines=false
 #1: stderr all=off uptime,level,tags foldmultilines=false

Release file:
JAVA_VERSION="21.0.11" 
MODULES="java.base java.compiler java.datatransfer java.xml java.prefs java.desktop java.instrument java.logging java.management java.security.sasl java.naming java.rmi java.management.rmi java.net.http java.scripting java.security.jgss java.transaction.xa java.sql java.sql.rowset java.xml.crypto java.se java.smartcardio jdk.accessibility jdk.internal.jvmstat jdk.attach jdk.charsets jdk.internal.opt jdk.zipfs jdk.compiler jdk.crypto.ec jdk.crypto.cryptoki jdk.crypto.mscapi jdk.dynalink jdk.internal.ed jdk.editpad jdk.hotspot.agent jdk.httpserver jdk.internal.le jdk.internal.vm.ci jdk.internal.vm.compiler jdk.internal.vm.compiler.management jdk.jartool jdk.javadoc jdk.jcmd jdk.management jdk.management.agent jdk.jconsole jdk.jdeps jdk.jdwp.agent jdk.jdi jdk.jfr jdk.jshell jdk.jsobject jdk.jstatd jdk.localedata jdk.management.jfr jdk.naming.dns jdk.naming.rmi jdk.net jdk.nio.mapmode jdk.random jdk.sctp jdk.security.auth jdk.security.jgss jdk.unsupported jdk.unsupported.desktop jdk.xml.dom" 

Environment Variables:
PATH=C:\Program Files\Common Files\Oracle\Java\javapath;C:\Windows\system32;C:\Windows;C:\Windows\System32\Wbem;C:\Windows\System32\WindowsPowerShell\v1.0\;C:\Windows\System32\OpenSSH\;C:\Program Files\NVIDIA Corporation\NVIDIA NvDLISR;C:\WINDOWS\system32;C:\WINDOWS;C:\WINDOWS\System32\Wbem;C:\WINDOWS\System32\WindowsPowerShell\v1.0\;C:\WINDOWS\System32\OpenSSH\;C:\Program Files\dotnet\;C:\Program Files (x86)\Windows Kits\10\Windows Performance Toolkit\;C:\Program Files\Git\cmd;C:\Program Files\Git\bin;C:\MinGW\bin;C:\Program Files\MySQL\MySQL Server 8.0\bin;C:\Program Files\MySQL\MySQL Shell 8.0\bin\;C:\Users\rawat\AppData\Local\Programs\Python\Python314\Scripts\;C:\Users\rawat\AppData\Local\Programs\Python\Python314\;C:\Users\rawat\AppData\Local\Microsoft\WindowsApps;C:\Users\rawat\AppData\Local\Programs\Microsoft VS Code\bin;C:\Users\rawat\Downloads\flutter_windows_3.38.3-stable\flutter\bin;C:\MinGW\bin;C:\Users\rawat\AppData\Local\Programs\Antigravity IDE\bin
USERNAME=rawat
OS=Windows_NT
PROCESSOR_IDENTIFIER=Intel64 Family 6 Model 140 Stepping 1, GenuineIntel
TMP=C:\Users\rawat\AppData\Local\Temp
TEMP=C:\Users\rawat\AppData\Local\Temp




Periodic native trim disabled

---------------  S Y S T E M  ---------------

OS:
 Windows 11 , 64 bit Build 26100 (10.0.26100.8875)
OS uptime: 3 days 2:08 hours
Hyper-V role detected

CPU: total 8 (initial active 8) (4 cores per cpu, 2 threads per core) family 6 model 140 stepping 1 microcode 0xbe, cx8, cmov, fxsr, ht, mmx, 3dnowpref, sse, sse2, sse3, ssse3, sse4.1, sse4.2, popcnt, lzcnt, tsc, tscinvbit, avx, avx2, aes, erms, clmul, bmi1, bmi2, adx, avx512f, avx512dq, avx512cd, avx512bw, avx512vl, sha, fma, vzeroupper, avx512_vpopcntdq, avx512_vpclmulqdq, avx512_vaes, avx512_vnni, clflush, clflushopt, clwb, avx512_vbmi2, avx512_vbmi, hv, rdtscp, rdpid, fsrm, gfni, avx512_bitalg, f16c, cet_ibt, cet_ss, avx512_ifma
Processor Information for the first 8 processors :
  Max Mhz: 2803, Current Mhz: 2803, Mhz Limit: 2803

Memory: 4k page, system-wide physical 7914M (645M free)
TotalPageFile size 32490M (AvailPageFile size 46M)
current process WorkingSet (physical memory assigned to process): 138M, peak: 226M
current process commit charge ("private bytes"): 299M, peak: 336M

vm_info: OpenJDK 64-Bit Server VM (21.0.11+10-LTS) for windows-amd64 JRE (21.0.11+10-LTS), built on 2026-04-21T00:00:00Z by "admin" with MS VC++ 17.12 (VS2022)

END.
