#
# There is insufficient memory for the Java Runtime Environment to continue.
# Native memory allocation (malloc) failed to allocate 1069616 bytes. Error detail: Chunk::new
# Possible reasons:
#   The system is out of physical RAM or swap space
#   This process is running with CompressedOops enabled, and the Java Heap may be blocking the growth of the native heap
# Possible solutions:
#   Reduce memory load on the system
#   Increase physical memory or swap space
#   Check if swap backing store is full
#   Decrease Java heap size (-Xmx/-Xms)
#   Decrease number of Java threads
#   Decrease Java thread stack sizes (-Xss)
#   Set larger code cache with -XX:ReservedCodeCacheSize=
#   JVM is running with Unscaled Compressed Oops mode in which the Java heap is
#     placed in the first 4GB address space. The Java Heap base address is the
#     maximum limit for the native heap growth. Please use -XX:HeapBaseMinAddress
#     to set the Java Heap base and to place the Java Heap above 4GB virtual address.
# This output file may be truncated or incomplete.
#
#  Out of Memory Error (arena.cpp:168), pid=17056, tid=1824
#
# JRE version: OpenJDK Runtime Environment Temurin-21.0.11+10 (21.0.11+10) (build 21.0.11+10-LTS)
# Java VM: OpenJDK 64-Bit Server VM Temurin-21.0.11+10 (21.0.11+10-LTS, mixed mode, sharing, tiered, compressed oops, compressed class ptrs, g1 gc, windows-amd64)
# No core dump will be written. Minidumps are not enabled by default on client versions of Windows
#

---------------  S U M M A R Y ------------

Command Line: --add-opens=java.base/java.lang=ALL-UNNAMED --add-opens=java.base/java.lang.invoke=ALL-UNNAMED --add-opens=java.base/java.util=ALL-UNNAMED --add-opens=java.prefs/java.util.prefs=ALL-UNNAMED --add-exports=jdk.compiler/com.sun.tools.javac.api=ALL-UNNAMED --add-exports=jdk.compiler/com.sun.tools.javac.util=ALL-UNNAMED --add-opens=java.base/java.util=ALL-UNNAMED --add-opens=java.prefs/java.util.prefs=ALL-UNNAMED --add-opens=java.base/java.nio.charset=ALL-UNNAMED --add-opens=java.base/java.net=ALL-UNNAMED --add-opens=java.base/java.util.concurrent.atomic=ALL-UNNAMED --add-opens=java.xml/javax.xml.namespace=ALL-UNNAMED -Xmx2048m -Dfile.encoding=UTF-8 -Duser.country=US -Duser.language=en -Duser.variant -javaagent:C:\Users\rawat\.gradle\wrapper\dists\gradle-8.13-bin\5xuhj0ry160q40clulazy9h7d\gradle-8.13\lib\agents\gradle-instrumentation-agent-8.13.jar org.gradle.launcher.daemon.bootstrap.GradleDaemon 8.13

Host: 11th Gen Intel(R) Core(TM) i7-1165G7 @ 2.80GHz, 8 cores, 7G,  Windows 11 , 64 bit Build 26100 (10.0.26100.8875)
Time: Fri Jul 24 14:21:15 2026 Nepal Standard Time elapsed time: 37.253879 seconds (0d 0h 0m 37s)

---------------  T H R E A D  ---------------

Current thread (0x0000015c57d040a0):  JavaThread "C2 CompilerThread1" daemon [_thread_in_native, id=1824, stack(0x000000065b100000,0x000000065b200000) (1024K)]


Current CompileTask:
C2:37254 10960       4       org.gradle.internal.reflect.ClassInspector::inspectClass (179 bytes)

Stack: [0x000000065b100000,0x000000065b200000]
Native frames: (J=compiled Java code, j=interpreted, Vv=VM code, C=native code)
V  [jvm.dll+0x6d7e19]
V  [jvm.dll+0x8b5096]
V  [jvm.dll+0x8b764e]
V  [jvm.dll+0x8b7d33]
V  [jvm.dll+0x284596]
V  [jvm.dll+0xc685d]
V  [jvm.dll+0xc6da1]
V  [jvm.dll+0x3bed31]
V  [jvm.dll+0x1e4149]
V  [jvm.dll+0x24c853]
V  [jvm.dll+0x24bce0]
V  [jvm.dll+0x1cb4ae]
V  [jvm.dll+0x25baad]
V  [jvm.dll+0x25a03a]
V  [jvm.dll+0x3f868e]
V  [jvm.dll+0x85fb0d]
V  [jvm.dll+0x6d664d]
C  [ucrtbase.dll+0x2cd30]
C  [KERNEL32.DLL+0x2e957]
C  [ntdll.dll+0xaad6c]


---------------  P R O C E S S  ---------------

Threads class SMR info:
_java_thread_list=0x0000015c5565e6d0, length=64, elements={
0x0000015c72b99ad0, 0x0000015c7d63fe20, 0x0000015c7d640880, 0x0000015c7d6433e0,
0x0000015c7d645e50, 0x0000015c7d6496d0, 0x0000015c7d64a5f0, 0x0000015c7d64bb40,
0x0000015c7d659a20, 0x0000015c7d9467c0, 0x0000015c7d947b70, 0x0000015c7d9446f0,
0x0000015c7d945410, 0x0000015c7d945aa0, 0x0000015c7d9474e0, 0x0000015c7d946e50,
0x0000015c7d944d80, 0x0000015c54061840, 0x0000015c54061ed0, 0x0000015c54062560,
0x0000015c5405fe00, 0x0000015c54060490, 0x0000015c5405f0e0, 0x0000015c54062bf0,
0x0000015c5405f770, 0x0000015c54063280, 0x0000015c54063fa0, 0x0000015c54063910,
0x0000015c540611b0, 0x0000015c54064630, 0x0000015c54064cc0, 0x0000015c540659e0,
0x0000015c54066070, 0x0000015c54348370, 0x0000015c54346930, 0x0000015c54347650,
0x0000015c54345580, 0x0000015c54347ce0, 0x0000015c54349720, 0x0000015c54349db0,
0x0000015c5434c510, 0x0000015c5434aad0, 0x0000015c5434b7f0, 0x0000015c5434b160,
0x0000015c5646ab40, 0x0000015c5646b860, 0x0000015c5646b1d0, 0x0000015c56469e20,
0x0000015c5646a4b0, 0x0000015c5646d2a0, 0x0000015c5646c580, 0x0000015c5646d930,
0x0000015c5646dfc0, 0x0000015c5646ece0, 0x0000015c5646bef0, 0x0000015c5646fa00,
0x0000015c56470090, 0x0000015c5646cc10, 0x0000015c56470db0, 0x0000015c56470720,
0x0000015c56471440, 0x0000015c557160f0, 0x0000015c55714d40, 0x0000015c57d040a0
}

Java Threads: ( => current thread )
  0x0000015c72b99ad0 JavaThread "main"                              [_thread_blocked, id=8184, stack(0x0000000656400000,0x0000000656500000) (1024K)]
  0x0000015c7d63fe20 JavaThread "Reference Handler"          daemon [_thread_blocked, id=17280, stack(0x0000000656c00000,0x0000000656d00000) (1024K)]
  0x0000015c7d640880 JavaThread "Finalizer"                  daemon [_thread_blocked, id=20988, stack(0x0000000656d00000,0x0000000656e00000) (1024K)]
  0x0000015c7d6433e0 JavaThread "Signal Dispatcher"          daemon [_thread_blocked, id=2036, stack(0x0000000656e00000,0x0000000656f00000) (1024K)]
  0x0000015c7d645e50 JavaThread "Attach Listener"            daemon [_thread_blocked, id=17208, stack(0x0000000656f00000,0x0000000657000000) (1024K)]
  0x0000015c7d6496d0 JavaThread "Service Thread"             daemon [_thread_blocked, id=13548, stack(0x0000000657000000,0x0000000657100000) (1024K)]
  0x0000015c7d64a5f0 JavaThread "Monitor Deflation Thread"   daemon [_thread_blocked, id=16000, stack(0x0000000657100000,0x0000000657200000) (1024K)]
  0x0000015c7d64bb40 JavaThread "C2 CompilerThread0"         daemon [_thread_in_native, id=24436, stack(0x0000000657200000,0x0000000657300000) (1024K)]
  0x0000015c7d659a20 JavaThread "C1 CompilerThread0"         daemon [_thread_blocked, id=2440, stack(0x0000000657300000,0x0000000657400000) (1024K)]
  0x0000015c7d9467c0 JavaThread "Common-Cleaner"             daemon [_thread_blocked, id=20680, stack(0x0000000657400000,0x0000000657500000) (1024K)]
  0x0000015c7d947b70 JavaThread "Notification Thread"        daemon [_thread_blocked, id=22364, stack(0x0000000657500000,0x0000000657600000) (1024K)]
  0x0000015c7d9446f0 JavaThread "Daemon health stats"               [_thread_blocked, id=16316, stack(0x0000000657e00000,0x0000000657f00000) (1024K)]
  0x0000015c7d945410 JavaThread "Incoming local TCP Connector on port 55697"        [_thread_in_native, id=19144, stack(0x0000000657f00000,0x0000000658000000) (1024K)]
  0x0000015c7d945aa0 JavaThread "Daemon periodic checks"            [_thread_blocked, id=3440, stack(0x0000000658000000,0x0000000658100000) (1024K)]
  0x0000015c7d9474e0 JavaThread "Daemon"                            [_thread_blocked, id=18148, stack(0x0000000658100000,0x0000000658200000) (1024K)]
  0x0000015c7d946e50 JavaThread "Handler for socket connection from /127.0.0.1:55697 to /127.0.0.1:55698"        [_thread_in_native, id=20632, stack(0x0000000658200000,0x0000000658300000) (1024K)]
  0x0000015c7d944d80 JavaThread "Cancel handler"                    [_thread_blocked, id=11076, stack(0x0000000658300000,0x0000000658400000) (1024K)]
  0x0000015c54061840 JavaThread "Daemon worker"                     [_thread_in_vm, id=17728, stack(0x0000000658400000,0x0000000658500000) (1024K)]
  0x0000015c54061ed0 JavaThread "Asynchronous log dispatcher for DefaultDaemonConnection: socket connection from /127.0.0.1:55697 to /127.0.0.1:55698"        [_thread_blocked, id=16428, stack(0x0000000658500000,0x0000000658600000) (1024K)]
  0x0000015c54062560 JavaThread "Stdin handler"                     [_thread_blocked, id=19056, stack(0x0000000658600000,0x0000000658700000) (1024K)]
  0x0000015c5405fe00 JavaThread "Daemon client event forwarder"        [_thread_blocked, id=19964, stack(0x0000000658700000,0x0000000658800000) (1024K)]
  0x0000015c54060490 JavaThread "Cache worker for journal cache (C:\Users\rawat\.gradle\caches\journal-1)"        [_thread_blocked, id=21792, stack(0x0000000658800000,0x0000000658900000) (1024K)]
  0x0000015c5405f0e0 JavaThread "File lock request listener"        [_thread_in_native, id=21820, stack(0x0000000658900000,0x0000000658a00000) (1024K)]
  0x0000015c54062bf0 JavaThread "Cache worker for file hash cache (C:\Users\rawat\.gradle\caches\8.13\fileHashes)"        [_thread_blocked, id=21156, stack(0x0000000658a00000,0x0000000658b00000) (1024K)]
  0x0000015c5405f770 JavaThread "Cache worker for file hash cache (C:\Findora_App\.gradle\8.13\fileHashes)"        [_thread_blocked, id=9204, stack(0x0000000658d00000,0x0000000658e00000) (1024K)]
  0x0000015c54063280 JavaThread "Cache worker for Build Output Cleanup Cache (C:\Findora_App\.gradle\buildOutputCleanup)"        [_thread_blocked, id=20304, stack(0x0000000658e00000,0x0000000658f00000) (1024K)]
  0x0000015c54063fa0 JavaThread "File watcher server"        daemon [_thread_in_native, id=23332, stack(0x0000000658f00000,0x0000000659000000) (1024K)]
  0x0000015c54063910 JavaThread "File watcher consumer"      daemon [_thread_blocked, id=16616, stack(0x0000000659000000,0x0000000659100000) (1024K)]
  0x0000015c540611b0 JavaThread "jar transforms"                    [_thread_blocked, id=1676, stack(0x0000000658c00000,0x0000000658d00000) (1024K)]
  0x0000015c54064630 JavaThread "jar transforms Thread 2"           [_thread_blocked, id=12328, stack(0x0000000659100000,0x0000000659200000) (1024K)]
  0x0000015c54064cc0 JavaThread "jar transforms Thread 3"           [_thread_blocked, id=14960, stack(0x0000000659200000,0x0000000659300000) (1024K)]
  0x0000015c540659e0 JavaThread "jar transforms Thread 4"           [_thread_blocked, id=21412, stack(0x0000000659400000,0x0000000659500000) (1024K)]
  0x0000015c54066070 JavaThread "jar transforms Thread 5"           [_thread_blocked, id=22944, stack(0x0000000659500000,0x0000000659600000) (1024K)]
  0x0000015c54348370 JavaThread "Cache worker for checksums cache (C:\Findora_App\.gradle\8.13\checksums)"        [_thread_blocked, id=22144, stack(0x0000000659600000,0x0000000659700000) (1024K)]
  0x0000015c54346930 JavaThread "Cache worker for file content cache (C:\Users\rawat\.gradle\caches\8.13\fileContent)"        [_thread_blocked, id=6164, stack(0x0000000659700000,0x0000000659800000) (1024K)]
  0x0000015c54347650 JavaThread "jar transforms Thread 6"           [_thread_blocked, id=3404, stack(0x0000000659800000,0x0000000659900000) (1024K)]
  0x0000015c54345580 JavaThread "jar transforms Thread 7"           [_thread_blocked, id=4752, stack(0x0000000659300000,0x0000000659400000) (1024K)]
  0x0000015c54347ce0 JavaThread "jar transforms Thread 8"           [_thread_blocked, id=18276, stack(0x0000000659900000,0x0000000659a00000) (1024K)]
  0x0000015c54349720 JavaThread "Cache worker for cache directory md-supplier (C:\Users\rawat\.gradle\caches\8.13\md-supplier)"        [_thread_blocked, id=4576, stack(0x0000000657600000,0x0000000657700000) (1024K)]
  0x0000015c54349db0 JavaThread "Cache worker for cache directory md-rule (C:\Users\rawat\.gradle\caches\8.13\md-rule)"        [_thread_blocked, id=18008, stack(0x0000000659a00000,0x0000000659b00000) (1024K)]
  0x0000015c5434c510 JavaThread "Unconstrained build operations"        [_thread_blocked, id=17284, stack(0x0000000659c00000,0x0000000659d00000) (1024K)]
  0x0000015c5434aad0 JavaThread "Unconstrained build operations Thread 2"        [_thread_blocked, id=8080, stack(0x0000000659d00000,0x0000000659e00000) (1024K)]
  0x0000015c5434b7f0 JavaThread "Unconstrained build operations Thread 3"        [_thread_blocked, id=15180, stack(0x0000000659e00000,0x0000000659f00000) (1024K)]
  0x0000015c5434b160 JavaThread "Unconstrained build operations Thread 4"        [_thread_blocked, id=22864, stack(0x0000000659f00000,0x000000065a000000) (1024K)]
  0x0000015c5646ab40 JavaThread "Unconstrained build operations Thread 5"        [_thread_blocked, id=1244, stack(0x000000065a000000,0x000000065a100000) (1024K)]
  0x0000015c5646b860 JavaThread "Unconstrained build operations Thread 6"        [_thread_blocked, id=16028, stack(0x000000065a100000,0x000000065a200000) (1024K)]
  0x0000015c5646b1d0 JavaThread "Unconstrained build operations Thread 7"        [_thread_blocked, id=19268, stack(0x000000065a200000,0x000000065a300000) (1024K)]
  0x0000015c56469e20 JavaThread "Unconstrained build operations Thread 8"        [_thread_blocked, id=1124, stack(0x000000065a300000,0x000000065a400000) (1024K)]
  0x0000015c5646a4b0 JavaThread "Unconstrained build operations Thread 9"        [_thread_blocked, id=13464, stack(0x000000065a400000,0x000000065a500000) (1024K)]
  0x0000015c5646d2a0 JavaThread "Unconstrained build operations Thread 10"        [_thread_blocked, id=15944, stack(0x000000065a500000,0x000000065a600000) (1024K)]
  0x0000015c5646c580 JavaThread "Unconstrained build operations Thread 11"        [_thread_blocked, id=12356, stack(0x000000065a600000,0x000000065a700000) (1024K)]
  0x0000015c5646d930 JavaThread "Unconstrained build operations Thread 12"        [_thread_blocked, id=6584, stack(0x000000065a700000,0x000000065a800000) (1024K)]
  0x0000015c5646dfc0 JavaThread "Unconstrained build operations Thread 13"        [_thread_blocked, id=3084, stack(0x000000065a800000,0x000000065a900000) (1024K)]
  0x0000015c5646ece0 JavaThread "Unconstrained build operations Thread 14"        [_thread_blocked, id=13744, stack(0x000000065a900000,0x000000065aa00000) (1024K)]
  0x0000015c5646bef0 JavaThread "Unconstrained build operations Thread 15"        [_thread_blocked, id=14928, stack(0x000000065aa00000,0x000000065ab00000) (1024K)]
  0x0000015c5646fa00 JavaThread "Unconstrained build operations Thread 16"        [_thread_blocked, id=22420, stack(0x000000065ab00000,0x000000065ac00000) (1024K)]
  0x0000015c56470090 JavaThread "Unconstrained build operations Thread 17"        [_thread_blocked, id=20404, stack(0x000000065ac00000,0x000000065ad00000) (1024K)]
  0x0000015c5646cc10 JavaThread "Unconstrained build operations Thread 18"        [_thread_blocked, id=768, stack(0x000000065ad00000,0x000000065ae00000) (1024K)]
  0x0000015c56470db0 JavaThread "Unconstrained build operations Thread 19"        [_thread_blocked, id=15980, stack(0x000000065ae00000,0x000000065af00000) (1024K)]
  0x0000015c56470720 JavaThread "Unconstrained build operations Thread 20"        [_thread_blocked, id=14720, stack(0x000000065af00000,0x000000065b000000) (1024K)]
  0x0000015c56471440 JavaThread "Unconstrained build operations Thread 21"        [_thread_blocked, id=22348, stack(0x000000065b000000,0x000000065b100000) (1024K)]
  0x0000015c557160f0 JavaThread "Memory manager"                    [_thread_blocked, id=9428, stack(0x0000000659b00000,0x0000000659c00000) (1024K)]
  0x0000015c55714d40 JavaThread "Problems report writer"            [_thread_blocked, id=23360, stack(0x000000065b200000,0x000000065b300000) (1024K)]
=>0x0000015c57d040a0 JavaThread "C2 CompilerThread1"         daemon [_thread_in_native, id=1824, stack(0x000000065b100000,0x000000065b200000) (1024K)]
Total: 64

Other Threads:
  0x0000015c7d61b800 VMThread "VM Thread"                           [id=18012, stack(0x0000000656b00000,0x0000000656c00000) (1024K)]
  0x0000015c7d60b4b0 WatcherThread "VM Periodic Task Thread"        [id=21440, stack(0x0000000656a00000,0x0000000656b00000) (1024K)]
  0x0000015c74f37d80 WorkerThread "GC Thread#0"                     [id=12352, stack(0x0000000656500000,0x0000000656600000) (1024K)]
  0x0000015c7e05bac0 WorkerThread "GC Thread#1"                     [id=24428, stack(0x0000000657800000,0x0000000657900000) (1024K)]
  0x0000015c7df53be0 WorkerThread "GC Thread#2"                     [id=6148, stack(0x0000000657900000,0x0000000657a00000) (1024K)]
  0x0000015c7e1db680 WorkerThread "GC Thread#3"                     [id=18684, stack(0x0000000657a00000,0x0000000657b00000) (1024K)]
  0x0000015c7e2990d0 WorkerThread "GC Thread#4"                     [id=10988, stack(0x0000000657b00000,0x0000000657c00000) (1024K)]
  0x0000015c7e302220 WorkerThread "GC Thread#5"                     [id=7112, stack(0x0000000657700000,0x0000000657800000) (1024K)]
  0x0000015c7e3025d0 WorkerThread "GC Thread#6"                     [id=13400, stack(0x0000000657c00000,0x0000000657d00000) (1024K)]
  0x0000015c7e302980 WorkerThread "GC Thread#7"                     [id=20112, stack(0x0000000657d00000,0x0000000657e00000) (1024K)]
  0x0000015c74f4a1a0 ConcurrentGCThread "G1 Main Marker"            [id=4672, stack(0x0000000656600000,0x0000000656700000) (1024K)]
  0x0000015c74f4aac0 WorkerThread "G1 Conc#0"                       [id=13128, stack(0x0000000656700000,0x0000000656800000) (1024K)]
  0x0000015c56af7f00 WorkerThread "G1 Conc#1"                       [id=16764, stack(0x0000000658b00000,0x0000000658c00000) (1024K)]
  0x0000015c7d4d8520 ConcurrentGCThread "G1 Refine#0"               [id=21392, stack(0x0000000656800000,0x0000000656900000) (1024K)]
  0x0000015c7d4d8d50 ConcurrentGCThread "G1 Service"                [id=7944, stack(0x0000000656900000,0x0000000656a00000) (1024K)]
Total: 15

Threads with active compile tasks:
C2 CompilerThread0  37324 11029       4       java.lang.reflect.Method::getGenericInfo (28 bytes)
C2 CompilerThread1  37324 10960       4       org.gradle.internal.reflect.ClassInspector::inspectClass (179 bytes)
Total: 2

VM state: not at safepoint (normal execution)

VM Mutex/Monitor currently owned by a thread: None

Heap address: 0x0000000080000000, size: 2048 MB, Compressed Oops mode: 32-bit

CDS archive(s) mapped at: [0x0000015c0f000000-0x0000015c0fba0000-0x0000015c0fba0000), size 12189696, SharedBaseAddress: 0x0000015c0f000000, ArchiveRelocationMode: 1.
Compressed class space mapped at: 0x0000015c10000000-0x0000015c50000000, reserved size: 1073741824
Narrow klass base: 0x0000015c0f000000, Narrow klass shift: 0, Narrow klass range: 0x100000000

GC Precious Log:
 CardTable entry size: 512
 Card Set container configuration: InlinePtr #cards 5 size 8 Array Of Cards #cards 12 size 40 Howl #buckets 4 coarsen threshold 1843 Howl Bitmap #cards 512 size 80 coarsen threshold 460 Card regions per heap region 1 cards per card region 2048
 CPUs: 8 total, 8 available
 Memory: 7914M
 Large Page Support: Disabled
 NUMA Support: Disabled
 Compressed Oops: Enabled (32-bit)
 Heap Region Size: 1M
 Heap Min Capacity: 8M
 Heap Initial Capacity: 124M
 Heap Max Capacity: 2G
 Pre-touch: Disabled
 Parallel Workers: 8
 Concurrent Workers: 2
 Concurrent Refinement Workers: 8
 Periodic GC: Disabled

Heap:
 garbage-first heap   total 155648K, used 96173K [0x0000000080000000, 0x0000000100000000)
  region size 1024K, 7 young (7168K), 5 survivors (5120K)
 Metaspace       used 85657K, committed 87872K, reserved 1179648K
  class space    used 12099K, committed 13184K, reserved 1048576K

Heap Regions: E=young(eden), S=young(survivor), O=old, HS=humongous(starts), HC=humongous(continues), CS=collection set, F=free, TAMS=top-at-mark-start, PB=parsable bottom
|   0|0x0000000080000000, 0x0000000080100000, 0x0000000080100000|100%|HS|  |TAMS 0x0000000080100000| PB 0x0000000080000000| Complete 
|   1|0x0000000080100000, 0x0000000080200000, 0x0000000080200000|100%|HC|  |TAMS 0x0000000080200000| PB 0x0000000080100000| Complete 
|   2|0x0000000080200000, 0x0000000080300000, 0x0000000080300000|100%|HC|  |TAMS 0x0000000080300000| PB 0x0000000080200000| Complete 
|   3|0x0000000080300000, 0x0000000080400000, 0x0000000080400000|100%| O|  |TAMS 0x0000000080400000| PB 0x0000000080300000| Untracked 
|   4|0x0000000080400000, 0x0000000080500000, 0x0000000080500000|100%| O|  |TAMS 0x0000000080500000| PB 0x0000000080400000| Untracked 
|   5|0x0000000080500000, 0x0000000080600000, 0x0000000080600000|100%| O|  |TAMS 0x0000000080600000| PB 0x0000000080500000| Untracked 
|   6|0x0000000080600000, 0x0000000080700000, 0x0000000080700000|100%|HS|  |TAMS 0x0000000080700000| PB 0x0000000080600000| Complete 
|   7|0x0000000080700000, 0x0000000080800000, 0x0000000080800000|100%| O|  |TAMS 0x0000000080800000| PB 0x0000000080700000| Untracked 
|   8|0x0000000080800000, 0x0000000080900000, 0x0000000080900000|100%| O|  |TAMS 0x0000000080900000| PB 0x0000000080800000| Untracked 
|   9|0x0000000080900000, 0x0000000080a00000, 0x0000000080a00000|100%| O|  |TAMS 0x0000000080a00000| PB 0x0000000080900000| Untracked 
|  10|0x0000000080a00000, 0x0000000080b00000, 0x0000000080b00000|100%| O|  |TAMS 0x0000000080b00000| PB 0x0000000080a00000| Untracked 
|  11|0x0000000080b00000, 0x0000000080c00000, 0x0000000080c00000|100%| O|  |TAMS 0x0000000080c00000| PB 0x0000000080b00000| Untracked 
|  12|0x0000000080c00000, 0x0000000080d00000, 0x0000000080d00000|100%|HS|  |TAMS 0x0000000080d00000| PB 0x0000000080c00000| Complete 
|  13|0x0000000080d00000, 0x0000000080e00000, 0x0000000080e00000|100%| O|  |TAMS 0x0000000080e00000| PB 0x0000000080d00000| Untracked 
|  14|0x0000000080e00000, 0x0000000080f00000, 0x0000000080f00000|100%| O|  |TAMS 0x0000000080f00000| PB 0x0000000080e00000| Untracked 
|  15|0x0000000080f00000, 0x0000000081000000, 0x0000000081000000|100%| O|  |TAMS 0x0000000081000000| PB 0x0000000080f00000| Untracked 
|  16|0x0000000081000000, 0x0000000081100000, 0x0000000081100000|100%| O|  |TAMS 0x0000000081100000| PB 0x0000000081000000| Untracked 
|  17|0x0000000081100000, 0x0000000081200000, 0x0000000081200000|100%| O|  |TAMS 0x0000000081200000| PB 0x0000000081100000| Untracked 
|  18|0x0000000081200000, 0x0000000081300000, 0x0000000081300000|100%| O|  |TAMS 0x0000000081300000| PB 0x0000000081200000| Untracked 
|  19|0x0000000081300000, 0x0000000081400000, 0x0000000081400000|100%| O|  |TAMS 0x0000000081400000| PB 0x0000000081300000| Untracked 
|  20|0x0000000081400000, 0x0000000081500000, 0x0000000081500000|100%| O|  |TAMS 0x0000000081500000| PB 0x0000000081400000| Untracked 
|  21|0x0000000081500000, 0x0000000081600000, 0x0000000081600000|100%| O|  |TAMS 0x0000000081600000| PB 0x0000000081500000| Untracked 
|  22|0x0000000081600000, 0x0000000081700000, 0x0000000081700000|100%| O|  |TAMS 0x0000000081700000| PB 0x0000000081600000| Untracked 
|  23|0x0000000081700000, 0x0000000081800000, 0x0000000081800000|100%| O|  |TAMS 0x0000000081800000| PB 0x0000000081700000| Untracked 
|  24|0x0000000081800000, 0x0000000081900000, 0x0000000081900000|100%| O|  |TAMS 0x0000000081900000| PB 0x0000000081800000| Untracked 
|  25|0x0000000081900000, 0x0000000081a00000, 0x0000000081a00000|100%| O|  |TAMS 0x0000000081a00000| PB 0x0000000081900000| Untracked 
|  26|0x0000000081a00000, 0x0000000081b00000, 0x0000000081b00000|100%| O|  |TAMS 0x0000000081b00000| PB 0x0000000081a00000| Untracked 
|  27|0x0000000081b00000, 0x0000000081c00000, 0x0000000081c00000|100%| O|  |TAMS 0x0000000081c00000| PB 0x0000000081b00000| Untracked 
|  28|0x0000000081c00000, 0x0000000081d00000, 0x0000000081d00000|100%| O|  |TAMS 0x0000000081d00000| PB 0x0000000081c00000| Untracked 
|  29|0x0000000081d00000, 0x0000000081e00000, 0x0000000081e00000|100%| O|  |TAMS 0x0000000081e00000| PB 0x0000000081d00000| Untracked 
|  30|0x0000000081e00000, 0x0000000081f00000, 0x0000000081f00000|100%| O|  |TAMS 0x0000000081f00000| PB 0x0000000081e00000| Untracked 
|  31|0x0000000081f00000, 0x0000000082000000, 0x0000000082000000|100%| O|  |TAMS 0x0000000082000000| PB 0x0000000081f00000| Untracked 
|  32|0x0000000082000000, 0x0000000082100000, 0x0000000082100000|100%|HS|  |TAMS 0x0000000082100000| PB 0x0000000082000000| Complete 
|  33|0x0000000082100000, 0x0000000082200000, 0x0000000082200000|100%| O|  |TAMS 0x0000000082200000| PB 0x0000000082100000| Untracked 
|  34|0x0000000082200000, 0x0000000082300000, 0x0000000082300000|100%| O|  |TAMS 0x0000000082300000| PB 0x0000000082200000| Untracked 
|  35|0x0000000082300000, 0x0000000082400000, 0x0000000082400000|100%| O|  |TAMS 0x0000000082400000| PB 0x0000000082300000| Untracked 
|  36|0x0000000082400000, 0x0000000082500000, 0x0000000082500000|100%| O|  |TAMS 0x0000000082500000| PB 0x0000000082400000| Untracked 
|  37|0x0000000082500000, 0x0000000082600000, 0x0000000082600000|100%| O|  |TAMS 0x0000000082600000| PB 0x0000000082500000| Untracked 
|  38|0x0000000082600000, 0x0000000082700000, 0x0000000082700000|100%| O|  |TAMS 0x0000000082700000| PB 0x0000000082600000| Untracked 
|  39|0x0000000082700000, 0x0000000082800000, 0x0000000082800000|100%| O|  |TAMS 0x0000000082800000| PB 0x0000000082700000| Untracked 
|  40|0x0000000082800000, 0x0000000082900000, 0x0000000082900000|100%| O|  |TAMS 0x0000000082900000| PB 0x0000000082800000| Untracked 
|  41|0x0000000082900000, 0x0000000082a00000, 0x0000000082a00000|100%| O|  |TAMS 0x0000000082a00000| PB 0x0000000082900000| Untracked 
|  42|0x0000000082a00000, 0x0000000082b00000, 0x0000000082b00000|100%| O|  |TAMS 0x0000000082b00000| PB 0x0000000082a00000| Untracked 
|  43|0x0000000082b00000, 0x0000000082c00000, 0x0000000082c00000|100%| O|  |TAMS 0x0000000082c00000| PB 0x0000000082b00000| Untracked 
|  44|0x0000000082c00000, 0x0000000082d00000, 0x0000000082d00000|100%| O|  |TAMS 0x0000000082d00000| PB 0x0000000082c00000| Untracked 
|  45|0x0000000082d00000, 0x0000000082e00000, 0x0000000082e00000|100%| O|  |TAMS 0x0000000082e00000| PB 0x0000000082d00000| Untracked 
|  46|0x0000000082e00000, 0x0000000082f00000, 0x0000000082f00000|100%| O|  |TAMS 0x0000000082f00000| PB 0x0000000082e00000| Untracked 
|  47|0x0000000082f00000, 0x0000000083000000, 0x0000000083000000|100%| O|  |TAMS 0x0000000083000000| PB 0x0000000082f00000| Untracked 
|  48|0x0000000083000000, 0x0000000083100000, 0x0000000083100000|100%| O|  |TAMS 0x0000000083100000| PB 0x0000000083000000| Untracked 
|  49|0x0000000083100000, 0x0000000083200000, 0x0000000083200000|100%| O|  |TAMS 0x0000000083200000| PB 0x0000000083100000| Untracked 
|  50|0x0000000083200000, 0x0000000083300000, 0x0000000083300000|100%| O|  |TAMS 0x0000000083300000| PB 0x0000000083200000| Untracked 
|  51|0x0000000083300000, 0x0000000083400000, 0x0000000083400000|100%|HS|  |TAMS 0x0000000083400000| PB 0x0000000083300000| Complete 
|  52|0x0000000083400000, 0x0000000083500000, 0x0000000083500000|100%| O|  |TAMS 0x0000000083500000| PB 0x0000000083400000| Untracked 
|  53|0x0000000083500000, 0x0000000083600000, 0x0000000083600000|100%| O|  |TAMS 0x0000000083600000| PB 0x0000000083500000| Untracked 
|  54|0x0000000083600000, 0x0000000083700000, 0x0000000083700000|100%|HS|  |TAMS 0x0000000083700000| PB 0x0000000083600000| Complete 
|  55|0x0000000083700000, 0x0000000083800000, 0x0000000083800000|100%|HC|  |TAMS 0x0000000083800000| PB 0x0000000083700000| Complete 
|  56|0x0000000083800000, 0x0000000083900000, 0x0000000083900000|100%|HS|  |TAMS 0x0000000083900000| PB 0x0000000083800000| Complete 
|  57|0x0000000083900000, 0x0000000083a00000, 0x0000000083a00000|100%|HS|  |TAMS 0x0000000083a00000| PB 0x0000000083900000| Complete 
|  58|0x0000000083a00000, 0x0000000083b00000, 0x0000000083b00000|100%| O|  |TAMS 0x0000000083b00000| PB 0x0000000083a00000| Untracked 
|  59|0x0000000083b00000, 0x0000000083c00000, 0x0000000083c00000|100%| O|  |TAMS 0x0000000083c00000| PB 0x0000000083b00000| Untracked 
|  60|0x0000000083c00000, 0x0000000083d00000, 0x0000000083d00000|100%| O|  |TAMS 0x0000000083d00000| PB 0x0000000083c00000| Untracked 
|  61|0x0000000083d00000, 0x0000000083e00000, 0x0000000083e00000|100%|HS|  |TAMS 0x0000000083e00000| PB 0x0000000083d00000| Complete 
|  62|0x0000000083e00000, 0x0000000083f00000, 0x0000000083f00000|100%|HC|  |TAMS 0x0000000083f00000| PB 0x0000000083e00000| Complete 
|  63|0x0000000083f00000, 0x0000000084000000, 0x0000000084000000|100%|HC|  |TAMS 0x0000000084000000| PB 0x0000000083f00000| Complete 
|  64|0x0000000084000000, 0x0000000084100000, 0x0000000084100000|100%| O|  |TAMS 0x0000000084100000| PB 0x0000000084000000| Untracked 
|  65|0x0000000084100000, 0x0000000084200000, 0x0000000084200000|100%| O|  |TAMS 0x0000000084200000| PB 0x0000000084100000| Untracked 
|  66|0x0000000084200000, 0x0000000084300000, 0x0000000084300000|100%|HS|  |TAMS 0x0000000084300000| PB 0x0000000084200000| Complete 
|  67|0x0000000084300000, 0x0000000084400000, 0x0000000084400000|100%|HS|  |TAMS 0x0000000084400000| PB 0x0000000084300000| Complete 
|  68|0x0000000084400000, 0x0000000084400000, 0x0000000084500000|  0%| F|  |TAMS 0x0000000084400000| PB 0x0000000084400000| Untracked 
|  69|0x0000000084500000, 0x0000000084600000, 0x0000000084600000|100%| O|  |TAMS 0x0000000084600000| PB 0x0000000084500000| Untracked 
|  70|0x0000000084600000, 0x0000000084700000, 0x0000000084700000|100%| O|  |TAMS 0x0000000084700000| PB 0x0000000084600000| Untracked 
|  71|0x0000000084700000, 0x0000000084800000, 0x0000000084800000|100%| O|  |TAMS 0x0000000084800000| PB 0x0000000084700000| Untracked 
|  72|0x0000000084800000, 0x0000000084900000, 0x0000000084900000|100%| O|  |TAMS 0x0000000084900000| PB 0x0000000084800000| Untracked 
|  73|0x0000000084900000, 0x0000000084a00000, 0x0000000084a00000|100%| O|  |TAMS 0x0000000084a00000| PB 0x0000000084900000| Untracked 
|  74|0x0000000084a00000, 0x0000000084b00000, 0x0000000084b00000|100%| O|  |TAMS 0x0000000084b00000| PB 0x0000000084a00000| Untracked 
|  75|0x0000000084b00000, 0x0000000084c00000, 0x0000000084c00000|100%| O|  |TAMS 0x0000000084c00000| PB 0x0000000084b00000| Untracked 
|  76|0x0000000084c00000, 0x0000000084d00000, 0x0000000084d00000|100%| O|  |TAMS 0x0000000084d00000| PB 0x0000000084c00000| Untracked 
|  77|0x0000000084d00000, 0x0000000084e00000, 0x0000000084e00000|100%| O|  |TAMS 0x0000000084e00000| PB 0x0000000084d00000| Untracked 
|  78|0x0000000084e00000, 0x0000000084f00000, 0x0000000084f00000|100%|HS|  |TAMS 0x0000000084f00000| PB 0x0000000084e00000| Complete 
|  79|0x0000000084f00000, 0x0000000085000000, 0x0000000085000000|100%|HC|  |TAMS 0x0000000085000000| PB 0x0000000084f00000| Complete 
|  80|0x0000000085000000, 0x0000000085000000, 0x0000000085100000|  0%| F|  |TAMS 0x0000000085000000| PB 0x0000000085000000| Untracked 
|  81|0x0000000085100000, 0x0000000085200000, 0x0000000085200000|100%| O|  |TAMS 0x0000000085200000| PB 0x0000000085100000| Untracked 
|  82|0x0000000085200000, 0x0000000085300000, 0x0000000085300000|100%| O|  |TAMS 0x0000000085300000| PB 0x0000000085200000| Untracked 
|  83|0x0000000085300000, 0x0000000085400000, 0x0000000085400000|100%| O|  |TAMS 0x0000000085400000| PB 0x0000000085300000| Untracked 
|  84|0x0000000085400000, 0x0000000085500000, 0x0000000085500000|100%| O|  |TAMS 0x0000000085500000| PB 0x0000000085400000| Untracked 
|  85|0x0000000085500000, 0x00000000855f8778, 0x0000000085600000| 97%| O|  |TAMS 0x00000000855f8778| PB 0x0000000085500000| Untracked 
|  86|0x0000000085600000, 0x0000000085600000, 0x0000000085700000|  0%| F|  |TAMS 0x0000000085600000| PB 0x0000000085600000| Untracked 
|  87|0x0000000085700000, 0x0000000085700000, 0x0000000085800000|  0%| F|  |TAMS 0x0000000085700000| PB 0x0000000085700000| Untracked 
|  88|0x0000000085800000, 0x0000000085800000, 0x0000000085900000|  0%| F|  |TAMS 0x0000000085800000| PB 0x0000000085800000| Untracked 
|  89|0x0000000085900000, 0x0000000085900000, 0x0000000085a00000|  0%| F|  |TAMS 0x0000000085900000| PB 0x0000000085900000| Untracked 
|  90|0x0000000085a00000, 0x0000000085a00000, 0x0000000085b00000|  0%| F|  |TAMS 0x0000000085a00000| PB 0x0000000085a00000| Untracked 
|  91|0x0000000085b00000, 0x0000000085b00000, 0x0000000085c00000|  0%| F|  |TAMS 0x0000000085b00000| PB 0x0000000085b00000| Untracked 
|  92|0x0000000085c00000, 0x0000000085c00000, 0x0000000085d00000|  0%| F|  |TAMS 0x0000000085c00000| PB 0x0000000085c00000| Untracked 
|  93|0x0000000085d00000, 0x0000000085df2c90, 0x0000000085e00000| 94%| S|CS|TAMS 0x0000000085d00000| PB 0x0000000085d00000| Complete 
|  94|0x0000000085e00000, 0x0000000085e00000, 0x0000000085f00000|  0%| F|  |TAMS 0x0000000085e00000| PB 0x0000000085e00000| Untracked 
|  95|0x0000000085f00000, 0x0000000085f00000, 0x0000000086000000|  0%| F|  |TAMS 0x0000000085f00000| PB 0x0000000085f00000| Untracked 
|  96|0x0000000086000000, 0x0000000086000000, 0x0000000086100000|  0%| F|  |TAMS 0x0000000086000000| PB 0x0000000086000000| Untracked 
|  97|0x0000000086100000, 0x0000000086200000, 0x0000000086200000|100%| S|CS|TAMS 0x0000000086100000| PB 0x0000000086100000| Complete 
|  98|0x0000000086200000, 0x0000000086300000, 0x0000000086300000|100%| S|CS|TAMS 0x0000000086200000| PB 0x0000000086200000| Complete 
|  99|0x0000000086300000, 0x0000000086400000, 0x0000000086400000|100%| S|CS|TAMS 0x0000000086300000| PB 0x0000000086300000| Complete 
| 100|0x0000000086400000, 0x0000000086500000, 0x0000000086500000|100%| S|CS|TAMS 0x0000000086400000| PB 0x0000000086400000| Complete 
| 101|0x0000000086500000, 0x0000000086500000, 0x0000000086600000|  0%| F|  |TAMS 0x0000000086500000| PB 0x0000000086500000| Untracked 
| 102|0x0000000086600000, 0x0000000086600000, 0x0000000086700000|  0%| F|  |TAMS 0x0000000086600000| PB 0x0000000086600000| Untracked 
| 103|0x0000000086700000, 0x0000000086700000, 0x0000000086800000|  0%| F|  |TAMS 0x0000000086700000| PB 0x0000000086700000| Untracked 
| 104|0x0000000086800000, 0x0000000086800000, 0x0000000086900000|  0%| F|  |TAMS 0x0000000086800000| PB 0x0000000086800000| Untracked 
| 105|0x0000000086900000, 0x0000000086900000, 0x0000000086a00000|  0%| F|  |TAMS 0x0000000086900000| PB 0x0000000086900000| Untracked 
| 106|0x0000000086a00000, 0x0000000086a00000, 0x0000000086b00000|  0%| F|  |TAMS 0x0000000086a00000| PB 0x0000000086a00000| Untracked 
| 107|0x0000000086b00000, 0x0000000086b00000, 0x0000000086c00000|  0%| F|  |TAMS 0x0000000086b00000| PB 0x0000000086b00000| Untracked 
| 108|0x0000000086c00000, 0x0000000086c00000, 0x0000000086d00000|  0%| F|  |TAMS 0x0000000086c00000| PB 0x0000000086c00000| Untracked 
| 109|0x0000000086d00000, 0x0000000086d00000, 0x0000000086e00000|  0%| F|  |TAMS 0x0000000086d00000| PB 0x0000000086d00000| Untracked 
| 110|0x0000000086e00000, 0x0000000086e00000, 0x0000000086f00000|  0%| F|  |TAMS 0x0000000086e00000| PB 0x0000000086e00000| Untracked 
| 111|0x0000000086f00000, 0x0000000086f00000, 0x0000000087000000|  0%| F|  |TAMS 0x0000000086f00000| PB 0x0000000086f00000| Untracked 
| 112|0x0000000087000000, 0x0000000087000000, 0x0000000087100000|  0%| F|  |TAMS 0x0000000087000000| PB 0x0000000087000000| Untracked 
| 113|0x0000000087100000, 0x0000000087100000, 0x0000000087200000|  0%| F|  |TAMS 0x0000000087100000| PB 0x0000000087100000| Untracked 
| 114|0x0000000087200000, 0x0000000087200000, 0x0000000087300000|  0%| F|  |TAMS 0x0000000087200000| PB 0x0000000087200000| Untracked 
| 115|0x0000000087300000, 0x0000000087300000, 0x0000000087400000|  0%| F|  |TAMS 0x0000000087300000| PB 0x0000000087300000| Untracked 
| 116|0x0000000087400000, 0x0000000087400000, 0x0000000087500000|  0%| F|  |TAMS 0x0000000087400000| PB 0x0000000087400000| Untracked 
| 117|0x0000000087500000, 0x0000000087500000, 0x0000000087600000|  0%| F|  |TAMS 0x0000000087500000| PB 0x0000000087500000| Untracked 
| 118|0x0000000087600000, 0x0000000087600000, 0x0000000087700000|  0%| F|  |TAMS 0x0000000087600000| PB 0x0000000087600000| Untracked 
| 119|0x0000000087700000, 0x0000000087700000, 0x0000000087800000|  0%| F|  |TAMS 0x0000000087700000| PB 0x0000000087700000| Untracked 
| 120|0x0000000087800000, 0x0000000087800000, 0x0000000087900000|  0%| F|  |TAMS 0x0000000087800000| PB 0x0000000087800000| Untracked 
| 121|0x0000000087900000, 0x0000000087900000, 0x0000000087a00000|  0%| F|  |TAMS 0x0000000087900000| PB 0x0000000087900000| Untracked 
| 122|0x0000000087a00000, 0x0000000087a00000, 0x0000000087b00000|  0%| F|  |TAMS 0x0000000087a00000| PB 0x0000000087a00000| Untracked 
| 123|0x0000000087b00000, 0x0000000087b00000, 0x0000000087c00000|  0%| F|  |TAMS 0x0000000087b00000| PB 0x0000000087b00000| Untracked 
| 124|0x0000000087c00000, 0x0000000087c00000, 0x0000000087d00000|  0%| F|  |TAMS 0x0000000087c00000| PB 0x0000000087c00000| Untracked 
| 125|0x0000000087d00000, 0x0000000087d00000, 0x0000000087e00000|  0%| F|  |TAMS 0x0000000087d00000| PB 0x0000000087d00000| Untracked 
| 126|0x0000000087e00000, 0x0000000087e00000, 0x0000000087f00000|  0%| F|  |TAMS 0x0000000087e00000| PB 0x0000000087e00000| Untracked 
| 127|0x0000000087f00000, 0x0000000087f00000, 0x0000000088000000|  0%| F|  |TAMS 0x0000000087f00000| PB 0x0000000087f00000| Untracked 
| 128|0x0000000088000000, 0x0000000088000000, 0x0000000088100000|  0%| F|  |TAMS 0x0000000088000000| PB 0x0000000088000000| Untracked 
| 129|0x0000000088100000, 0x0000000088100000, 0x0000000088200000|  0%| F|  |TAMS 0x0000000088100000| PB 0x0000000088100000| Untracked 
| 130|0x0000000088200000, 0x0000000088200000, 0x0000000088300000|  0%| F|  |TAMS 0x0000000088200000| PB 0x0000000088200000| Untracked 
| 131|0x0000000088300000, 0x0000000088300000, 0x0000000088400000|  0%| F|  |TAMS 0x0000000088300000| PB 0x0000000088300000| Untracked 
| 132|0x0000000088400000, 0x0000000088400000, 0x0000000088500000|  0%| F|  |TAMS 0x0000000088400000| PB 0x0000000088400000| Untracked 
| 133|0x0000000088500000, 0x0000000088500000, 0x0000000088600000|  0%| F|  |TAMS 0x0000000088500000| PB 0x0000000088500000| Untracked 
| 134|0x0000000088600000, 0x0000000088600000, 0x0000000088700000|  0%| F|  |TAMS 0x0000000088600000| PB 0x0000000088600000| Untracked 
| 135|0x0000000088700000, 0x0000000088700000, 0x0000000088800000|  0%| F|  |TAMS 0x0000000088700000| PB 0x0000000088700000| Untracked 
| 136|0x0000000088800000, 0x0000000088800000, 0x0000000088900000|  0%| F|  |TAMS 0x0000000088800000| PB 0x0000000088800000| Untracked 
| 137|0x0000000088900000, 0x0000000088900000, 0x0000000088a00000|  0%| F|  |TAMS 0x0000000088900000| PB 0x0000000088900000| Untracked 
| 138|0x0000000088a00000, 0x0000000088a00000, 0x0000000088b00000|  0%| F|  |TAMS 0x0000000088a00000| PB 0x0000000088a00000| Untracked 
| 139|0x0000000088b00000, 0x0000000088b00000, 0x0000000088c00000|  0%| F|  |TAMS 0x0000000088b00000| PB 0x0000000088b00000| Untracked 
| 140|0x0000000088c00000, 0x0000000088c00000, 0x0000000088d00000|  0%| F|  |TAMS 0x0000000088c00000| PB 0x0000000088c00000| Untracked 
| 141|0x0000000088d00000, 0x0000000088d00000, 0x0000000088e00000|  0%| F|  |TAMS 0x0000000088d00000| PB 0x0000000088d00000| Untracked 
| 142|0x0000000088e00000, 0x0000000088e00000, 0x0000000088f00000|  0%| F|  |TAMS 0x0000000088e00000| PB 0x0000000088e00000| Untracked 
| 143|0x0000000088f00000, 0x0000000088f00000, 0x0000000089000000|  0%| F|  |TAMS 0x0000000088f00000| PB 0x0000000088f00000| Untracked 
| 144|0x0000000089000000, 0x0000000089000000, 0x0000000089100000|  0%| F|  |TAMS 0x0000000089000000| PB 0x0000000089000000| Untracked 
| 145|0x0000000089100000, 0x0000000089100000, 0x0000000089200000|  0%| F|  |TAMS 0x0000000089100000| PB 0x0000000089100000| Untracked 
|2042|0x00000000ffa00000, 0x00000000ffb00000, 0x00000000ffb00000|100%| O|  |TAMS 0x00000000ffb00000| PB 0x00000000ffa00000| Untracked 
|2043|0x00000000ffb00000, 0x00000000ffc00000, 0x00000000ffc00000|100%| O|  |TAMS 0x00000000ffc00000| PB 0x00000000ffb00000| Untracked 
|2044|0x00000000ffc00000, 0x00000000ffd00000, 0x00000000ffd00000|100%| O|  |TAMS 0x00000000ffd00000| PB 0x00000000ffc00000| Untracked 
|2045|0x00000000ffd00000, 0x00000000ffe00000, 0x00000000ffe00000|100%| O|  |TAMS 0x00000000ffe00000| PB 0x00000000ffd00000| Untracked 
|2046|0x00000000ffe00000, 0x00000000fff00000, 0x00000000fff00000|100%| E|  |TAMS 0x00000000ffe00000| PB 0x00000000ffe00000| Complete 
|2047|0x00000000fff00000, 0x0000000100000000, 0x0000000100000000|100%| E|CS|TAMS 0x00000000fff00000| PB 0x00000000fff00000| Complete 

Card table byte_map: [0x0000015c78810000,0x0000015c78c10000] _byte_map_base: 0x0000015c78410000

Marking Bits: (CMBitMap*) 0x0000015c74f382a0
 Bits: [0x0000015c78c10000, 0x0000015c7ac10000)

Polling page: 0x0000015c72d50000

Metaspace:

Usage:
  Non-class:     71.85 MB used.
      Class:     11.82 MB used.
       Both:     83.66 MB used.

Virtual space:
  Non-class space:      128.00 MB reserved,      72.94 MB ( 57%) committed,  2 nodes.
      Class space:        1.00 GB reserved,      12.88 MB (  1%) committed,  1 nodes.
             Both:        1.12 GB reserved,      85.81 MB (  7%) committed. 

Chunk freelists:
   Non-Class:  7.08 MB
       Class:  3.15 MB
        Both:  10.23 MB

MaxMetaspaceSize: unlimited
CompressedClassSpaceSize: 1.00 GB
Initial GC threshold: 21.00 MB
Current GC threshold: 127.44 MB
CDS: on
 - commit_granule_bytes: 65536.
 - commit_granule_words: 8192.
 - virtual_space_node_default_size: 8388608.
 - enlarge_chunks_in_place: 1.
 - use_allocation_guard: 0.


Internal statistics:

num_allocs_failed_limit: 9.
num_arena_births: 3982.
num_arena_deaths: 0.
num_vsnodes_births: 3.
num_vsnodes_deaths: 0.
num_space_committed: 1373.
num_space_uncommitted: 0.
num_chunks_returned_to_freelist: 9.
num_chunks_taken_from_freelist: 8017.
num_chunk_merges: 6.
num_chunk_splits: 5254.
num_chunks_enlarged: 3280.
num_inconsistent_stats: 0.

CodeHeap 'non-profiled nmethods': size=120000Kb used=5808Kb max_used=5808Kb free=114191Kb
 bounds [0x0000015c07ad0000, 0x0000015c08080000, 0x0000015c0f000000]
CodeHeap 'profiled nmethods': size=120000Kb used=17134Kb max_used=17134Kb free=102865Kb
 bounds [0x0000015c00000000, 0x0000015c010c0000, 0x0000015c07530000]
CodeHeap 'non-nmethods': size=5760Kb used=2948Kb max_used=2972Kb free=2811Kb
 bounds [0x0000015c07530000, 0x0000015c07820000, 0x0000015c07ad0000]
CodeCache: size=245760Kb, used=25890Kb, max_used=25914Kb, free=219867Kb
 total_blobs=10361, nmethods=9390, adapters=875, full_count=0
Compilation: enabled, stopped_count=0, restarted_count=0

Compilation events (20 events):
Event: 36.183 Thread 0x0000015c7d659a20 11015       3       java.lang.StringConcatHelper::stringOf (20 bytes)
Event: 36.183 Thread 0x0000015c7d659a20 nmethod 11015 0x0000015c010ae990 code [0x0000015c010aeb40, 0x0000015c010aed70]
Event: 36.184 Thread 0x0000015c7d659a20 11016       1       org.gradle.api.internal.artifacts.configurations.DefaultVariant::getName (5 bytes)
Event: 36.184 Thread 0x0000015c7d659a20 nmethod 11016 0x0000015c08077390 code [0x0000015c08077520, 0x0000015c080775e8]
Event: 36.186 Thread 0x0000015c7d659a20 11017       3       com.android.build.api.artifact.impl.ArtifactsImpl::getArtifactContainer$gradle_core (27 bytes)
Event: 36.187 Thread 0x0000015c7d659a20 nmethod 11017 0x0000015c010aee10 code [0x0000015c010af060, 0x0000015c010af6c8]
Event: 36.187 Thread 0x0000015c7d659a20 11018  s    3       com.android.build.api.artifact.impl.TypedStorageProvider::getArtifact$gradle_core (80 bytes)
Event: 36.189 Thread 0x0000015c7d659a20 nmethod 11018 0x0000015c010af990 code [0x0000015c010afca0, 0x0000015c010b0d80]
Event: 36.189 Thread 0x0000015c7d659a20 11019       3       org.gradle.api.internal.artifacts.configurations.DefaultVariant_Decorated::getName (39 bytes)
Event: 36.189 Thread 0x0000015c7d659a20 nmethod 11019 0x0000015c010b1310 code [0x0000015c010b14e0, 0x0000015c010b1848]
Event: 36.192 Thread 0x0000015c7d64bb40 nmethod 11006 0x0000015c08077690 code [0x0000015c08077860, 0x0000015c08077fa0]
Event: 36.192 Thread 0x0000015c7d64bb40 11014       4       java.lang.invoke.BoundMethodHandle::editor (8 bytes)
Event: 36.196 Thread 0x0000015c7d64bb40 nmethod 11014 0x0000015c08078210 code [0x0000015c080783a0, 0x0000015c08078568]
Event: 36.196 Thread 0x0000015c7d64bb40 11007       4       org.objectweb.asm.MethodWriter::visitJumpInsn (495 bytes)
Event: 36.197 Thread 0x0000015c7d659a20 11020       3       org.gradle.internal.metaobject.DynamicInvokeResult::isFound (16 bytes)
Event: 36.198 Thread 0x0000015c7d659a20 nmethod 11020 0x0000015c010b1990 code [0x0000015c010b1b40, 0x0000015c010b1cb0]
Event: 36.200 Thread 0x0000015c7d659a20 11021       3       java.lang.Long::compare (22 bytes)
Event: 36.200 Thread 0x0000015c7d659a20 nmethod 11021 0x0000015c010b1d90 code [0x0000015c010b1f40, 0x0000015c010b2120]
Event: 36.200 Thread 0x0000015c7d659a20 11022       1       org.gradle.tooling.internal.provider.runner.ProjectConfigurationTracker$PluginApplicationResult::getFirstApplicationId (5 bytes)
Event: 36.200 Thread 0x0000015c7d659a20 nmethod 11022 0x0000015c08078690 code [0x0000015c08078820, 0x0000015c080788e8]

GC Heap History (20 events):
Event: 20.090 GC heap before
{Heap before GC invocations=22 (full 0):
 garbage-first heap   total 103424K, used 92244K [0x0000000080000000, 0x0000000100000000)
  region size 1024K, 37 young (37888K), 3 survivors (3072K)
 Metaspace       used 60390K, committed 62272K, reserved 1114112K
  class space    used 8645K, committed 9536K, reserved 1048576K
}
Event: 20.097 GC heap after
{Heap after GC invocations=23 (full 0):
 garbage-first heap   total 103424K, used 57655K [0x0000000080000000, 0x0000000100000000)
  region size 1024K, 3 young (3072K), 3 survivors (3072K)
 Metaspace       used 60390K, committed 62272K, reserved 1114112K
  class space    used 8645K, committed 9536K, reserved 1048576K
}
Event: 20.924 GC heap before
{Heap before GC invocations=23 (full 0):
 garbage-first heap   total 103424K, used 84279K [0x0000000080000000, 0x0000000100000000)
  region size 1024K, 30 young (30720K), 3 survivors (3072K)
 Metaspace       used 60757K, committed 62656K, reserved 1114112K
  class space    used 8702K, committed 9600K, reserved 1048576K
}
Event: 20.934 GC heap after
{Heap after GC invocations=24 (full 0):
 garbage-first heap   total 124928K, used 58937K [0x0000000080000000, 0x0000000100000000)
  region size 1024K, 5 young (5120K), 5 survivors (5120K)
 Metaspace       used 60757K, committed 62656K, reserved 1114112K
  class space    used 8702K, committed 9600K, reserved 1048576K
}
Event: 22.794 GC heap before
{Heap before GC invocations=25 (full 0):
 garbage-first heap   total 124928K, used 120377K [0x0000000080000000, 0x0000000100000000)
  region size 1024K, 56 young (57344K), 5 survivors (5120K)
 Metaspace       used 64704K, committed 66624K, reserved 1114112K
  class space    used 9144K, committed 10112K, reserved 1048576K
}
Event: 22.809 GC heap after
{Heap after GC invocations=26 (full 0):
 garbage-first heap   total 133120K, used 75262K [0x0000000080000000, 0x0000000100000000)
  region size 1024K, 7 young (7168K), 7 survivors (7168K)
 Metaspace       used 64704K, committed 66624K, reserved 1114112K
  class space    used 9144K, committed 10112K, reserved 1048576K
}
Event: 24.299 GC heap before
{Heap before GC invocations=26 (full 0):
 garbage-first heap   total 133120K, used 121342K [0x0000000080000000, 0x0000000100000000)
  region size 1024K, 51 young (52224K), 7 survivors (7168K)
 Metaspace       used 68942K, committed 70976K, reserved 1114112K
  class space    used 9680K, committed 10688K, reserved 1048576K
}
Event: 24.312 GC heap after
{Heap after GC invocations=27 (full 0):
 garbage-first heap   total 135168K, used 79005K [0x0000000080000000, 0x0000000100000000)
  region size 1024K, 4 young (4096K), 4 survivors (4096K)
 Metaspace       used 68942K, committed 70976K, reserved 1114112K
  class space    used 9680K, committed 10688K, reserved 1048576K
}
Event: 24.734 GC heap before
{Heap before GC invocations=27 (full 0):
 garbage-first heap   total 135168K, used 92317K [0x0000000080000000, 0x0000000100000000)
  region size 1024K, 18 young (18432K), 4 survivors (4096K)
 Metaspace       used 69882K, committed 72000K, reserved 1114112K
  class space    used 9834K, committed 10880K, reserved 1048576K
}
Event: 24.742 GC heap after
{Heap after GC invocations=28 (full 0):
 garbage-first heap   total 135168K, used 80384K [0x0000000080000000, 0x0000000100000000)
  region size 1024K, 5 young (5120K), 5 survivors (5120K)
 Metaspace       used 69882K, committed 72000K, reserved 1114112K
  class space    used 9834K, committed 10880K, reserved 1048576K
}
Event: 25.922 GC heap before
{Heap before GC invocations=29 (full 0):
 garbage-first heap   total 137216K, used 129536K [0x0000000080000000, 0x0000000100000000)
  region size 1024K, 48 young (49152K), 5 survivors (5120K)
 Metaspace       used 72149K, committed 74176K, reserved 1114112K
  class space    used 10156K, committed 11136K, reserved 1048576K
}
Event: 25.933 GC heap after
{Heap after GC invocations=30 (full 0):
 garbage-first heap   total 139264K, used 85340K [0x0000000080000000, 0x0000000100000000)
  region size 1024K, 6 young (6144K), 6 survivors (6144K)
 Metaspace       used 72149K, committed 74176K, reserved 1114112K
  class space    used 10156K, committed 11136K, reserved 1048576K
}
Event: 27.520 GC heap before
{Heap before GC invocations=30 (full 0):
 garbage-first heap   total 139264K, used 126300K [0x0000000080000000, 0x0000000100000000)
  region size 1024K, 47 young (48128K), 6 survivors (6144K)
 Metaspace       used 75594K, committed 77696K, reserved 1179648K
  class space    used 10568K, committed 11584K, reserved 1048576K
}
Event: 27.532 GC heap after
{Heap after GC invocations=31 (full 0):
 garbage-first heap   total 141312K, used 88970K [0x0000000080000000, 0x0000000100000000)
  region size 1024K, 5 young (5120K), 5 survivors (5120K)
 Metaspace       used 75594K, committed 77696K, reserved 1179648K
  class space    used 10568K, committed 11584K, reserved 1048576K
}
Event: 28.302 GC heap before
{Heap before GC invocations=31 (full 0):
 garbage-first heap   total 141312K, used 105354K [0x0000000080000000, 0x0000000100000000)
  region size 1024K, 22 young (22528K), 5 survivors (5120K)
 Metaspace       used 75896K, committed 78080K, reserved 1179648K
  class space    used 10600K, committed 11648K, reserved 1048576K
}
Event: 28.310 GC heap after
{Heap after GC invocations=32 (full 0):
 garbage-first heap   total 141312K, used 90026K [0x0000000080000000, 0x0000000100000000)
  region size 1024K, 3 young (3072K), 3 survivors (3072K)
 Metaspace       used 75896K, committed 78080K, reserved 1179648K
  class space    used 10600K, committed 11648K, reserved 1048576K
}
Event: 29.350 GC heap before
{Heap before GC invocations=33 (full 0):
 garbage-first heap   total 155648K, used 129962K [0x0000000080000000, 0x0000000100000000)
  region size 1024K, 40 young (40960K), 3 survivors (3072K)
 Metaspace       used 78724K, committed 80896K, reserved 1179648K
  class space    used 10985K, committed 12032K, reserved 1048576K
}
Event: 29.357 GC heap after
{Heap after GC invocations=34 (full 0):
 garbage-first heap   total 155648K, used 93315K [0x0000000080000000, 0x0000000100000000)
  region size 1024K, 4 young (4096K), 4 survivors (4096K)
 Metaspace       used 78724K, committed 80896K, reserved 1179648K
  class space    used 10985K, committed 12032K, reserved 1048576K
}
Event: 30.717 GC heap before
{Heap before GC invocations=34 (full 0):
 garbage-first heap   total 155648K, used 140419K [0x0000000080000000, 0x0000000100000000)
  region size 1024K, 49 young (50176K), 4 survivors (4096K)
 Metaspace       used 82178K, committed 84352K, reserved 1179648K
  class space    used 11585K, committed 12608K, reserved 1048576K
}
Event: 30.727 GC heap after
{Heap after GC invocations=35 (full 0):
 garbage-first heap   total 155648K, used 93153K [0x0000000080000000, 0x0000000100000000)
  region size 1024K, 3 young (3072K), 3 survivors (3072K)
 Metaspace       used 82178K, committed 84352K, reserved 1179648K
  class space    used 11585K, committed 12608K, reserved 1048576K
}

Dll operation events (14 events):
Event: 0.019 Loaded shared library C:\Users\rawat\.antigravity-ide\extensions\redhat.java-1.55.0-win32-x64\jre\21.0.11-win32-x86_64\bin\java.dll
Event: 0.090 Loaded shared library C:\Users\rawat\.antigravity-ide\extensions\redhat.java-1.55.0-win32-x64\jre\21.0.11-win32-x86_64\bin\zip.dll
Event: 0.110 Loaded shared library C:\Users\rawat\.antigravity-ide\extensions\redhat.java-1.55.0-win32-x64\jre\21.0.11-win32-x86_64\bin\instrument.dll
Event: 0.119 Loaded shared library C:\Users\rawat\.antigravity-ide\extensions\redhat.java-1.55.0-win32-x64\jre\21.0.11-win32-x86_64\bin\net.dll
Event: 0.123 Loaded shared library C:\Users\rawat\.antigravity-ide\extensions\redhat.java-1.55.0-win32-x64\jre\21.0.11-win32-x86_64\bin\nio.dll
Event: 0.132 Loaded shared library C:\Users\rawat\.antigravity-ide\extensions\redhat.java-1.55.0-win32-x64\jre\21.0.11-win32-x86_64\bin\zip.dll
Event: 0.404 Loaded shared library C:\Users\rawat\.antigravity-ide\extensions\redhat.java-1.55.0-win32-x64\jre\21.0.11-win32-x86_64\bin\jimage.dll
Event: 0.536 Loaded shared library C:\Users\rawat\.antigravity-ide\extensions\redhat.java-1.55.0-win32-x64\jre\21.0.11-win32-x86_64\bin\verify.dll
Event: 0.649 Loaded shared library C:\Users\rawat\.gradle\native\1def1411415f61bf3af743bc5b6707747c0891f09f0c88961ee8f79bc544acac\windows-amd64\native-platform.dll
Event: 0.664 Loaded shared library C:\Users\rawat\.gradle\native\0.2.7\x86_64-windows-gnu\gradle-fileevents.dll
Event: 1.557 Loaded shared library C:\Users\rawat\.antigravity-ide\extensions\redhat.java-1.55.0-win32-x64\jre\21.0.11-win32-x86_64\bin\management.dll
Event: 1.563 Loaded shared library C:\Users\rawat\.antigravity-ide\extensions\redhat.java-1.55.0-win32-x64\jre\21.0.11-win32-x86_64\bin\management_ext.dll
Event: 1.704 Loaded shared library C:\Users\rawat\.antigravity-ide\extensions\redhat.java-1.55.0-win32-x64\jre\21.0.11-win32-x86_64\bin\extnet.dll
Event: 1.972 Loaded shared library C:\Users\rawat\.antigravity-ide\extensions\redhat.java-1.55.0-win32-x64\jre\21.0.11-win32-x86_64\bin\sunmscapi.dll

Deoptimization events (20 events):
Event: 31.704 Thread 0x0000015c54061840 Uncommon trap: trap_request=0xffffff45 fr.pc=0x0000015c07bf67fc relative=0x00000000000000bc
Event: 31.704 Thread 0x0000015c54061840 Uncommon trap: reason=unstable_if action=reinterpret pc=0x0000015c07bf67fc method=java.lang.invoke.LambdaForm$BasicType.basicType(C)Ljava/lang/invoke/LambdaForm$BasicType; @ 1 c2
Event: 31.704 Thread 0x0000015c54061840 DEOPT PACKING pc=0x0000015c07bf67fc sp=0x00000006584f7230
Event: 31.704 Thread 0x0000015c54061840 DEOPT UNPACKING pc=0x0000015c07587ba2 sp=0x00000006584f7160 mode 2
Event: 31.704 Thread 0x0000015c54061840 Uncommon trap: trap_request=0xffffff45 fr.pc=0x0000015c07bf54c0 relative=0x00000000000000a0
Event: 31.704 Thread 0x0000015c54061840 Uncommon trap: reason=unstable_if action=reinterpret pc=0x0000015c07bf54c0 method=java.lang.invoke.LambdaForm$BasicType.basicType(C)Ljava/lang/invoke/LambdaForm$BasicType; @ 1 c2
Event: 31.704 Thread 0x0000015c54061840 DEOPT PACKING pc=0x0000015c07bf54c0 sp=0x00000006584f71c0
Event: 31.704 Thread 0x0000015c54061840 DEOPT UNPACKING pc=0x0000015c07587ba2 sp=0x00000006584f7160 mode 2
Event: 31.722 Thread 0x0000015c54061840 Uncommon trap: trap_request=0xffffff45 fr.pc=0x0000015c07f04b84 relative=0x0000000000000064
Event: 31.722 Thread 0x0000015c54061840 Uncommon trap: reason=unstable_if action=reinterpret pc=0x0000015c07f04b84 method=java.lang.StringConcatHelper.stringOf(Ljava/lang/Object;)Ljava/lang/String; @ 1 c2
Event: 31.722 Thread 0x0000015c54061840 DEOPT PACKING pc=0x0000015c07f04b84 sp=0x00000006584f8030
Event: 31.722 Thread 0x0000015c54061840 DEOPT UNPACKING pc=0x0000015c07587ba2 sp=0x00000006584f7fc0 mode 2
Event: 36.149 Thread 0x0000015c54061840 Uncommon trap: trap_request=0xffffff45 fr.pc=0x0000015c07b006c8 relative=0x0000000000000448
Event: 36.149 Thread 0x0000015c54061840 Uncommon trap: reason=unstable_if action=reinterpret pc=0x0000015c07b006c8 method=java.lang.StringConcatHelper.simpleConcat(Ljava/lang/Object;Ljava/lang/Object;)Ljava/lang/String; @ 30 c2
Event: 36.149 Thread 0x0000015c54061840 DEOPT PACKING pc=0x0000015c07b006c8 sp=0x00000006584f8230
Event: 36.149 Thread 0x0000015c54061840 DEOPT UNPACKING pc=0x0000015c07587ba2 sp=0x00000006584f81d8 mode 2
Event: 36.200 Thread 0x0000015c5405fe00 Uncommon trap: trap_request=0xffffff45 fr.pc=0x0000015c07ebfc68 relative=0x0000000000006588
Event: 36.201 Thread 0x0000015c5405fe00 Uncommon trap: reason=unstable_if action=reinterpret pc=0x0000015c07ebfc68 method=java.io.ObjectStreamClass.writeNonProxy(Ljava/io/ObjectOutputStream;)V @ 22 c2
Event: 36.201 Thread 0x0000015c5405fe00 DEOPT PACKING pc=0x0000015c07ebfc68 sp=0x00000006587fe500
Event: 36.201 Thread 0x0000015c5405fe00 DEOPT UNPACKING pc=0x0000015c07587ba2 sp=0x00000006587fe3c0 mode 2

Classes loaded (20 events):
Event: 26.465 Loading class java/io/CharArrayReader
Event: 26.465 Loading class java/io/CharArrayReader done
Event: 26.949 Loading class java/lang/Override
Event: 26.949 Loading class java/lang/Override done
Event: 29.436 Loading class java/util/concurrent/atomic/AtomicIntegerArray
Event: 29.436 Loading class java/util/concurrent/atomic/AtomicIntegerArray done
Event: 29.442 Loading class java/util/Currency
Event: 29.443 Loading class java/util/Currency done
Event: 29.459 Loading class java/util/concurrent/atomic/AtomicLongArray
Event: 29.460 Loading class java/util/concurrent/atomic/AtomicLongArray done
Event: 29.544 Loading class sun/reflect/generics/repository/FieldRepository
Event: 29.545 Loading class sun/reflect/generics/repository/FieldRepository done
Event: 29.579 Loading class jdk/internal/vm/annotation/ForceInline
Event: 29.579 Loading class jdk/internal/vm/annotation/ForceInline done
Event: 29.736 Loading class java/util/regex/Pattern$Caret
Event: 29.736 Loading class java/util/regex/Pattern$Caret done
Event: 32.979 Loading class java/io/CharArrayWriter
Event: 32.979 Loading class java/io/CharArrayWriter done
Event: 36.235 Loading class java/lang/AbstractMethodError
Event: 36.235 Loading class java/lang/AbstractMethodError done

Classes unloaded (0 events):
No events

Classes redefined (0 events):
No events

Internal exceptions (20 events):
Event: 20.839 Thread 0x0000015c54061840 Implicit null exception at 0x0000015c07cfb0bf to 0x0000015c07cfb544
Event: 23.502 Thread 0x0000015c54061840 Exception <a 'java/lang/ClassNotFoundException'{0x0000000086518118}: sun/misc/SharedSecrets> (0x0000000086518118) 
thrown [s\src\hotspot\share\classfile\systemDictionary.cpp, line 313]
Event: 24.195 Thread 0x0000015c54061840 Exception <a 'java/lang/NoSuchMethodError'{0x0000000085001360}: 'java.lang.Object java.lang.invoke.DirectMethodHandle$Holder.newInvokeSpecial(java.lang.Object, java.lang.Object, java.lang.Object, java.lang.Object, java.lang.Object, java.lang.Object, java.lang.Object, java.lang.Object, java.lang.Object, java.lang.Object, java.lang.Object, java.lang.Object, java.lang.Object, java.lang.Object, java.lang.Object, java.lang.Object)'> (0x0000000085001360) 
thrown [s\src\hotspot\share\interpreter\linkResolver.cpp,
Event: 24.196 Thread 0x0000015c54061840 Exception <a 'java/lang/NoSuchMethodError'{0x0000000085008250}: 'java.lang.Object java.lang.invoke.DirectMethodHandle$Holder.invokeSpecial(java.lang.Object, java.lang.Object, java.lang.Object, java.lang.Object, java.lang.Object, java.lang.Object, java.lang.Object, java.lang.Object, java.lang.Object, java.lang.Object, java.lang.Object, java.lang.Object, java.lang.Object, java.lang.Object, java.lang.Object, java.lang.Object, java.lang.Object)'> (0x0000000085008250) 
thrown [s\src\hotspot\share\interpreter\li
Event: 24.196 Thread 0x0000015c54061840 Exception <a 'java/lang/NoSuchMethodError'{0x000000008500e0a8}: 'java.lang.Object java.lang.invoke.DelegatingMethodHandle$Holder.reinvoke_L(java.lang.Object, java.lang.Object, java.lang.Object, java.lang.Object, java.lang.Object, java.lang.Object, java.lang.Object, java.lang.Object, java.lang.Object, java.lang.Object, java.lang.Object, java.lang.Object, java.lang.Object, java.lang.Object, java.lang.Object, java.lang.Object)'> (0x000000008500e0a8) 
thrown [s\src\hotspot\share\interpreter\linkResolver.cpp, l
Event: 24.662 Thread 0x0000015c54061840 Implicit null exception at 0x0000015c07b971dd to 0x0000015c07b97420
Event: 27.209 Thread 0x0000015c54061840 Implicit null exception at 0x0000015c07d66364 to 0x0000015c07d67e24
Event: 27.209 Thread 0x0000015c54061840 Implicit null exception at 0x0000015c07d6b5d0 to 0x0000015c07d6d2b4
Event: 27.210 Thread 0x0000015c54061840 Implicit null exception at 0x0000015c07f8d894 to 0x0000015c07f8db98
Event: 28.896 Thread 0x0000015c54061840 Exception <a 'java/lang/NoSuchMethodError'{0x0000000087efea00}: 'java.lang.Object java.lang.invoke.DirectMethodHandle$Holder.newInvokeSpecial(java.lang.Object, java.lang.Object, java.lang.Object, java.lang.Object, java.lang.Object, java.lang.Object, java.lang.Object, java.lang.Object, java.lang.Object, java.lang.Object, java.lang.Object, java.lang.Object, java.lang.Object, java.lang.Object)'> (0x0000000087efea00) 
thrown [s\src\hotspot\share\interpreter\linkResolver.cpp, line 773]
Event: 29.581 Thread 0x0000015c54061840 Exception <a 'java/lang/NoSuchMethodError'{0x0000000088a7e100}: 'void java.lang.invoke.Invokers$Holder.invokeExact_MT(java.lang.Object, java.lang.Object, java.lang.Object, java.lang.Object)'> (0x0000000088a7e100) 
thrown [s\src\hotspot\share\interpreter\linkResolver.cpp, line 773]
Event: 31.187 Thread 0x0000015c54061840 Exception <a 'java/lang/NoSuchMethodError'{0x00000000886d8df8}: 'int java.lang.invoke.DirectMethodHandle$Holder.invokeSpecialIFC(java.lang.Object, java.lang.Object, java.lang.Object, java.lang.Object, java.lang.Object)'> (0x00000000886d8df8) 
thrown [s\src\hotspot\share\interpreter\linkResolver.cpp, line 773]
Event: 31.370 Thread 0x0000015c54061840 Exception <a 'java/lang/NoSuchMethodError'{0x000000008807a630}: 'java.lang.Object java.lang.invoke.Invokers$Holder.invokeExact_MT(java.lang.Object, java.lang.Object, java.lang.Object, int, java.lang.Object, java.lang.Object)'> (0x000000008807a630) 
thrown [s\src\hotspot\share\interpreter\linkResolver.cpp, line 773]
Event: 31.722 Thread 0x0000015c54061840 Implicit null exception at 0x0000015c07f04b3a to 0x0000015c07f04b74
Event: 31.915 Thread 0x0000015c54061840 Exception <a 'java/lang/ClassNotFoundException'{0x0000000086e9cc58}: com/android/build/gradle/internal/api/ApkVariantOutputImpl_DecoratedBeanInfo> (0x0000000086e9cc58) 
thrown [s\src\hotspot\share\classfile\systemDictionary.cpp, line 313]
Event: 31.916 Thread 0x0000015c54061840 Exception <a 'java/lang/ClassNotFoundException'{0x0000000086eaac98}: com/android/build/gradle/internal/api/ApkVariantOutputImplBeanInfo> (0x0000000086eaac98) 
thrown [s\src\hotspot\share\classfile\systemDictionary.cpp, line 313]
Event: 31.918 Thread 0x0000015c54061840 Exception <a 'java/lang/ClassNotFoundException'{0x0000000086eb8fb0}: com/android/build/gradle/internal/api/BaseVariantOutputImplBeanInfo> (0x0000000086eb8fb0) 
thrown [s\src\hotspot\share\classfile\systemDictionary.cpp, line 313]
Event: 31.919 Thread 0x0000015c54061840 Exception <a 'java/lang/ClassNotFoundException'{0x0000000086ec6ff8}: com/android/build/gradle/internal/api/BaseVariantOutputImplCustomizer> (0x0000000086ec6ff8) 
thrown [s\src\hotspot\share\classfile\systemDictionary.cpp, line 313]
Event: 31.922 Thread 0x0000015c54061840 Exception <a 'java/lang/ClassNotFoundException'{0x0000000086ee8948}: com/android/build/gradle/internal/api/ApkVariantOutputImplCustomizer> (0x0000000086ee8948) 
thrown [s\src\hotspot\share\classfile\systemDictionary.cpp, line 313]
Event: 31.925 Thread 0x0000015c54061840 Exception <a 'java/lang/ClassNotFoundException'{0x0000000086d05e90}: com/android/build/gradle/internal/api/ApkVariantOutputImpl_DecoratedCustomizer> (0x0000000086d05e90) 
thrown [s\src\hotspot\share\classfile\systemDictionary.cpp, line 313]

ZGC Phase Switch (0 events):
No events

VM Operations (20 events):
Event: 28.302 Executing safepoint VM operation: G1TryInitiateConcMark (G1 Humongous Allocation)
Event: 28.310 Executing safepoint VM operation: G1TryInitiateConcMark (G1 Humongous Allocation) done
Event: 28.445 Executing safepoint VM operation: G1PauseRemark
Event: 28.454 Executing safepoint VM operation: G1PauseRemark done
Event: 28.515 Executing safepoint VM operation: G1PauseCleanup
Event: 28.515 Executing safepoint VM operation: G1PauseCleanup done
Event: 29.350 Executing safepoint VM operation: G1CollectForAllocation (G1 Evacuation Pause)
Event: 29.357 Executing safepoint VM operation: G1CollectForAllocation (G1 Evacuation Pause) done
Event: 30.368 Executing safepoint VM operation: Cleanup
Event: 30.368 Executing safepoint VM operation: Cleanup done
Event: 30.717 Executing safepoint VM operation: G1CollectForAllocation (G1 Evacuation Pause)
Event: 30.727 Executing safepoint VM operation: G1CollectForAllocation (G1 Evacuation Pause) done
Event: 31.740 Executing safepoint VM operation: Cleanup
Event: 31.741 Executing safepoint VM operation: Cleanup done
Event: 32.756 Executing safepoint VM operation: Cleanup
Event: 32.976 Executing safepoint VM operation: Cleanup done
Event: 33.984 Executing safepoint VM operation: Cleanup
Event: 36.046 Executing safepoint VM operation: Cleanup done
Event: 37.058 Executing safepoint VM operation: Cleanup
Event: 37.059 Executing safepoint VM operation: Cleanup done

Memory protections (0 events):
No events

Nmethod flushes (20 events):
Event: 28.452 Thread 0x0000015c7d61b800 flushing  nmethod 0x0000015c00d34e90
Event: 28.452 Thread 0x0000015c7d61b800 flushing  nmethod 0x0000015c00175f10
Event: 28.452 Thread 0x0000015c7d61b800 flushing  nmethod 0x0000015c00191590
Event: 28.452 Thread 0x0000015c7d61b800 flushing  nmethod 0x0000015c001d6e90
Event: 28.452 Thread 0x0000015c7d61b800 flushing  nmethod 0x0000015c00225a90
Event: 28.452 Thread 0x0000015c7d61b800 flushing  nmethod 0x0000015c0027b990
Event: 28.452 Thread 0x0000015c7d61b800 flushing  nmethod 0x0000015c0038dc90
Event: 28.452 Thread 0x0000015c7d61b800 flushing  nmethod 0x0000015c00518010
Event: 28.452 Thread 0x0000015c7d61b800 flushing  nmethod 0x0000015c0051ff10
Event: 28.452 Thread 0x0000015c7d61b800 flushing  nmethod 0x0000015c00706190
Event: 28.452 Thread 0x0000015c7d61b800 flushing  nmethod 0x0000015c00b2cb90
Event: 28.452 Thread 0x0000015c7d61b800 flushing  nmethod 0x0000015c0013f090
Event: 28.452 Thread 0x0000015c7d61b800 flushing  nmethod 0x0000015c001b1390
Event: 28.452 Thread 0x0000015c7d61b800 flushing  nmethod 0x0000015c004b3510
Event: 28.452 Thread 0x0000015c7d61b800 flushing  nmethod 0x0000015c0054fc90
Event: 28.452 Thread 0x0000015c7d61b800 flushing  nmethod 0x0000015c00688510
Event: 28.452 Thread 0x0000015c7d61b800 flushing  nmethod 0x0000015c00694c10
Event: 28.452 Thread 0x0000015c7d61b800 flushing  nmethod 0x0000015c006f1110
Event: 28.452 Thread 0x0000015c7d61b800 flushing  nmethod 0x0000015c008b6610
Event: 28.452 Thread 0x0000015c7d61b800 flushing  nmethod 0x0000015c00a18d90

Events (20 events):
Event: 16.533 Thread 0x0000015c54061840 Thread added: 0x0000015c5646ece0
Event: 18.475 Thread 0x0000015c54061840 Thread added: 0x0000015c5646bef0
Event: 18.476 Thread 0x0000015c54061840 Thread added: 0x0000015c5646fa00
Event: 18.478 Thread 0x0000015c54061840 Thread added: 0x0000015c56470090
Event: 18.479 Thread 0x0000015c54061840 Thread added: 0x0000015c5646cc10
Event: 18.480 Thread 0x0000015c54061840 Thread added: 0x0000015c56470db0
Event: 18.480 Thread 0x0000015c54061840 Thread added: 0x0000015c56470720
Event: 18.481 Thread 0x0000015c54061840 Thread added: 0x0000015c56471440
Event: 18.660 Thread 0x0000015c7d659a20 Thread added: 0x0000015c545408c0
Event: 20.944 Thread 0x0000015c545408c0 Thread exited: 0x0000015c545408c0
Event: 20.946 Thread 0x0000015c54541d30 Thread exited: 0x0000015c54541d30
Event: 24.295 Thread 0x0000015c54061840 Thread added: 0x0000015c557160f0
Event: 25.014 Thread 0x0000015c7d64bb40 Thread added: 0x0000015c57d040a0
Event: 25.243 Thread 0x0000015c57d040a0 Thread exited: 0x0000015c57d040a0
Event: 25.439 Thread 0x0000015c7d659a20 Thread added: 0x0000015c57d04770
Event: 26.579 Thread 0x0000015c54061840 Thread added: 0x0000015c55714d40
Event: 28.310 Thread 0x0000015c57d04770 Thread exited: 0x0000015c57d04770
Event: 29.180 Thread 0x0000015c7d659a20 Thread added: 0x0000015c57d040a0
Event: 29.935 Thread 0x0000015c57d040a0 Thread exited: 0x0000015c57d040a0
Event: 31.540 Thread 0x0000015c7d659a20 Thread added: 0x0000015c57d040a0


Dynamic libraries:
0x00007ff74e390000 - 0x00007ff74e39e000 	C:\Users\rawat\.antigravity-ide\extensions\redhat.java-1.55.0-win32-x64\jre\21.0.11-win32-x86_64\bin\java.exe
0x00007ffbfd760000 - 0x00007ffbfd9c6000 	C:\WINDOWS\SYSTEM32\ntdll.dll
0x00007ffbfd220000 - 0x00007ffbfd2e9000 	C:\WINDOWS\System32\KERNEL32.DLL
0x00007ffbfafc0000 - 0x00007ffbfb3be000 	C:\WINDOWS\System32\KERNELBASE.dll
0x00007ffbfaac0000 - 0x00007ffbfac0c000 	C:\WINDOWS\System32\ucrtbase.dll
0x00007ffbd8160000 - 0x00007ffbd8178000 	C:\Users\rawat\.antigravity-ide\extensions\redhat.java-1.55.0-win32-x64\jre\21.0.11-win32-x86_64\bin\jli.dll
0x00007ffbcf410000 - 0x00007ffbcf42e000 	C:\Users\rawat\.antigravity-ide\extensions\redhat.java-1.55.0-win32-x64\jre\21.0.11-win32-x86_64\bin\VCRUNTIME140.dll
0x00007ffbfd2f0000 - 0x00007ffbfd4b7000 	C:\WINDOWS\System32\USER32.dll
0x00007ffbfaed0000 - 0x00007ffbfaef7000 	C:\WINDOWS\System32\win32u.dll
0x00007ffbfc720000 - 0x00007ffbfc74b000 	C:\WINDOWS\System32\GDI32.dll
0x00007ffbfac20000 - 0x00007ffbfad4a000 	C:\WINDOWS\System32\gdi32full.dll
0x00007ffbded60000 - 0x00007ffbdeff2000 	C:\WINDOWS\WinSxS\amd64_microsoft.windows.common-controls_6595b64144ccf1df_6.0.26100.8875_none_3e0d5d42e32fe9dd\COMCTL32.dll
0x00007ffbfaa10000 - 0x00007ffbfaab3000 	C:\WINDOWS\System32\msvcp_win.dll
0x00007ffbfb490000 - 0x00007ffbfb539000 	C:\WINDOWS\System32\msvcrt.dll
0x00007ffbfbce0000 - 0x00007ffbfbd12000 	C:\WINDOWS\System32\IMM32.DLL
0x00007ffbf7220000 - 0x00007ffbf722c000 	C:\Users\rawat\.antigravity-ide\extensions\redhat.java-1.55.0-win32-x64\jre\21.0.11-win32-x86_64\bin\vcruntime140_1.dll
0x00007ffbc6090000 - 0x00007ffbc611d000 	C:\Users\rawat\.antigravity-ide\extensions\redhat.java-1.55.0-win32-x64\jre\21.0.11-win32-x86_64\bin\msvcp140.dll
0x00007ffb41930000 - 0x00007ffb426d2000 	C:\Users\rawat\.antigravity-ide\extensions\redhat.java-1.55.0-win32-x64\jre\21.0.11-win32-x86_64\bin\server\jvm.dll
0x00007ffbfc9f0000 - 0x00007ffbfcaa7000 	C:\WINDOWS\System32\ADVAPI32.dll
0x00007ffbfc930000 - 0x00007ffbfc9da000 	C:\WINDOWS\System32\sechost.dll
0x00007ffbfcab0000 - 0x00007ffbfcbc8000 	C:\WINDOWS\System32\RPCRT4.dll
0x00007ffbfc230000 - 0x00007ffbfc2b0000 	C:\WINDOWS\System32\WS2_32.dll
0x00007ffbfa7e0000 - 0x00007ffbfa83e000 	C:\WINDOWS\SYSTEM32\POWRPROF.dll
0x00007ffbef4c0000 - 0x00007ffbef4cb000 	C:\WINDOWS\SYSTEM32\VERSION.dll
0x00007ffbea130000 - 0x00007ffbea166000 	C:\WINDOWS\SYSTEM32\WINMM.dll
0x00007ffbfa7c0000 - 0x00007ffbfa7d4000 	C:\WINDOWS\SYSTEM32\UMPDC.dll
0x00007ffbf9660000 - 0x00007ffbf967b000 	C:\WINDOWS\SYSTEM32\kernel.appcore.dll
0x00007ffbeedc0000 - 0x00007ffbeedca000 	C:\Users\rawat\.antigravity-ide\extensions\redhat.java-1.55.0-win32-x64\jre\21.0.11-win32-x86_64\bin\jimage.dll
0x00007ffbf7d00000 - 0x00007ffbf7f42000 	C:\WINDOWS\SYSTEM32\DBGHELP.DLL
0x00007ffbfce80000 - 0x00007ffbfd203000 	C:\WINDOWS\System32\combase.dll
0x00007ffbfc640000 - 0x00007ffbfc719000 	C:\WINDOWS\System32\OLEAUT32.dll
0x00007ffbd07c0000 - 0x00007ffbd07fb000 	C:\WINDOWS\SYSTEM32\dbgcore.DLL
0x00007ffbfaf00000 - 0x00007ffbfafac000 	C:\WINDOWS\System32\bcryptPrimitives.dll
0x00007ffbee260000 - 0x00007ffbee26f000 	C:\Users\rawat\.antigravity-ide\extensions\redhat.java-1.55.0-win32-x64\jre\21.0.11-win32-x86_64\bin\instrument.dll
0x00007ffbe4ea0000 - 0x00007ffbe4ec0000 	C:\Users\rawat\.antigravity-ide\extensions\redhat.java-1.55.0-win32-x64\jre\21.0.11-win32-x86_64\bin\java.dll
0x00007ffbfb540000 - 0x00007ffbfbcd2000 	C:\WINDOWS\System32\SHELL32.dll
0x00007ffbf8400000 - 0x00007ffbf8c92000 	C:\WINDOWS\SYSTEM32\windows.storage.dll
0x00007ffbfd5a0000 - 0x00007ffbfd697000 	C:\WINDOWS\System32\SHCORE.dll
0x00007ffbfcbd0000 - 0x00007ffbfcc37000 	C:\WINDOWS\System32\shlwapi.dll
0x00007ffbfa8a0000 - 0x00007ffbfa8c9000 	C:\WINDOWS\SYSTEM32\profapi.dll
0x00007ffbca780000 - 0x00007ffbca798000 	C:\Users\rawat\.antigravity-ide\extensions\redhat.java-1.55.0-win32-x64\jre\21.0.11-win32-x86_64\bin\zip.dll
0x00007ffbe7070000 - 0x00007ffbe7080000 	C:\Users\rawat\.antigravity-ide\extensions\redhat.java-1.55.0-win32-x64\jre\21.0.11-win32-x86_64\bin\net.dll
0x00007ffbef620000 - 0x00007ffbef747000 	C:\WINDOWS\SYSTEM32\WINHTTP.dll
0x00007ffbf9c10000 - 0x00007ffbf9c7c000 	C:\WINDOWS\system32\mswsock.dll
0x00007ffbc8e00000 - 0x00007ffbc8e16000 	C:\Users\rawat\.antigravity-ide\extensions\redhat.java-1.55.0-win32-x64\jre\21.0.11-win32-x86_64\bin\nio.dll
0x00007ffbe6b40000 - 0x00007ffbe6b50000 	C:\Users\rawat\.antigravity-ide\extensions\redhat.java-1.55.0-win32-x64\jre\21.0.11-win32-x86_64\bin\verify.dll
0x00007ffbc2430000 - 0x00007ffbc2457000 	C:\Users\rawat\.gradle\native\1def1411415f61bf3af743bc5b6707747c0891f09f0c88961ee8f79bc544acac\windows-amd64\native-platform.dll
0x00007ffb8a770000 - 0x00007ffb8a7e8000 	C:\Users\rawat\.gradle\native\0.2.7\x86_64-windows-gnu\gradle-fileevents.dll
0x00007ffbe66c0000 - 0x00007ffbe66ca000 	C:\Users\rawat\.antigravity-ide\extensions\redhat.java-1.55.0-win32-x64\jre\21.0.11-win32-x86_64\bin\management.dll
0x00007ffbc9960000 - 0x00007ffbc996c000 	C:\Users\rawat\.antigravity-ide\extensions\redhat.java-1.55.0-win32-x64\jre\21.0.11-win32-x86_64\bin\management_ext.dll
0x00007ffbfd210000 - 0x00007ffbfd218000 	C:\WINDOWS\System32\PSAPI.DLL
0x00007ffbf90c0000 - 0x00007ffbf90f3000 	C:\WINDOWS\SYSTEM32\IPHLPAPI.DLL
0x00007ffbfcde0000 - 0x00007ffbfcdea000 	C:\WINDOWS\System32\NSI.dll
0x00007ffbc62e0000 - 0x00007ffbc62e9000 	C:\Users\rawat\.antigravity-ide\extensions\redhat.java-1.55.0-win32-x64\jre\21.0.11-win32-x86_64\bin\extnet.dll
0x00007ffbf9f30000 - 0x00007ffbf9f4b000 	C:\WINDOWS\SYSTEM32\CRYPTSP.dll
0x00007ffbf95c0000 - 0x00007ffbf95f9000 	C:\WINDOWS\system32\rsaenh.dll
0x00007ffbf9cd0000 - 0x00007ffbf9d02000 	C:\WINDOWS\SYSTEM32\USERENV.dll
0x00007ffbfa870000 - 0x00007ffbfa89a000 	C:\WINDOWS\SYSTEM32\bcrypt.dll
0x00007ffbf9f10000 - 0x00007ffbf9f1c000 	C:\WINDOWS\SYSTEM32\CRYPTBASE.dll
0x00007ffbc6060000 - 0x00007ffbc606e000 	C:\Users\rawat\.antigravity-ide\extensions\redhat.java-1.55.0-win32-x64\jre\21.0.11-win32-x86_64\bin\sunmscapi.dll
0x00007ffbfad50000 - 0x00007ffbfaec8000 	C:\WINDOWS\System32\CRYPT32.dll
0x00007ffbfa150000 - 0x00007ffbfa180000 	C:\WINDOWS\SYSTEM32\ncrypt.dll
0x00007ffbfa100000 - 0x00007ffbfa13f000 	C:\WINDOWS\SYSTEM32\NTASN1.dll
0x00007ffb7cb70000 - 0x00007ffb7cb78000 	C:\WINDOWS\system32\wshunix.dll

JVMTI agents:
C:\Users\rawat\.gradle\wrapper\dists\gradle-8.13-bin\5xuhj0ry160q40clulazy9h7d\gradle-8.13\lib\agents\gradle-instrumentation-agent-8.13.jar path:C:\Users\rawat\.antigravity-ide\extensions\redhat.java-1.55.0-win32-x64\jre\21.0.11-win32-x86_64\bin\instrument.dll, loaded, initialized, instrumentlib options:none

dbghelp: loaded successfully - version: 4.0.5 - missing functions: none
symbol engine: initialized successfully - sym options: 0x614 - pdb path: .;C:\Users\rawat\.antigravity-ide\extensions\redhat.java-1.55.0-win32-x64\jre\21.0.11-win32-x86_64\bin;C:\WINDOWS\SYSTEM32;C:\WINDOWS\WinSxS\amd64_microsoft.windows.common-controls_6595b64144ccf1df_6.0.26100.8875_none_3e0d5d42e32fe9dd;C:\Users\rawat\.antigravity-ide\extensions\redhat.java-1.55.0-win32-x64\jre\21.0.11-win32-x86_64\bin\server;C:\Users\rawat\.gradle\native\1def1411415f61bf3af743bc5b6707747c0891f09f0c88961ee8f79bc544acac\windows-amd64;C:\Users\rawat\.gradle\native\0.2.7\x86_64-windows-gnu

VM Arguments:
jvm_args: --add-opens=java.base/java.lang=ALL-UNNAMED --add-opens=java.base/java.lang.invoke=ALL-UNNAMED --add-opens=java.base/java.util=ALL-UNNAMED --add-opens=java.prefs/java.util.prefs=ALL-UNNAMED --add-exports=jdk.compiler/com.sun.tools.javac.api=ALL-UNNAMED --add-exports=jdk.compiler/com.sun.tools.javac.util=ALL-UNNAMED --add-opens=java.base/java.util=ALL-UNNAMED --add-opens=java.prefs/java.util.prefs=ALL-UNNAMED --add-opens=java.base/java.nio.charset=ALL-UNNAMED --add-opens=java.base/java.net=ALL-UNNAMED --add-opens=java.base/java.util.concurrent.atomic=ALL-UNNAMED --add-opens=java.xml/javax.xml.namespace=ALL-UNNAMED -Xmx2048m -Dfile.encoding=UTF-8 -Duser.country=US -Duser.language=en -Duser.variant -javaagent:C:\Users\rawat\.gradle\wrapper\dists\gradle-8.13-bin\5xuhj0ry160q40clulazy9h7d\gradle-8.13\lib\agents\gradle-instrumentation-agent-8.13.jar 
java_command: org.gradle.launcher.daemon.bootstrap.GradleDaemon 8.13
java_class_path (initial): C:\Users\rawat\.gradle\wrapper\dists\gradle-8.13-bin\5xuhj0ry160q40clulazy9h7d\gradle-8.13\lib\gradle-daemon-main-8.13.jar
Launcher Type: SUN_STANDARD

[Global flags]
     intx CICompilerCount                          = 4                                         {product} {ergonomic}
     uint ConcGCThreads                            = 2                                         {product} {ergonomic}
     uint G1ConcRefinementThreads                  = 8                                         {product} {ergonomic}
   size_t G1HeapRegionSize                         = 1048576                                   {product} {ergonomic}
    uintx GCDrainStackTargetSize                   = 64                                        {product} {ergonomic}
   size_t InitialHeapSize                          = 130023424                                 {product} {ergonomic}
   size_t MarkStackSize                            = 4194304                                   {product} {ergonomic}
   size_t MaxHeapSize                              = 2147483648                                {product} {command line}
   size_t MaxNewSize                               = 1287651328                                {product} {ergonomic}
   size_t MinHeapDeltaBytes                        = 1048576                                   {product} {ergonomic}
   size_t MinHeapSize                              = 8388608                                   {product} {ergonomic}
    uintx NonNMethodCodeHeapSize                   = 5839372                                {pd product} {ergonomic}
    uintx NonProfiledCodeHeapSize                  = 122909434                              {pd product} {ergonomic}
    uintx ProfiledCodeHeapSize                     = 122909434                              {pd product} {ergonomic}
    uintx ReservedCodeCacheSize                    = 251658240                              {pd product} {ergonomic}
     bool SegmentedCodeCache                       = true                                      {product} {ergonomic}
   size_t SoftMaxHeapSize                          = 2147483648                             {manageable} {ergonomic}
     bool UseCompressedOops                        = true                           {product lp64_product} {ergonomic}
     bool UseG1GC                                  = true                                      {product} {ergonomic}
     bool UseLargePagesIndividualAllocation        = false                                  {pd product} {ergonomic}

Logging:
Log output configuration:
 #0: stdout all=warning uptime,level,tags foldmultilines=false
 #1: stderr all=off uptime,level,tags foldmultilines=false

Release file:
JAVA_VERSION="21.0.11" 
MODULES="java.base java.compiler java.datatransfer java.xml java.prefs java.desktop java.instrument java.logging java.management java.security.sasl java.naming java.rmi java.management.rmi java.net.http java.scripting java.security.jgss java.transaction.xa java.sql java.sql.rowset java.xml.crypto java.se java.smartcardio jdk.accessibility jdk.internal.jvmstat jdk.attach jdk.charsets jdk.internal.opt jdk.zipfs jdk.compiler jdk.crypto.ec jdk.crypto.cryptoki jdk.crypto.mscapi jdk.dynalink jdk.internal.ed jdk.editpad jdk.hotspot.agent jdk.httpserver jdk.internal.le jdk.internal.vm.ci jdk.internal.vm.compiler jdk.internal.vm.compiler.management jdk.jartool jdk.javadoc jdk.jcmd jdk.management jdk.management.agent jdk.jconsole jdk.jdeps jdk.jdwp.agent jdk.jdi jdk.jfr jdk.jshell jdk.jsobject jdk.jstatd jdk.localedata jdk.management.jfr jdk.naming.dns jdk.naming.rmi jdk.net jdk.nio.mapmode jdk.random jdk.sctp jdk.security.auth jdk.security.jgss jdk.unsupported jdk.unsupported.desktop jdk.xml.dom" 

Environment Variables:
PATH=C:\Program Files\Common Files\Oracle\Java\javapath;C:\Windows\system32;C:\Windows;C:\Windows\System32\Wbem;C:\Windows\System32\WindowsPowerShell\v1.0\;C:\Windows\System32\OpenSSH\;C:\Program Files\NVIDIA Corporation\NVIDIA NvDLISR;C:\WINDOWS\system32;C:\WINDOWS;C:\WINDOWS\System32\Wbem;C:\WINDOWS\System32\WindowsPowerShell\v1.0\;C:\WINDOWS\System32\OpenSSH\;C:\Program Files\dotnet\;C:\Program Files (x86)\Windows Kits\10\Windows Performance Toolkit\;C:\Program Files\Git\cmd;C:\Program Files\Git\bin;C:\MinGW\bin;C:\Program Files\MySQL\MySQL Server 8.0\bin;C:\Program Files\MySQL\MySQL Shell 8.0\bin\;C:\Users\rawat\AppData\Local\Programs\Python\Python314\Scripts\;C:\Users\rawat\AppData\Local\Programs\Python\Python314\;C:\Users\rawat\AppData\Local\Microsoft\WindowsApps;C:\Users\rawat\AppData\Local\Programs\Microsoft VS Code\bin;C:\Users\rawat\Downloads\flutter_windows_3.38.3-stable\flutter\bin;C:\MinGW\bin;C:\Users\rawat\AppData\Local\Programs\Antigravity IDE\bin
USERNAME=rawat
OS=Windows_NT
PROCESSOR_IDENTIFIER=Intel64 Family 6 Model 140 Stepping 1, GenuineIntel
TMP=C:\Users\rawat\AppData\Local\Temp
TEMP=C:\Users\rawat\AppData\Local\Temp




Periodic native trim disabled

---------------  S Y S T E M  ---------------

OS:
 Windows 11 , 64 bit Build 26100 (10.0.26100.8875)
OS uptime: 2 days 23:43 hours
Hyper-V role detected

CPU: total 8 (initial active 8) (4 cores per cpu, 2 threads per core) family 6 model 140 stepping 1 microcode 0xbe, cx8, cmov, fxsr, ht, mmx, 3dnowpref, sse, sse2, sse3, ssse3, sse4.1, sse4.2, popcnt, lzcnt, tsc, tscinvbit, avx, avx2, aes, erms, clmul, bmi1, bmi2, adx, avx512f, avx512dq, avx512cd, avx512bw, avx512vl, sha, fma, vzeroupper, avx512_vpopcntdq, avx512_vpclmulqdq, avx512_vaes, avx512_vnni, clflush, clflushopt, clwb, avx512_vbmi2, avx512_vbmi, hv, rdtscp, rdpid, fsrm, gfni, avx512_bitalg, f16c, cet_ibt, cet_ss, avx512_ifma
Processor Information for processor 0
  Max Mhz: 2803, Current Mhz: 1201, Mhz Limit: 2803
Processor Information for processor 1
  Max Mhz: 2803, Current Mhz: 1201, Mhz Limit: 2803
Processor Information for processor 2
  Max Mhz: 2803, Current Mhz: 1201, Mhz Limit: 2803
Processor Information for processor 3
  Max Mhz: 2803, Current Mhz: 2803, Mhz Limit: 2803
Processor Information for processor 4
  Max Mhz: 2803, Current Mhz: 1201, Mhz Limit: 2803
Processor Information for processor 5
  Max Mhz: 2803, Current Mhz: 1201, Mhz Limit: 2803
Processor Information for processor 6
  Max Mhz: 2803, Current Mhz: 1201, Mhz Limit: 2803
Processor Information for processor 7
  Max Mhz: 2803, Current Mhz: 1201, Mhz Limit: 2803

Memory: 4k page, system-wide physical 7914M (540M free)
TotalPageFile size 32490M (AvailPageFile size 12M)
current process WorkingSet (physical memory assigned to process): 348M, peak: 352M
current process commit charge ("private bytes"): 441M, peak: 442M

vm_info: OpenJDK 64-Bit Server VM (21.0.11+10-LTS) for windows-amd64 JRE (21.0.11+10-LTS), built on 2026-04-21T00:00:00Z by "admin" with MS VC++ 17.12 (VS2022)

END.
