#
# There is insufficient memory for the Java Runtime Environment to continue.
# Native memory allocation (malloc) failed to allocate 1982128 bytes. Error detail: Chunk::new
# Possible reasons:
#   The system is out of physical RAM or swap space
#   This process is running with CompressedOops enabled, and the Java Heap may be blocking the growth of the native heap
# Possible solutions:
#   Reduce memory load on the system
#   Increase physical memory or swap space
#   Check if swap backing store is full
#   Decrease Java heap size (-Xmx/-Xms)
#   Decrease number of Java threads
#   Decrease Java thread stack sizes (-Xss)
#   Set larger code cache with -XX:ReservedCodeCacheSize=
#   JVM is running with Unscaled Compressed Oops mode in which the Java heap is
#     placed in the first 4GB address space. The Java Heap base address is the
#     maximum limit for the native heap growth. Please use -XX:HeapBaseMinAddress
#     to set the Java Heap base and to place the Java Heap above 4GB virtual address.
# This output file may be truncated or incomplete.
#
#  Out of Memory Error (arena.cpp:168), pid=9168, tid=22236
#
# JRE version: OpenJDK Runtime Environment Temurin-21.0.11+10 (21.0.11+10) (build 21.0.11+10-LTS)
# Java VM: OpenJDK 64-Bit Server VM Temurin-21.0.11+10 (21.0.11+10-LTS, mixed mode, sharing, tiered, compressed oops, compressed class ptrs, parallel gc, windows-amd64)
# No core dump will be written. Minidumps are not enabled by default on client versions of Windows
#

---------------  S U M M A R Y ------------

Command Line: --add-modules=ALL-SYSTEM --add-opens=java.base/java.util=ALL-UNNAMED --add-opens=java.base/java.lang=ALL-UNNAMED --add-opens=java.base/sun.nio.fs=ALL-UNNAMED -Declipse.application=org.eclipse.jdt.ls.core.id1 -Dosgi.bundles.defaultStartLevel=4 -Declipse.product=org.eclipse.jdt.ls.core.product -Djava.import.generatesMetadataFilesAtProjectRoot=false -DDetectVMInstallationsJob.disabled=true -Dfile.encoding=utf8 -XX:+UseParallelGC -XX:GCTimeRatio=4 -XX:AdaptiveSizePolicyWeight=90 -Dsun.zip.disableMemoryMapping=true -Xmx2G -Xms100m -Xlog:disable -javaagent:c:\Users\rawat\.antigravity-ide\extensions\redhat.java-1.55.0-win32-x64\lombok\lombok-1.18.39-4050.jar -XX:+HeapDumpOnOutOfMemoryError -XX:HeapDumpPath=c:\Users\rawat\AppData\Roaming\Antigravity IDE\User\workspaceStorage\37c22cd9f0bef5d5ec7063b27c4af746\redhat.java -Daether.dependencyCollector.impl=bf c:\Users\rawat\.antigravity-ide\extensions\redhat.java-1.55.0-win32-x64\server\plugins\org.eclipse.equinox.launcher_1.7.200.v20260619-2039.jar -configuration c:\Users\rawat\AppData\Roaming\Antigravity IDE\User\globalStorage\redhat.java\1.55.0\config_win -data c:\Users\rawat\AppData\Roaming\Antigravity IDE\User\workspaceStorage\37c22cd9f0bef5d5ec7063b27c4af746\redhat.java\jdt_ws --pipe=\\.\pipe\lsp-aec10dc4a65334aa79562a5dbfa6b80f-sock

Host: 11th Gen Intel(R) Core(TM) i7-1165G7 @ 2.80GHz, 8 cores, 7G,  Windows 11 , 64 bit Build 26100 (10.0.26100.8875)
Time: Fri Jul 24 12:32:25 2026 Nepal Standard Time elapsed time: 18.887232 seconds (0d 0h 0m 18s)

---------------  T H R E A D  ---------------

Current thread (0x000001e16806d650):  JavaThread "C2 CompilerThread1" daemon [_thread_in_native, id=22236, stack(0x0000007362000000,0x0000007362100000) (1024K)]


Current CompileTask:
C2:18887 8116   !   4       org.eclipse.core.internal.localstore.UnifiedTree::addChildren (479 bytes)

Stack: [0x0000007362000000,0x0000007362100000]
Native frames: (J=compiled Java code, j=interpreted, Vv=VM code, C=native code)
V  [jvm.dll+0x6d7e19]
V  [jvm.dll+0x8b5096]
V  [jvm.dll+0x8b764e]
V  [jvm.dll+0x8b7d33]
V  [jvm.dll+0x284596]
V  [jvm.dll+0xc685d]
V  [jvm.dll+0xc6da1]
V  [jvm.dll+0x3bed6b]
V  [jvm.dll+0x38b2b2]
V  [jvm.dll+0x38a6fa]
V  [jvm.dll+0x24c700]
V  [jvm.dll+0x24bce0]
V  [jvm.dll+0x1cb4ae]
V  [jvm.dll+0x25baad]
V  [jvm.dll+0x25a03a]
V  [jvm.dll+0x3f868e]
V  [jvm.dll+0x85fb0d]
V  [jvm.dll+0x6d664d]
C  [ucrtbase.dll+0x2cd30]
C  [KERNEL32.DLL+0x2e957]
C  [ntdll.dll+0xaad6c]


---------------  P R O C E S S  ---------------

Threads class SMR info:
_java_thread_list=0x000001e167bc8570, length=47, elements={
0x000001e10899e340, 0x000001e108a5a960, 0x000001e108a5dee0, 0x000001e1089175d0,
0x000001e10891a630, 0x000001e10891b090, 0x000001e10891baf0, 0x000001e10891e940,
0x000001e10894e230, 0x000001e1661fc730, 0x000001e166220680, 0x000001e166706370,
0x000001e1664e6900, 0x000001e166d21f60, 0x000001e166d24740, 0x000001e166b12760,
0x000001e166eb6310, 0x000001e166f2c060, 0x000001e167772f90, 0x000001e167773620,
0x000001e1677749d0, 0x000001e167775060, 0x000001e1677756f0, 0x000001e167776410,
0x000001e167775d80, 0x000001e16924c0c0, 0x000001e16924eeb0, 0x000001e16924e190,
0x000001e16924f540, 0x000001e16924d470, 0x000001e16924fbd0, 0x000001e16924e820,
0x000001e169250260, 0x000001e16924db00, 0x000001e16924cde0, 0x000001e169251610,
0x000001e169251ca0, 0x000001e169252330, 0x000001e1692529c0, 0x000001e1692508f0,
0x000001e1692536e0, 0x000001e169250f80, 0x000001e1694a4300, 0x000001e1694a2f50,
0x000001e1694a3c70, 0x000001e1694a0e80, 0x000001e16806d650
}

Java Threads: ( => current thread )
  0x000001e10899e340 JavaThread "main"                              [_thread_blocked, id=15932, stack(0x000000735e600000,0x000000735e700000) (1024K)]
  0x000001e108a5a960 JavaThread "Reference Handler"          daemon [_thread_blocked, id=16904, stack(0x000000735ea00000,0x000000735eb00000) (1024K)]
  0x000001e108a5dee0 JavaThread "Finalizer"                  daemon [_thread_blocked, id=13052, stack(0x000000735eb00000,0x000000735ec00000) (1024K)]
  0x000001e1089175d0 JavaThread "Signal Dispatcher"          daemon [_thread_blocked, id=15576, stack(0x000000735ec00000,0x000000735ed00000) (1024K)]
  0x000001e10891a630 JavaThread "Attach Listener"            daemon [_thread_blocked, id=22428, stack(0x000000735ed00000,0x000000735ee00000) (1024K)]
  0x000001e10891b090 JavaThread "Service Thread"             daemon [_thread_blocked, id=14412, stack(0x000000735ee00000,0x000000735ef00000) (1024K)]
  0x000001e10891baf0 JavaThread "Monitor Deflation Thread"   daemon [_thread_blocked, id=19976, stack(0x000000735ef00000,0x000000735f000000) (1024K)]
  0x000001e10891e940 JavaThread "C2 CompilerThread0"         daemon [_thread_in_native, id=19160, stack(0x000000735f000000,0x000000735f100000) (1024K)]
  0x000001e10894e230 JavaThread "C1 CompilerThread0"         daemon [_thread_blocked, id=22024, stack(0x000000735f100000,0x000000735f200000) (1024K)]
  0x000001e1661fc730 JavaThread "Common-Cleaner"             daemon [_thread_blocked, id=21424, stack(0x000000735f200000,0x000000735f300000) (1024K)]
  0x000001e166220680 JavaThread "Notification Thread"        daemon [_thread_blocked, id=11420, stack(0x000000735f400000,0x000000735f500000) (1024K)]
  0x000001e166706370 JavaThread "Active Thread: Equinox Container: b8065654-04b4-4583-b0b7-f5e796baa00f"        [_thread_blocked, id=15816, stack(0x000000735fb00000,0x000000735fc00000) (1024K)]
  0x000001e1664e6900 JavaThread "Refresh Thread: Equinox Container: b8065654-04b4-4583-b0b7-f5e796baa00f" daemon [_thread_blocked, id=17236, stack(0x000000735fd00000,0x000000735fe00000) (1024K)]
  0x000001e166d21f60 JavaThread "Framework Event Dispatcher: Equinox Container: b8065654-04b4-4583-b0b7-f5e796baa00f" daemon [_thread_blocked, id=20620, stack(0x000000735fe00000,0x000000735ff00000) (1024K)]
  0x000001e166d24740 JavaThread "Start Level: Equinox Container: b8065654-04b4-4583-b0b7-f5e796baa00f" daemon [_thread_blocked, id=8100, stack(0x000000735ff00000,0x0000007360000000) (1024K)]
  0x000001e166b12760 JavaThread "Bundle File Closer"         daemon [_thread_blocked, id=19408, stack(0x0000007360000000,0x0000007360100000) (1024K)]
  0x000001e166eb6310 JavaThread "SCR Component Actor"        daemon [_thread_blocked, id=22952, stack(0x000000735f300000,0x000000735f400000) (1024K)]
  0x000001e166f2c060 JavaThread "Worker-JM"                         [_thread_blocked, id=15448, stack(0x0000007360200000,0x0000007360300000) (1024K)]
  0x000001e167772f90 JavaThread "JNA Cleaner"                daemon [_thread_blocked, id=1844, stack(0x0000007360100000,0x0000007360200000) (1024K)]
  0x000001e167773620 JavaThread "Worker-0"                          [_thread_blocked, id=14912, stack(0x0000007360400000,0x0000007360500000) (1024K)]
  0x000001e1677749d0 JavaThread "Worker-1: Refreshing workspace"        [_thread_blocked, id=22584, stack(0x0000007360500000,0x0000007360600000) (1024K)]
  0x000001e167775060 JavaThread "Worker-2"                          [_thread_blocked, id=21500, stack(0x0000007360600000,0x0000007360700000) (1024K)]
  0x000001e1677756f0 JavaThread "Java indexing"              daemon [_thread_blocked, id=23740, stack(0x0000007360700000,0x0000007360800000) (1024K)]
  0x000001e167776410 JavaThread "Worker-3"                          [_thread_blocked, id=17932, stack(0x0000007360800000,0x0000007360900000) (1024K)]
  0x000001e167775d80 JavaThread "Worker-4: Initialize Workspace"        [_thread_in_native, id=9988, stack(0x0000007360900000,0x0000007360a00000) (1024K)]
  0x000001e16924c0c0 JavaThread "Worker-5"                          [_thread_blocked, id=5948, stack(0x0000007360c00000,0x0000007360d00000) (1024K)]
  0x000001e16924eeb0 JavaThread "Worker-6"                          [_thread_blocked, id=17968, stack(0x0000007360d00000,0x0000007360e00000) (1024K)]
  0x000001e16924e190 JavaThread "Worker-7"                          [_thread_blocked, id=12944, stack(0x0000007360e00000,0x0000007360f00000) (1024K)]
  0x000001e16924f540 JavaThread "Thread-1"                   daemon [_thread_in_native, id=21056, stack(0x0000007360f00000,0x0000007361000000) (1024K)]
  0x000001e16924d470 JavaThread "Thread-2"                   daemon [_thread_in_native, id=9328, stack(0x0000007361000000,0x0000007361100000) (1024K)]
  0x000001e16924fbd0 JavaThread "Thread-3"                   daemon [_thread_in_native, id=17620, stack(0x0000007361100000,0x0000007361200000) (1024K)]
  0x000001e16924e820 JavaThread "Thread-4"                   daemon [_thread_in_native, id=20536, stack(0x0000007361200000,0x0000007361300000) (1024K)]
  0x000001e169250260 JavaThread "Thread-5"                   daemon [_thread_in_native, id=22228, stack(0x0000007361300000,0x0000007361400000) (1024K)]
  0x000001e16924db00 JavaThread "Thread-6"                   daemon [_thread_in_native, id=9304, stack(0x0000007361400000,0x0000007361500000) (1024K)]
  0x000001e16924cde0 JavaThread "Thread-7"                   daemon [_thread_in_native, id=11268, stack(0x0000007361500000,0x0000007361600000) (1024K)]
  0x000001e169251610 JavaThread "Thread-8"                   daemon [_thread_in_native, id=19932, stack(0x0000007361600000,0x0000007361700000) (1024K)]
  0x000001e169251ca0 JavaThread "Thread-9"                   daemon [_thread_in_native, id=10856, stack(0x0000007361700000,0x0000007361800000) (1024K)]
  0x000001e169252330 JavaThread "pool-2-thread-1"                   [_thread_blocked, id=18696, stack(0x0000007361800000,0x0000007361900000) (1024K)]
  0x000001e1692529c0 JavaThread "WorkspaceEventsHandler"            [_thread_blocked, id=10316, stack(0x0000007361900000,0x0000007361a00000) (1024K)]
  0x000001e1692508f0 JavaThread "pool-1-thread-1"                   [_thread_blocked, id=13340, stack(0x0000007361a00000,0x0000007361b00000) (1024K)]
  0x000001e1692536e0 JavaThread "PatternSearchJob-worker-1"  daemon [_thread_blocked, id=22716, stack(0x0000007361b00000,0x0000007361c00000) (1024K)]
  0x000001e169250f80 JavaThread "PatternSearchJob-worker-2"  daemon [_thread_blocked, id=20800, stack(0x0000007361c00000,0x0000007361d00000) (1024K)]
  0x000001e1694a4300 JavaThread "ProjectImportProgressReporter" daemon [_thread_blocked, id=14732, stack(0x0000007361d00000,0x0000007361e00000) (1024K)]
  0x000001e1694a2f50 JavaThread "Timer-0"                           [_thread_blocked, id=21976, stack(0x0000007361e00000,0x0000007361f00000) (1024K)]
  0x000001e1694a3c70 JavaThread "Timer-1"                           [_thread_blocked, id=8620, stack(0x0000007360300000,0x0000007360400000) (1024K)]
  0x000001e1694a0e80 JavaThread "Timer-2"                           [_thread_blocked, id=19684, stack(0x0000007361f00000,0x0000007362000000) (1024K)]
=>0x000001e16806d650 JavaThread "C2 CompilerThread1"         daemon [_thread_in_native, id=22236, stack(0x0000007362000000,0x0000007362100000) (1024K)]
Total: 47

Other Threads:
  0x000001e108912df0 VMThread "VM Thread"                           [id=16452, stack(0x000000735e900000,0x000000735ea00000) (1024K)]
  0x000001e10882bd60 WatcherThread "VM Periodic Task Thread"        [id=7884, stack(0x000000735e800000,0x000000735e900000) (1024K)]
  0x000001e1089bcc50 WorkerThread "GC Thread#0"                     [id=16764, stack(0x000000735e700000,0x000000735e800000) (1024K)]
  0x000001e1669850a0 WorkerThread "GC Thread#1"                     [id=12900, stack(0x000000735f500000,0x000000735f600000) (1024K)]
  0x000001e166985450 WorkerThread "GC Thread#2"                     [id=13964, stack(0x000000735f600000,0x000000735f700000) (1024K)]
  0x000001e16685f470 WorkerThread "GC Thread#3"                     [id=22616, stack(0x000000735f700000,0x000000735f800000) (1024K)]
  0x000001e166719f50 WorkerThread "GC Thread#4"                     [id=24108, stack(0x000000735f800000,0x000000735f900000) (1024K)]
  0x000001e16671a300 WorkerThread "GC Thread#5"                     [id=2364, stack(0x000000735f900000,0x000000735fa00000) (1024K)]
  0x000001e16671a6b0 WorkerThread "GC Thread#6"                     [id=13552, stack(0x000000735fa00000,0x000000735fb00000) (1024K)]
  0x000001e1665ff530 WorkerThread "GC Thread#7"                     [id=12152, stack(0x000000735fc00000,0x000000735fd00000) (1024K)]
Total: 10

Threads with active compile tasks:
C2 CompilerThread0  18925 8152   !   4       org.eclipse.osgi.internal.loader.BundleLoader::findRequiredSource (283 bytes)
C2 CompilerThread1  18925 8116   !   4       org.eclipse.core.internal.localstore.UnifiedTree::addChildren (479 bytes)
Total: 2

VM state: not at safepoint (normal execution)

VM Mutex/Monitor currently owned by a thread: None

Heap address: 0x0000000080000000, size: 2048 MB, Compressed Oops mode: 32-bit

CDS archive(s) mapped at: [0x000001e120000000-0x000001e120ba0000-0x000001e120ba0000), size 12189696, SharedBaseAddress: 0x000001e120000000, ArchiveRelocationMode: 1.
Compressed class space mapped at: 0x000001e121000000-0x000001e161000000, reserved size: 1073741824
Narrow klass base: 0x000001e120000000, Narrow klass shift: 0, Narrow klass range: 0x100000000

GC Precious Log:
 CardTable entry size: 512
 CPUs: 8 total, 8 available
 Memory: 7914M
 Large Page Support: Disabled
 NUMA Support: Disabled
 Compressed Oops: Enabled (32-bit)
 Alignments: Space 512K, Generation 512K, Heap 2M
 Heap Min Capacity: 100M
 Heap Initial Capacity: 100M
 Heap Max Capacity: 2G
 Pre-touch: Disabled
 Parallel Workers: 8

Heap:
 PSYoungGen      total 17920K, used 12004K [0x00000000d5580000, 0x00000000d6b00000, 0x0000000100000000)
  eden space 16896K, 64% used [0x00000000d5580000,0x00000000d60391d8,0x00000000d6600000)
  from space 1024K, 100% used [0x00000000d6980000,0x00000000d6a80000,0x00000000d6a80000)
  to   space 512K, 0% used [0x00000000d6a80000,0x00000000d6a80000,0x00000000d6b00000)
 ParOldGen       total 68608K, used 56186K [0x0000000080000000, 0x0000000084300000, 0x00000000d5580000)
  object space 68608K, 81% used [0x0000000080000000,0x00000000836debe0,0x0000000084300000)
 Metaspace       used 55699K, committed 56960K, reserved 1114112K
  class space    used 6504K, committed 7040K, reserved 1048576K

Card table byte_map: [0x000001e108340000,0x000001e108750000] _byte_map_base: 0x000001e107f40000

Marking Bits: (ParMarkBitMap*) 0x00007ffb425f4460
 Begin Bits: [0x000001e11ae50000, 0x000001e11ce50000)
 End Bits:   [0x000001e11ce50000, 0x000001e11ee50000)

Polling page: 0x000001e106a20000

Metaspace:

Usage:
  Non-class:     48.04 MB used.
      Class:      6.35 MB used.
       Both:     54.39 MB used.

Virtual space:
  Non-class space:       64.00 MB reserved,      48.75 MB ( 76%) committed,  1 nodes.
      Class space:        1.00 GB reserved,       6.88 MB ( <1%) committed,  1 nodes.
             Both:        1.06 GB reserved,      55.62 MB (  5%) committed. 

Chunk freelists:
   Non-Class:  14.34 MB
       Class:  9.01 MB
        Both:  23.35 MB

MaxMetaspaceSize: unlimited
CompressedClassSpaceSize: 1.00 GB
Initial GC threshold: 21.00 MB
Current GC threshold: 58.38 MB
CDS: on
 - commit_granule_bytes: 65536.
 - commit_granule_words: 8192.
 - virtual_space_node_default_size: 8388608.
 - enlarge_chunks_in_place: 1.
 - use_allocation_guard: 0.


Internal statistics:

num_allocs_failed_limit: 6.
num_arena_births: 982.
num_arena_deaths: 14.
num_vsnodes_births: 2.
num_vsnodes_deaths: 0.
num_space_committed: 890.
num_space_uncommitted: 0.
num_chunks_returned_to_freelist: 20.
num_chunks_taken_from_freelist: 3504.
num_chunk_merges: 9.
num_chunk_splits: 2187.
num_chunks_enlarged: 1296.
num_inconsistent_stats: 0.

CodeHeap 'non-profiled nmethods': size=120000Kb used=4753Kb max_used=4753Kb free=115246Kb
 bounds [0x000001e113670000, 0x000001e113b20000, 0x000001e11aba0000]
CodeHeap 'profiled nmethods': size=120000Kb used=15023Kb max_used=15023Kb free=104977Kb
 bounds [0x000001e10bba0000, 0x000001e10ca50000, 0x000001e1130d0000]
CodeHeap 'non-nmethods': size=5760Kb used=1391Kb max_used=1444Kb free=4368Kb
 bounds [0x000001e1130d0000, 0x000001e113340000, 0x000001e113670000]
CodeCache: size=245760Kb, used=21167Kb, max_used=21220Kb, free=224591Kb
 total_blobs=8240, nmethods=7556, adapters=590, full_count=0
Compilation: enabled, stopped_count=0, restarted_count=0

Compilation events (20 events):
Event: 17.607 Thread 0x000001e10891e940 nmethod 8114 0x000001e113b07110 code [0x000001e113b072c0, 0x000001e113b07458]
Event: 17.621 Thread 0x000001e10891e940 8115       4       org.eclipse.core.runtime.SubMonitor::consume (134 bytes)
Event: 17.623 Thread 0x000001e10891e940 nmethod 8115 0x000001e113b07610 code [0x000001e113b077a0, 0x000001e113b07958]
Event: 17.656 Thread 0x000001e16806d650 8116   !   4       org.eclipse.core.internal.localstore.UnifiedTree::addChildren (479 bytes)
Event: 17.680 Thread 0x000001e10891e940 8117       4       org.eclipse.core.internal.dtree.DeltaDataTree::getChildren (59 bytes)
Event: 17.705 Thread 0x000001e10891e940 nmethod 8117 0x000001e113b07a90 code [0x000001e113b07d60, 0x000001e113b09070]
Event: 17.705 Thread 0x000001e10891e940 8118       4       java.lang.CharacterDataLatin1::digit (32 bytes)
Event: 17.706 Thread 0x000001e10891e940 nmethod 8118 0x000001e113b09d10 code [0x000001e113b09ea0, 0x000001e113b09fa8]
Event: 17.744 Thread 0x000001e10891e940 8119       4       java.util.Arrays::copyOfRange (90 bytes)
Event: 17.749 Thread 0x000001e10891e940 nmethod 8119 0x000001e113b0a090 code [0x000001e113b0a240, 0x000001e113b0a780]
Event: 17.749 Thread 0x000001e10891e940 8120       4       org.eclipse.core.runtime.SubMonitor::internalWorked (33 bytes)
Event: 17.752 Thread 0x000001e10891e940 nmethod 8120 0x000001e113b0aa10 code [0x000001e113b0ac00, 0x000001e113b0aea0]
Event: 17.760 Thread 0x000001e10891e940 8121   !   4       org.eclipse.core.internal.localstore.RefreshLocalVisitor::visit (454 bytes)
Event: 17.801 Thread 0x000001e10891e940 nmethod 8121 0x000001e113b0b090 code [0x000001e113b0b4e0, 0x000001e113b0c9a8]
Event: 17.801 Thread 0x000001e10891e940 8122       4       org.eclipse.core.internal.localstore.UnifiedTree::addNodeChildrenToQueue (85 bytes)
Event: 17.806 Thread 0x000001e10891e940 nmethod 8122 0x000001e113b0dc90 code [0x000001e113b0de60, 0x000001e113b0e1c8]
Event: 17.857 Thread 0x000001e10891e940 8123       4       org.eclipse.core.internal.localstore.FileSystemResourceManager::getStoreRoot (229 bytes)
Event: 17.932 Thread 0x000001e10894e230 8128   !   3       org.eclipse.core.internal.resources.WorkspaceRoot::getProjects (85 bytes)
Event: 17.933 Thread 0x000001e10894e230 nmethod 8128 0x000001e10ca30a90 code [0x000001e10ca30cc0, 0x000001e10ca31530]
Event: 18.854 Thread 0x000001e10894e230 8129       1       org.eclipse.core.internal.resources.ResourceInfo::getLocalSyncInfo (5 bytes)

GC Heap History (20 events):
Event: 12.034 GC heap before
{Heap before GC invocations=32 (full 2):
 PSYoungGen      total 20480K, used 20160K [0x00000000d5580000, 0x00000000d6a80000, 0x0000000100000000)
  eden space 19456K, 100% used [0x00000000d5580000,0x00000000d6880000,0x00000000d6880000)
  from space 1024K, 68% used [0x00000000d6880000,0x00000000d6930000,0x00000000d6980000)
  to   space 1024K, 0% used [0x00000000d6980000,0x00000000d6980000,0x00000000d6a80000)
 ParOldGen       total 68608K, used 39904K [0x0000000080000000, 0x0000000084300000, 0x00000000d5580000)
  object space 68608K, 58% used [0x0000000080000000,0x00000000826f83a0,0x0000000084300000)
 Metaspace       used 50442K, committed 51712K, reserved 1114112K
  class space    used 5580K, committed 6144K, reserved 1048576K
}
Event: 12.036 GC heap after
{Heap after GC invocations=32 (full 2):
 PSYoungGen      total 17920K, used 1004K [0x00000000d5580000, 0x00000000d6f80000, 0x0000000100000000)
  eden space 16896K, 0% used [0x00000000d5580000,0x00000000d5580000,0x00000000d6600000)
  from space 1024K, 98% used [0x00000000d6980000,0x00000000d6a7b0f0,0x00000000d6a80000)
  to   space 3584K, 0% used [0x00000000d6600000,0x00000000d6600000,0x00000000d6980000)
 ParOldGen       total 68608K, used 42003K [0x0000000080000000, 0x0000000084300000, 0x00000000d5580000)
  object space 68608K, 61% used [0x0000000080000000,0x0000000082904e70,0x0000000084300000)
 Metaspace       used 50442K, committed 51712K, reserved 1114112K
  class space    used 5580K, committed 6144K, reserved 1048576K
}
Event: 12.352 GC heap before
{Heap before GC invocations=33 (full 2):
 PSYoungGen      total 17920K, used 17900K [0x00000000d5580000, 0x00000000d6f80000, 0x0000000100000000)
  eden space 16896K, 100% used [0x00000000d5580000,0x00000000d6600000,0x00000000d6600000)
  from space 1024K, 98% used [0x00000000d6980000,0x00000000d6a7b0f0,0x00000000d6a80000)
  to   space 3584K, 0% used [0x00000000d6600000,0x00000000d6600000,0x00000000d6980000)
 ParOldGen       total 68608K, used 42003K [0x0000000080000000, 0x0000000084300000, 0x00000000d5580000)
  object space 68608K, 61% used [0x0000000080000000,0x0000000082904e70,0x0000000084300000)
 Metaspace       used 51393K, committed 52736K, reserved 1114112K
  class space    used 5748K, committed 6336K, reserved 1048576K
}
Event: 12.355 GC heap after
{Heap after GC invocations=33 (full 2):
 PSYoungGen      total 20480K, used 3450K [0x00000000d5580000, 0x00000000d6e00000, 0x0000000100000000)
  eden space 16896K, 0% used [0x00000000d5580000,0x00000000d5580000,0x00000000d6600000)
  from space 3584K, 96% used [0x00000000d6600000,0x00000000d695e8d0,0x00000000d6980000)
  to   space 4096K, 0% used [0x00000000d6a00000,0x00000000d6a00000,0x00000000d6e00000)
 ParOldGen       total 68608K, used 46059K [0x0000000080000000, 0x0000000084300000, 0x00000000d5580000)
  object space 68608K, 67% used [0x0000000080000000,0x0000000082cfaed8,0x0000000084300000)
 Metaspace       used 51393K, committed 52736K, reserved 1114112K
  class space    used 5748K, committed 6336K, reserved 1048576K
}
Event: 12.719 GC heap before
{Heap before GC invocations=34 (full 2):
 PSYoungGen      total 20480K, used 20346K [0x00000000d5580000, 0x00000000d6e00000, 0x0000000100000000)
  eden space 16896K, 100% used [0x00000000d5580000,0x00000000d6600000,0x00000000d6600000)
  from space 3584K, 96% used [0x00000000d6600000,0x00000000d695e8d0,0x00000000d6980000)
  to   space 4096K, 0% used [0x00000000d6a00000,0x00000000d6a00000,0x00000000d6e00000)
 ParOldGen       total 68608K, used 46059K [0x0000000080000000, 0x0000000084300000, 0x00000000d5580000)
  object space 68608K, 67% used [0x0000000080000000,0x0000000082cfaed8,0x0000000084300000)
 Metaspace       used 52612K, committed 53888K, reserved 1114112K
  class space    used 5958K, committed 6528K, reserved 1048576K
}
Event: 12.722 GC heap after
{Heap after GC invocations=34 (full 2):
 PSYoungGen      total 17920K, used 832K [0x00000000d5580000, 0x00000000d6b00000, 0x0000000100000000)
  eden space 16896K, 0% used [0x00000000d5580000,0x00000000d5580000,0x00000000d6600000)
  from space 1024K, 81% used [0x00000000d6a00000,0x00000000d6ad0000,0x00000000d6b00000)
  to   space 2048K, 0% used [0x00000000d6700000,0x00000000d6700000,0x00000000d6900000)
 ParOldGen       total 68608K, used 49409K [0x0000000080000000, 0x0000000084300000, 0x00000000d5580000)
  object space 68608K, 72% used [0x0000000080000000,0x0000000083040560,0x0000000084300000)
 Metaspace       used 52612K, committed 53888K, reserved 1114112K
  class space    used 5958K, committed 6528K, reserved 1048576K
}
Event: 12.924 GC heap before
{Heap before GC invocations=35 (full 2):
 PSYoungGen      total 17920K, used 17728K [0x00000000d5580000, 0x00000000d6b00000, 0x0000000100000000)
  eden space 16896K, 100% used [0x00000000d5580000,0x00000000d6600000,0x00000000d6600000)
  from space 1024K, 81% used [0x00000000d6a00000,0x00000000d6ad0000,0x00000000d6b00000)
  to   space 2048K, 0% used [0x00000000d6700000,0x00000000d6700000,0x00000000d6900000)
 ParOldGen       total 68608K, used 49409K [0x0000000080000000, 0x0000000084300000, 0x00000000d5580000)
  object space 68608K, 72% used [0x0000000080000000,0x0000000083040560,0x0000000084300000)
 Metaspace       used 52650K, committed 53952K, reserved 1114112K
  class space    used 5959K, committed 6528K, reserved 1048576K
}
Event: 12.926 GC heap after
{Heap after GC invocations=35 (full 2):
 PSYoungGen      total 18944K, used 416K [0x00000000d5580000, 0x00000000d6a80000, 0x0000000100000000)
  eden space 16896K, 0% used [0x00000000d5580000,0x00000000d5580000,0x00000000d6600000)
  from space 2048K, 20% used [0x00000000d6700000,0x00000000d6768000,0x00000000d6900000)
  to   space 1024K, 0% used [0x00000000d6980000,0x00000000d6980000,0x00000000d6a80000)
 ParOldGen       total 68608K, used 50098K [0x0000000080000000, 0x0000000084300000, 0x00000000d5580000)
  object space 68608K, 73% used [0x0000000080000000,0x00000000830ec910,0x0000000084300000)
 Metaspace       used 52650K, committed 53952K, reserved 1114112K
  class space    used 5959K, committed 6528K, reserved 1048576K
}
Event: 13.188 GC heap before
{Heap before GC invocations=36 (full 2):
 PSYoungGen      total 18944K, used 17312K [0x00000000d5580000, 0x00000000d6a80000, 0x0000000100000000)
  eden space 16896K, 100% used [0x00000000d5580000,0x00000000d6600000,0x00000000d6600000)
  from space 2048K, 20% used [0x00000000d6700000,0x00000000d6768000,0x00000000d6900000)
  to   space 1024K, 0% used [0x00000000d6980000,0x00000000d6980000,0x00000000d6a80000)
 ParOldGen       total 68608K, used 50098K [0x0000000080000000, 0x0000000084300000, 0x00000000d5580000)
  object space 68608K, 73% used [0x0000000080000000,0x00000000830ec910,0x0000000084300000)
 Metaspace       used 52654K, committed 53952K, reserved 1114112K
  class space    used 5959K, committed 6528K, reserved 1048576K
}
Event: 13.189 GC heap after
{Heap after GC invocations=36 (full 2):
 PSYoungGen      total 17920K, used 672K [0x00000000d5580000, 0x00000000d6a80000, 0x0000000100000000)
  eden space 16896K, 0% used [0x00000000d5580000,0x00000000d5580000,0x00000000d6600000)
  from space 1024K, 65% used [0x00000000d6980000,0x00000000d6a28000,0x00000000d6a80000)
  to   space 1024K, 0% used [0x00000000d6880000,0x00000000d6880000,0x00000000d6980000)
 ParOldGen       total 68608K, used 50458K [0x0000000080000000, 0x0000000084300000, 0x00000000d5580000)
  object space 68608K, 73% used [0x0000000080000000,0x0000000083146910,0x0000000084300000)
 Metaspace       used 52654K, committed 53952K, reserved 1114112K
  class space    used 5959K, committed 6528K, reserved 1048576K
}
Event: 13.390 GC heap before
{Heap before GC invocations=37 (full 2):
 PSYoungGen      total 17920K, used 17568K [0x00000000d5580000, 0x00000000d6a80000, 0x0000000100000000)
  eden space 16896K, 100% used [0x00000000d5580000,0x00000000d6600000,0x00000000d6600000)
  from space 1024K, 65% used [0x00000000d6980000,0x00000000d6a28000,0x00000000d6a80000)
  to   space 1024K, 0% used [0x00000000d6880000,0x00000000d6880000,0x00000000d6980000)
 ParOldGen       total 68608K, used 50458K [0x0000000080000000, 0x0000000084300000, 0x00000000d5580000)
  object space 68608K, 73% used [0x0000000080000000,0x0000000083146910,0x0000000084300000)
 Metaspace       used 52667K, committed 53952K, reserved 1114112K
  class space    used 5960K, committed 6528K, reserved 1048576K
}
Event: 14.393 GC heap after
{Heap after GC invocations=37 (full 2):
 PSYoungGen      total 17920K, used 1023K [0x00000000d5580000, 0x00000000d7000000, 0x0000000100000000)
  eden space 16896K, 0% used [0x00000000d5580000,0x00000000d5580000,0x00000000d6600000)
  from space 1024K, 99% used [0x00000000d6880000,0x00000000d697ff98,0x00000000d6980000)
  to   space 5120K, 0% used [0x00000000d6b00000,0x00000000d6b00000,0x00000000d7000000)
 ParOldGen       total 68608K, used 53760K [0x0000000080000000, 0x0000000084300000, 0x00000000d5580000)
  object space 68608K, 78% used [0x0000000080000000,0x00000000834801d8,0x0000000084300000)
 Metaspace       used 52667K, committed 53952K, reserved 1114112K
  class space    used 5960K, committed 6528K, reserved 1048576K
}
Event: 14.688 GC heap before
{Heap before GC invocations=38 (full 2):
 PSYoungGen      total 17920K, used 17919K [0x00000000d5580000, 0x00000000d7000000, 0x0000000100000000)
  eden space 16896K, 100% used [0x00000000d5580000,0x00000000d6600000,0x00000000d6600000)
  from space 1024K, 99% used [0x00000000d6880000,0x00000000d697ff98,0x00000000d6980000)
  to   space 5120K, 0% used [0x00000000d6b00000,0x00000000d6b00000,0x00000000d7000000)
 ParOldGen       total 68608K, used 53760K [0x0000000080000000, 0x0000000084300000, 0x00000000d5580000)
  object space 68608K, 78% used [0x0000000080000000,0x00000000834801d8,0x0000000084300000)
 Metaspace       used 53370K, committed 54720K, reserved 1114112K
  class space    used 6112K, committed 6720K, reserved 1048576K
}
Event: 14.690 GC heap after
{Heap after GC invocations=38 (full 2):
 PSYoungGen      total 17920K, used 864K [0x00000000d5580000, 0x00000000d6c00000, 0x0000000100000000)
  eden space 16896K, 0% used [0x00000000d5580000,0x00000000d5580000,0x00000000d6600000)
  from space 1024K, 84% used [0x00000000d6b00000,0x00000000d6bd8010,0x00000000d6c00000)
  to   space 2560K, 0% used [0x00000000d6700000,0x00000000d6700000,0x00000000d6980000)
 ParOldGen       total 68608K, used 54742K [0x0000000080000000, 0x0000000084300000, 0x00000000d5580000)
  object space 68608K, 79% used [0x0000000080000000,0x0000000083575848,0x0000000084300000)
 Metaspace       used 53370K, committed 54720K, reserved 1114112K
  class space    used 6112K, committed 6720K, reserved 1048576K
}
Event: 14.969 GC heap before
{Heap before GC invocations=39 (full 2):
 PSYoungGen      total 17920K, used 17760K [0x00000000d5580000, 0x00000000d6c00000, 0x0000000100000000)
  eden space 16896K, 100% used [0x00000000d5580000,0x00000000d6600000,0x00000000d6600000)
  from space 1024K, 84% used [0x00000000d6b00000,0x00000000d6bd8010,0x00000000d6c00000)
  to   space 2560K, 0% used [0x00000000d6700000,0x00000000d6700000,0x00000000d6980000)
 ParOldGen       total 68608K, used 54742K [0x0000000080000000, 0x0000000084300000, 0x00000000d5580000)
  object space 68608K, 79% used [0x0000000080000000,0x0000000083575848,0x0000000084300000)
 Metaspace       used 55289K, committed 56640K, reserved 1114112K
  class space    used 6444K, committed 7040K, reserved 1048576K
}
Event: 14.970 GC heap after
{Heap after GC invocations=39 (full 2):
 PSYoungGen      total 19456K, used 672K [0x00000000d5580000, 0x00000000d6b80000, 0x0000000100000000)
  eden space 16896K, 0% used [0x00000000d5580000,0x00000000d5580000,0x00000000d6600000)
  from space 2560K, 26% used [0x00000000d6700000,0x00000000d67a8020,0x00000000d6980000)
  to   space 1024K, 0% used [0x00000000d6a80000,0x00000000d6a80000,0x00000000d6b80000)
 ParOldGen       total 68608K, used 55462K [0x0000000080000000, 0x0000000084300000, 0x00000000d5580000)
  object space 68608K, 80% used [0x0000000080000000,0x0000000083629868,0x0000000084300000)
 Metaspace       used 55289K, committed 56640K, reserved 1114112K
  class space    used 6444K, committed 7040K, reserved 1048576K
}
Event: 17.185 GC heap before
{Heap before GC invocations=40 (full 2):
 PSYoungGen      total 19456K, used 17568K [0x00000000d5580000, 0x00000000d6b80000, 0x0000000100000000)
  eden space 16896K, 100% used [0x00000000d5580000,0x00000000d6600000,0x00000000d6600000)
  from space 2560K, 26% used [0x00000000d6700000,0x00000000d67a8020,0x00000000d6980000)
  to   space 1024K, 0% used [0x00000000d6a80000,0x00000000d6a80000,0x00000000d6b80000)
 ParOldGen       total 68608K, used 55462K [0x0000000080000000, 0x0000000084300000, 0x00000000d5580000)
  object space 68608K, 80% used [0x0000000080000000,0x0000000083629868,0x0000000084300000)
 Metaspace       used 55690K, committed 56960K, reserved 1114112K
  class space    used 6504K, committed 7040K, reserved 1048576K
}
Event: 17.188 GC heap after
{Heap after GC invocations=40 (full 2):
 PSYoungGen      total 17920K, used 640K [0x00000000d5580000, 0x00000000d6b80000, 0x0000000100000000)
  eden space 16896K, 0% used [0x00000000d5580000,0x00000000d5580000,0x00000000d6600000)
  from space 1024K, 62% used [0x00000000d6a80000,0x00000000d6b20000,0x00000000d6b80000)
  to   space 1024K, 0% used [0x00000000d6980000,0x00000000d6980000,0x00000000d6a80000)
 ParOldGen       total 68608K, used 55954K [0x0000000080000000, 0x0000000084300000, 0x00000000d5580000)
  object space 68608K, 81% used [0x0000000080000000,0x00000000836a4be0,0x0000000084300000)
 Metaspace       used 55690K, committed 56960K, reserved 1114112K
  class space    used 6504K, committed 7040K, reserved 1048576K
}
Event: 17.835 GC heap before
{Heap before GC invocations=41 (full 2):
 PSYoungGen      total 17920K, used 17536K [0x00000000d5580000, 0x00000000d6b80000, 0x0000000100000000)
  eden space 16896K, 100% used [0x00000000d5580000,0x00000000d6600000,0x00000000d6600000)
  from space 1024K, 62% used [0x00000000d6a80000,0x00000000d6b20000,0x00000000d6b80000)
  to   space 1024K, 0% used [0x00000000d6980000,0x00000000d6980000,0x00000000d6a80000)
 ParOldGen       total 68608K, used 55954K [0x0000000080000000, 0x0000000084300000, 0x00000000d5580000)
  object space 68608K, 81% used [0x0000000080000000,0x00000000836a4be0,0x0000000084300000)
 Metaspace       used 55692K, committed 56960K, reserved 1114112K
  class space    used 6504K, committed 7040K, reserved 1048576K
}
Event: 17.838 GC heap after
{Heap after GC invocations=41 (full 2):
 PSYoungGen      total 17920K, used 1024K [0x00000000d5580000, 0x00000000d6b00000, 0x0000000100000000)
  eden space 16896K, 0% used [0x00000000d5580000,0x00000000d5580000,0x00000000d6600000)
  from space 1024K, 100% used [0x00000000d6980000,0x00000000d6a80000,0x00000000d6a80000)
  to   space 512K, 0% used [0x00000000d6a80000,0x00000000d6a80000,0x00000000d6b00000)
 ParOldGen       total 68608K, used 56186K [0x0000000080000000, 0x0000000084300000, 0x00000000d5580000)
  object space 68608K, 81% used [0x0000000080000000,0x00000000836debe0,0x0000000084300000)
 Metaspace       used 55692K, committed 56960K, reserved 1114112K
  class space    used 6504K, committed 7040K, reserved 1048576K
}

Dll operation events (13 events):
Event: 0.020 Loaded shared library c:\Users\rawat\.antigravity-ide\extensions\redhat.java-1.55.0-win32-x64\jre\21.0.11-win32-x86_64\bin\java.dll
Event: 0.111 Loaded shared library c:\Users\rawat\.antigravity-ide\extensions\redhat.java-1.55.0-win32-x64\jre\21.0.11-win32-x86_64\bin\zip.dll
Event: 0.134 Loaded shared library C:\Users\rawat\.antigravity-ide\extensions\redhat.java-1.55.0-win32-x64\jre\21.0.11-win32-x86_64\bin\instrument.dll
Event: 0.140 Loaded shared library C:\Users\rawat\.antigravity-ide\extensions\redhat.java-1.55.0-win32-x64\jre\21.0.11-win32-x86_64\bin\net.dll
Event: 0.143 Loaded shared library C:\Users\rawat\.antigravity-ide\extensions\redhat.java-1.55.0-win32-x64\jre\21.0.11-win32-x86_64\bin\nio.dll
Event: 0.147 Loaded shared library C:\Users\rawat\.antigravity-ide\extensions\redhat.java-1.55.0-win32-x64\jre\21.0.11-win32-x86_64\bin\zip.dll
Event: 0.167 Loaded shared library C:\Users\rawat\.antigravity-ide\extensions\redhat.java-1.55.0-win32-x64\jre\21.0.11-win32-x86_64\bin\jimage.dll
Event: 0.229 Loaded shared library c:\Users\rawat\.antigravity-ide\extensions\redhat.java-1.55.0-win32-x64\jre\21.0.11-win32-x86_64\bin\verify.dll
Event: 1.423 Loaded shared library C:\Users\rawat\AppData\Roaming\Antigravity IDE\User\globalStorage\redhat.java\1.55.0\config_win\org.eclipse.equinox.launcher\org.eclipse.equinox.launcher.win32.win32.x86_64_1.3.100.v20260613-0559\eclipse_11924.dll
Event: 6.269 Loaded shared library C:\Users\rawat\AppData\Local\Temp\jna-108288603\jna16538265754454571544.dll
Event: 12.346 Loaded shared library C:\Users\rawat\.gradle\native\1def1411415f61bf3af743bc5b6707747c0891f09f0c88961ee8f79bc544acac\windows-amd64\native-platform.dll
Event: 14.916 Loaded shared library C:\Users\rawat\.antigravity-ide\extensions\redhat.java-1.55.0-win32-x64\jre\21.0.11-win32-x86_64\bin\management.dll
Event: 14.921 Loaded shared library C:\Users\rawat\.antigravity-ide\extensions\redhat.java-1.55.0-win32-x64\jre\21.0.11-win32-x86_64\bin\management_ext.dll

Deoptimization events (20 events):
Event: 15.102 Thread 0x000001e167775d80 DEOPT PACKING pc=0x000001e113a9b558 sp=0x00000073609fe240
Event: 15.102 Thread 0x000001e167775d80 DEOPT UNPACKING pc=0x000001e113126da2 sp=0x00000073609fe1d0 mode 2
Event: 15.117 Thread 0x000001e167775d80 DEOPT PACKING pc=0x000001e10ca17181 sp=0x00000073609fddd0
Event: 15.117 Thread 0x000001e167775d80 DEOPT UNPACKING pc=0x000001e1131278e2 sp=0x00000073609fd2f0 mode 0
Event: 15.190 Thread 0x000001e167775d80 DEOPT PACKING pc=0x000001e10c98ca7d sp=0x00000073609fdd10
Event: 15.190 Thread 0x000001e167775d80 DEOPT UNPACKING pc=0x000001e1131278e2 sp=0x00000073609fd1f0 mode 0
Event: 15.220 Thread 0x000001e167775d80 DEOPT PACKING pc=0x000001e10ca17181 sp=0x00000073609fddd0
Event: 15.220 Thread 0x000001e167775d80 DEOPT UNPACKING pc=0x000001e1131278e2 sp=0x00000073609fd2f0 mode 0
Event: 15.371 Thread 0x000001e167775d80 DEOPT PACKING pc=0x000001e10c98ca7d sp=0x00000073609fdd10
Event: 15.372 Thread 0x000001e167775d80 DEOPT UNPACKING pc=0x000001e1131278e2 sp=0x00000073609fd1f0 mode 0
Event: 15.434 Thread 0x000001e167775d80 DEOPT PACKING pc=0x000001e10ca17181 sp=0x00000073609fddd0
Event: 15.434 Thread 0x000001e167775d80 DEOPT UNPACKING pc=0x000001e1131278e2 sp=0x00000073609fd2f0 mode 0
Event: 17.246 Thread 0x000001e167775d80 DEOPT PACKING pc=0x000001e10c98ca7d sp=0x00000073609fdd10
Event: 17.246 Thread 0x000001e167775d80 DEOPT UNPACKING pc=0x000001e1131278e2 sp=0x00000073609fd1f0 mode 0
Event: 17.256 Thread 0x000001e167775d80 DEOPT PACKING pc=0x000001e10ca17181 sp=0x00000073609fddd0
Event: 17.256 Thread 0x000001e167775d80 DEOPT UNPACKING pc=0x000001e1131278e2 sp=0x00000073609fd2f0 mode 0
Event: 17.939 Thread 0x000001e167775d80 Uncommon trap: trap_request=0xffffff45 fr.pc=0x000001e113b0c1ac relative=0x0000000000000ccc
Event: 17.939 Thread 0x000001e167775d80 Uncommon trap: reason=unstable_if action=reinterpret pc=0x000001e113b0c1ac method=org.eclipse.core.runtime.SubMonitor.consume(D)I @ 60 c2
Event: 17.939 Thread 0x000001e167775d80 DEOPT PACKING pc=0x000001e113b0c1ac sp=0x00000073609fe6c0
Event: 18.854 Thread 0x000001e167775d80 DEOPT UNPACKING pc=0x000001e113126da2 sp=0x00000073609fe4e8 mode 2

Classes loaded (20 events):
Event: 14.930 Loading class sun/management/ManagementFactoryHelper$LoggingMXBeanAccess$1
Event: 14.930 Loading class sun/management/ManagementFactoryHelper$LoggingMXBeanAccess$1 done
Event: 14.930 Loading class java/lang/management/DefaultPlatformMBeanProvider$9
Event: 14.930 Loading class java/lang/management/DefaultPlatformMBeanProvider$9 done
Event: 14.930 Loading class java/lang/management/DefaultPlatformMBeanProvider$10
Event: 14.930 Loading class java/lang/management/DefaultPlatformMBeanProvider$10 done
Event: 14.930 Loading class java/lang/management/DefaultPlatformMBeanProvider$11
Event: 14.930 Loading class java/lang/management/DefaultPlatformMBeanProvider$11 done
Event: 14.930 Loading class jdk/management/jfr/FlightRecorderMXBean
Event: 14.931 Loading class jdk/management/jfr/FlightRecorderMXBean done
Event: 14.931 Loading class jdk/management/jfr/internal/FlightRecorderMXBeanProvider$SingleMBeanComponent
Event: 14.931 Loading class jdk/management/jfr/internal/FlightRecorderMXBeanProvider$SingleMBeanComponent done
Event: 14.932 Loading class sun/management/RuntimeImpl
Event: 14.932 Loading class sun/management/RuntimeImpl done
Event: 14.933 Loading class java/util/Collections$2
Event: 14.933 Loading class java/util/Collections$2 done
Event: 14.933 Loading class sun/management/Util
Event: 14.934 Loading class sun/management/Util done
Event: 14.934 Loading class java/lang/management/ManagementPermission
Event: 14.934 Loading class java/lang/management/ManagementPermission done

Classes unloaded (7 events):
Event: 7.088 Thread 0x000001e108912df0 Unloading class 0x000001e1211aac00 'java/lang/invoke/LambdaForm$MH+0x000001e1211aac00'
Event: 7.088 Thread 0x000001e108912df0 Unloading class 0x000001e1211aa800 'java/lang/invoke/LambdaForm$MH+0x000001e1211aa800'
Event: 7.088 Thread 0x000001e108912df0 Unloading class 0x000001e1211aa400 'java/lang/invoke/LambdaForm$MH+0x000001e1211aa400'
Event: 7.088 Thread 0x000001e108912df0 Unloading class 0x000001e1211aa000 'java/lang/invoke/LambdaForm$MH+0x000001e1211aa000'
Event: 7.088 Thread 0x000001e108912df0 Unloading class 0x000001e1211a9c00 'java/lang/invoke/LambdaForm$BMH+0x000001e1211a9c00'
Event: 7.088 Thread 0x000001e108912df0 Unloading class 0x000001e1211a9800 'java/lang/invoke/LambdaForm$DMH+0x000001e1211a9800'
Event: 7.088 Thread 0x000001e108912df0 Unloading class 0x000001e1211a8400 'java/lang/invoke/LambdaForm$DMH+0x000001e1211a8400'

Classes redefined (0 events):
No events

Internal exceptions (20 events):
Event: 10.629 Thread 0x000001e1677749d0 Exception <a 'sun/nio/fs/WindowsException'{0x00000000d559dcc0}> (0x00000000d559dcc0) 
thrown [s\src\hotspot\share\prims\jni.cpp, line 520]
Event: 10.987 Thread 0x000001e167773620 Exception <a 'java/lang/NoClassDefFoundError'{0x00000000d68075f8}: com/google/inject/servlet/ServletModuleTargetVisitor> (0x00000000d68075f8) 
thrown [s\src\hotspot\share\classfile\systemDictionary.cpp, line 302]
Event: 11.358 Thread 0x000001e167775060 Exception <a 'sun/nio/fs/WindowsException'{0x00000000d682d9f0}> (0x00000000d682d9f0) 
thrown [s\src\hotspot\share\prims\jni.cpp, line 520]
Event: 11.609 Thread 0x000001e167775d80 Exception <a 'java/lang/NoSuchMethodError'{0x00000000d64e2bf8}: 'int java.lang.invoke.DirectMethodHandle$Holder.invokeSpecialIFC(java.lang.Object, java.lang.Object, java.lang.Object, java.lang.Object)'> (0x00000000d64e2bf8) 
thrown [s\src\hotspot\share\interpreter\linkResolver.cpp, line 773]
Event: 11.614 Thread 0x000001e1692508f0 Exception <a 'java/lang/IncompatibleClassChangeError'{0x00000000d6529460}: Found class java.lang.Object, but interface was expected> (0x00000000d6529460) 
thrown [s\src\hotspot\share\interpreter\linkResolver.cpp, line 840]
Event: 11.649 Thread 0x000001e167775d80 Exception <a 'java/lang/NoSuchMethodError'{0x00000000d66adf60}: 'int java.lang.invoke.DirectMethodHandle$Holder.invokeInterface(java.lang.Object, java.lang.Object)'> (0x00000000d66adf60) 
thrown [s\src\hotspot\share\interpreter\linkResolver.cpp, line 773]
Event: 11.649 Thread 0x000001e167775d80 Exception <a 'java/lang/IncompatibleClassChangeError'{0x00000000d66b11c8}: Found class java.lang.Object, but interface was expected> (0x00000000d66b11c8) 
thrown [s\src\hotspot\share\interpreter\linkResolver.cpp, line 840]
Event: 11.675 Thread 0x000001e167775d80 Exception <a 'java/lang/NoSuchMethodError'{0x00000000d67d3060}: method resolution failed> (0x00000000d67d3060) 
thrown [s\src\hotspot\share\prims\methodHandles.cpp, line 1136]
Event: 11.683 Thread 0x000001e167775d80 Exception <a 'sun/nio/fs/WindowsException'{0x00000000d68095c8}> (0x00000000d68095c8) 
thrown [s\src\hotspot\share\prims\jni.cpp, line 520]
Event: 11.683 Thread 0x000001e167775d80 Exception <a 'sun/nio/fs/WindowsException'{0x00000000d6809af0}> (0x00000000d6809af0) 
thrown [s\src\hotspot\share\prims\jni.cpp, line 520]
Event: 11.796 Thread 0x000001e167775d80 Exception <a 'java/lang/NoSuchMethodError'{0x00000000d5bbf1e8}: 'java.lang.Object java.lang.invoke.DirectMethodHandle$Holder.invokeVirtual(java.lang.Object, java.lang.Object, java.lang.Object, java.lang.Object)'> (0x00000000d5bbf1e8) 
thrown [s\src\hotspot\share\interpreter\linkResolver.cpp, line 773]
Event: 11.799 Thread 0x000001e167775d80 Exception <a 'java/lang/NoSuchMethodError'{0x00000000d5be2078}: 'java.lang.Object java.lang.invoke.DirectMethodHandle$Holder.invokeVirtual(java.lang.Object, java.lang.Object, java.lang.Object, java.lang.Object, java.lang.Object)'> (0x00000000d5be2078) 
thrown [s\src\hotspot\share\interpreter\linkResolver.cpp, line 773]
Event: 14.719 Thread 0x000001e1694a1510 Exception <a 'java/lang/NoSuchMethodError'{0x00000000d56da498}: 'java.lang.Object java.lang.invoke.DirectMethodHandle$Holder.invokeVirtual(java.lang.Object, java.lang.Object, java.lang.Object, java.lang.Object, java.lang.Object, java.lang.Object)'> (0x00000000d56da498) 
thrown [s\src\hotspot\share\interpreter\linkResolver.cpp, line 773]
Event: 14.819 Thread 0x000001e1694a1510 Exception <a 'java/lang/NoSuchMethodError'{0x00000000d5bb9fb8}: 'java.lang.Object java.lang.invoke.DirectMethodHandle$Holder.invokeVirtual(java.lang.Object, java.lang.Object, java.lang.Object, java.lang.Object, java.lang.Object, java.lang.Object, java.lang.Object)'> (0x00000000d5bb9fb8) 
thrown [s\src\hotspot\share\interpreter\linkResolver.cpp, line 773]
Event: 14.863 Thread 0x000001e1694a1510 Exception <a 'java/lang/NoSuchMethodError'{0x00000000d5d90ab8}: 'java.lang.Object java.lang.invoke.DirectMethodHandle$Holder.invokeVirtual(java.lang.Object, java.lang.Object, java.lang.Object, java.lang.Object, java.lang.Object, java.lang.Object, java.lang.Object, java.lang.Object, java.lang.Object, java.lang.Object, java.lang.Object)'> (0x00000000d5d90ab8) 
thrown [s\src\hotspot\share\interpreter\linkResolver.cpp, line 773]
Event: 14.867 Thread 0x000001e1694a1510 Exception <a 'java/lang/NoSuchMethodError'{0x00000000d5de14a0}: 'java.lang.Object java.lang.invoke.DirectMethodHandle$Holder.invokeStatic(java.lang.Object, java.lang.Object, java.lang.Object, java.lang.Object, java.lang.Object, java.lang.Object, java.lang.Object, java.lang.Object, java.lang.Object, java.lang.Object, java.lang.Object, java.lang.Object, java.lang.Object)'> (0x00000000d5de14a0) 
thrown [s\src\hotspot\share\interpreter\linkResolver.cpp, line 773]
Event: 15.026 Thread 0x000001e167775d80 Exception <a 'sun/nio/fs/WindowsException'{0x00000000d587c870}> (0x00000000d587c870) 
thrown [s\src\hotspot\share\prims\jni.cpp, line 520]
Event: 15.026 Thread 0x000001e167775d80 Exception <a 'sun/nio/fs/WindowsException'{0x00000000d587d128}> (0x00000000d587d128) 
thrown [s\src\hotspot\share\prims\jni.cpp, line 520]
Event: 15.027 Thread 0x000001e167775d80 Exception <a 'sun/nio/fs/WindowsException'{0x00000000d587ef68}> (0x00000000d587ef68) 
thrown [s\src\hotspot\share\prims\jni.cpp, line 520]
Event: 15.031 Thread 0x000001e167775d80 Exception <a 'sun/nio/fs/WindowsException'{0x00000000d587f598}> (0x00000000d587f598) 
thrown [s\src\hotspot\share\prims\jni.cpp, line 520]

ZGC Phase Switch (0 events):
No events

VM Operations (20 events):
Event: 12.352 Executing safepoint VM operation: ParallelGCFailedAllocation (Allocation Failure)
Event: 12.355 Executing safepoint VM operation: ParallelGCFailedAllocation (Allocation Failure) done
Event: 12.719 Executing safepoint VM operation: ParallelGCFailedAllocation (Allocation Failure)
Event: 12.722 Executing safepoint VM operation: ParallelGCFailedAllocation (Allocation Failure) done
Event: 12.924 Executing safepoint VM operation: ParallelGCFailedAllocation (Allocation Failure)
Event: 12.926 Executing safepoint VM operation: ParallelGCFailedAllocation (Allocation Failure) done
Event: 13.188 Executing safepoint VM operation: ParallelGCFailedAllocation (Allocation Failure)
Event: 13.189 Executing safepoint VM operation: ParallelGCFailedAllocation (Allocation Failure) done
Event: 13.390 Executing safepoint VM operation: ParallelGCFailedAllocation (Allocation Failure)
Event: 14.393 Executing safepoint VM operation: ParallelGCFailedAllocation (Allocation Failure) done
Event: 14.688 Executing safepoint VM operation: ParallelGCFailedAllocation (Allocation Failure)
Event: 14.690 Executing safepoint VM operation: ParallelGCFailedAllocation (Allocation Failure) done
Event: 14.694 Executing non-safepoint VM operation: HandshakeAllThreads (Deoptimize)
Event: 14.694 Executing non-safepoint VM operation: HandshakeAllThreads (Deoptimize) done
Event: 14.969 Executing safepoint VM operation: ParallelGCFailedAllocation (Allocation Failure)
Event: 14.970 Executing safepoint VM operation: ParallelGCFailedAllocation (Allocation Failure) done
Event: 15.515 Executing safepoint VM operation: ParallelGCFailedAllocation (Allocation Failure)
Event: 17.188 Executing safepoint VM operation: ParallelGCFailedAllocation (Allocation Failure) done
Event: 17.835 Executing safepoint VM operation: ParallelGCFailedAllocation (Allocation Failure)
Event: 17.838 Executing safepoint VM operation: ParallelGCFailedAllocation (Allocation Failure) done

Memory protections (0 events):
No events

Nmethod flushes (20 events):
Event: 9.127 Thread 0x000001e108912df0 flushing  nmethod 0x000001e10c22ce90
Event: 9.127 Thread 0x000001e108912df0 flushing  nmethod 0x000001e10c22d790
Event: 9.127 Thread 0x000001e108912df0 flushing  nmethod 0x000001e10c22e990
Event: 9.127 Thread 0x000001e108912df0 flushing  nmethod 0x000001e10c22f990
Event: 9.127 Thread 0x000001e108912df0 flushing  nmethod 0x000001e10c230110
Event: 9.127 Thread 0x000001e108912df0 flushing  nmethod 0x000001e10c231690
Event: 9.127 Thread 0x000001e108912df0 flushing  nmethod 0x000001e10c231b90
Event: 9.127 Thread 0x000001e108912df0 flushing  nmethod 0x000001e10c232710
Event: 9.127 Thread 0x000001e108912df0 flushing  nmethod 0x000001e10c232b10
Event: 9.127 Thread 0x000001e108912df0 flushing  nmethod 0x000001e10c234010
Event: 9.127 Thread 0x000001e108912df0 flushing  nmethod 0x000001e10c234a10
Event: 9.127 Thread 0x000001e108912df0 flushing  nmethod 0x000001e10c234d10
Event: 9.127 Thread 0x000001e108912df0 flushing  nmethod 0x000001e10c23e390
Event: 9.127 Thread 0x000001e108912df0 flushing  nmethod 0x000001e10c23f490
Event: 9.127 Thread 0x000001e108912df0 flushing  nmethod 0x000001e10c23f990
Event: 9.127 Thread 0x000001e108912df0 flushing  nmethod 0x000001e10c245a10
Event: 9.127 Thread 0x000001e108912df0 flushing  nmethod 0x000001e10c288710
Event: 9.127 Thread 0x000001e108912df0 flushing  nmethod 0x000001e10c28c190
Event: 9.127 Thread 0x000001e108912df0 flushing  nmethod 0x000001e10c2d2b10
Event: 9.127 Thread 0x000001e108912df0 flushing  nmethod 0x000001e10c2d9d10

Events (20 events):
Event: 9.232 Thread 0x000001e10899e340 Thread added: 0x000001e169250260
Event: 9.233 Thread 0x000001e10899e340 Thread added: 0x000001e16924db00
Event: 9.235 Thread 0x000001e10899e340 Thread added: 0x000001e16924cde0
Event: 9.238 Thread 0x000001e10899e340 Thread added: 0x000001e169251610
Event: 9.240 Thread 0x000001e10899e340 Thread added: 0x000001e169251ca0
Event: 9.297 Thread 0x000001e10899e340 Thread added: 0x000001e169252330
Event: 9.726 Thread 0x000001e10899e340 Thread added: 0x000001e1692529c0
Event: 9.726 Thread 0x000001e10899e340 Thread added: 0x000001e1692508f0
Event: 11.379 Thread 0x000001e167775060 Thread added: 0x000001e1692536e0
Event: 11.389 Thread 0x000001e1692536e0 Thread added: 0x000001e169250f80
Event: 11.654 Thread 0x000001e167775d80 Thread added: 0x000001e1694a4300
Event: 11.755 Thread 0x000001e167775d80 Thread added: 0x000001e1694a2f50
Event: 11.859 Thread 0x000001e167775d80 Thread added: 0x000001e1694a1510
Event: 13.389 Thread 0x000001e16710b750 Thread exited: 0x000001e16710b750
Event: 15.013 Thread 0x000001e1694a1510 Thread exited: 0x000001e1694a1510
Event: 15.058 Thread 0x000001e167775d80 Thread added: 0x000001e1694a3c70
Event: 15.062 Thread 0x000001e167775d80 Thread added: 0x000001e1694a0e80
Event: 15.088 Thread 0x000001e1694a0e80 Thread exited: 0x000001e1694a0e80
Event: 15.098 Thread 0x000001e167775d80 Thread added: 0x000001e1694a0e80
Event: 17.188 Thread 0x000001e10894e230 Thread added: 0x000001e16806d650


Dynamic libraries:
0x00007ff74e390000 - 0x00007ff74e39e000 	c:\Users\rawat\.antigravity-ide\extensions\redhat.java-1.55.0-win32-x64\jre\21.0.11-win32-x86_64\bin\java.exe
0x00007ffbfd760000 - 0x00007ffbfd9c6000 	C:\WINDOWS\SYSTEM32\ntdll.dll
0x00007ffbfd220000 - 0x00007ffbfd2e9000 	C:\WINDOWS\System32\KERNEL32.DLL
0x00007ffbfafc0000 - 0x00007ffbfb3be000 	C:\WINDOWS\System32\KERNELBASE.dll
0x00007ffbfaac0000 - 0x00007ffbfac0c000 	C:\WINDOWS\System32\ucrtbase.dll
0x00007ffbd8160000 - 0x00007ffbd8178000 	c:\Users\rawat\.antigravity-ide\extensions\redhat.java-1.55.0-win32-x64\jre\21.0.11-win32-x86_64\bin\jli.dll
0x00007ffbcf410000 - 0x00007ffbcf42e000 	c:\Users\rawat\.antigravity-ide\extensions\redhat.java-1.55.0-win32-x64\jre\21.0.11-win32-x86_64\bin\VCRUNTIME140.dll
0x00007ffbfd2f0000 - 0x00007ffbfd4b7000 	C:\WINDOWS\System32\USER32.dll
0x00007ffbfaed0000 - 0x00007ffbfaef7000 	C:\WINDOWS\System32\win32u.dll
0x00007ffbfc720000 - 0x00007ffbfc74b000 	C:\WINDOWS\System32\GDI32.dll
0x00007ffbfac20000 - 0x00007ffbfad4a000 	C:\WINDOWS\System32\gdi32full.dll
0x00007ffbfaa10000 - 0x00007ffbfaab3000 	C:\WINDOWS\System32\msvcp_win.dll
0x00007ffbded60000 - 0x00007ffbdeff2000 	C:\WINDOWS\WinSxS\amd64_microsoft.windows.common-controls_6595b64144ccf1df_6.0.26100.8875_none_3e0d5d42e32fe9dd\COMCTL32.dll
0x00007ffbfb490000 - 0x00007ffbfb539000 	C:\WINDOWS\System32\msvcrt.dll
0x00007ffbfbce0000 - 0x00007ffbfbd12000 	C:\WINDOWS\System32\IMM32.DLL
0x00007ffbf7220000 - 0x00007ffbf722c000 	c:\Users\rawat\.antigravity-ide\extensions\redhat.java-1.55.0-win32-x64\jre\21.0.11-win32-x86_64\bin\vcruntime140_1.dll
0x00007ffbc6090000 - 0x00007ffbc611d000 	c:\Users\rawat\.antigravity-ide\extensions\redhat.java-1.55.0-win32-x64\jre\21.0.11-win32-x86_64\bin\msvcp140.dll
0x00007ffb41930000 - 0x00007ffb426d2000 	c:\Users\rawat\.antigravity-ide\extensions\redhat.java-1.55.0-win32-x64\jre\21.0.11-win32-x86_64\bin\server\jvm.dll
0x00007ffbfc9f0000 - 0x00007ffbfcaa7000 	C:\WINDOWS\System32\ADVAPI32.dll
0x00007ffbfc930000 - 0x00007ffbfc9da000 	C:\WINDOWS\System32\sechost.dll
0x00007ffbfcab0000 - 0x00007ffbfcbc8000 	C:\WINDOWS\System32\RPCRT4.dll
0x00007ffbfc230000 - 0x00007ffbfc2b0000 	C:\WINDOWS\System32\WS2_32.dll
0x00007ffbfa7e0000 - 0x00007ffbfa83e000 	C:\WINDOWS\SYSTEM32\POWRPROF.dll
0x00007ffbea130000 - 0x00007ffbea166000 	C:\WINDOWS\SYSTEM32\WINMM.dll
0x00007ffbef4c0000 - 0x00007ffbef4cb000 	C:\WINDOWS\SYSTEM32\VERSION.dll
0x00007ffbfa7c0000 - 0x00007ffbfa7d4000 	C:\WINDOWS\SYSTEM32\UMPDC.dll
0x00007ffbf9660000 - 0x00007ffbf967b000 	C:\WINDOWS\SYSTEM32\kernel.appcore.dll
0x00007ffbeedc0000 - 0x00007ffbeedca000 	c:\Users\rawat\.antigravity-ide\extensions\redhat.java-1.55.0-win32-x64\jre\21.0.11-win32-x86_64\bin\jimage.dll
0x00007ffbf7d00000 - 0x00007ffbf7f42000 	C:\WINDOWS\SYSTEM32\DBGHELP.DLL
0x00007ffbfce80000 - 0x00007ffbfd203000 	C:\WINDOWS\System32\combase.dll
0x00007ffbfc640000 - 0x00007ffbfc719000 	C:\WINDOWS\System32\OLEAUT32.dll
0x00007ffbd07c0000 - 0x00007ffbd07fb000 	C:\WINDOWS\SYSTEM32\dbgcore.DLL
0x00007ffbfaf00000 - 0x00007ffbfafac000 	C:\WINDOWS\System32\bcryptPrimitives.dll
0x00007ffbee260000 - 0x00007ffbee26f000 	c:\Users\rawat\.antigravity-ide\extensions\redhat.java-1.55.0-win32-x64\jre\21.0.11-win32-x86_64\bin\instrument.dll
0x00007ffbe4ea0000 - 0x00007ffbe4ec0000 	c:\Users\rawat\.antigravity-ide\extensions\redhat.java-1.55.0-win32-x64\jre\21.0.11-win32-x86_64\bin\java.dll
0x00007ffbfb540000 - 0x00007ffbfbcd2000 	C:\WINDOWS\System32\SHELL32.dll
0x00007ffbf8400000 - 0x00007ffbf8c92000 	C:\WINDOWS\SYSTEM32\windows.storage.dll
0x00007ffbfd5a0000 - 0x00007ffbfd697000 	C:\WINDOWS\System32\SHCORE.dll
0x00007ffbfcbd0000 - 0x00007ffbfcc37000 	C:\WINDOWS\System32\shlwapi.dll
0x00007ffbfa8a0000 - 0x00007ffbfa8c9000 	C:\WINDOWS\SYSTEM32\profapi.dll
0x00007ffbca780000 - 0x00007ffbca798000 	c:\Users\rawat\.antigravity-ide\extensions\redhat.java-1.55.0-win32-x64\jre\21.0.11-win32-x86_64\bin\zip.dll
0x00007ffbe7070000 - 0x00007ffbe7080000 	C:\Users\rawat\.antigravity-ide\extensions\redhat.java-1.55.0-win32-x64\jre\21.0.11-win32-x86_64\bin\net.dll
0x00007ffbef620000 - 0x00007ffbef747000 	C:\WINDOWS\SYSTEM32\WINHTTP.dll
0x00007ffbf9c10000 - 0x00007ffbf9c7c000 	C:\WINDOWS\system32\mswsock.dll
0x00007ffbc8e00000 - 0x00007ffbc8e16000 	C:\Users\rawat\.antigravity-ide\extensions\redhat.java-1.55.0-win32-x64\jre\21.0.11-win32-x86_64\bin\nio.dll
0x00007ffbe6b40000 - 0x00007ffbe6b50000 	c:\Users\rawat\.antigravity-ide\extensions\redhat.java-1.55.0-win32-x64\jre\21.0.11-win32-x86_64\bin\verify.dll
0x00007ffbc99d0000 - 0x00007ffbc9a15000 	C:\Users\rawat\AppData\Roaming\Antigravity IDE\User\globalStorage\redhat.java\1.55.0\config_win\org.eclipse.equinox.launcher\org.eclipse.equinox.launcher.win32.win32.x86_64_1.3.100.v20260613-0559\eclipse_11924.dll
0x00007ffbfcc40000 - 0x00007ffbfcdd9000 	C:\WINDOWS\System32\ole32.dll
0x00007ffbf9f30000 - 0x00007ffbf9f4b000 	C:\WINDOWS\SYSTEM32\CRYPTSP.dll
0x00007ffbf95c0000 - 0x00007ffbf95f9000 	C:\WINDOWS\system32\rsaenh.dll
0x00007ffbf9cd0000 - 0x00007ffbf9d02000 	C:\WINDOWS\SYSTEM32\USERENV.dll
0x00007ffbfa870000 - 0x00007ffbfa89a000 	C:\WINDOWS\SYSTEM32\bcrypt.dll
0x00007ffbf9f10000 - 0x00007ffbf9f1c000 	C:\WINDOWS\SYSTEM32\CRYPTBASE.dll
0x00007ffbf90c0000 - 0x00007ffbf90f3000 	C:\WINDOWS\SYSTEM32\IPHLPAPI.DLL
0x00007ffbfcde0000 - 0x00007ffbfcdea000 	C:\WINDOWS\System32\NSI.dll
0x00007ffbc6230000 - 0x00007ffbc6279000 	C:\Users\rawat\AppData\Local\Temp\jna-108288603\jna16538265754454571544.dll
0x00007ffbfd210000 - 0x00007ffbfd218000 	C:\WINDOWS\System32\PSAPI.DLL
0x00007ffbf0000000 - 0x00007ffbf001d000 	C:\WINDOWS\SYSTEM32\dhcpcsvc6.DLL
0x00007ffbeffd0000 - 0x00007ffbefff5000 	C:\WINDOWS\SYSTEM32\dhcpcsvc.DLL
0x00007ffbc2430000 - 0x00007ffbc2457000 	C:\Users\rawat\.gradle\native\1def1411415f61bf3af743bc5b6707747c0891f09f0c88961ee8f79bc544acac\windows-amd64\native-platform.dll
0x00007ffbe66c0000 - 0x00007ffbe66ca000 	C:\Users\rawat\.antigravity-ide\extensions\redhat.java-1.55.0-win32-x64\jre\21.0.11-win32-x86_64\bin\management.dll
0x00007ffbc9960000 - 0x00007ffbc996c000 	C:\Users\rawat\.antigravity-ide\extensions\redhat.java-1.55.0-win32-x64\jre\21.0.11-win32-x86_64\bin\management_ext.dll

JVMTI agents:
c:\Users\rawat\.antigravity-ide\extensions\redhat.java-1.55.0-win32-x64\lombok\lombok-1.18.39-4050.jar path:c:\Users\rawat\.antigravity-ide\extensions\redhat.java-1.55.0-win32-x64\jre\21.0.11-win32-x86_64\bin\instrument.dll, loaded, initialized, instrumentlib options:none

dbghelp: loaded successfully - version: 4.0.5 - missing functions: none
symbol engine: initialized successfully - sym options: 0x614 - pdb path: .;c:\Users\rawat\.antigravity-ide\extensions\redhat.java-1.55.0-win32-x64\jre\21.0.11-win32-x86_64\bin;C:\WINDOWS\SYSTEM32;C:\WINDOWS\WinSxS\amd64_microsoft.windows.common-controls_6595b64144ccf1df_6.0.26100.8875_none_3e0d5d42e32fe9dd;c:\Users\rawat\.antigravity-ide\extensions\redhat.java-1.55.0-win32-x64\jre\21.0.11-win32-x86_64\bin\server;C:\Users\rawat\AppData\Roaming\Antigravity IDE\User\globalStorage\redhat.java\1.55.0\config_win\org.eclipse.equinox.launcher\org.eclipse.equinox.launcher.win32.win32.x86_64_1.3.100.v20260613-0559;C:\Users\rawat\AppData\Local\Temp\jna-108288603;C:\Users\rawat\.gradle\native\1def1411415f61bf3af743bc5b6707747c0891f09f0c88961ee8f79bc544acac\windows-amd64

VM Arguments:
jvm_args: --add-modules=ALL-SYSTEM --add-opens=java.base/java.util=ALL-UNNAMED --add-opens=java.base/java.lang=ALL-UNNAMED --add-opens=java.base/sun.nio.fs=ALL-UNNAMED -Declipse.application=org.eclipse.jdt.ls.core.id1 -Dosgi.bundles.defaultStartLevel=4 -Declipse.product=org.eclipse.jdt.ls.core.product -Djava.import.generatesMetadataFilesAtProjectRoot=false -DDetectVMInstallationsJob.disabled=true -Dfile.encoding=utf8 -XX:+UseParallelGC -XX:GCTimeRatio=4 -XX:AdaptiveSizePolicyWeight=90 -Dsun.zip.disableMemoryMapping=true -Xmx2G -Xms100m -Xlog:disable -javaagent:c:\Users\rawat\.antigravity-ide\extensions\redhat.java-1.55.0-win32-x64\lombok\lombok-1.18.39-4050.jar -XX:+HeapDumpOnOutOfMemoryError -XX:HeapDumpPath=c:\Users\rawat\AppData\Roaming\Antigravity IDE\User\workspaceStorage\37c22cd9f0bef5d5ec7063b27c4af746\redhat.java -Daether.dependencyCollector.impl=bf 
java_command: c:\Users\rawat\.antigravity-ide\extensions\redhat.java-1.55.0-win32-x64\server\plugins\org.eclipse.equinox.launcher_1.7.200.v20260619-2039.jar -configuration c:\Users\rawat\AppData\Roaming\Antigravity IDE\User\globalStorage\redhat.java\1.55.0\config_win -data c:\Users\rawat\AppData\Roaming\Antigravity IDE\User\workspaceStorage\37c22cd9f0bef5d5ec7063b27c4af746\redhat.java\jdt_ws --pipe=\\.\pipe\lsp-aec10dc4a65334aa79562a5dbfa6b80f-sock
java_class_path (initial): c:\Users\rawat\.antigravity-ide\extensions\redhat.java-1.55.0-win32-x64\server\plugins\org.eclipse.equinox.launcher_1.7.200.v20260619-2039.jar
Launcher Type: SUN_STANDARD

[Global flags]
    uintx AdaptiveSizePolicyWeight                 = 90                                        {product} {command line}
     intx CICompilerCount                          = 4                                         {product} {ergonomic}
    uintx GCTimeRatio                              = 4                                         {product} {command line}
     bool HeapDumpOnOutOfMemoryError               = true                                   {manageable} {command line}
    ccstr HeapDumpPath                             = c:\Users\rawat\AppData\Roaming\Antigravity IDE\User\workspaceStorage\37c22cd9f0bef5d5ec7063b27c4af746\redhat.java         {manageable} {command line}
   size_t InitialHeapSize                          = 104857600                                 {product} {command line}
   size_t MaxHeapSize                              = 2147483648                                {product} {command line}
   size_t MaxNewSize                               = 715653120                                 {product} {ergonomic}
   size_t MinHeapDeltaBytes                        = 524288                                    {product} {ergonomic}
   size_t MinHeapSize                              = 104857600                                 {product} {command line}
   size_t NewSize                                  = 34603008                                  {product} {ergonomic}
    uintx NonNMethodCodeHeapSize                   = 5839372                                {pd product} {ergonomic}
    uintx NonProfiledCodeHeapSize                  = 122909434                              {pd product} {ergonomic}
   size_t OldSize                                  = 70254592                                  {product} {ergonomic}
    uintx ProfiledCodeHeapSize                     = 122909434                              {pd product} {ergonomic}
    uintx ReservedCodeCacheSize                    = 251658240                              {pd product} {ergonomic}
     bool SegmentedCodeCache                       = true                                      {product} {ergonomic}
   size_t SoftMaxHeapSize                          = 2147483648                             {manageable} {ergonomic}
     bool UseCompressedOops                        = true                           {product lp64_product} {ergonomic}
     bool UseLargePagesIndividualAllocation        = false                                  {pd product} {ergonomic}
     bool UseParallelGC                            = true                                      {product} {command line}

Logging:
Log output configuration:
 #0: stdout all=off uptime,level,tags foldmultilines=false
 #1: stderr all=off uptime,level,tags foldmultilines=false

Release file:
JAVA_VERSION="21.0.11" 
MODULES="java.base java.compiler java.datatransfer java.xml java.prefs java.desktop java.instrument java.logging java.management java.security.sasl java.naming java.rmi java.management.rmi java.net.http java.scripting java.security.jgss java.transaction.xa java.sql java.sql.rowset java.xml.crypto java.se java.smartcardio jdk.accessibility jdk.internal.jvmstat jdk.attach jdk.charsets jdk.internal.opt jdk.zipfs jdk.compiler jdk.crypto.ec jdk.crypto.cryptoki jdk.crypto.mscapi jdk.dynalink jdk.internal.ed jdk.editpad jdk.hotspot.agent jdk.httpserver jdk.internal.le jdk.internal.vm.ci jdk.internal.vm.compiler jdk.internal.vm.compiler.management jdk.jartool jdk.javadoc jdk.jcmd jdk.management jdk.management.agent jdk.jconsole jdk.jdeps jdk.jdwp.agent jdk.jdi jdk.jfr jdk.jshell jdk.jsobject jdk.jstatd jdk.localedata jdk.management.jfr jdk.naming.dns jdk.naming.rmi jdk.net jdk.nio.mapmode jdk.random jdk.sctp jdk.security.auth jdk.security.jgss jdk.unsupported jdk.unsupported.desktop jdk.xml.dom" 

Environment Variables:
PATH=C:\Program Files\Common Files\Oracle\Java\javapath;C:\Windows\system32;C:\Windows;C:\Windows\System32\Wbem;C:\Windows\System32\WindowsPowerShell\v1.0\;C:\Windows\System32\OpenSSH\;C:\Program Files\NVIDIA Corporation\NVIDIA NvDLISR;C:\WINDOWS\system32;C:\WINDOWS;C:\WINDOWS\System32\Wbem;C:\WINDOWS\System32\WindowsPowerShell\v1.0\;C:\WINDOWS\System32\OpenSSH\;C:\Program Files\dotnet\;C:\Program Files (x86)\Windows Kits\10\Windows Performance Toolkit\;C:\Program Files\Git\cmd;C:\Program Files\Git\bin;C:\MinGW\bin;C:\Program Files\MySQL\MySQL Server 8.0\bin;C:\Program Files\MySQL\MySQL Shell 8.0\bin\;C:\Users\rawat\AppData\Local\Programs\Python\Python314\Scripts\;C:\Users\rawat\AppData\Local\Programs\Python\Python314\;C:\Users\rawat\AppData\Local\Microsoft\WindowsApps;C:\Users\rawat\AppData\Local\Programs\Microsoft VS Code\bin;C:\Users\rawat\Downloads\flutter_windows_3.38.3-stable\flutter\bin;C:\MinGW\bin;C:\Users\rawat\AppData\Local\Programs\Antigravity IDE\bin
USERNAME=rawat
OS=Windows_NT
PROCESSOR_IDENTIFIER=Intel64 Family 6 Model 140 Stepping 1, GenuineIntel
TMP=C:\Users\rawat\AppData\Local\Temp
TEMP=C:\Users\rawat\AppData\Local\Temp




Periodic native trim disabled

---------------  S Y S T E M  ---------------

OS:
 Windows 11 , 64 bit Build 26100 (10.0.26100.8875)
OS uptime: 2 days 21:54 hours
Hyper-V role detected

CPU: total 8 (initial active 8) (4 cores per cpu, 2 threads per core) family 6 model 140 stepping 1 microcode 0xbe, cx8, cmov, fxsr, ht, mmx, 3dnowpref, sse, sse2, sse3, ssse3, sse4.1, sse4.2, popcnt, lzcnt, tsc, tscinvbit, avx, avx2, aes, erms, clmul, bmi1, bmi2, adx, avx512f, avx512dq, avx512cd, avx512bw, avx512vl, sha, fma, vzeroupper, avx512_vpopcntdq, avx512_vpclmulqdq, avx512_vaes, avx512_vnni, clflush, clflushopt, clwb, avx512_vbmi2, avx512_vbmi, hv, rdtscp, rdpid, fsrm, gfni, avx512_bitalg, f16c, cet_ibt, cet_ss, avx512_ifma
Processor Information for the first 8 processors :
  Max Mhz: 2803, Current Mhz: 2803, Mhz Limit: 2803

Memory: 4k page, system-wide physical 7914M (366M free)
TotalPageFile size 32490M (AvailPageFile size 5M)
current process WorkingSet (physical memory assigned to process): 254M, peak: 265M
current process commit charge ("private bytes"): 360M, peak: 366M

vm_info: OpenJDK 64-Bit Server VM (21.0.11+10-LTS) for windows-amd64 JRE (21.0.11+10-LTS), built on 2026-04-21T00:00:00Z by "admin" with MS VC++ 17.12 (VS2022)

END.
