#
# There is insufficient memory for the Java Runtime Environment to continue.
# Native memory allocation (malloc) failed to allocate 937056 bytes. Error detail: Chunk::new
# Possible reasons:
#   The system is out of physical RAM or swap space
#   This process is running with CompressedOops enabled, and the Java Heap may be blocking the growth of the native heap
# Possible solutions:
#   Reduce memory load on the system
#   Increase physical memory or swap space
#   Check if swap backing store is full
#   Decrease Java heap size (-Xmx/-Xms)
#   Decrease number of Java threads
#   Decrease Java thread stack sizes (-Xss)
#   Set larger code cache with -XX:ReservedCodeCacheSize=
#   JVM is running with Unscaled Compressed Oops mode in which the Java heap is
#     placed in the first 4GB address space. The Java Heap base address is the
#     maximum limit for the native heap growth. Please use -XX:HeapBaseMinAddress
#     to set the Java Heap base and to place the Java Heap above 4GB virtual address.
# This output file may be truncated or incomplete.
#
#  Out of Memory Error (arena.cpp:168), pid=6352, tid=19300
#
# JRE version: OpenJDK Runtime Environment Temurin-21.0.11+10 (21.0.11+10) (build 21.0.11+10-LTS)
# Java VM: OpenJDK 64-Bit Server VM Temurin-21.0.11+10 (21.0.11+10-LTS, mixed mode, sharing, tiered, compressed oops, compressed class ptrs, parallel gc, windows-amd64)
# No core dump will be written. Minidumps are not enabled by default on client versions of Windows
#

---------------  S U M M A R Y ------------

Command Line: --add-modules=ALL-SYSTEM --add-opens=java.base/java.util=ALL-UNNAMED --add-opens=java.base/java.lang=ALL-UNNAMED --add-opens=java.base/sun.nio.fs=ALL-UNNAMED -Declipse.application=org.eclipse.jdt.ls.core.id1 -Dosgi.bundles.defaultStartLevel=4 -Declipse.product=org.eclipse.jdt.ls.core.product -Djava.import.generatesMetadataFilesAtProjectRoot=false -DDetectVMInstallationsJob.disabled=true -Dfile.encoding=utf8 -XX:+UseParallelGC -XX:GCTimeRatio=4 -XX:AdaptiveSizePolicyWeight=90 -Dsun.zip.disableMemoryMapping=true -Xmx2G -Xms100m -Xlog:disable -javaagent:c:\Users\rawat\.antigravity-ide\extensions\redhat.java-1.55.0-win32-x64\lombok\lombok-1.18.39-4050.jar -XX:+HeapDumpOnOutOfMemoryError -XX:HeapDumpPath=c:\Users\rawat\AppData\Roaming\Antigravity IDE\User\workspaceStorage\37c22cd9f0bef5d5ec7063b27c4af746\redhat.java -Daether.dependencyCollector.impl=bf c:\Users\rawat\.antigravity-ide\extensions\redhat.java-1.55.0-win32-x64\server\plugins\org.eclipse.equinox.launcher_1.7.200.v20260619-2039.jar -configuration c:\Users\rawat\AppData\Roaming\Antigravity IDE\User\globalStorage\redhat.java\1.55.0\config_win -data c:\Users\rawat\AppData\Roaming\Antigravity IDE\User\workspaceStorage\37c22cd9f0bef5d5ec7063b27c4af746\redhat.java\jdt_ws --pipe=\\.\pipe\lsp-30d06d255a03bf3824b58499f65dccc9-sock

Host: 11th Gen Intel(R) Core(TM) i7-1165G7 @ 2.80GHz, 8 cores, 7G,  Windows 11 , 64 bit Build 26100 (10.0.26100.8875)
Time: Fri Jul 24 16:46:29 2026 Nepal Standard Time elapsed time: 47.336597 seconds (0d 0h 0m 47s)

---------------  T H R E A D  ---------------

Current thread (0x0000016c68ce2ec0):  JavaThread "C2 CompilerThread1" daemon [_thread_in_native, id=19300, stack(0x00000052d4200000,0x00000052d4300000) (1024K)]


Current CompileTask:
C2:47336 9424   !   4       org.eclipse.core.internal.localstore.UnifiedTree::addChildren (479 bytes)

Stack: [0x00000052d4200000,0x00000052d4300000]
Native frames: (J=compiled Java code, j=interpreted, Vv=VM code, C=native code)
V  [jvm.dll+0x6d7e19]
V  [jvm.dll+0x8b5096]
V  [jvm.dll+0x8b764e]
V  [jvm.dll+0x8b7d33]
V  [jvm.dll+0x284596]
V  [jvm.dll+0xc685d]
V  [jvm.dll+0xc6da1]
V  [jvm.dll+0x2fb4ee]
V  [jvm.dll+0x5fe9a4]
V  [jvm.dll+0x255d67]
V  [jvm.dll+0x25612d]
V  [jvm.dll+0x24e6a0]
V  [jvm.dll+0x24bbe6]
V  [jvm.dll+0x1cb4ae]
V  [jvm.dll+0x25baad]
V  [jvm.dll+0x25a03a]
V  [jvm.dll+0x3f868e]
V  [jvm.dll+0x85fb0d]
V  [jvm.dll+0x6d664d]
C  [ucrtbase.dll+0x2cd30]
C  [KERNEL32.DLL+0x2e957]
C  [ntdll.dll+0xaad6c]


---------------  P R O C E S S  ---------------

Threads class SMR info:
_java_thread_list=0x0000016c6966a2a0, length=55, elements={
0x0000016c4b76a6d0, 0x0000016c4b6d9750, 0x0000016c4b6dc4a0, 0x0000016c4b6e3b40,
0x0000016c4b6e48d0, 0x0000016c4b6ec6f0, 0x0000016c4b6e8a10, 0x0000016c4b6f63f0,
0x0000016c4b71a8f0, 0x0000016c63b942e0, 0x0000016c63ccacd0, 0x0000016c682f3ad0,
0x0000016c684da240, 0x0000016c684d9520, 0x0000016c684da8d0, 0x0000016c684d7450,
0x0000016c684d7ae0, 0x0000016c684d8170, 0x0000016c684d8800, 0x0000016c684d8e90,
0x0000016c684d9bb0, 0x0000016c6b00e870, 0x0000016c6b00d4c0, 0x0000016c6b00ce30,
0x0000016c6b00db50, 0x0000016c6b00c7a0, 0x0000016c6b00ba80, 0x0000016c6b00ef00,
0x0000016c6b00f590, 0x0000016c6b00c110, 0x0000016c6b010fd0, 0x0000016c6b010940,
0x0000016c6b00fc20, 0x0000016c6b0102b0, 0x0000016c6b011660, 0x0000016c6b00e1e0,
0x0000016c6b012a10, 0x0000016c6c3dfe90, 0x0000016c6c3df800, 0x0000016c6c3e0520,
0x0000016c6c3dd730, 0x0000016c6c3dd0a0, 0x0000016c6c3e0bb0, 0x0000016c6c3e1240,
0x0000016c6c3e39a0, 0x0000016c6c3e18d0, 0x0000016c68ce2ec0, 0x0000016c68ce3590,
0x0000016c6c3e2c80, 0x0000016c6c3e3310, 0x0000016c6c3e4030, 0x0000016c6c3e46c0,
0x0000016c69a34670, 0x0000016c69a34d00, 0x0000016c69a31f10
}

Java Threads: ( => current thread )
  0x0000016c4b76a6d0 JavaThread "main"                              [_thread_blocked, id=19332, stack(0x00000052d0d00000,0x00000052d0e00000) (1024K)]
  0x0000016c4b6d9750 JavaThread "Reference Handler"          daemon [_thread_blocked, id=6752, stack(0x00000052d1100000,0x00000052d1200000) (1024K)]
  0x0000016c4b6dc4a0 JavaThread "Finalizer"                  daemon [_thread_blocked, id=1232, stack(0x00000052d1200000,0x00000052d1300000) (1024K)]
  0x0000016c4b6e3b40 JavaThread "Signal Dispatcher"          daemon [_thread_blocked, id=20440, stack(0x00000052d1300000,0x00000052d1400000) (1024K)]
  0x0000016c4b6e48d0 JavaThread "Attach Listener"            daemon [_thread_blocked, id=5812, stack(0x00000052d1400000,0x00000052d1500000) (1024K)]
  0x0000016c4b6ec6f0 JavaThread "Service Thread"             daemon [_thread_blocked, id=3984, stack(0x00000052d1500000,0x00000052d1600000) (1024K)]
  0x0000016c4b6e8a10 JavaThread "Monitor Deflation Thread"   daemon [_thread_blocked, id=16600, stack(0x00000052d1600000,0x00000052d1700000) (1024K)]
  0x0000016c4b6f63f0 JavaThread "C2 CompilerThread0"         daemon [_thread_blocked, id=5616, stack(0x00000052d1700000,0x00000052d1800000) (1024K)]
  0x0000016c4b71a8f0 JavaThread "C1 CompilerThread0"         daemon [_thread_blocked, id=2724, stack(0x00000052d1800000,0x00000052d1900000) (1024K)]
  0x0000016c63b942e0 JavaThread "Common-Cleaner"             daemon [_thread_blocked, id=7452, stack(0x00000052d1900000,0x00000052d1a00000) (1024K)]
  0x0000016c63ccacd0 JavaThread "Notification Thread"        daemon [_thread_blocked, id=17612, stack(0x00000052d1a00000,0x00000052d1b00000) (1024K)]
  0x0000016c682f3ad0 JavaThread "Active Thread: Equinox Container: 00bd50e2-9733-4324-88d6-5d81e91a1a31"        [_thread_blocked, id=20024, stack(0x00000052d2200000,0x00000052d2300000) (1024K)]
  0x0000016c684da240 JavaThread "Refresh Thread: Equinox Container: 00bd50e2-9733-4324-88d6-5d81e91a1a31" daemon [_thread_blocked, id=20200, stack(0x00000052d2400000,0x00000052d2500000) (1024K)]
  0x0000016c684d9520 JavaThread "Framework Event Dispatcher: Equinox Container: 00bd50e2-9733-4324-88d6-5d81e91a1a31" daemon [_thread_blocked, id=24560, stack(0x00000052d2500000,0x00000052d2600000) (1024K)]
  0x0000016c684da8d0 JavaThread "Start Level: Equinox Container: 00bd50e2-9733-4324-88d6-5d81e91a1a31" daemon [_thread_blocked, id=19056, stack(0x00000052d2600000,0x00000052d2700000) (1024K)]
  0x0000016c684d7450 JavaThread "Bundle File Closer"         daemon [_thread_blocked, id=18988, stack(0x00000052d2800000,0x00000052d2900000) (1024K)]
  0x0000016c684d7ae0 JavaThread "SCR Component Actor"        daemon [_thread_blocked, id=600, stack(0x00000052d1b00000,0x00000052d1c00000) (1024K)]
  0x0000016c684d8170 JavaThread "Worker-JM"                         [_thread_blocked, id=23768, stack(0x00000052d2a00000,0x00000052d2b00000) (1024K)]
  0x0000016c684d8800 JavaThread "JNA Cleaner"                daemon [_thread_blocked, id=11964, stack(0x00000052d2b00000,0x00000052d2c00000) (1024K)]
  0x0000016c684d8e90 JavaThread "Worker-0: Update project findora_frontend-Findora_App"        [_thread_blocked, id=17444, stack(0x00000052d2c00000,0x00000052d2d00000) (1024K)]
  0x0000016c684d9bb0 JavaThread "Worker-1"                          [_thread_blocked, id=22692, stack(0x00000052d2d00000,0x00000052d2e00000) (1024K)]
  0x0000016c6b00e870 JavaThread "Java indexing"              daemon [_thread_blocked, id=21248, stack(0x00000052d2e00000,0x00000052d2f00000) (1024K)]
  0x0000016c6b00d4c0 JavaThread "Worker-2: Update project app"        [_thread_in_native, id=12068, stack(0x00000052d3100000,0x00000052d3200000) (1024K)]
  0x0000016c6b00ce30 JavaThread "Worker-3"                          [_thread_blocked, id=1732, stack(0x00000052d3200000,0x00000052d3300000) (1024K)]
  0x0000016c6b00db50 JavaThread "Thread-1"                   daemon [_thread_in_native, id=4052, stack(0x00000052d3300000,0x00000052d3400000) (1024K)]
  0x0000016c6b00c7a0 JavaThread "Thread-2"                   daemon [_thread_in_native, id=24416, stack(0x00000052d3400000,0x00000052d3500000) (1024K)]
  0x0000016c6b00ba80 JavaThread "Thread-3"                   daemon [_thread_in_native, id=10044, stack(0x00000052d3500000,0x00000052d3600000) (1024K)]
  0x0000016c6b00ef00 JavaThread "Thread-4"                   daemon [_thread_in_native, id=14712, stack(0x00000052d3600000,0x00000052d3700000) (1024K)]
  0x0000016c6b00f590 JavaThread "Thread-5"                   daemon [_thread_in_native, id=4496, stack(0x00000052d3700000,0x00000052d3800000) (1024K)]
  0x0000016c6b00c110 JavaThread "Thread-6"                   daemon [_thread_in_native, id=21568, stack(0x00000052d3800000,0x00000052d3900000) (1024K)]
  0x0000016c6b010fd0 JavaThread "Thread-7"                   daemon [_thread_in_native, id=12108, stack(0x00000052d3900000,0x00000052d3a00000) (1024K)]
  0x0000016c6b010940 JavaThread "Thread-8"                   daemon [_thread_in_native, id=17324, stack(0x00000052d3a00000,0x00000052d3b00000) (1024K)]
  0x0000016c6b00fc20 JavaThread "Thread-9"                   daemon [_thread_in_native, id=17220, stack(0x00000052d3b00000,0x00000052d3c00000) (1024K)]
  0x0000016c6b0102b0 JavaThread "pool-2-thread-1"                   [_thread_blocked, id=13672, stack(0x00000052d3c00000,0x00000052d3d00000) (1024K)]
  0x0000016c6b011660 JavaThread "WorkspaceEventsHandler"            [_thread_blocked, id=21968, stack(0x00000052d3d00000,0x00000052d3e00000) (1024K)]
  0x0000016c6b00e1e0 JavaThread "pool-1-thread-1"                   [_thread_blocked, id=564, stack(0x00000052d3e00000,0x00000052d3f00000) (1024K)]
  0x0000016c6b012a10 JavaThread "Worker-4: Initialize workspace"        [_thread_blocked, id=10112, stack(0x00000052d3f00000,0x00000052d4000000) (1024K)]
  0x0000016c6c3dfe90 JavaThread "PatternSearchJob-worker-1"  daemon [_thread_blocked, id=13692, stack(0x00000052d4000000,0x00000052d4100000) (1024K)]
  0x0000016c6c3df800 JavaThread "PatternSearchJob-worker-2"  daemon [_thread_blocked, id=16884, stack(0x00000052d4100000,0x00000052d4200000) (1024K)]
  0x0000016c6c3e0520 JavaThread "Timer-0"                           [_thread_blocked, id=2224, stack(0x00000052d4300000,0x00000052d4400000) (1024K)]
  0x0000016c6c3dd730 JavaThread "Timer-1"                           [_thread_blocked, id=15680, stack(0x00000052d4400000,0x00000052d4500000) (1024K)]
  0x0000016c6c3dd0a0 JavaThread "Timer-2"                           [_thread_blocked, id=920, stack(0x00000052d4500000,0x00000052d4600000) (1024K)]
  0x0000016c6c3e0bb0 JavaThread "Timer-3"                           [_thread_blocked, id=24520, stack(0x00000052d2900000,0x00000052d2a00000) (1024K)]
  0x0000016c6c3e1240 JavaThread "Timer-4"                           [_thread_blocked, id=1636, stack(0x00000052d4600000,0x00000052d4700000) (1024K)]
  0x0000016c6c3e39a0 JavaThread "Timer-5"                           [_thread_blocked, id=14880, stack(0x00000052d4700000,0x00000052d4800000) (1024K)]
  0x0000016c6c3e18d0 JavaThread "Timer-6"                           [_thread_blocked, id=23368, stack(0x00000052d4a00000,0x00000052d4b00000) (1024K)]
=>0x0000016c68ce2ec0 JavaThread "C2 CompilerThread1"         daemon [_thread_in_native, id=19300, stack(0x00000052d4200000,0x00000052d4300000) (1024K)]
  0x0000016c68ce3590 JavaThread "C2 CompilerThread2"         daemon [_thread_in_native, id=4092, stack(0x00000052d4800000,0x00000052d4900000) (1024K)]
  0x0000016c6c3e2c80 JavaThread "ForkJoinPool.commonPool-worker-1" daemon [_thread_blocked, id=2056, stack(0x00000052d4900000,0x00000052d4a00000) (1024K)]
  0x0000016c6c3e3310 JavaThread "ForkJoinPool.commonPool-worker-2" daemon [_thread_blocked, id=23084, stack(0x00000052d4b00000,0x00000052d4c00000) (1024K)]
  0x0000016c6c3e4030 JavaThread "ForkJoinPool.commonPool-worker-3" daemon [_thread_blocked, id=22896, stack(0x00000052d4c00000,0x00000052d4d00000) (1024K)]
  0x0000016c6c3e46c0 JavaThread "ForkJoinPool.commonPool-worker-4" daemon [_thread_blocked, id=8724, stack(0x00000052d4d00000,0x00000052d4e00000) (1024K)]
  0x0000016c69a34670 JavaThread "ForkJoinPool.commonPool-worker-5" daemon [_thread_blocked, id=5576, stack(0x00000052d4e00000,0x00000052d4f00000) (1024K)]
  0x0000016c69a34d00 JavaThread "ForkJoinPool.commonPool-worker-6" daemon [_thread_blocked, id=9964, stack(0x00000052d4f00000,0x00000052d5000000) (1024K)]
  0x0000016c69a31f10 JavaThread "Worker-5"                          [_thread_blocked, id=18692, stack(0x00000052d5000000,0x00000052d5100000) (1024K)]
Total: 55

Other Threads:
  0x0000016c4b6c0b20 VMThread "VM Thread"                           [id=540, stack(0x00000052d1000000,0x00000052d1100000) (1024K)]
  0x0000016c4b5fc950 WatcherThread "VM Periodic Task Thread"        [id=21196, stack(0x00000052d0f00000,0x00000052d1000000) (1024K)]
  0x0000016c4b7899e0 WorkerThread "GC Thread#0"                     [id=2520, stack(0x00000052d0e00000,0x00000052d0f00000) (1024K)]
  0x0000016c6811eda0 WorkerThread "GC Thread#1"                     [id=4616, stack(0x00000052d1c00000,0x00000052d1d00000) (1024K)]
  0x0000016c680f3ee0 WorkerThread "GC Thread#2"                     [id=740, stack(0x00000052d1d00000,0x00000052d1e00000) (1024K)]
  0x0000016c6811f150 WorkerThread "GC Thread#3"                     [id=12096, stack(0x00000052d1e00000,0x00000052d1f00000) (1024K)]
  0x0000016c6811f500 WorkerThread "GC Thread#4"                     [id=2268, stack(0x00000052d1f00000,0x00000052d2000000) (1024K)]
  0x0000016c6811f8b0 WorkerThread "GC Thread#5"                     [id=7880, stack(0x00000052d2000000,0x00000052d2100000) (1024K)]
  0x0000016c6824e960 WorkerThread "GC Thread#6"                     [id=4032, stack(0x00000052d2100000,0x00000052d2200000) (1024K)]
  0x0000016c6821f100 WorkerThread "GC Thread#7"                     [id=16472, stack(0x00000052d2300000,0x00000052d2400000) (1024K)]
Total: 10

Threads with active compile tasks:
C2 CompilerThread1  47363 9424   !   4       org.eclipse.core.internal.localstore.UnifiedTree::addChildren (479 bytes)
C2 CompilerThread2  47363 9468       4       com.google.gson.stream.JsonWriter::string (171 bytes)
Total: 2

VM state: not at safepoint (normal execution)

VM Mutex/Monitor currently owned by a thread: None

Heap address: 0x0000000080000000, size: 2048 MB, Compressed Oops mode: 32-bit

CDS archive(s) mapped at: [0x0000016c00000000-0x0000016c00ba0000-0x0000016c00ba0000), size 12189696, SharedBaseAddress: 0x0000016c00000000, ArchiveRelocationMode: 1.
Compressed class space mapped at: 0x0000016c01000000-0x0000016c41000000, reserved size: 1073741824
Narrow klass base: 0x0000016c00000000, Narrow klass shift: 0, Narrow klass range: 0x100000000

GC Precious Log:
 CardTable entry size: 512
 CPUs: 8 total, 8 available
 Memory: 7914M
 Large Page Support: Disabled
 NUMA Support: Disabled
 Compressed Oops: Enabled (32-bit)
 Alignments: Space 512K, Generation 512K, Heap 2M
 Heap Min Capacity: 100M
 Heap Initial Capacity: 100M
 Heap Max Capacity: 2G
 Pre-touch: Disabled
 Parallel Workers: 8

Heap:
 PSYoungGen      total 11264K, used 1252K [0x00000000d5580000, 0x00000000d6280000, 0x0000000100000000)
  eden space 10240K, 8% used [0x00000000d5580000,0x00000000d565d0a0,0x00000000d5f80000)
  from space 1024K, 35% used [0x00000000d5f80000,0x00000000d5fdc010,0x00000000d6080000)
  to   space 512K, 0% used [0x00000000d6200000,0x00000000d6200000,0x00000000d6280000)
 ParOldGen       total 68608K, used 65387K [0x0000000080000000, 0x0000000084300000, 0x00000000d5580000)
  object space 68608K, 95% used [0x0000000080000000,0x0000000083fdad80,0x0000000084300000)
 Metaspace       used 73545K, committed 75072K, reserved 1114112K
  class space    used 9112K, committed 9792K, reserved 1048576K

Card table byte_map: [0x0000016c4b110000,0x0000016c4b520000] _byte_map_base: 0x0000016c4ad10000

Marking Bits: (ParMarkBitMap*) 0x00007ffb425f4460
 Begin Bits: [0x0000016c5dc20000, 0x0000016c5fc20000)
 End Bits:   [0x0000016c5fc20000, 0x0000016c61c20000)

Polling page: 0x0000016c497e0000

Metaspace:

Usage:
  Non-class:     62.92 MB used.
      Class:      8.90 MB used.
       Both:     71.82 MB used.

Virtual space:
  Non-class space:       64.00 MB reserved,      63.75 MB (>99%) committed,  1 nodes.
      Class space:        1.00 GB reserved,       9.56 MB ( <1%) committed,  1 nodes.
             Both:        1.06 GB reserved,      73.31 MB (  7%) committed. 

Chunk freelists:
   Non-Class:  261.00 KB
       Class:  6.43 MB
        Both:  6.69 MB

MaxMetaspaceSize: unlimited
CompressedClassSpaceSize: 1.00 GB
Initial GC threshold: 21.00 MB
Current GC threshold: 97.31 MB
CDS: on
 - commit_granule_bytes: 65536.
 - commit_granule_words: 8192.
 - virtual_space_node_default_size: 8388608.
 - enlarge_chunks_in_place: 1.
 - use_allocation_guard: 0.


Internal statistics:

num_allocs_failed_limit: 9.
num_arena_births: 1376.
num_arena_deaths: 14.
num_vsnodes_births: 2.
num_vsnodes_deaths: 0.
num_space_committed: 1173.
num_space_uncommitted: 0.
num_chunks_returned_to_freelist: 23.
num_chunks_taken_from_freelist: 4620.
num_chunk_merges: 15.
num_chunk_splits: 2996.
num_chunks_enlarged: 1886.
num_inconsistent_stats: 0.

CodeHeap 'non-profiled nmethods': size=120000Kb used=7664Kb max_used=7664Kb free=112335Kb
 bounds [0x0000016c56440000, 0x0000016c56bc0000, 0x0000016c5d970000]
CodeHeap 'profiled nmethods': size=120000Kb used=18034Kb max_used=18034Kb free=101965Kb
 bounds [0x0000016c4e970000, 0x0000016c4fb10000, 0x0000016c55ea0000]
CodeHeap 'non-nmethods': size=5760Kb used=1443Kb max_used=1512Kb free=4316Kb
 bounds [0x0000016c55ea0000, 0x0000016c56110000, 0x0000016c56440000]
CodeCache: size=245760Kb, used=27141Kb, max_used=27210Kb, free=218616Kb
 total_blobs=9460, nmethods=8716, adapters=650, full_count=0
Compilation: enabled, stopped_count=0, restarted_count=0

Compilation events (20 events):
Event: 44.225 Thread 0x0000016c4b71a8f0 9463       1       org.eclipse.core.runtime.Status::setCode (6 bytes)
Event: 44.225 Thread 0x0000016c4b71a8f0 nmethod 9463 0x0000016c56ba6e10 code [0x0000016c56ba6fa0, 0x0000016c56ba7070]
Event: 44.225 Thread 0x0000016c4b71a8f0 9464       1       org.eclipse.core.runtime.Status::setException (6 bytes)
Event: 44.225 Thread 0x0000016c4b71a8f0 nmethod 9464 0x0000016c56ba7110 code [0x0000016c56ba72a0, 0x0000016c56ba7388]
Event: 44.226 Thread 0x0000016c68ce3590 nmethod 9459 0x0000016c56ba7410 code [0x0000016c56ba7640, 0x0000016c56ba7e08]
Event: 44.226 Thread 0x0000016c4b71a8f0 9465       1       org.eclipse.core.runtime.Status::getException (5 bytes)
Event: 44.227 Thread 0x0000016c4b71a8f0 nmethod 9465 0x0000016c56ba8490 code [0x0000016c56ba8620, 0x0000016c56ba86e8]
Event: 44.227 Thread 0x0000016c4b71a8f0 9466   !   3       java.util.concurrent.ConcurrentHashMap::putVal (432 bytes)
Event: 44.228 Thread 0x0000016c4b71a8f0 nmethod 9466 0x0000016c4fb04e10 code [0x0000016c4fb05180, 0x0000016c4fb06a58]
Event: 44.229 Thread 0x0000016c68ce3590 9467       4       java.lang.AbstractStringBuilder::appendChars (207 bytes)
Event: 44.229 Thread 0x0000016c4b71a8f0 9469       3       java.lang.Integer::toString (8 bytes)
Event: 44.229 Thread 0x0000016c4b71a8f0 nmethod 9469 0x0000016c4fb07410 code [0x0000016c4fb075c0, 0x0000016c4fb076f8]
Event: 44.229 Thread 0x0000016c4b71a8f0 9470       3       com.google.gson.stream.JsonWriter::nullValue (44 bytes)
Event: 44.230 Thread 0x0000016c4b71a8f0 nmethod 9470 0x0000016c4fb07790 code [0x0000016c4fb07980, 0x0000016c4fb07da0]
Event: 44.230 Thread 0x0000016c4b71a8f0 9471       3       sun.nio.ch.AsynchronousFileChannelImpl::write (9 bytes)
Event: 44.230 Thread 0x0000016c4b71a8f0 nmethod 9471 0x0000016c4fb07f10 code [0x0000016c4fb080c0, 0x0000016c4fb082a0]
Event: 44.230 Thread 0x0000016c4b71a8f0 9472       3       sun.nio.ch.WindowsAsynchronousFileChannelImpl::implWrite (202 bytes)
Event: 44.231 Thread 0x0000016c4b71a8f0 nmethod 9472 0x0000016c4fb08390 code [0x0000016c4fb08660, 0x0000016c4fb09248]
Event: 44.231 Thread 0x0000016c4b71a8f0 9473       3       sun.nio.ch.WindowsAsynchronousFileChannelImpl$WriteTask::completed (42 bytes)
Event: 44.231 Thread 0x0000016c4b71a8f0 nmethod 9473 0x0000016c4fb09690 code [0x0000016c4fb098e0, 0x0000016c4fb0a078]

GC Heap History (20 events):
Event: 43.208 GC heap after
{Heap after GC invocations=90 (full 3):
 PSYoungGen      total 13312K, used 1024K [0x00000000d5580000, 0x00000000d6400000, 0x0000000100000000)
  eden space 11776K, 0% used [0x00000000d5580000,0x00000000d5580000,0x00000000d6100000)
  from space 1536K, 66% used [0x00000000d6100000,0x00000000d6200000,0x00000000d6280000)
  to   space 1536K, 0% used [0x00000000d6280000,0x00000000d6280000,0x00000000d6400000)
 ParOldGen       total 68608K, used 60826K [0x0000000080000000, 0x0000000084300000, 0x00000000d5580000)
  object space 68608K, 88% used [0x0000000080000000,0x0000000083b66b80,0x0000000084300000)
 Metaspace       used 66701K, committed 68224K, reserved 1114112K
  class space    used 8387K, committed 9024K, reserved 1048576K
}
Event: 43.328 GC heap before
{Heap before GC invocations=91 (full 3):
 PSYoungGen      total 13312K, used 12790K [0x00000000d5580000, 0x00000000d6400000, 0x0000000100000000)
  eden space 11776K, 99% used [0x00000000d5580000,0x00000000d60fdb68,0x00000000d6100000)
  from space 1536K, 66% used [0x00000000d6100000,0x00000000d6200000,0x00000000d6280000)
  to   space 1536K, 0% used [0x00000000d6280000,0x00000000d6280000,0x00000000d6400000)
 ParOldGen       total 68608K, used 60826K [0x0000000080000000, 0x0000000084300000, 0x00000000d5580000)
  object space 68608K, 88% used [0x0000000080000000,0x0000000083b66b80,0x0000000084300000)
 Metaspace       used 67921K, committed 69440K, reserved 1114112K
  class space    used 8557K, committed 9216K, reserved 1048576K
}
Event: 43.331 GC heap after
{Heap after GC invocations=91 (full 3):
 PSYoungGen      total 12800K, used 870K [0x00000000d5580000, 0x00000000d6380000, 0x0000000100000000)
  eden space 11776K, 0% used [0x00000000d5580000,0x00000000d5580000,0x00000000d6100000)
  from space 1024K, 85% used [0x00000000d6280000,0x00000000d63599e8,0x00000000d6380000)
  to   space 1024K, 0% used [0x00000000d6180000,0x00000000d6180000,0x00000000d6280000)
 ParOldGen       total 68608K, used 61807K [0x0000000080000000, 0x0000000084300000, 0x00000000d5580000)
  object space 68608K, 90% used [0x0000000080000000,0x0000000083c5bed8,0x0000000084300000)
 Metaspace       used 67921K, committed 69440K, reserved 1114112K
  class space    used 8557K, committed 9216K, reserved 1048576K
}
Event: 43.483 GC heap before
{Heap before GC invocations=92 (full 3):
 PSYoungGen      total 12800K, used 12646K [0x00000000d5580000, 0x00000000d6380000, 0x0000000100000000)
  eden space 11776K, 100% used [0x00000000d5580000,0x00000000d6100000,0x00000000d6100000)
  from space 1024K, 85% used [0x00000000d6280000,0x00000000d63599e8,0x00000000d6380000)
  to   space 1024K, 0% used [0x00000000d6180000,0x00000000d6180000,0x00000000d6280000)
 ParOldGen       total 68608K, used 61807K [0x0000000080000000, 0x0000000084300000, 0x00000000d5580000)
  object space 68608K, 90% used [0x0000000080000000,0x0000000083c5bed8,0x0000000084300000)
 Metaspace       used 69095K, committed 70592K, reserved 1114112K
  class space    used 8700K, committed 9344K, reserved 1048576K
}
Event: 43.485 GC heap after
{Heap after GC invocations=92 (full 3):
 PSYoungGen      total 12288K, used 472K [0x00000000d5580000, 0x00000000d6300000, 0x0000000100000000)
  eden space 11776K, 0% used [0x00000000d5580000,0x00000000d5580000,0x00000000d6100000)
  from space 512K, 92% used [0x00000000d6180000,0x00000000d61f6350,0x00000000d6200000)
  to   space 1024K, 0% used [0x00000000d6200000,0x00000000d6200000,0x00000000d6300000)
 ParOldGen       total 68608K, used 62352K [0x0000000080000000, 0x0000000084300000, 0x00000000d5580000)
  object space 68608K, 90% used [0x0000000080000000,0x0000000083ce4000,0x0000000084300000)
 Metaspace       used 69095K, committed 70592K, reserved 1114112K
  class space    used 8700K, committed 9344K, reserved 1048576K
}
Event: 43.624 GC heap before
{Heap before GC invocations=93 (full 3):
 PSYoungGen      total 12288K, used 12248K [0x00000000d5580000, 0x00000000d6300000, 0x0000000100000000)
  eden space 11776K, 100% used [0x00000000d5580000,0x00000000d6100000,0x00000000d6100000)
  from space 512K, 92% used [0x00000000d6180000,0x00000000d61f6350,0x00000000d6200000)
  to   space 1024K, 0% used [0x00000000d6200000,0x00000000d6200000,0x00000000d6300000)
 ParOldGen       total 68608K, used 62352K [0x0000000080000000, 0x0000000084300000, 0x00000000d5580000)
  object space 68608K, 90% used [0x0000000080000000,0x0000000083ce4000,0x0000000084300000)
 Metaspace       used 69651K, committed 71168K, reserved 1114112K
  class space    used 8763K, committed 9408K, reserved 1048576K
}
Event: 43.625 GC heap after
{Heap after GC invocations=93 (full 3):
 PSYoungGen      total 12288K, used 288K [0x00000000d5580000, 0x00000000d6280000, 0x0000000100000000)
  eden space 11776K, 0% used [0x00000000d5580000,0x00000000d5580000,0x00000000d6100000)
  from space 512K, 56% used [0x00000000d6200000,0x00000000d6248000,0x00000000d6280000)
  to   space 512K, 0% used [0x00000000d6180000,0x00000000d6180000,0x00000000d6200000)
 ParOldGen       total 68608K, used 62766K [0x0000000080000000, 0x0000000084300000, 0x00000000d5580000)
  object space 68608K, 91% used [0x0000000080000000,0x0000000083d4bb48,0x0000000084300000)
 Metaspace       used 69651K, committed 71168K, reserved 1114112K
  class space    used 8763K, committed 9408K, reserved 1048576K
}
Event: 43.725 GC heap before
{Heap before GC invocations=94 (full 3):
 PSYoungGen      total 12288K, used 12039K [0x00000000d5580000, 0x00000000d6280000, 0x0000000100000000)
  eden space 11776K, 99% used [0x00000000d5580000,0x00000000d60f9c28,0x00000000d6100000)
  from space 512K, 56% used [0x00000000d6200000,0x00000000d6248000,0x00000000d6280000)
  to   space 512K, 0% used [0x00000000d6180000,0x00000000d6180000,0x00000000d6200000)
 ParOldGen       total 68608K, used 62766K [0x0000000080000000, 0x0000000084300000, 0x00000000d5580000)
  object space 68608K, 91% used [0x0000000080000000,0x0000000083d4bb48,0x0000000084300000)
 Metaspace       used 70177K, committed 71744K, reserved 1114112K
  class space    used 8829K, committed 9472K, reserved 1048576K
}
Event: 43.726 GC heap after
{Heap after GC invocations=94 (full 3):
 PSYoungGen      total 12288K, used 288K [0x00000000d5580000, 0x00000000d6280000, 0x0000000100000000)
  eden space 11776K, 0% used [0x00000000d5580000,0x00000000d5580000,0x00000000d6100000)
  from space 512K, 56% used [0x00000000d6180000,0x00000000d61c8000,0x00000000d6200000)
  to   space 512K, 0% used [0x00000000d6200000,0x00000000d6200000,0x00000000d6280000)
 ParOldGen       total 68608K, used 62942K [0x0000000080000000, 0x0000000084300000, 0x00000000d5580000)
  object space 68608K, 91% used [0x0000000080000000,0x0000000083d77b48,0x0000000084300000)
 Metaspace       used 70177K, committed 71744K, reserved 1114112K
  class space    used 8829K, committed 9472K, reserved 1048576K
}
Event: 43.834 GC heap before
{Heap before GC invocations=95 (full 3):
 PSYoungGen      total 12288K, used 12064K [0x00000000d5580000, 0x00000000d6280000, 0x0000000100000000)
  eden space 11776K, 100% used [0x00000000d5580000,0x00000000d6100000,0x00000000d6100000)
  from space 512K, 56% used [0x00000000d6180000,0x00000000d61c8000,0x00000000d6200000)
  to   space 512K, 0% used [0x00000000d6200000,0x00000000d6200000,0x00000000d6280000)
 ParOldGen       total 68608K, used 62942K [0x0000000080000000, 0x0000000084300000, 0x00000000d5580000)
  object space 68608K, 91% used [0x0000000080000000,0x0000000083d77b48,0x0000000084300000)
 Metaspace       used 71569K, committed 73152K, reserved 1114112K
  class space    used 8924K, committed 9600K, reserved 1048576K
}
Event: 43.836 GC heap after
{Heap after GC invocations=95 (full 3):
 PSYoungGen      total 10752K, used 510K [0x00000000d5580000, 0x00000000d6600000, 0x0000000100000000)
  eden space 10240K, 0% used [0x00000000d5580000,0x00000000d5580000,0x00000000d5f80000)
  from space 512K, 99% used [0x00000000d6200000,0x00000000d627fac0,0x00000000d6280000)
  to   space 2560K, 0% used [0x00000000d5f80000,0x00000000d5f80000,0x00000000d6200000)
 ParOldGen       total 68608K, used 64286K [0x0000000080000000, 0x0000000084300000, 0x00000000d5580000)
  object space 68608K, 93% used [0x0000000080000000,0x0000000083ec7a68,0x0000000084300000)
 Metaspace       used 71569K, committed 73152K, reserved 1114112K
  class space    used 8924K, committed 9600K, reserved 1048576K
}
Event: 43.863 GC heap before
{Heap before GC invocations=96 (full 3):
 PSYoungGen      total 10752K, used 10750K [0x00000000d5580000, 0x00000000d6600000, 0x0000000100000000)
  eden space 10240K, 100% used [0x00000000d5580000,0x00000000d5f80000,0x00000000d5f80000)
  from space 512K, 99% used [0x00000000d6200000,0x00000000d627fac0,0x00000000d6280000)
  to   space 2560K, 0% used [0x00000000d5f80000,0x00000000d5f80000,0x00000000d6200000)
 ParOldGen       total 68608K, used 64286K [0x0000000080000000, 0x0000000084300000, 0x00000000d5580000)
  object space 68608K, 93% used [0x0000000080000000,0x0000000083ec7a68,0x0000000084300000)
 Metaspace       used 71582K, committed 73152K, reserved 1114112K
  class space    used 8924K, committed 9600K, reserved 1048576K
}
Event: 43.866 GC heap after
{Heap after GC invocations=96 (full 3):
 PSYoungGen      total 11776K, used 1343K [0x00000000d5580000, 0x00000000d6280000, 0x0000000100000000)
  eden space 10240K, 0% used [0x00000000d5580000,0x00000000d5580000,0x00000000d5f80000)
  from space 1536K, 87% used [0x00000000d5f80000,0x00000000d60cfe60,0x00000000d6100000)
  to   space 1536K, 0% used [0x00000000d6100000,0x00000000d6100000,0x00000000d6280000)
 ParOldGen       total 68608K, used 64731K [0x0000000080000000, 0x0000000084300000, 0x00000000d5580000)
  object space 68608K, 94% used [0x0000000080000000,0x0000000083f36e00,0x0000000084300000)
 Metaspace       used 71582K, committed 73152K, reserved 1114112K
  class space    used 8924K, committed 9600K, reserved 1048576K
}
Event: 43.890 GC heap before
{Heap before GC invocations=97 (full 3):
 PSYoungGen      total 11776K, used 11583K [0x00000000d5580000, 0x00000000d6280000, 0x0000000100000000)
  eden space 10240K, 100% used [0x00000000d5580000,0x00000000d5f80000,0x00000000d5f80000)
  from space 1536K, 87% used [0x00000000d5f80000,0x00000000d60cfe60,0x00000000d6100000)
  to   space 1536K, 0% used [0x00000000d6100000,0x00000000d6100000,0x00000000d6280000)
 ParOldGen       total 68608K, used 64731K [0x0000000080000000, 0x0000000084300000, 0x00000000d5580000)
  object space 68608K, 94% used [0x0000000080000000,0x0000000083f36e00,0x0000000084300000)
 Metaspace       used 71593K, committed 73152K, reserved 1114112K
  class space    used 8924K, committed 9600K, reserved 1048576K
}
Event: 43.890 GC heap after
{Heap after GC invocations=97 (full 3):
 PSYoungGen      total 11264K, used 521K [0x00000000d5580000, 0x00000000d6200000, 0x0000000100000000)
  eden space 10240K, 0% used [0x00000000d5580000,0x00000000d5580000,0x00000000d5f80000)
  from space 1024K, 50% used [0x00000000d6100000,0x00000000d6182700,0x00000000d6200000)
  to   space 1024K, 0% used [0x00000000d6000000,0x00000000d6000000,0x00000000d6100000)
 ParOldGen       total 68608K, used 64933K [0x0000000080000000, 0x0000000084300000, 0x00000000d5580000)
  object space 68608K, 94% used [0x0000000080000000,0x0000000083f69498,0x0000000084300000)
 Metaspace       used 71593K, committed 73152K, reserved 1114112K
  class space    used 8924K, committed 9600K, reserved 1048576K
}
Event: 43.908 GC heap before
{Heap before GC invocations=98 (full 3):
 PSYoungGen      total 11264K, used 10761K [0x00000000d5580000, 0x00000000d6200000, 0x0000000100000000)
  eden space 10240K, 100% used [0x00000000d5580000,0x00000000d5f80000,0x00000000d5f80000)
  from space 1024K, 50% used [0x00000000d6100000,0x00000000d6182700,0x00000000d6200000)
  to   space 1024K, 0% used [0x00000000d6000000,0x00000000d6000000,0x00000000d6100000)
 ParOldGen       total 68608K, used 64933K [0x0000000080000000, 0x0000000084300000, 0x00000000d5580000)
  object space 68608K, 94% used [0x0000000080000000,0x0000000083f69498,0x0000000084300000)
 Metaspace       used 71821K, committed 73408K, reserved 1114112K
  class space    used 8933K, committed 9600K, reserved 1048576K
}
Event: 43.909 GC heap after
{Heap after GC invocations=98 (full 3):
 PSYoungGen      total 11264K, used 224K [0x00000000d5580000, 0x00000000d6180000, 0x0000000100000000)
  eden space 10240K, 0% used [0x00000000d5580000,0x00000000d5580000,0x00000000d5f80000)
  from space 1024K, 21% used [0x00000000d6000000,0x00000000d6038000,0x00000000d6100000)
  to   space 512K, 0% used [0x00000000d6100000,0x00000000d6100000,0x00000000d6180000)
 ParOldGen       total 68608K, used 64949K [0x0000000080000000, 0x0000000084300000, 0x00000000d5580000)
  object space 68608K, 94% used [0x0000000080000000,0x0000000083f6d498,0x0000000084300000)
 Metaspace       used 71821K, committed 73408K, reserved 1114112K
  class space    used 8933K, committed 9600K, reserved 1048576K
}
Event: 44.052 GC heap before
{Heap before GC invocations=99 (full 3):
 PSYoungGen      total 11264K, used 10456K [0x00000000d5580000, 0x00000000d6180000, 0x0000000100000000)
  eden space 10240K, 99% used [0x00000000d5580000,0x00000000d5f7e388,0x00000000d5f80000)
  from space 1024K, 21% used [0x00000000d6000000,0x00000000d6038000,0x00000000d6100000)
  to   space 512K, 0% used [0x00000000d6100000,0x00000000d6100000,0x00000000d6180000)
 ParOldGen       total 68608K, used 64949K [0x0000000080000000, 0x0000000084300000, 0x00000000d5580000)
  object space 68608K, 94% used [0x0000000080000000,0x0000000083f6d498,0x0000000084300000)
 Metaspace       used 73131K, committed 74624K, reserved 1114112K
  class space    used 9070K, committed 9728K, reserved 1048576K
}
Event: 44.054 GC heap after
{Heap after GC invocations=99 (full 3):
 PSYoungGen      total 10752K, used 483K [0x00000000d5580000, 0x00000000d6180000, 0x0000000100000000)
  eden space 10240K, 0% used [0x00000000d5580000,0x00000000d5580000,0x00000000d5f80000)
  from space 512K, 94% used [0x00000000d6100000,0x00000000d6178d88,0x00000000d6180000)
  to   space 1024K, 0% used [0x00000000d5f80000,0x00000000d5f80000,0x00000000d6080000)
 ParOldGen       total 68608K, used 65021K [0x0000000080000000, 0x0000000084300000, 0x00000000d5580000)
  object space 68608K, 94% used [0x0000000080000000,0x0000000083f7f498,0x0000000084300000)
 Metaspace       used 73131K, committed 74624K, reserved 1114112K
  class space    used 9070K, committed 9728K, reserved 1048576K
}
Event: 44.269 GC heap before
{Heap before GC invocations=100 (full 3):
 PSYoungGen      total 10752K, used 10723K [0x00000000d5580000, 0x00000000d6180000, 0x0000000100000000)
  eden space 10240K, 100% used [0x00000000d5580000,0x00000000d5f80000,0x00000000d5f80000)
  from space 512K, 94% used [0x00000000d6100000,0x00000000d6178d88,0x00000000d6180000)
  to   space 1024K, 0% used [0x00000000d5f80000,0x00000000d5f80000,0x00000000d6080000)
 ParOldGen       total 68608K, used 65021K [0x0000000080000000, 0x0000000084300000, 0x00000000d5580000)
  object space 68608K, 94% used [0x0000000080000000,0x0000000083f7f498,0x0000000084300000)
 Metaspace       used 73517K, committed 75008K, reserved 1114112K
  class space    used 9105K, committed 9728K, reserved 1048576K
}

Dll operation events (15 events):
Event: 0.023 Loaded shared library c:\Users\rawat\.antigravity-ide\extensions\redhat.java-1.55.0-win32-x64\jre\21.0.11-win32-x86_64\bin\java.dll
Event: 0.133 Loaded shared library c:\Users\rawat\.antigravity-ide\extensions\redhat.java-1.55.0-win32-x64\jre\21.0.11-win32-x86_64\bin\zip.dll
Event: 0.166 Loaded shared library C:\Users\rawat\.antigravity-ide\extensions\redhat.java-1.55.0-win32-x64\jre\21.0.11-win32-x86_64\bin\instrument.dll
Event: 0.175 Loaded shared library C:\Users\rawat\.antigravity-ide\extensions\redhat.java-1.55.0-win32-x64\jre\21.0.11-win32-x86_64\bin\net.dll
Event: 0.185 Loaded shared library C:\Users\rawat\.antigravity-ide\extensions\redhat.java-1.55.0-win32-x64\jre\21.0.11-win32-x86_64\bin\nio.dll
Event: 0.190 Loaded shared library C:\Users\rawat\.antigravity-ide\extensions\redhat.java-1.55.0-win32-x64\jre\21.0.11-win32-x86_64\bin\zip.dll
Event: 0.223 Loaded shared library C:\Users\rawat\.antigravity-ide\extensions\redhat.java-1.55.0-win32-x64\jre\21.0.11-win32-x86_64\bin\jimage.dll
Event: 0.440 Loaded shared library c:\Users\rawat\.antigravity-ide\extensions\redhat.java-1.55.0-win32-x64\jre\21.0.11-win32-x86_64\bin\verify.dll
Event: 2.434 Loaded shared library C:\Users\rawat\AppData\Roaming\Antigravity IDE\User\globalStorage\redhat.java\1.55.0\config_win\org.eclipse.equinox.launcher\org.eclipse.equinox.launcher.win32.win32.x86_64_1.3.100.v20260613-0559\eclipse_11924.dll
Event: 5.924 Loaded shared library C:\Users\rawat\AppData\Local\Temp\jna-108288603\jna10107495901351133972.dll
Event: 9.385 Loaded shared library C:\Users\rawat\.gradle\native\1def1411415f61bf3af743bc5b6707747c0891f09f0c88961ee8f79bc544acac\windows-amd64\native-platform.dll
Event: 10.221 Loaded shared library C:\Users\rawat\.antigravity-ide\extensions\redhat.java-1.55.0-win32-x64\jre\21.0.11-win32-x86_64\bin\management.dll
Event: 10.223 Loaded shared library C:\Users\rawat\.antigravity-ide\extensions\redhat.java-1.55.0-win32-x64\jre\21.0.11-win32-x86_64\bin\management_ext.dll
Event: 13.349 Loaded shared library C:\Users\rawat\.antigravity-ide\extensions\redhat.java-1.55.0-win32-x64\jre\21.0.11-win32-x86_64\bin\extnet.dll
Event: 15.618 Loaded shared library C:\Users\rawat\.antigravity-ide\extensions\redhat.java-1.55.0-win32-x64\jre\21.0.11-win32-x86_64\bin\sunmscapi.dll

Deoptimization events (20 events):
Event: 44.214 Thread 0x0000016c69a34d00 DEOPT PACKING pc=0x0000016c56aa6a70 sp=0x00000052d4ffe2d0
Event: 44.214 Thread 0x0000016c69a34d00 DEOPT UNPACKING pc=0x0000016c55ef6da2 sp=0x00000052d4ffe288 mode 2
Event: 44.214 Thread 0x0000016c6c3e3310 DEOPT PACKING pc=0x0000016c56aa6a70 sp=0x00000052d4bfea30
Event: 44.214 Thread 0x0000016c6c3e3310 DEOPT UNPACKING pc=0x0000016c55ef6da2 sp=0x00000052d4bfe9e8 mode 2
Event: 44.214 Thread 0x0000016c6c3e3310 Uncommon trap: trap_request=0xffffffde fr.pc=0x0000016c56aa6a70 relative=0x0000000000000cd0
Event: 44.214 Thread 0x0000016c69a34d00 Uncommon trap: trap_request=0xffffffde fr.pc=0x0000016c56aa6a70 relative=0x0000000000000cd0
Event: 44.214 Thread 0x0000016c6c3e3310 Uncommon trap: reason=class_check action=maybe_recompile pc=0x0000016c56aa6a70 method=com.google.gson.stream.JsonWriter.string(Ljava/lang/String;)V @ 23 c2
Event: 44.214 Thread 0x0000016c69a34d00 Uncommon trap: reason=class_check action=maybe_recompile pc=0x0000016c56aa6a70 method=com.google.gson.stream.JsonWriter.string(Ljava/lang/String;)V @ 23 c2
Event: 44.214 Thread 0x0000016c6c3e3310 DEOPT PACKING pc=0x0000016c56aa6a70 sp=0x00000052d4bfeb50
Event: 44.214 Thread 0x0000016c69a34d00 DEOPT PACKING pc=0x0000016c56aa6a70 sp=0x00000052d4ffe3f0
Event: 44.214 Thread 0x0000016c6c3e3310 DEOPT UNPACKING pc=0x0000016c55ef6da2 sp=0x00000052d4bfeb08 mode 2
Event: 44.214 Thread 0x0000016c69a34d00 DEOPT UNPACKING pc=0x0000016c55ef6da2 sp=0x00000052d4ffe3a8 mode 2
Event: 44.214 Thread 0x0000016c69a34d00 Uncommon trap: trap_request=0xffffff45 fr.pc=0x0000016c56b6006c relative=0x00000000000000cc
Event: 44.214 Thread 0x0000016c69a34d00 Uncommon trap: reason=unstable_if action=reinterpret pc=0x0000016c56b6006c method=java.lang.Class.annotationData()Ljava/lang/Class$AnnotationData; @ 36 c2
Event: 44.215 Thread 0x0000016c69a34d00 DEOPT PACKING pc=0x0000016c56b6006c sp=0x00000052d4ffe420
Event: 44.215 Thread 0x0000016c69a34d00 DEOPT UNPACKING pc=0x0000016c55ef6da2 sp=0x00000052d4ffe3b0 mode 2
Event: 44.217 Thread 0x0000016c6c3e3310 Uncommon trap: trap_request=0xffffff45 fr.pc=0x0000016c5689e44c relative=0x00000000000001cc
Event: 44.217 Thread 0x0000016c6c3e3310 Uncommon trap: reason=unstable_if action=reinterpret pc=0x0000016c5689e44c method=org.eclipse.core.internal.localstore.FileSystemResourceManager.getStoreRoot(Lorg/eclipse/core/resources/IResource;)Lorg/eclipse/core/internal/localstore/FileStoreRoot; @ 33 
Event: 44.217 Thread 0x0000016c6c3e3310 DEOPT PACKING pc=0x0000016c5689e44c sp=0x00000052d4bfee50
Event: 44.217 Thread 0x0000016c6c3e3310 DEOPT UNPACKING pc=0x0000016c55ef6da2 sp=0x00000052d4bfedd0 mode 2

Classes loaded (20 events):
Event: 43.965 Loading class java/util/stream/ReferencePipeline$4
Event: 43.965 Loading class java/util/stream/ReferencePipeline$4 done
Event: 43.966 Loading class java/util/stream/Nodes$IntFixedNodeBuilder
Event: 43.966 Loading class java/util/stream/Node$Builder$OfInt
Event: 43.966 Loading class java/util/stream/Node$Builder$OfInt done
Event: 43.966 Loading class java/util/stream/Nodes$IntArrayNode
Event: 43.966 Loading class java/util/stream/Nodes$IntArrayNode done
Event: 43.966 Loading class java/util/stream/Nodes$IntFixedNodeBuilder done
Event: 43.966 Loading class java/util/stream/ReferencePipeline$4$1
Event: 43.966 Loading class java/util/stream/ReferencePipeline$4$1 done
Event: 44.023 Loading class java/util/concurrent/CompletableFuture$UniApply
Event: 44.023 Loading class java/util/concurrent/CompletableFuture$UniCompletion
Event: 44.024 Loading class java/util/concurrent/CompletableFuture$UniCompletion done
Event: 44.024 Loading class java/util/concurrent/CompletableFuture$UniApply done
Event: 44.025 Loading class java/util/concurrent/CompletableFuture$UniAccept
Event: 44.025 Loading class java/util/concurrent/CompletableFuture$UniAccept done
Event: 44.025 Loading class java/util/concurrent/CompletableFuture$UniExceptionally
Event: 44.025 Loading class java/util/concurrent/CompletableFuture$UniExceptionally done
Event: 44.209 Loading class java/util/Hashtable$KeySet
Event: 44.209 Loading class java/util/Hashtable$KeySet done

Classes unloaded (7 events):
Event: 6.435 Thread 0x0000016c4b6c0b20 Unloading class 0x0000016c011af400 'java/lang/invoke/LambdaForm$MH+0x0000016c011af400'
Event: 6.435 Thread 0x0000016c4b6c0b20 Unloading class 0x0000016c011af000 'java/lang/invoke/LambdaForm$MH+0x0000016c011af000'
Event: 6.435 Thread 0x0000016c4b6c0b20 Unloading class 0x0000016c011aec00 'java/lang/invoke/LambdaForm$MH+0x0000016c011aec00'
Event: 6.435 Thread 0x0000016c4b6c0b20 Unloading class 0x0000016c011ae800 'java/lang/invoke/LambdaForm$MH+0x0000016c011ae800'
Event: 6.435 Thread 0x0000016c4b6c0b20 Unloading class 0x0000016c011ae400 'java/lang/invoke/LambdaForm$BMH+0x0000016c011ae400'
Event: 6.435 Thread 0x0000016c4b6c0b20 Unloading class 0x0000016c011ae000 'java/lang/invoke/LambdaForm$DMH+0x0000016c011ae000'
Event: 6.435 Thread 0x0000016c4b6c0b20 Unloading class 0x0000016c011acc00 'java/lang/invoke/LambdaForm$DMH+0x0000016c011acc00'

Classes redefined (0 events):
No events

Internal exceptions (20 events):
Event: 42.660 Thread 0x0000016c6c3e2c80 Exception <a 'java/lang/NoSuchMethodError'{0x00000000d61d00c0}: static Lorg/gradle/internal/build/event/types/DefaultRootOperationDescriptor;.<clinit>()V> (0x00000000d61d00c0) 
thrown [s\src\hotspot\share\prims\jni.cpp, line 1111]
Event: 42.759 Thread 0x0000016c6b00e1e0 Implicit null exception at 0x0000016c56932144 to 0x0000016c569331d8
Event: 42.759 Thread 0x0000016c6b00e1e0 Implicit null exception at 0x0000016c565a308d to 0x0000016c565a33e0
Event: 42.807 Thread 0x0000016c6b00e1e0 Implicit null exception at 0x0000016c566ffb83 to 0x0000016c566ffe04
Event: 42.807 Thread 0x0000016c6b00e1e0 Exception <a 'java/lang/NoSuchMethodError'{0x00000000d5bcbee8}: 'java.lang.Object java.lang.invoke.DelegatingMethodHandle$Holder.reinvoke_L(java.lang.Object, int, long, java.lang.Object, java.lang.Object, int, java.lang.Object)'> (0x00000000d5bcbee8) 
thrown [s\src\hotspot\share\interpreter\linkResolver.cpp, line 773]
Event: 42.876 Thread 0x0000016c6b00ce30 Exception <a 'java/io/FileNotFoundException'{0x00000000d563e1f0}> (0x00000000d563e1f0) 
thrown [s\src\hotspot\share\prims\jni.cpp, line 520]
Event: 42.876 Thread 0x0000016c6b00ce30 Exception <a 'java/io/FileNotFoundException'{0x00000000d563f508}> (0x00000000d563f508) 
thrown [s\src\hotspot\share\prims\jni.cpp, line 520]
Event: 42.876 Thread 0x0000016c6b00ce30 Exception <a 'java/io/FileNotFoundException'{0x00000000d5640548}> (0x00000000d5640548) 
thrown [s\src\hotspot\share\prims\jni.cpp, line 520]
Event: 42.892 Thread 0x0000016c6b00ce30 Exception <a 'java/lang/NoSuchMethodError'{0x00000000d57dc398}: 'java.lang.Object java.lang.invoke.Invokers$Holder.invoke_MT(java.lang.Object, java.lang.Object, java.lang.Object, java.lang.Object, java.lang.Object, java.lang.Object, java.lang.Object, java.lang.Object, java.lang.Object, java.lang.Object)'> (0x00000000d57dc398) 
thrown [s\src\hotspot\share\interpreter\linkResolver.cpp, line 773]
Event: 42.892 Thread 0x0000016c6b00e1e0 Exception <a 'java/lang/NoSuchMethodError'{0x00000000d57e3ea0}: 'java.lang.Object java.lang.invoke.Invokers$Holder.invoke_MT(java.lang.Object, java.lang.Object, java.lang.Object, java.lang.Object, java.lang.Object, java.lang.Object, java.lang.Object, java.lang.Object, java.lang.Object, java.lang.Object)'> (0x00000000d57e3ea0) 
thrown [s\src\hotspot\share\interpreter\linkResolver.cpp, line 773]
Event: 43.263 Thread 0x0000016c6b00e1e0 Exception <a 'java/io/FileNotFoundException'{0x00000000d5a6b028}> (0x00000000d5a6b028) 
thrown [s\src\hotspot\share\prims\jni.cpp, line 520]
Event: 43.263 Thread 0x0000016c6b00e1e0 Exception <a 'java/io/FileNotFoundException'{0x00000000d5a6c068}> (0x00000000d5a6c068) 
thrown [s\src\hotspot\share\prims\jni.cpp, line 520]
Event: 44.014 Thread 0x0000016c6b00e1e0 Implicit null exception at 0x0000016c5688e5d5 to 0x0000016c5688e840
Event: 44.017 Thread 0x0000016c6b00e1e0 Implicit null exception at 0x0000016c567ae980 to 0x0000016c567aed84
Event: 44.017 Thread 0x0000016c6b00e1e0 Exception <a 'sun/nio/fs/WindowsException'{0x00000000d5d076d0}> (0x00000000d5d076d0) 
thrown [s\src\hotspot\share\prims\jni.cpp, line 520]
Event: 44.018 Thread 0x0000016c6b00e1e0 Exception <a 'sun/nio/fs/WindowsException'{0x00000000d5d07d00}> (0x00000000d5d07d00) 
thrown [s\src\hotspot\share\prims\jni.cpp, line 520]
Event: 44.018 Thread 0x0000016c6b00e1e0 Exception <a 'sun/nio/fs/WindowsException'{0x00000000d5d0ade8}> (0x00000000d5d0ade8) 
thrown [s\src\hotspot\share\prims\jni.cpp, line 520]
Event: 44.018 Thread 0x0000016c6b00e1e0 Exception <a 'sun/nio/fs/WindowsException'{0x00000000d5d0b418}> (0x00000000d5d0b418) 
thrown [s\src\hotspot\share\prims\jni.cpp, line 520]
Event: 44.020 Thread 0x0000016c6b00e1e0 Exception <a 'java/lang/IncompatibleClassChangeError'{0x00000000d5d291f0}: Found class java.lang.Object, but interface was expected> (0x00000000d5d291f0) 
thrown [s\src\hotspot\share\interpreter\linkResolver.cpp, line 840]
Event: 44.212 Thread 0x0000016c69a34d00 Exception <a 'java/lang/NoSuchMethodError'{0x00000000d5ce29a8}: 'java.lang.Object java.lang.invoke.DirectMethodHandle$Holder.invokeStaticInit(java.lang.Object, java.lang.Object, java.lang.Object)'> (0x00000000d5ce29a8) 
thrown [s\src\hotspot\share\interpreter\linkResolver.cpp, line 773]

ZGC Phase Switch (0 events):
No events

VM Operations (20 events):
Event: 43.395 Executing non-safepoint VM operation: HandshakeAllThreads (Deoptimize) done
Event: 43.483 Executing safepoint VM operation: ParallelGCFailedAllocation (Allocation Failure)
Event: 43.485 Executing safepoint VM operation: ParallelGCFailedAllocation (Allocation Failure) done
Event: 43.624 Executing safepoint VM operation: ParallelGCFailedAllocation (Allocation Failure)
Event: 43.625 Executing safepoint VM operation: ParallelGCFailedAllocation (Allocation Failure) done
Event: 43.725 Executing safepoint VM operation: ParallelGCFailedAllocation (Allocation Failure)
Event: 43.726 Executing safepoint VM operation: ParallelGCFailedAllocation (Allocation Failure) done
Event: 43.834 Executing safepoint VM operation: ParallelGCFailedAllocation (Allocation Failure)
Event: 43.836 Executing safepoint VM operation: ParallelGCFailedAllocation (Allocation Failure) done
Event: 43.863 Executing safepoint VM operation: ParallelGCFailedAllocation (Allocation Failure)
Event: 43.866 Executing safepoint VM operation: ParallelGCFailedAllocation (Allocation Failure) done
Event: 43.890 Executing safepoint VM operation: ParallelGCFailedAllocation (Allocation Failure)
Event: 43.891 Executing safepoint VM operation: ParallelGCFailedAllocation (Allocation Failure) done
Event: 43.908 Executing safepoint VM operation: ParallelGCFailedAllocation (Allocation Failure)
Event: 43.909 Executing safepoint VM operation: ParallelGCFailedAllocation (Allocation Failure) done
Event: 43.961 Executing non-safepoint VM operation: HandshakeAllThreads (Deoptimize)
Event: 43.961 Executing non-safepoint VM operation: HandshakeAllThreads (Deoptimize) done
Event: 44.049 Executing safepoint VM operation: ParallelGCFailedAllocation (Allocation Failure)
Event: 44.054 Executing safepoint VM operation: ParallelGCFailedAllocation (Allocation Failure) done
Event: 44.269 Executing safepoint VM operation: ParallelGCFailedAllocation (Allocation Failure)

Memory protections (0 events):
No events

Nmethod flushes (20 events):
Event: 12.376 Thread 0x0000016c4b6c0b20 flushing  nmethod 0x0000016c4f213b90
Event: 12.376 Thread 0x0000016c4b6c0b20 flushing  nmethod 0x0000016c4f213f90
Event: 12.376 Thread 0x0000016c4b6c0b20 flushing  nmethod 0x0000016c4f215490
Event: 12.376 Thread 0x0000016c4b6c0b20 flushing  nmethod 0x0000016c4f221710
Event: 12.376 Thread 0x0000016c4b6c0b20 flushing  nmethod 0x0000016c4f223210
Event: 12.376 Thread 0x0000016c4b6c0b20 flushing  nmethod 0x0000016c4f224b10
Event: 12.376 Thread 0x0000016c4b6c0b20 flushing  nmethod 0x0000016c4f227490
Event: 12.376 Thread 0x0000016c4b6c0b20 flushing  nmethod 0x0000016c4f22d490
Event: 12.376 Thread 0x0000016c4b6c0b20 flushing  nmethod 0x0000016c4f22e310
Event: 12.376 Thread 0x0000016c4b6c0b20 flushing  nmethod 0x0000016c4f22f010
Event: 12.376 Thread 0x0000016c4b6c0b20 flushing  nmethod 0x0000016c4f22f610
Event: 12.376 Thread 0x0000016c4b6c0b20 flushing  nmethod 0x0000016c4f233310
Event: 12.376 Thread 0x0000016c4b6c0b20 flushing  nmethod 0x0000016c4f233f90
Event: 12.376 Thread 0x0000016c4b6c0b20 flushing  nmethod 0x0000016c4f238990
Event: 12.376 Thread 0x0000016c4b6c0b20 flushing  nmethod 0x0000016c4f246390
Event: 12.376 Thread 0x0000016c4b6c0b20 flushing  nmethod 0x0000016c4f248510
Event: 12.376 Thread 0x0000016c4b6c0b20 flushing  nmethod 0x0000016c4f24c210
Event: 12.376 Thread 0x0000016c4b6c0b20 flushing  nmethod 0x0000016c4f25e310
Event: 12.376 Thread 0x0000016c4b6c0b20 flushing  nmethod 0x0000016c4f25ec10
Event: 12.376 Thread 0x0000016c4b6c0b20 flushing  nmethod 0x0000016c4f25f610

Events (20 events):
Event: 30.401 Thread 0x0000016c6c3e46c0 Thread exited: 0x0000016c6c3e46c0
Event: 30.735 Thread 0x0000016c68ce3590 Thread exited: 0x0000016c68ce3590
Event: 30.735 Thread 0x0000016c68ce2ec0 Thread exited: 0x0000016c68ce2ec0
Event: 32.203 Thread 0x0000016c4b71a8f0 Thread added: 0x0000016c68ce3590
Event: 32.203 Thread 0x0000016c4b71a8f0 Thread added: 0x0000016c68ce2ec0
Event: 32.254 Thread 0x0000016c6c3e4030 Thread exited: 0x0000016c6c3e4030
Event: 32.254 Thread 0x0000016c6ce2eb20 Thread exited: 0x0000016c6ce2eb20
Event: 32.535 Thread 0x0000016c68ce2ec0 Thread exited: 0x0000016c68ce2ec0
Event: 32.535 Thread 0x0000016c68ce3590 Thread exited: 0x0000016c68ce3590
Event: 42.705 Thread 0x0000016c6c3e3310 Thread exited: 0x0000016c6c3e3310
Event: 42.712 Thread 0x0000016c6c3e2c80 Thread exited: 0x0000016c6c3e2c80
Event: 42.714 Thread 0x0000016c6c3de450 Thread exited: 0x0000016c6c3de450
Event: 42.830 Thread 0x0000016c4b71a8f0 Thread added: 0x0000016c68ce2ec0
Event: 42.834 Thread 0x0000016c4b71a8f0 Thread added: 0x0000016c68ce3590
Event: 44.025 Thread 0x0000016c6b00e1e0 Thread added: 0x0000016c6c3e2c80
Event: 44.026 Thread 0x0000016c6b00e1e0 Thread added: 0x0000016c6c3e3310
Event: 44.027 Thread 0x0000016c6c3e3310 Thread added: 0x0000016c6c3e4030
Event: 44.027 Thread 0x0000016c6c3e4030 Thread added: 0x0000016c6c3e46c0
Event: 44.029 Thread 0x0000016c6c3e46c0 Thread added: 0x0000016c69a34670
Event: 44.031 Thread 0x0000016c69a34670 Thread added: 0x0000016c69a34d00


Dynamic libraries:
0x00007ff74e390000 - 0x00007ff74e39e000 	c:\Users\rawat\.antigravity-ide\extensions\redhat.java-1.55.0-win32-x64\jre\21.0.11-win32-x86_64\bin\java.exe
0x00007ffbfd760000 - 0x00007ffbfd9c6000 	C:\WINDOWS\SYSTEM32\ntdll.dll
0x00007ffbfd220000 - 0x00007ffbfd2e9000 	C:\WINDOWS\System32\KERNEL32.DLL
0x00007ffbfafc0000 - 0x00007ffbfb3be000 	C:\WINDOWS\System32\KERNELBASE.dll
0x00007ffbfaac0000 - 0x00007ffbfac0c000 	C:\WINDOWS\System32\ucrtbase.dll
0x00007ffbd8160000 - 0x00007ffbd8178000 	c:\Users\rawat\.antigravity-ide\extensions\redhat.java-1.55.0-win32-x64\jre\21.0.11-win32-x86_64\bin\jli.dll
0x00007ffbcf410000 - 0x00007ffbcf42e000 	c:\Users\rawat\.antigravity-ide\extensions\redhat.java-1.55.0-win32-x64\jre\21.0.11-win32-x86_64\bin\VCRUNTIME140.dll
0x00007ffbfd2f0000 - 0x00007ffbfd4b7000 	C:\WINDOWS\System32\USER32.dll
0x00007ffbfaed0000 - 0x00007ffbfaef7000 	C:\WINDOWS\System32\win32u.dll
0x00007ffbfc720000 - 0x00007ffbfc74b000 	C:\WINDOWS\System32\GDI32.dll
0x00007ffbded60000 - 0x00007ffbdeff2000 	C:\WINDOWS\WinSxS\amd64_microsoft.windows.common-controls_6595b64144ccf1df_6.0.26100.8875_none_3e0d5d42e32fe9dd\COMCTL32.dll
0x00007ffbfb490000 - 0x00007ffbfb539000 	C:\WINDOWS\System32\msvcrt.dll
0x00007ffbfac20000 - 0x00007ffbfad4a000 	C:\WINDOWS\System32\gdi32full.dll
0x00007ffbfaa10000 - 0x00007ffbfaab3000 	C:\WINDOWS\System32\msvcp_win.dll
0x00007ffbfbce0000 - 0x00007ffbfbd12000 	C:\WINDOWS\System32\IMM32.DLL
0x00007ffbf7220000 - 0x00007ffbf722c000 	c:\Users\rawat\.antigravity-ide\extensions\redhat.java-1.55.0-win32-x64\jre\21.0.11-win32-x86_64\bin\vcruntime140_1.dll
0x00007ffbc6090000 - 0x00007ffbc611d000 	c:\Users\rawat\.antigravity-ide\extensions\redhat.java-1.55.0-win32-x64\jre\21.0.11-win32-x86_64\bin\msvcp140.dll
0x00007ffb41930000 - 0x00007ffb426d2000 	c:\Users\rawat\.antigravity-ide\extensions\redhat.java-1.55.0-win32-x64\jre\21.0.11-win32-x86_64\bin\server\jvm.dll
0x00007ffbfc9f0000 - 0x00007ffbfcaa7000 	C:\WINDOWS\System32\ADVAPI32.dll
0x00007ffbfc930000 - 0x00007ffbfc9da000 	C:\WINDOWS\System32\sechost.dll
0x00007ffbfcab0000 - 0x00007ffbfcbc8000 	C:\WINDOWS\System32\RPCRT4.dll
0x00007ffbfc230000 - 0x00007ffbfc2b0000 	C:\WINDOWS\System32\WS2_32.dll
0x00007ffbfa7e0000 - 0x00007ffbfa83e000 	C:\WINDOWS\SYSTEM32\POWRPROF.dll
0x00007ffbea130000 - 0x00007ffbea166000 	C:\WINDOWS\SYSTEM32\WINMM.dll
0x00007ffbef4c0000 - 0x00007ffbef4cb000 	C:\WINDOWS\SYSTEM32\VERSION.dll
0x00007ffbfa7c0000 - 0x00007ffbfa7d4000 	C:\WINDOWS\SYSTEM32\UMPDC.dll
0x00007ffbf9660000 - 0x00007ffbf967b000 	C:\WINDOWS\SYSTEM32\kernel.appcore.dll
0x00007ffbeedc0000 - 0x00007ffbeedca000 	c:\Users\rawat\.antigravity-ide\extensions\redhat.java-1.55.0-win32-x64\jre\21.0.11-win32-x86_64\bin\jimage.dll
0x00007ffbf7d00000 - 0x00007ffbf7f42000 	C:\WINDOWS\SYSTEM32\DBGHELP.DLL
0x00007ffbfce80000 - 0x00007ffbfd203000 	C:\WINDOWS\System32\combase.dll
0x00007ffbfc640000 - 0x00007ffbfc719000 	C:\WINDOWS\System32\OLEAUT32.dll
0x00007ffbd07c0000 - 0x00007ffbd07fb000 	C:\WINDOWS\SYSTEM32\dbgcore.DLL
0x00007ffbfaf00000 - 0x00007ffbfafac000 	C:\WINDOWS\System32\bcryptPrimitives.dll
0x00007ffbee260000 - 0x00007ffbee26f000 	c:\Users\rawat\.antigravity-ide\extensions\redhat.java-1.55.0-win32-x64\jre\21.0.11-win32-x86_64\bin\instrument.dll
0x00007ffbe4ea0000 - 0x00007ffbe4ec0000 	c:\Users\rawat\.antigravity-ide\extensions\redhat.java-1.55.0-win32-x64\jre\21.0.11-win32-x86_64\bin\java.dll
0x00007ffbfb540000 - 0x00007ffbfbcd2000 	C:\WINDOWS\System32\SHELL32.dll
0x00007ffbf8400000 - 0x00007ffbf8c92000 	C:\WINDOWS\SYSTEM32\windows.storage.dll
0x00007ffbfd5a0000 - 0x00007ffbfd697000 	C:\WINDOWS\System32\SHCORE.dll
0x00007ffbfcbd0000 - 0x00007ffbfcc37000 	C:\WINDOWS\System32\shlwapi.dll
0x00007ffbfa8a0000 - 0x00007ffbfa8c9000 	C:\WINDOWS\SYSTEM32\profapi.dll
0x00007ffbca780000 - 0x00007ffbca798000 	c:\Users\rawat\.antigravity-ide\extensions\redhat.java-1.55.0-win32-x64\jre\21.0.11-win32-x86_64\bin\zip.dll
0x00007ffbe7070000 - 0x00007ffbe7080000 	C:\Users\rawat\.antigravity-ide\extensions\redhat.java-1.55.0-win32-x64\jre\21.0.11-win32-x86_64\bin\net.dll
0x00007ffbef620000 - 0x00007ffbef747000 	C:\WINDOWS\SYSTEM32\WINHTTP.dll
0x00007ffbf9c10000 - 0x00007ffbf9c7c000 	C:\WINDOWS\system32\mswsock.dll
0x00007ffbc8e00000 - 0x00007ffbc8e16000 	C:\Users\rawat\.antigravity-ide\extensions\redhat.java-1.55.0-win32-x64\jre\21.0.11-win32-x86_64\bin\nio.dll
0x00007ffbe6b40000 - 0x00007ffbe6b50000 	c:\Users\rawat\.antigravity-ide\extensions\redhat.java-1.55.0-win32-x64\jre\21.0.11-win32-x86_64\bin\verify.dll
0x00007ffbb9fa0000 - 0x00007ffbb9fe5000 	C:\Users\rawat\AppData\Roaming\Antigravity IDE\User\globalStorage\redhat.java\1.55.0\config_win\org.eclipse.equinox.launcher\org.eclipse.equinox.launcher.win32.win32.x86_64_1.3.100.v20260613-0559\eclipse_11924.dll
0x00007ffbfcc40000 - 0x00007ffbfcdd9000 	C:\WINDOWS\System32\ole32.dll
0x00007ffbf9f30000 - 0x00007ffbf9f4b000 	C:\WINDOWS\SYSTEM32\CRYPTSP.dll
0x00007ffbf95c0000 - 0x00007ffbf95f9000 	C:\WINDOWS\system32\rsaenh.dll
0x00007ffbf9cd0000 - 0x00007ffbf9d02000 	C:\WINDOWS\SYSTEM32\USERENV.dll
0x00007ffbfa870000 - 0x00007ffbfa89a000 	C:\WINDOWS\SYSTEM32\bcrypt.dll
0x00007ffbf9f10000 - 0x00007ffbf9f1c000 	C:\WINDOWS\SYSTEM32\CRYPTBASE.dll
0x00007ffbf90c0000 - 0x00007ffbf90f3000 	C:\WINDOWS\SYSTEM32\IPHLPAPI.DLL
0x00007ffbfcde0000 - 0x00007ffbfcdea000 	C:\WINDOWS\System32\NSI.dll
0x00007ffbc6240000 - 0x00007ffbc6289000 	C:\Users\rawat\AppData\Local\Temp\jna-108288603\jna10107495901351133972.dll
0x00007ffbfd210000 - 0x00007ffbfd218000 	C:\WINDOWS\System32\PSAPI.DLL
0x00007ffbf0000000 - 0x00007ffbf001d000 	C:\WINDOWS\SYSTEM32\dhcpcsvc6.DLL
0x00007ffbeffd0000 - 0x00007ffbefff5000 	C:\WINDOWS\SYSTEM32\dhcpcsvc.DLL
0x00007ffbc2430000 - 0x00007ffbc2457000 	C:\Users\rawat\.gradle\native\1def1411415f61bf3af743bc5b6707747c0891f09f0c88961ee8f79bc544acac\windows-amd64\native-platform.dll
0x00007ffbe66c0000 - 0x00007ffbe66ca000 	C:\Users\rawat\.antigravity-ide\extensions\redhat.java-1.55.0-win32-x64\jre\21.0.11-win32-x86_64\bin\management.dll
0x00007ffbc9960000 - 0x00007ffbc996c000 	C:\Users\rawat\.antigravity-ide\extensions\redhat.java-1.55.0-win32-x64\jre\21.0.11-win32-x86_64\bin\management_ext.dll
0x00007ffbc62e0000 - 0x00007ffbc62e9000 	C:\Users\rawat\.antigravity-ide\extensions\redhat.java-1.55.0-win32-x64\jre\21.0.11-win32-x86_64\bin\extnet.dll
0x00007ffbc6060000 - 0x00007ffbc606e000 	C:\Users\rawat\.antigravity-ide\extensions\redhat.java-1.55.0-win32-x64\jre\21.0.11-win32-x86_64\bin\sunmscapi.dll
0x00007ffbfad50000 - 0x00007ffbfaec8000 	C:\WINDOWS\System32\CRYPT32.dll
0x00007ffbfa150000 - 0x00007ffbfa180000 	C:\WINDOWS\SYSTEM32\ncrypt.dll
0x00007ffbfa100000 - 0x00007ffbfa13f000 	C:\WINDOWS\SYSTEM32\NTASN1.dll
0x00007ffb7cb70000 - 0x00007ffb7cb78000 	C:\WINDOWS\system32\wshunix.dll

JVMTI agents:
c:\Users\rawat\.antigravity-ide\extensions\redhat.java-1.55.0-win32-x64\lombok\lombok-1.18.39-4050.jar path:c:\Users\rawat\.antigravity-ide\extensions\redhat.java-1.55.0-win32-x64\jre\21.0.11-win32-x86_64\bin\instrument.dll, loaded, initialized, instrumentlib options:none

dbghelp: loaded successfully - version: 4.0.5 - missing functions: none
symbol engine: initialized successfully - sym options: 0x614 - pdb path: .;c:\Users\rawat\.antigravity-ide\extensions\redhat.java-1.55.0-win32-x64\jre\21.0.11-win32-x86_64\bin;C:\WINDOWS\SYSTEM32;C:\WINDOWS\WinSxS\amd64_microsoft.windows.common-controls_6595b64144ccf1df_6.0.26100.8875_none_3e0d5d42e32fe9dd;c:\Users\rawat\.antigravity-ide\extensions\redhat.java-1.55.0-win32-x64\jre\21.0.11-win32-x86_64\bin\server;C:\Users\rawat\AppData\Roaming\Antigravity IDE\User\globalStorage\redhat.java\1.55.0\config_win\org.eclipse.equinox.launcher\org.eclipse.equinox.launcher.win32.win32.x86_64_1.3.100.v20260613-0559;C:\Users\rawat\AppData\Local\Temp\jna-108288603;C:\Users\rawat\.gradle\native\1def1411415f61bf3af743bc5b6707747c0891f09f0c88961ee8f79bc544acac\windows-amd64

VM Arguments:
jvm_args: --add-modules=ALL-SYSTEM --add-opens=java.base/java.util=ALL-UNNAMED --add-opens=java.base/java.lang=ALL-UNNAMED --add-opens=java.base/sun.nio.fs=ALL-UNNAMED -Declipse.application=org.eclipse.jdt.ls.core.id1 -Dosgi.bundles.defaultStartLevel=4 -Declipse.product=org.eclipse.jdt.ls.core.product -Djava.import.generatesMetadataFilesAtProjectRoot=false -DDetectVMInstallationsJob.disabled=true -Dfile.encoding=utf8 -XX:+UseParallelGC -XX:GCTimeRatio=4 -XX:AdaptiveSizePolicyWeight=90 -Dsun.zip.disableMemoryMapping=true -Xmx2G -Xms100m -Xlog:disable -javaagent:c:\Users\rawat\.antigravity-ide\extensions\redhat.java-1.55.0-win32-x64\lombok\lombok-1.18.39-4050.jar -XX:+HeapDumpOnOutOfMemoryError -XX:HeapDumpPath=c:\Users\rawat\AppData\Roaming\Antigravity IDE\User\workspaceStorage\37c22cd9f0bef5d5ec7063b27c4af746\redhat.java -Daether.dependencyCollector.impl=bf 
java_command: c:\Users\rawat\.antigravity-ide\extensions\redhat.java-1.55.0-win32-x64\server\plugins\org.eclipse.equinox.launcher_1.7.200.v20260619-2039.jar -configuration c:\Users\rawat\AppData\Roaming\Antigravity IDE\User\globalStorage\redhat.java\1.55.0\config_win -data c:\Users\rawat\AppData\Roaming\Antigravity IDE\User\workspaceStorage\37c22cd9f0bef5d5ec7063b27c4af746\redhat.java\jdt_ws --pipe=\\.\pipe\lsp-30d06d255a03bf3824b58499f65dccc9-sock
java_class_path (initial): c:\Users\rawat\.antigravity-ide\extensions\redhat.java-1.55.0-win32-x64\server\plugins\org.eclipse.equinox.launcher_1.7.200.v20260619-2039.jar
Launcher Type: SUN_STANDARD

[Global flags]
    uintx AdaptiveSizePolicyWeight                 = 90                                        {product} {command line}
     intx CICompilerCount                          = 4                                         {product} {ergonomic}
    uintx GCTimeRatio                              = 4                                         {product} {command line}
     bool HeapDumpOnOutOfMemoryError               = true                                   {manageable} {command line}
    ccstr HeapDumpPath                             = c:\Users\rawat\AppData\Roaming\Antigravity IDE\User\workspaceStorage\37c22cd9f0bef5d5ec7063b27c4af746\redhat.java         {manageable} {command line}
   size_t InitialHeapSize                          = 104857600                                 {product} {command line}
   size_t MaxHeapSize                              = 2147483648                                {product} {command line}
   size_t MaxNewSize                               = 715653120                                 {product} {ergonomic}
   size_t MinHeapDeltaBytes                        = 524288                                    {product} {ergonomic}
   size_t MinHeapSize                              = 104857600                                 {product} {command line}
   size_t NewSize                                  = 34603008                                  {product} {ergonomic}
    uintx NonNMethodCodeHeapSize                   = 5839372                                {pd product} {ergonomic}
    uintx NonProfiledCodeHeapSize                  = 122909434                              {pd product} {ergonomic}
   size_t OldSize                                  = 70254592                                  {product} {ergonomic}
    uintx ProfiledCodeHeapSize                     = 122909434                              {pd product} {ergonomic}
    uintx ReservedCodeCacheSize                    = 251658240                              {pd product} {ergonomic}
     bool SegmentedCodeCache                       = true                                      {product} {ergonomic}
   size_t SoftMaxHeapSize                          = 2147483648                             {manageable} {ergonomic}
     bool UseCompressedOops                        = true                           {product lp64_product} {ergonomic}
     bool UseLargePagesIndividualAllocation        = false                                  {pd product} {ergonomic}
     bool UseParallelGC                            = true                                      {product} {command line}

Logging:
Log output configuration:
 #0: stdout all=off uptime,level,tags foldmultilines=false
 #1: stderr all=off uptime,level,tags foldmultilines=false

Release file:
JAVA_VERSION="21.0.11" 
MODULES="java.base java.compiler java.datatransfer java.xml java.prefs java.desktop java.instrument java.logging java.management java.security.sasl java.naming java.rmi java.management.rmi java.net.http java.scripting java.security.jgss java.transaction.xa java.sql java.sql.rowset java.xml.crypto java.se java.smartcardio jdk.accessibility jdk.internal.jvmstat jdk.attach jdk.charsets jdk.internal.opt jdk.zipfs jdk.compiler jdk.crypto.ec jdk.crypto.cryptoki jdk.crypto.mscapi jdk.dynalink jdk.internal.ed jdk.editpad jdk.hotspot.agent jdk.httpserver jdk.internal.le jdk.internal.vm.ci jdk.internal.vm.compiler jdk.internal.vm.compiler.management jdk.jartool jdk.javadoc jdk.jcmd jdk.management jdk.management.agent jdk.jconsole jdk.jdeps jdk.jdwp.agent jdk.jdi jdk.jfr jdk.jshell jdk.jsobject jdk.jstatd jdk.localedata jdk.management.jfr jdk.naming.dns jdk.naming.rmi jdk.net jdk.nio.mapmode jdk.random jdk.sctp jdk.security.auth jdk.security.jgss jdk.unsupported jdk.unsupported.desktop jdk.xml.dom" 

Environment Variables:
PATH=C:\Program Files\Common Files\Oracle\Java\javapath;C:\Windows\system32;C:\Windows;C:\Windows\System32\Wbem;C:\Windows\System32\WindowsPowerShell\v1.0\;C:\Windows\System32\OpenSSH\;C:\Program Files\NVIDIA Corporation\NVIDIA NvDLISR;C:\WINDOWS\system32;C:\WINDOWS;C:\WINDOWS\System32\Wbem;C:\WINDOWS\System32\WindowsPowerShell\v1.0\;C:\WINDOWS\System32\OpenSSH\;C:\Program Files\dotnet\;C:\Program Files (x86)\Windows Kits\10\Windows Performance Toolkit\;C:\Program Files\Git\cmd;C:\Program Files\Git\bin;C:\MinGW\bin;C:\Program Files\MySQL\MySQL Server 8.0\bin;C:\Program Files\MySQL\MySQL Shell 8.0\bin\;C:\Users\rawat\AppData\Local\Programs\Python\Python314\Scripts\;C:\Users\rawat\AppData\Local\Programs\Python\Python314\;C:\Users\rawat\AppData\Local\Microsoft\WindowsApps;C:\Users\rawat\AppData\Local\Programs\Microsoft VS Code\bin;C:\Users\rawat\Downloads\flutter_windows_3.38.3-stable\flutter\bin;C:\MinGW\bin;C:\Users\rawat\AppData\Local\Programs\Antigravity IDE\bin
USERNAME=rawat
OS=Windows_NT
PROCESSOR_IDENTIFIER=Intel64 Family 6 Model 140 Stepping 1, GenuineIntel
TMP=C:\Users\rawat\AppData\Local\Temp
TEMP=C:\Users\rawat\AppData\Local\Temp




Periodic native trim disabled

---------------  S Y S T E M  ---------------

OS:
 Windows 11 , 64 bit Build 26100 (10.0.26100.8875)
OS uptime: 3 days 2:08 hours
Hyper-V role detected

CPU: total 8 (initial active 8) (4 cores per cpu, 2 threads per core) family 6 model 140 stepping 1 microcode 0xbe, cx8, cmov, fxsr, ht, mmx, 3dnowpref, sse, sse2, sse3, ssse3, sse4.1, sse4.2, popcnt, lzcnt, tsc, tscinvbit, avx, avx2, aes, erms, clmul, bmi1, bmi2, adx, avx512f, avx512dq, avx512cd, avx512bw, avx512vl, sha, fma, vzeroupper, avx512_vpopcntdq, avx512_vpclmulqdq, avx512_vaes, avx512_vnni, clflush, clflushopt, clwb, avx512_vbmi2, avx512_vbmi, hv, rdtscp, rdpid, fsrm, gfni, avx512_bitalg, f16c, cet_ibt, cet_ss, avx512_ifma
Processor Information for processor 0
  Max Mhz: 2803, Current Mhz: 2803, Mhz Limit: 2803
Processor Information for processor 1
  Max Mhz: 2803, Current Mhz: 2803, Mhz Limit: 2803
Processor Information for processor 2
  Max Mhz: 2803, Current Mhz: 2803, Mhz Limit: 2803
Processor Information for processor 3
  Max Mhz: 2803, Current Mhz: 2803, Mhz Limit: 2803
Processor Information for processor 4
  Max Mhz: 2803, Current Mhz: 2803, Mhz Limit: 2803
Processor Information for processor 5
  Max Mhz: 2803, Current Mhz: 1201, Mhz Limit: 2803
Processor Information for processor 6
  Max Mhz: 2803, Current Mhz: 2803, Mhz Limit: 2803
Processor Information for processor 7
  Max Mhz: 2803, Current Mhz: 2803, Mhz Limit: 2803

Memory: 4k page, system-wide physical 7914M (642M free)
TotalPageFile size 32490M (AvailPageFile size 42M)
current process WorkingSet (physical memory assigned to process): 293M, peak: 301M
current process commit charge ("private bytes"): 389M, peak: 398M

vm_info: OpenJDK 64-Bit Server VM (21.0.11+10-LTS) for windows-amd64 JRE (21.0.11+10-LTS), built on 2026-04-21T00:00:00Z by "admin" with MS VC++ 17.12 (VS2022)

END.
