#
# There is insufficient memory for the Java Runtime Environment to continue.
# Native memory allocation (malloc) failed to allocate 152608 bytes. Error detail: Chunk::new
# Possible reasons:
#   The system is out of physical RAM or swap space
#   This process is running with CompressedOops enabled, and the Java Heap may be blocking the growth of the native heap
# Possible solutions:
#   Reduce memory load on the system
#   Increase physical memory or swap space
#   Check if swap backing store is full
#   Decrease Java heap size (-Xmx/-Xms)
#   Decrease number of Java threads
#   Decrease Java thread stack sizes (-Xss)
#   Set larger code cache with -XX:ReservedCodeCacheSize=
#   JVM is running with Unscaled Compressed Oops mode in which the Java heap is
#     placed in the first 4GB address space. The Java Heap base address is the
#     maximum limit for the native heap growth. Please use -XX:HeapBaseMinAddress
#     to set the Java Heap base and to place the Java Heap above 4GB virtual address.
# This output file may be truncated or incomplete.
#
#  Out of Memory Error (arena.cpp:168), pid=21284, tid=10616
#
# JRE version: OpenJDK Runtime Environment Temurin-21.0.11+10 (21.0.11+10) (build 21.0.11+10-LTS)
# Java VM: OpenJDK 64-Bit Server VM Temurin-21.0.11+10 (21.0.11+10-LTS, mixed mode, sharing, tiered, compressed oops, compressed class ptrs, parallel gc, windows-amd64)
# No core dump will be written. Minidumps are not enabled by default on client versions of Windows
#

---------------  S U M M A R Y ------------

Command Line: --add-modules=ALL-SYSTEM --add-opens=java.base/java.util=ALL-UNNAMED --add-opens=java.base/java.lang=ALL-UNNAMED --add-opens=java.base/sun.nio.fs=ALL-UNNAMED -Declipse.application=org.eclipse.jdt.ls.core.id1 -Dosgi.bundles.defaultStartLevel=4 -Declipse.product=org.eclipse.jdt.ls.core.product -Djava.import.generatesMetadataFilesAtProjectRoot=false -DDetectVMInstallationsJob.disabled=true -Dfile.encoding=utf8 -XX:+UseParallelGC -XX:GCTimeRatio=4 -XX:AdaptiveSizePolicyWeight=90 -Dsun.zip.disableMemoryMapping=true -Xmx2G -Xms100m -Xlog:disable -javaagent:c:\Users\rawat\.antigravity-ide\extensions\redhat.java-1.55.0-win32-x64\lombok\lombok-1.18.39-4050.jar c:\Users\rawat\.antigravity-ide\extensions\redhat.java-1.55.0-win32-x64\server\plugins\org.eclipse.equinox.launcher_1.7.200.v20260619-2039.jar -configuration c:\Users\rawat\AppData\Roaming\Antigravity IDE\User\globalStorage\redhat.java\1.55.0\config_ss_win -data c:\Users\rawat\AppData\Roaming\Antigravity IDE\User\workspaceStorage\37c22cd9f0bef5d5ec7063b27c4af746\redhat.java\ss_ws --pipe=\\.\pipe\lsp-45c369943eab4b3e6fd8425e782c4b89-sock

Host: 11th Gen Intel(R) Core(TM) i7-1165G7 @ 2.80GHz, 8 cores, 7G,  Windows 11 , 64 bit Build 26100 (10.0.26100.8875)
Time: Fri Jul 24 16:12:26 2026 Nepal Standard Time elapsed time: 4.598550 seconds (0d 0h 0m 4s)

---------------  T H R E A D  ---------------

Current thread (0x00000245d4000140):  JavaThread "C2 CompilerThread0" daemon [_thread_in_native, id=10616, stack(0x000000556aa00000,0x000000556ab00000) (1024K)]


Current CompileTask:
C2:4598 1080       4       java.math.BigInteger::implMultiplyToLen (216 bytes)

Stack: [0x000000556aa00000,0x000000556ab00000]
Native frames: (J=compiled Java code, j=interpreted, Vv=VM code, C=native code)
V  [jvm.dll+0x6d7e19]
V  [jvm.dll+0x8b5096]
V  [jvm.dll+0x8b764e]
V  [jvm.dll+0x8b7d33]
V  [jvm.dll+0x284596]
V  [jvm.dll+0xc685d]
V  [jvm.dll+0xc6da1]
V  [jvm.dll+0x3bed6b]
V  [jvm.dll+0x38b2b2]
V  [jvm.dll+0x38a6fa]
V  [jvm.dll+0x24c700]
V  [jvm.dll+0x24bce0]
V  [jvm.dll+0x1cb4ae]
V  [jvm.dll+0x25baad]
V  [jvm.dll+0x25a03a]
V  [jvm.dll+0x3f868e]
V  [jvm.dll+0x85fb0d]
V  [jvm.dll+0x6d664d]
C  [ucrtbase.dll+0x2cd30]
C  [KERNEL32.DLL+0x2e957]
C  [ntdll.dll+0xaad6c]


---------------  P R O C E S S  ---------------

Threads class SMR info:
_java_thread_list=0x00000245ec5d56f0, length=11, elements={
0x00000245d407ca40, 0x00000245d3fedea0, 0x00000245d3fefc70, 0x00000245d3ff6ab0,
0x00000245d3ffa090, 0x00000245d3ff8f20, 0x00000245d3ffef00, 0x00000245d4000140,
0x00000245ec2e94f0, 0x00000245ec484910, 0x00000245ec5b04f0
}

Java Threads: ( => current thread )
  0x00000245d407ca40 JavaThread "main"                              [_thread_in_Java, id=4108, stack(0x0000005569f00000,0x000000556a000000) (1024K)]
  0x00000245d3fedea0 JavaThread "Reference Handler"          daemon [_thread_blocked, id=3984, stack(0x000000556a400000,0x000000556a500000) (1024K)]
  0x00000245d3fefc70 JavaThread "Finalizer"                  daemon [_thread_blocked, id=23416, stack(0x000000556a500000,0x000000556a600000) (1024K)]
  0x00000245d3ff6ab0 JavaThread "Signal Dispatcher"          daemon [_thread_blocked, id=13188, stack(0x000000556a600000,0x000000556a700000) (1024K)]
  0x00000245d3ffa090 JavaThread "Attach Listener"            daemon [_thread_blocked, id=17176, stack(0x000000556a700000,0x000000556a800000) (1024K)]
  0x00000245d3ff8f20 JavaThread "Service Thread"             daemon [_thread_blocked, id=3680, stack(0x000000556a800000,0x000000556a900000) (1024K)]
  0x00000245d3ffef00 JavaThread "Monitor Deflation Thread"   daemon [_thread_blocked, id=21196, stack(0x000000556a900000,0x000000556aa00000) (1024K)]
=>0x00000245d4000140 JavaThread "C2 CompilerThread0"         daemon [_thread_in_native, id=10616, stack(0x000000556aa00000,0x000000556ab00000) (1024K)]
  0x00000245ec2e94f0 JavaThread "C1 CompilerThread0"         daemon [_thread_blocked, id=21568, stack(0x000000556ab00000,0x000000556ac00000) (1024K)]
  0x00000245ec484910 JavaThread "Common-Cleaner"             daemon [_thread_blocked, id=12748, stack(0x000000556ac00000,0x000000556ad00000) (1024K)]
  0x00000245ec5b04f0 JavaThread "Notification Thread"        daemon [_thread_blocked, id=15292, stack(0x000000556ad00000,0x000000556ae00000) (1024K)]
Total: 11

Other Threads:
  0x00000245d3fd2630 VMThread "VM Thread"                           [id=22752, stack(0x000000556a300000,0x000000556a400000) (1024K)]
  0x00000245d40e7980 WatcherThread "VM Periodic Task Thread"        [id=23732, stack(0x000000556a200000,0x000000556a300000) (1024K)]
  0x00000245d409a8f0 WorkerThread "GC Thread#0"                     [id=16316, stack(0x000000556a100000,0x000000556a200000) (1024K)]
Total: 3

Threads with active compile tasks:
C2 CompilerThread0  4639 1080       4       java.math.BigInteger::implMultiplyToLen (216 bytes)
Total: 1

VM state: not at safepoint (normal execution)

VM Mutex/Monitor currently owned by a thread: None

Heap address: 0x0000000080000000, size: 2048 MB, Compressed Oops mode: 32-bit

CDS archive(s) mapped at: [0x0000024580000000-0x0000024580ba0000-0x0000024580ba0000), size 12189696, SharedBaseAddress: 0x0000024580000000, ArchiveRelocationMode: 1.
Compressed class space mapped at: 0x0000024581000000-0x00000245c1000000, reserved size: 1073741824
Narrow klass base: 0x0000024580000000, Narrow klass shift: 0, Narrow klass range: 0x100000000

GC Precious Log:
 CardTable entry size: 512
 CPUs: 8 total, 8 available
 Memory: 7914M
 Large Page Support: Disabled
 NUMA Support: Disabled
 Compressed Oops: Enabled (32-bit)
 Alignments: Space 512K, Generation 512K, Heap 2M
 Heap Min Capacity: 100M
 Heap Initial Capacity: 100M
 Heap Max Capacity: 2G
 Pre-touch: Disabled
 Parallel Workers: 8

Heap:
 PSYoungGen      total 29696K, used 25433K [0x00000000d5580000, 0x00000000d7680000, 0x0000000100000000)
  eden space 25600K, 99% used [0x00000000d5580000,0x00000000d6e56448,0x00000000d6e80000)
  from space 4096K, 0% used [0x00000000d7280000,0x00000000d7280000,0x00000000d7680000)
  to   space 4096K, 0% used [0x00000000d6e80000,0x00000000d6e80000,0x00000000d7280000)
 ParOldGen       total 68608K, used 0K [0x0000000080000000, 0x0000000084300000, 0x00000000d5580000)
  object space 68608K, 0% used [0x0000000080000000,0x0000000080000000,0x0000000084300000)
 Metaspace       used 4272K, committed 4544K, reserved 1114112K
  class space    used 468K, committed 576K, reserved 1048576K

Card table byte_map: [0x00000245d3a20000,0x00000245d3e30000] _byte_map_base: 0x00000245d3620000

Marking Bits: (ParMarkBitMap*) 0x00007ffb425f4460
 Begin Bits: [0x00000245e6530000, 0x00000245e8530000)
 End Bits:   [0x00000245e8530000, 0x00000245ea530000)

Polling page: 0x00000245d1e60000

Metaspace:

Usage:
  Non-class:      3.71 MB used.
      Class:    468.67 KB used.
       Both:      4.17 MB used.

Virtual space:
  Non-class space:       64.00 MB reserved,       3.88 MB (  6%) committed,  1 nodes.
      Class space:        1.00 GB reserved,     576.00 KB ( <1%) committed,  1 nodes.
             Both:        1.06 GB reserved,       4.44 MB ( <1%) committed. 

Chunk freelists:
   Non-Class:  11.22 MB
       Class:  15.44 MB
        Both:  26.66 MB

MaxMetaspaceSize: unlimited
CompressedClassSpaceSize: 1.00 GB
Initial GC threshold: 21.00 MB
Current GC threshold: 21.00 MB
CDS: on
 - commit_granule_bytes: 65536.
 - commit_granule_words: 8192.
 - virtual_space_node_default_size: 8388608.
 - enlarge_chunks_in_place: 1.
 - use_allocation_guard: 0.


Internal statistics:

num_allocs_failed_limit: 0.
num_arena_births: 184.
num_arena_deaths: 0.
num_vsnodes_births: 2.
num_vsnodes_deaths: 0.
num_space_committed: 71.
num_space_uncommitted: 0.
num_chunks_returned_to_freelist: 0.
num_chunks_taken_from_freelist: 247.
num_chunk_merges: 0.
num_chunk_splits: 157.
num_chunks_enlarged: 89.
num_inconsistent_stats: 0.

CodeHeap 'non-profiled nmethods': size=120000Kb used=448Kb max_used=448Kb free=119551Kb
 bounds [0x00000245ded50000, 0x00000245defc0000, 0x00000245e6280000]
CodeHeap 'profiled nmethods': size=120000Kb used=1732Kb max_used=1732Kb free=118268Kb
 bounds [0x00000245d7280000, 0x00000245d74f0000, 0x00000245de7b0000]
CodeHeap 'non-nmethods': size=5760Kb used=1201Kb max_used=1225Kb free=4558Kb
 bounds [0x00000245de7b0000, 0x00000245dea20000, 0x00000245ded50000]
CodeCache: size=245760Kb, used=3381Kb, max_used=3405Kb, free=242377Kb
 total_blobs=1540, nmethods=1089, adapters=358, full_count=0
Compilation: enabled, stopped_count=0, restarted_count=0

Compilation events (20 events):
Event: 2.523 Thread 0x00000245ec2e94f0 1072       3       sun.security.util.DerOutputStream::<init> (5 bytes)
Event: 2.523 Thread 0x00000245ec2e94f0 nmethod 1072 0x00000245d742bd90 code [0x00000245d742bf40, 0x00000245d742c0e0]
Event: 2.523 Thread 0x00000245ec2e94f0 1073       3       java.util.ArrayList::toArray (57 bytes)
Event: 2.523 Thread 0x00000245ec2e94f0 nmethod 1073 0x00000245d742c190 code [0x00000245d742c380, 0x00000245d742c8a8]
Event: 2.524 Thread 0x00000245ec2e94f0 1074       3       java.util.Arrays::hashCode (60 bytes)
Event: 2.524 Thread 0x00000245ec2e94f0 nmethod 1074 0x00000245d742ca10 code [0x00000245d742cbe0, 0x00000245d742ce68]
Event: 2.527 Thread 0x00000245d4000140 nmethod 1071% 0x00000245dedbdf90 code [0x00000245dedbe120, 0x00000245dedbe430]
Event: 2.527 Thread 0x00000245d4000140 1075 %     4       java.math.BigInteger::implMultiplyToLen @ 135 (216 bytes)
Event: 2.533 Thread 0x00000245d4000140 nmethod 1075% 0x00000245dedbe510 code [0x00000245dedbe6c0, 0x00000245dedbea38]
Event: 2.535 Thread 0x00000245d4000140 1076       4       jdk.internal.util.Preconditions::checkFromToIndex (24 bytes)
Event: 2.535 Thread 0x00000245d4000140 nmethod 1076 0x00000245dedbec90 code [0x00000245dedbee20, 0x00000245dedbef08]
Event: 2.539 Thread 0x00000245d4000140 1077 %     4       java.math.BigInteger::implMultiplyToLen @ 114 (216 bytes)
Event: 2.550 Thread 0x00000245d4000140 nmethod 1077% 0x00000245dedbf010 code [0x00000245dedbf1c0, 0x00000245dedbf738]
Event: 2.551 Thread 0x00000245ec2e94f0 1078       3       sun.security.provider.DigestBase::implCompressMultiBlock0 (23 bytes)
Event: 2.551 Thread 0x00000245ec2e94f0 nmethod 1078 0x00000245d742cf90 code [0x00000245d742d140, 0x00000245d742d3e8]
Event: 2.552 Thread 0x00000245d4000140 1079 %     4       java.math.MutableBigInteger::mulsub @ 24 (110 bytes)
Event: 2.555 Thread 0x00000245d4000140 nmethod 1079% 0x00000245dedbf910 code [0x00000245dedbfaa0, 0x00000245dedbfca0]
Event: 2.555 Thread 0x00000245d4000140 1080       4       java.math.BigInteger::implMultiplyToLen (216 bytes)
Event: 2.570 Thread 0x00000245ec2e94f0 1081       3       java.math.BigInteger::montReduce (99 bytes)
Event: 2.571 Thread 0x00000245ec2e94f0 nmethod 1081 0x00000245d742d510 code [0x00000245d742d720, 0x00000245d742dbd0]

GC Heap History (0 events):
No events

Dll operation events (8 events):
Event: 0.037 Loaded shared library c:\Users\rawat\.antigravity-ide\extensions\redhat.java-1.55.0-win32-x64\jre\21.0.11-win32-x86_64\bin\java.dll
Event: 0.435 Loaded shared library c:\Users\rawat\.antigravity-ide\extensions\redhat.java-1.55.0-win32-x64\jre\21.0.11-win32-x86_64\bin\zip.dll
Event: 0.631 Loaded shared library C:\Users\rawat\.antigravity-ide\extensions\redhat.java-1.55.0-win32-x64\jre\21.0.11-win32-x86_64\bin\instrument.dll
Event: 0.641 Loaded shared library C:\Users\rawat\.antigravity-ide\extensions\redhat.java-1.55.0-win32-x64\jre\21.0.11-win32-x86_64\bin\net.dll
Event: 0.646 Loaded shared library C:\Users\rawat\.antigravity-ide\extensions\redhat.java-1.55.0-win32-x64\jre\21.0.11-win32-x86_64\bin\nio.dll
Event: 0.663 Loaded shared library C:\Users\rawat\.antigravity-ide\extensions\redhat.java-1.55.0-win32-x64\jre\21.0.11-win32-x86_64\bin\zip.dll
Event: 0.689 Loaded shared library C:\Users\rawat\.antigravity-ide\extensions\redhat.java-1.55.0-win32-x64\jre\21.0.11-win32-x86_64\bin\jimage.dll
Event: 0.883 Loaded shared library c:\Users\rawat\.antigravity-ide\extensions\redhat.java-1.55.0-win32-x64\jre\21.0.11-win32-x86_64\bin\verify.dll

Deoptimization events (20 events):
Event: 2.307 Thread 0x00000245d407ca40 DEOPT UNPACKING pc=0x00000245de806da2 sp=0x0000005569ffe330 mode 2
Event: 2.418 Thread 0x00000245d407ca40 Uncommon trap: trap_request=0xffffff45 fr.pc=0x00000245deda3f58 relative=0x0000000000000198
Event: 2.418 Thread 0x00000245d407ca40 Uncommon trap: reason=unstable_if action=reinterpret pc=0x00000245deda3f58 method=java.util.concurrent.ConcurrentHashMap.get(Ljava/lang/Object;)Ljava/lang/Object; @ 152 c2
Event: 2.418 Thread 0x00000245d407ca40 DEOPT PACKING pc=0x00000245deda3f58 sp=0x0000005569ffda60
Event: 2.418 Thread 0x00000245d407ca40 DEOPT UNPACKING pc=0x00000245de806da2 sp=0x0000005569ffd9d8 mode 2
Event: 2.493 Thread 0x00000245d407ca40 DEOPT PACKING pc=0x00000245d742b3b1 sp=0x0000005569ffdca0
Event: 2.493 Thread 0x00000245d407ca40 DEOPT UNPACKING pc=0x00000245de8078e2 sp=0x0000005569ffd118 mode 0
Event: 2.494 Thread 0x00000245d407ca40 DEOPT PACKING pc=0x00000245d742b3b1 sp=0x0000005569ffdca0
Event: 2.494 Thread 0x00000245d407ca40 DEOPT UNPACKING pc=0x00000245de8078e2 sp=0x0000005569ffd118 mode 0
Event: 2.497 Thread 0x00000245d407ca40 DEOPT PACKING pc=0x00000245d742b3b1 sp=0x0000005569ffdca0
Event: 2.497 Thread 0x00000245d407ca40 DEOPT UNPACKING pc=0x00000245de8078e2 sp=0x0000005569ffd118 mode 0
Event: 2.497 Thread 0x00000245d407ca40 DEOPT PACKING pc=0x00000245d742b3b1 sp=0x0000005569ffdca0
Event: 2.497 Thread 0x00000245d407ca40 DEOPT UNPACKING pc=0x00000245de8078e2 sp=0x0000005569ffd118 mode 0
Event: 2.501 Thread 0x00000245d407ca40 DEOPT PACKING pc=0x00000245d742b3b1 sp=0x0000005569ffdca0
Event: 2.501 Thread 0x00000245d407ca40 DEOPT UNPACKING pc=0x00000245de8078e2 sp=0x0000005569ffd118 mode 0
Event: 2.548 Thread 0x00000245d407ca40 DEOPT PACKING pc=0x00000245d73fdf88 sp=0x0000005569ffd1c0
Event: 2.548 Thread 0x00000245d407ca40 DEOPT UNPACKING pc=0x00000245de8078e2 sp=0x0000005569ffc640 mode 0
Event: 2.553 Thread 0x00000245d407ca40 DEOPT PACKING pc=0x00000245d73fdf88 sp=0x0000005569ffd110
Event: 2.553 Thread 0x00000245d407ca40 DEOPT UNPACKING pc=0x00000245de8078e2 sp=0x0000005569ffc590 mode 0
Event: 2.573 Thread 0x00000245d407ca40 DEOPT PACKING pc=0x00000245d73fdf88 sp=0x0000005569ffd410

Classes loaded (20 events):
Event: 2.512 Loading class jdk/internal/logger/LazyLoggers$JdkLazyLogger
Event: 2.512 Loading class jdk/internal/logger/LazyLoggers$LazyLoggerWrapper
Event: 2.512 Loading class jdk/internal/logger/AbstractLoggerWrapper
Event: 2.512 Loading class jdk/internal/logger/AbstractLoggerWrapper done
Event: 2.512 Loading class jdk/internal/logger/LazyLoggers$LazyLoggerWrapper done
Event: 2.513 Loading class jdk/internal/logger/LazyLoggers$JdkLazyLogger done
Event: 2.513 Loading class jdk/internal/logger/LazyLoggers$LazyLoggerAccessor
Event: 2.513 Loading class jdk/internal/logger/LazyLoggers$LoggerAccessor
Event: 2.514 Loading class jdk/internal/logger/LazyLoggers$LoggerAccessor done
Event: 2.514 Loading class jdk/internal/logger/LazyLoggers$LazyLoggerAccessor done
Event: 2.515 Loading class jdk/internal/logger/SurrogateLogger
Event: 2.515 Loading class jdk/internal/logger/SimpleConsoleLogger
Event: 2.516 Loading class sun/util/logging/PlatformLogger$ConfigurableBridge$LoggerConfiguration
Event: 2.516 Loading class sun/util/logging/PlatformLogger$ConfigurableBridge$LoggerConfiguration done
Event: 2.516 Loading class jdk/internal/logger/SimpleConsoleLogger done
Event: 2.516 Loading class jdk/internal/logger/SurrogateLogger done
Event: 2.516 Loading class sun/util/logging/PlatformLogger
Event: 2.517 Loading class sun/util/logging/PlatformLogger done
Event: 2.517 Loading class sun/util/logging/PlatformLogger$Level
Event: 2.518 Loading class sun/util/logging/PlatformLogger$Level done

Classes unloaded (0 events):
No events

Classes redefined (0 events):
No events

Internal exceptions (20 events):
Event: 0.815 Thread 0x00000245d407ca40 Exception <a 'java/lang/NoSuchMethodError'{0x00000000d5a04a38}: 'java.lang.Object java.lang.invoke.DirectMethodHandle$Holder.invokeStatic(java.lang.Object, java.lang.Object, int)'> (0x00000000d5a04a38) 
thrown [s\src\hotspot\share\interpreter\linkResolver.cpp, line 773]
Event: 0.820 Thread 0x00000245d407ca40 Exception <a 'java/lang/NoSuchMethodError'{0x00000000d5a09388}: 'void java.lang.invoke.DirectMethodHandle$Holder.invokeStatic(java.lang.Object, java.lang.Object, int, java.lang.Object)'> (0x00000000d5a09388) 
thrown [s\src\hotspot\share\interpreter\linkResolver.cpp, line 773]
Event: 0.820 Thread 0x00000245d407ca40 Exception <a 'java/lang/NoSuchMethodError'{0x00000000d5a0cf18}: 'void java.lang.invoke.DirectMethodHandle$Holder.invokeSpecial(java.lang.Object, java.lang.Object, java.lang.Object, int, java.lang.Object)'> (0x00000000d5a0cf18) 
thrown [s\src\hotspot\share\interpreter\linkResolver.cpp, line 773]
Event: 0.823 Thread 0x00000245d407ca40 Exception <a 'java/lang/NoSuchMethodError'{0x00000000d5a10388}: 'void java.lang.invoke.DelegatingMethodHandle$Holder.delegate(java.lang.Object, java.lang.Object, int, java.lang.Object)'> (0x00000000d5a10388) 
thrown [s\src\hotspot\share\interpreter\linkResolver.cpp, line 773]
Event: 1.037 Thread 0x00000245d407ca40 Exception <a 'java/lang/NoSuchMethodError'{0x00000000d5bd27c8}: 'void java.lang.invoke.DelegatingMethodHandle$Holder.reinvoke_L(java.lang.Object, java.lang.Object, java.lang.Object, int)'> (0x00000000d5bd27c8) 
thrown [s\src\hotspot\share\interpreter\linkResolver.cpp, line 773]
Event: 1.447 Thread 0x00000245d407ca40 Exception <a 'java/lang/NoSuchMethodError'{0x00000000d6060cd0}: 'void java.lang.invoke.DirectMethodHandle$Holder.invokeVirtual(java.lang.Object, java.lang.Object)'> (0x00000000d6060cd0) 
thrown [s\src\hotspot\share\interpreter\linkResolver.cpp, line 773]
Event: 1.748 Thread 0x00000245d407ca40 Exception <a 'java/lang/NoSuchMethodError'{0x00000000d6447588}: 'void java.lang.invoke.DirectMethodHandle$Holder.invokeStatic(java.lang.Object, java.lang.Object)'> (0x00000000d6447588) 
thrown [s\src\hotspot\share\interpreter\linkResolver.cpp, line 773]
Event: 1.754 Thread 0x00000245d407ca40 Exception <a 'java/lang/ClassNotFoundException'{0x00000000d646dca0}: sun/net/www/protocol/c/Handler> (0x00000000d646dca0) 
thrown [s\src\hotspot\share\classfile\systemDictionary.cpp, line 313]
Event: 1.782 Thread 0x00000245d407ca40 Exception <a 'java/io/FileNotFoundException'{0x00000000d64ca5c0}> (0x00000000d64ca5c0) 
thrown [s\src\hotspot\share\prims\jni.cpp, line 520]
Event: 1.783 Thread 0x00000245d407ca40 Exception <a 'java/io/FileNotFoundException'{0x00000000d64cb938}> (0x00000000d64cb938) 
thrown [s\src\hotspot\share\prims\jni.cpp, line 520]
Event: 1.783 Thread 0x00000245d407ca40 Exception <a 'java/io/FileNotFoundException'{0x00000000d64cc600}> (0x00000000d64cc600) 
thrown [s\src\hotspot\share\prims\jni.cpp, line 520]
Event: 1.785 Thread 0x00000245d407ca40 Exception <a 'java/io/FileNotFoundException'{0x00000000d64cd180}> (0x00000000d64cd180) 
thrown [s\src\hotspot\share\prims\jni.cpp, line 520]
Event: 1.791 Thread 0x00000245d407ca40 Implicit null exception at 0x00000245ded811a4 to 0x00000245ded817a4
Event: 1.791 Thread 0x00000245d407ca40 Implicit null exception at 0x00000245ded82720 to 0x00000245ded82d18
Event: 1.797 Thread 0x00000245d407ca40 Exception <a 'java/io/FileNotFoundException'{0x00000000d6505650}> (0x00000000d6505650) 
thrown [s\src\hotspot\share\prims\jni.cpp, line 520]
Event: 1.817 Thread 0x00000245d407ca40 Exception <a 'java/lang/NoSuchMethodError'{0x00000000d653e188}: 'java.lang.Object java.lang.invoke.DirectMethodHandle$Holder.invokeInterface(java.lang.Object, java.lang.Object)'> (0x00000000d653e188) 
thrown [s\src\hotspot\share\interpreter\linkResolver.cpp, line 773]
Event: 1.825 Thread 0x00000245d407ca40 Exception <a 'java/lang/NoSuchMethodError'{0x00000000d6551a60}: 'java.lang.Object java.lang.invoke.Invokers$Holder.invokeExact_MT(java.lang.Object, java.lang.Object, java.lang.Object, java.lang.Object, java.lang.Object, java.lang.Object)'> (0x00000000d6551a60) 
thrown [s\src\hotspot\share\interpreter\linkResolver.cpp, line 773]
Event: 1.856 Thread 0x00000245d407ca40 Exception <a 'java/lang/NoSuchMethodError'{0x00000000d6568b38}: 'int java.lang.invoke.DirectMethodHandle$Holder.invokeStatic(java.lang.Object, java.lang.Object, java.lang.Object, java.lang.Object, java.lang.Object)'> (0x00000000d6568b38) 
thrown [s\src\hotspot\share\interpreter\linkResolver.cpp, line 773]
Event: 1.891 Thread 0x00000245d407ca40 Exception <a 'java/lang/NoSuchMethodError'{0x00000000d65fc8f8}: 'java.lang.Object java.lang.invoke.DirectMethodHandle$Holder.invokeInterface(java.lang.Object, java.lang.Object, int)'> (0x00000000d65fc8f8) 
thrown [s\src\hotspot\share\interpreter\linkResolver.cpp, line 773]
Event: 2.420 Thread 0x00000245d407ca40 Exception <a 'java/lang/NoSuchMethodError'{0x00000000d6a64e48}: 'java.lang.ClassLoader java.lang.ClassLoader.getPlatformClassLoader(java.lang.Class)'> (0x00000000d6a64e48) 
thrown [s\src\hotspot\share\interpreter\linkResolver.cpp, line 773]

ZGC Phase Switch (0 events):
No events

VM Operations (11 events):
Event: 0.425 Executing non-safepoint VM operation: HandshakeAllThreads (Deoptimize)
Event: 0.425 Executing non-safepoint VM operation: HandshakeAllThreads (Deoptimize) done
Event: 0.707 Executing non-safepoint VM operation: HandshakeAllThreads (Deoptimize)
Event: 0.707 Executing non-safepoint VM operation: HandshakeAllThreads (Deoptimize) done
Event: 1.669 Executing non-safepoint VM operation: HandshakeAllThreads (Deoptimize)
Event: 1.669 Executing non-safepoint VM operation: HandshakeAllThreads (Deoptimize) done
Event: 1.669 Executing safepoint VM operation: Cleanup
Event: 1.669 Executing safepoint VM operation: Cleanup done
Event: 1.742 Executing non-safepoint VM operation: HandshakeAllThreads (Deoptimize)
Event: 1.742 Executing non-safepoint VM operation: HandshakeAllThreads (Deoptimize) done
Event: 2.747 Executing safepoint VM operation: Cleanup

Memory protections (0 events):
No events

Nmethod flushes (0 events):
No events

Events (11 events):
Event: 0.075 Thread 0x00000245d407ca40 Thread added: 0x00000245d407ca40
Event: 0.101 Thread 0x00000245d407ca40 Thread added: 0x00000245d3fedea0
Event: 0.102 Thread 0x00000245d407ca40 Thread added: 0x00000245d3fefc70
Event: 0.102 Thread 0x00000245d407ca40 Thread added: 0x00000245d3ff6ab0
Event: 0.102 Thread 0x00000245d407ca40 Thread added: 0x00000245d3ffa090
Event: 0.102 Thread 0x00000245d407ca40 Thread added: 0x00000245d3ff8f20
Event: 0.102 Thread 0x00000245d407ca40 Thread added: 0x00000245d3ffef00
Event: 0.102 Thread 0x00000245d407ca40 Thread added: 0x00000245d4000140
Event: 0.107 Thread 0x00000245d407ca40 Thread added: 0x00000245ec2e94f0
Event: 0.634 Thread 0x00000245d407ca40 Thread added: 0x00000245ec484910
Event: 1.225 Thread 0x00000245d407ca40 Thread added: 0x00000245ec5b04f0


Dynamic libraries:
0x00007ff74e390000 - 0x00007ff74e39e000 	c:\Users\rawat\.antigravity-ide\extensions\redhat.java-1.55.0-win32-x64\jre\21.0.11-win32-x86_64\bin\java.exe
0x00007ffbfd760000 - 0x00007ffbfd9c6000 	C:\WINDOWS\SYSTEM32\ntdll.dll
0x00007ffbfd220000 - 0x00007ffbfd2e9000 	C:\WINDOWS\System32\KERNEL32.DLL
0x00007ffbfafc0000 - 0x00007ffbfb3be000 	C:\WINDOWS\System32\KERNELBASE.dll
0x00007ffbfaac0000 - 0x00007ffbfac0c000 	C:\WINDOWS\System32\ucrtbase.dll
0x00007ffbd8160000 - 0x00007ffbd8178000 	c:\Users\rawat\.antigravity-ide\extensions\redhat.java-1.55.0-win32-x64\jre\21.0.11-win32-x86_64\bin\jli.dll
0x00007ffbfd2f0000 - 0x00007ffbfd4b7000 	C:\WINDOWS\System32\USER32.dll
0x00007ffbfaed0000 - 0x00007ffbfaef7000 	C:\WINDOWS\System32\win32u.dll
0x00007ffbfc720000 - 0x00007ffbfc74b000 	C:\WINDOWS\System32\GDI32.dll
0x00007ffbfac20000 - 0x00007ffbfad4a000 	C:\WINDOWS\System32\gdi32full.dll
0x00007ffbfaa10000 - 0x00007ffbfaab3000 	C:\WINDOWS\System32\msvcp_win.dll
0x00007ffbcf410000 - 0x00007ffbcf42e000 	c:\Users\rawat\.antigravity-ide\extensions\redhat.java-1.55.0-win32-x64\jre\21.0.11-win32-x86_64\bin\VCRUNTIME140.dll
0x00007ffbded60000 - 0x00007ffbdeff2000 	C:\WINDOWS\WinSxS\amd64_microsoft.windows.common-controls_6595b64144ccf1df_6.0.26100.8875_none_3e0d5d42e32fe9dd\COMCTL32.dll
0x00007ffbfb490000 - 0x00007ffbfb539000 	C:\WINDOWS\System32\msvcrt.dll
0x00007ffbfbce0000 - 0x00007ffbfbd12000 	C:\WINDOWS\System32\IMM32.DLL
0x00007ffbf7220000 - 0x00007ffbf722c000 	c:\Users\rawat\.antigravity-ide\extensions\redhat.java-1.55.0-win32-x64\jre\21.0.11-win32-x86_64\bin\vcruntime140_1.dll
0x00007ffbc6090000 - 0x00007ffbc611d000 	c:\Users\rawat\.antigravity-ide\extensions\redhat.java-1.55.0-win32-x64\jre\21.0.11-win32-x86_64\bin\msvcp140.dll
0x00007ffb41930000 - 0x00007ffb426d2000 	c:\Users\rawat\.antigravity-ide\extensions\redhat.java-1.55.0-win32-x64\jre\21.0.11-win32-x86_64\bin\server\jvm.dll
0x00007ffbfc9f0000 - 0x00007ffbfcaa7000 	C:\WINDOWS\System32\ADVAPI32.dll
0x00007ffbfc930000 - 0x00007ffbfc9da000 	C:\WINDOWS\System32\sechost.dll
0x00007ffbfcab0000 - 0x00007ffbfcbc8000 	C:\WINDOWS\System32\RPCRT4.dll
0x00007ffbfc230000 - 0x00007ffbfc2b0000 	C:\WINDOWS\System32\WS2_32.dll
0x00007ffbfa7e0000 - 0x00007ffbfa83e000 	C:\WINDOWS\SYSTEM32\POWRPROF.dll
0x00007ffbea130000 - 0x00007ffbea166000 	C:\WINDOWS\SYSTEM32\WINMM.dll
0x00007ffbef4c0000 - 0x00007ffbef4cb000 	C:\WINDOWS\SYSTEM32\VERSION.dll
0x00007ffbfa7c0000 - 0x00007ffbfa7d4000 	C:\WINDOWS\SYSTEM32\UMPDC.dll
0x00007ffbf9660000 - 0x00007ffbf967b000 	C:\WINDOWS\SYSTEM32\kernel.appcore.dll
0x00007ffbeedc0000 - 0x00007ffbeedca000 	c:\Users\rawat\.antigravity-ide\extensions\redhat.java-1.55.0-win32-x64\jre\21.0.11-win32-x86_64\bin\jimage.dll
0x00007ffbf7d00000 - 0x00007ffbf7f42000 	C:\WINDOWS\SYSTEM32\DBGHELP.DLL
0x00007ffbfce80000 - 0x00007ffbfd203000 	C:\WINDOWS\System32\combase.dll
0x00007ffbfc640000 - 0x00007ffbfc719000 	C:\WINDOWS\System32\OLEAUT32.dll
0x00007ffbd07c0000 - 0x00007ffbd07fb000 	C:\WINDOWS\SYSTEM32\dbgcore.DLL
0x00007ffbfaf00000 - 0x00007ffbfafac000 	C:\WINDOWS\System32\bcryptPrimitives.dll
0x00007ffbee260000 - 0x00007ffbee26f000 	c:\Users\rawat\.antigravity-ide\extensions\redhat.java-1.55.0-win32-x64\jre\21.0.11-win32-x86_64\bin\instrument.dll
0x00007ffbe4ea0000 - 0x00007ffbe4ec0000 	c:\Users\rawat\.antigravity-ide\extensions\redhat.java-1.55.0-win32-x64\jre\21.0.11-win32-x86_64\bin\java.dll
0x00007ffbfb540000 - 0x00007ffbfbcd2000 	C:\WINDOWS\System32\SHELL32.dll
0x00007ffbf8400000 - 0x00007ffbf8c92000 	C:\WINDOWS\SYSTEM32\windows.storage.dll
0x00007ffbfd5a0000 - 0x00007ffbfd697000 	C:\WINDOWS\System32\SHCORE.dll
0x00007ffbfcbd0000 - 0x00007ffbfcc37000 	C:\WINDOWS\System32\shlwapi.dll
0x00007ffbfa8a0000 - 0x00007ffbfa8c9000 	C:\WINDOWS\SYSTEM32\profapi.dll
0x00007ffbca780000 - 0x00007ffbca798000 	c:\Users\rawat\.antigravity-ide\extensions\redhat.java-1.55.0-win32-x64\jre\21.0.11-win32-x86_64\bin\zip.dll
0x00007ffbe7070000 - 0x00007ffbe7080000 	C:\Users\rawat\.antigravity-ide\extensions\redhat.java-1.55.0-win32-x64\jre\21.0.11-win32-x86_64\bin\net.dll
0x00007ffbef620000 - 0x00007ffbef747000 	C:\WINDOWS\SYSTEM32\WINHTTP.dll
0x00007ffbf9c10000 - 0x00007ffbf9c7c000 	C:\WINDOWS\system32\mswsock.dll
0x00007ffbc8e00000 - 0x00007ffbc8e16000 	C:\Users\rawat\.antigravity-ide\extensions\redhat.java-1.55.0-win32-x64\jre\21.0.11-win32-x86_64\bin\nio.dll
0x00007ffbe6b40000 - 0x00007ffbe6b50000 	c:\Users\rawat\.antigravity-ide\extensions\redhat.java-1.55.0-win32-x64\jre\21.0.11-win32-x86_64\bin\verify.dll

JVMTI agents:
c:\Users\rawat\.antigravity-ide\extensions\redhat.java-1.55.0-win32-x64\lombok\lombok-1.18.39-4050.jar path:c:\Users\rawat\.antigravity-ide\extensions\redhat.java-1.55.0-win32-x64\jre\21.0.11-win32-x86_64\bin\instrument.dll, loaded, initialized, instrumentlib options:none

dbghelp: loaded successfully - version: 4.0.5 - missing functions: none
symbol engine: initialized successfully - sym options: 0x614 - pdb path: .;c:\Users\rawat\.antigravity-ide\extensions\redhat.java-1.55.0-win32-x64\jre\21.0.11-win32-x86_64\bin;C:\WINDOWS\SYSTEM32;C:\WINDOWS\WinSxS\amd64_microsoft.windows.common-controls_6595b64144ccf1df_6.0.26100.8875_none_3e0d5d42e32fe9dd;c:\Users\rawat\.antigravity-ide\extensions\redhat.java-1.55.0-win32-x64\jre\21.0.11-win32-x86_64\bin\server

VM Arguments:
jvm_args: --add-modules=ALL-SYSTEM --add-opens=java.base/java.util=ALL-UNNAMED --add-opens=java.base/java.lang=ALL-UNNAMED --add-opens=java.base/sun.nio.fs=ALL-UNNAMED -Declipse.application=org.eclipse.jdt.ls.core.id1 -Dosgi.bundles.defaultStartLevel=4 -Declipse.product=org.eclipse.jdt.ls.core.product -Djava.import.generatesMetadataFilesAtProjectRoot=false -DDetectVMInstallationsJob.disabled=true -Dfile.encoding=utf8 -XX:+UseParallelGC -XX:GCTimeRatio=4 -XX:AdaptiveSizePolicyWeight=90 -Dsun.zip.disableMemoryMapping=true -Xmx2G -Xms100m -Xlog:disable -javaagent:c:\Users\rawat\.antigravity-ide\extensions\redhat.java-1.55.0-win32-x64\lombok\lombok-1.18.39-4050.jar 
java_command: c:\Users\rawat\.antigravity-ide\extensions\redhat.java-1.55.0-win32-x64\server\plugins\org.eclipse.equinox.launcher_1.7.200.v20260619-2039.jar -configuration c:\Users\rawat\AppData\Roaming\Antigravity IDE\User\globalStorage\redhat.java\1.55.0\config_ss_win -data c:\Users\rawat\AppData\Roaming\Antigravity IDE\User\workspaceStorage\37c22cd9f0bef5d5ec7063b27c4af746\redhat.java\ss_ws --pipe=\\.\pipe\lsp-45c369943eab4b3e6fd8425e782c4b89-sock
java_class_path (initial): c:\Users\rawat\.antigravity-ide\extensions\redhat.java-1.55.0-win32-x64\server\plugins\org.eclipse.equinox.launcher_1.7.200.v20260619-2039.jar
Launcher Type: SUN_STANDARD

[Global flags]
    uintx AdaptiveSizePolicyWeight                 = 90                                        {product} {command line}
     intx CICompilerCount                          = 4                                         {product} {ergonomic}
    uintx GCTimeRatio                              = 4                                         {product} {command line}
   size_t InitialHeapSize                          = 104857600                                 {product} {command line}
   size_t MaxHeapSize                              = 2147483648                                {product} {command line}
   size_t MaxNewSize                               = 715653120                                 {product} {ergonomic}
   size_t MinHeapDeltaBytes                        = 524288                                    {product} {ergonomic}
   size_t MinHeapSize                              = 104857600                                 {product} {command line}
   size_t NewSize                                  = 34603008                                  {product} {ergonomic}
    uintx NonNMethodCodeHeapSize                   = 5839372                                {pd product} {ergonomic}
    uintx NonProfiledCodeHeapSize                  = 122909434                              {pd product} {ergonomic}
   size_t OldSize                                  = 70254592                                  {product} {ergonomic}
    uintx ProfiledCodeHeapSize                     = 122909434                              {pd product} {ergonomic}
    uintx ReservedCodeCacheSize                    = 251658240                              {pd product} {ergonomic}
     bool SegmentedCodeCache                       = true                                      {product} {ergonomic}
   size_t SoftMaxHeapSize                          = 2147483648                             {manageable} {ergonomic}
     bool UseCompressedOops                        = true                           {product lp64_product} {ergonomic}
     bool UseLargePagesIndividualAllocation        = false                                  {pd product} {ergonomic}
     bool UseParallelGC                            = true                                      {product} {command line}

Logging:
Log output configuration:
 #0: stdout all=off uptime,level,tags foldmultilines=false
 #1: stderr all=off uptime,level,tags foldmultilines=false

Release file:
JAVA_VERSION="21.0.11" 
MODULES="java.base java.compiler java.datatransfer java.xml java.prefs java.desktop java.instrument java.logging java.management java.security.sasl java.naming java.rmi java.management.rmi java.net.http java.scripting java.security.jgss java.transaction.xa java.sql java.sql.rowset java.xml.crypto java.se java.smartcardio jdk.accessibility jdk.internal.jvmstat jdk.attach jdk.charsets jdk.internal.opt jdk.zipfs jdk.compiler jdk.crypto.ec jdk.crypto.cryptoki jdk.crypto.mscapi jdk.dynalink jdk.internal.ed jdk.editpad jdk.hotspot.agent jdk.httpserver jdk.internal.le jdk.internal.vm.ci jdk.internal.vm.compiler jdk.internal.vm.compiler.management jdk.jartool jdk.javadoc jdk.jcmd jdk.management jdk.management.agent jdk.jconsole jdk.jdeps jdk.jdwp.agent jdk.jdi jdk.jfr jdk.jshell jdk.jsobject jdk.jstatd jdk.localedata jdk.management.jfr jdk.naming.dns jdk.naming.rmi jdk.net jdk.nio.mapmode jdk.random jdk.sctp jdk.security.auth jdk.security.jgss jdk.unsupported jdk.unsupported.desktop jdk.xml.dom" 

Environment Variables:
PATH=C:\Program Files\Common Files\Oracle\Java\javapath;C:\Windows\system32;C:\Windows;C:\Windows\System32\Wbem;C:\Windows\System32\WindowsPowerShell\v1.0\;C:\Windows\System32\OpenSSH\;C:\Program Files\NVIDIA Corporation\NVIDIA NvDLISR;C:\WINDOWS\system32;C:\WINDOWS;C:\WINDOWS\System32\Wbem;C:\WINDOWS\System32\WindowsPowerShell\v1.0\;C:\WINDOWS\System32\OpenSSH\;C:\Program Files\dotnet\;C:\Program Files (x86)\Windows Kits\10\Windows Performance Toolkit\;C:\Program Files\Git\cmd;C:\Program Files\Git\bin;C:\MinGW\bin;C:\Program Files\MySQL\MySQL Server 8.0\bin;C:\Program Files\MySQL\MySQL Shell 8.0\bin\;C:\Users\rawat\AppData\Local\Programs\Python\Python314\Scripts\;C:\Users\rawat\AppData\Local\Programs\Python\Python314\;C:\Users\rawat\AppData\Local\Microsoft\WindowsApps;C:\Users\rawat\AppData\Local\Programs\Microsoft VS Code\bin;C:\Users\rawat\Downloads\flutter_windows_3.38.3-stable\flutter\bin;C:\MinGW\bin;C:\Users\rawat\AppData\Local\Programs\Antigravity IDE\bin
USERNAME=rawat
OS=Windows_NT
PROCESSOR_IDENTIFIER=Intel64 Family 6 Model 140 Stepping 1, GenuineIntel
TMP=C:\Users\rawat\AppData\Local\Temp
TEMP=C:\Users\rawat\AppData\Local\Temp




Periodic native trim disabled

---------------  S Y S T E M  ---------------

OS:
 Windows 11 , 64 bit Build 26100 (10.0.26100.8875)
OS uptime: 3 days 1:34 hours
Hyper-V role detected

CPU: total 8 (initial active 8) (4 cores per cpu, 2 threads per core) family 6 model 140 stepping 1 microcode 0xbe, cx8, cmov, fxsr, ht, mmx, 3dnowpref, sse, sse2, sse3, ssse3, sse4.1, sse4.2, popcnt, lzcnt, tsc, tscinvbit, avx, avx2, aes, erms, clmul, bmi1, bmi2, adx, avx512f, avx512dq, avx512cd, avx512bw, avx512vl, sha, fma, vzeroupper, avx512_vpopcntdq, avx512_vpclmulqdq, avx512_vaes, avx512_vnni, clflush, clflushopt, clwb, avx512_vbmi2, avx512_vbmi, hv, rdtscp, rdpid, fsrm, gfni, avx512_bitalg, f16c, cet_ibt, cet_ss, avx512_ifma
Processor Information for processor 0
  Max Mhz: 2803, Current Mhz: 2803, Mhz Limit: 2803
Processor Information for processor 1
  Max Mhz: 2803, Current Mhz: 2803, Mhz Limit: 2803
Processor Information for processor 2
  Max Mhz: 2803, Current Mhz: 2803, Mhz Limit: 2803
Processor Information for processor 3
  Max Mhz: 2803, Current Mhz: 1201, Mhz Limit: 2803
Processor Information for processor 4
  Max Mhz: 2803, Current Mhz: 1201, Mhz Limit: 2803
Processor Information for processor 5
  Max Mhz: 2803, Current Mhz: 1201, Mhz Limit: 2803
Processor Information for processor 6
  Max Mhz: 2803, Current Mhz: 1201, Mhz Limit: 2803
Processor Information for processor 7
  Max Mhz: 2803, Current Mhz: 1201, Mhz Limit: 2803

Memory: 4k page, system-wide physical 7914M (807M free)
TotalPageFile size 32490M (AvailPageFile size 9M)
current process WorkingSet (physical memory assigned to process): 75M, peak: 75M
current process commit charge ("private bytes"): 232M, peak: 233M

vm_info: OpenJDK 64-Bit Server VM (21.0.11+10-LTS) for windows-amd64 JRE (21.0.11+10-LTS), built on 2026-04-21T00:00:00Z by "admin" with MS VC++ 17.12 (VS2022)

END.
