#
# There is insufficient memory for the Java Runtime Environment to continue.
# Native memory allocation (malloc) failed to allocate 1775856 bytes. Error detail: Chunk::new
# Possible reasons:
#   The system is out of physical RAM or swap space
#   This process is running with CompressedOops enabled, and the Java Heap may be blocking the growth of the native heap
# Possible solutions:
#   Reduce memory load on the system
#   Increase physical memory or swap space
#   Check if swap backing store is full
#   Decrease Java heap size (-Xmx/-Xms)
#   Decrease number of Java threads
#   Decrease Java thread stack sizes (-Xss)
#   Set larger code cache with -XX:ReservedCodeCacheSize=
#   JVM is running with Unscaled Compressed Oops mode in which the Java heap is
#     placed in the first 4GB address space. The Java Heap base address is the
#     maximum limit for the native heap growth. Please use -XX:HeapBaseMinAddress
#     to set the Java Heap base and to place the Java Heap above 4GB virtual address.
# This output file may be truncated or incomplete.
#
#  Out of Memory Error (arena.cpp:168), pid=8340, tid=10064
#
# JRE version: OpenJDK Runtime Environment Temurin-21.0.11+10 (21.0.11+10) (build 21.0.11+10-LTS)
# Java VM: OpenJDK 64-Bit Server VM Temurin-21.0.11+10 (21.0.11+10-LTS, mixed mode, sharing, tiered, compressed oops, compressed class ptrs, g1 gc, windows-amd64)
# No core dump will be written. Minidumps are not enabled by default on client versions of Windows
#

---------------  S U M M A R Y ------------

Command Line: --add-opens=java.base/java.lang=ALL-UNNAMED --add-opens=java.base/java.lang.invoke=ALL-UNNAMED --add-opens=java.base/java.util=ALL-UNNAMED --add-opens=java.prefs/java.util.prefs=ALL-UNNAMED --add-exports=jdk.compiler/com.sun.tools.javac.api=ALL-UNNAMED --add-exports=jdk.compiler/com.sun.tools.javac.util=ALL-UNNAMED --add-opens=java.base/java.util=ALL-UNNAMED --add-opens=java.prefs/java.util.prefs=ALL-UNNAMED --add-opens=java.base/java.nio.charset=ALL-UNNAMED --add-opens=java.base/java.net=ALL-UNNAMED --add-opens=java.base/java.util.concurrent.atomic=ALL-UNNAMED --add-opens=java.xml/javax.xml.namespace=ALL-UNNAMED -Xmx2048m -Dfile.encoding=UTF-8 -Duser.country=US -Duser.language=en -Duser.variant -javaagent:C:\Users\rawat\.gradle\wrapper\dists\gradle-8.13-bin\5xuhj0ry160q40clulazy9h7d\gradle-8.13\lib\agents\gradle-instrumentation-agent-8.13.jar org.gradle.launcher.daemon.bootstrap.GradleDaemon 8.13

Host: 11th Gen Intel(R) Core(TM) i7-1165G7 @ 2.80GHz, 8 cores, 7G,  Windows 11 , 64 bit Build 26100 (10.0.26100.8875)
Time: Fri Jul 24 15:53:50 2026 Nepal Standard Time elapsed time: 25.028870 seconds (0d 0h 0m 25s)

---------------  T H R E A D  ---------------

Current thread (0x0000026bcacf5300):  JavaThread "C2 CompilerThread0" daemon [_thread_in_native, id=10064, stack(0x000000cfd9900000,0x000000cfd9a00000) (1024K)]


Current CompileTask:
C2:25029 13653       4       org.gradle.internal.operations.DefaultBuildOperationRunner::execute (147 bytes)

Stack: [0x000000cfd9900000,0x000000cfd9a00000]
Native frames: (J=compiled Java code, j=interpreted, Vv=VM code, C=native code)
V  [jvm.dll+0x6d7e19]
V  [jvm.dll+0x8b5096]
V  [jvm.dll+0x8b764e]
V  [jvm.dll+0x8b7d33]
V  [jvm.dll+0x284596]
V  [jvm.dll+0xc685d]
V  [jvm.dll+0xc6da1]
V  [jvm.dll+0x3bed31]
V  [jvm.dll+0x38b2b2]
V  [jvm.dll+0x38a6fa]
V  [jvm.dll+0x24c700]
V  [jvm.dll+0x24bce0]
V  [jvm.dll+0x1cb4ae]
V  [jvm.dll+0x25baad]
V  [jvm.dll+0x25a03a]
V  [jvm.dll+0x3f868e]
V  [jvm.dll+0x85fb0d]
V  [jvm.dll+0x6d664d]
C  [ucrtbase.dll+0x2cd30]
C  [KERNEL32.DLL+0x2e957]
C  [ntdll.dll+0xaad6c]


---------------  P R O C E S S  ---------------

Threads class SMR info:
_java_thread_list=0x0000026c17cbf0f0, length=38, elements={
0x0000026bb1749b80, 0x0000026bcacea4a0, 0x0000026bcacecf10, 0x0000026bcaced970,
0x0000026bcacee3d0, 0x0000026bcacef440, 0x0000026bcacf4030, 0x0000026bcacf5300,
0x0000026bcacf1110, 0x0000026bcb5598d0, 0x0000026bcb64a990, 0x0000026c11f53110,
0x0000026c11ff15f0, 0x0000026c1228b960, 0x0000026c1225b020, 0x0000026c120bc040,
0x0000026c124039c0, 0x0000026c12404d70, 0x0000026c12405400, 0x0000026c1516fc20,
0x0000026c1516db50, 0x0000026c1516f590, 0x0000026c15171660, 0x0000026c1516e1e0,
0x0000026c15171cf0, 0x0000026c1516ef00, 0x0000026c15170fd0, 0x0000026c1516e870,
0x0000026c15172380, 0x0000026c15175170, 0x0000026c1700c790, 0x0000026c17fbb470,
0x0000026c117f5a80, 0x0000026c117f39b0, 0x0000026c117f53f0, 0x0000026c117f46d0,
0x0000026c15417510, 0x0000026c1541b6b0
}

Java Threads: ( => current thread )
  0x0000026bb1749b80 JavaThread "main"                              [_thread_blocked, id=16204, stack(0x000000cfd8b00000,0x000000cfd8c00000) (1024K)]
  0x0000026bcacea4a0 JavaThread "Reference Handler"          daemon [_thread_blocked, id=21552, stack(0x000000cfd9300000,0x000000cfd9400000) (1024K)]
  0x0000026bcacecf10 JavaThread "Finalizer"                  daemon [_thread_blocked, id=3952, stack(0x000000cfd9400000,0x000000cfd9500000) (1024K)]
  0x0000026bcaced970 JavaThread "Signal Dispatcher"          daemon [_thread_blocked, id=9184, stack(0x000000cfd9500000,0x000000cfd9600000) (1024K)]
  0x0000026bcacee3d0 JavaThread "Attach Listener"            daemon [_thread_blocked, id=8068, stack(0x000000cfd9600000,0x000000cfd9700000) (1024K)]
  0x0000026bcacef440 JavaThread "Service Thread"             daemon [_thread_blocked, id=5652, stack(0x000000cfd9700000,0x000000cfd9800000) (1024K)]
  0x0000026bcacf4030 JavaThread "Monitor Deflation Thread"   daemon [_thread_blocked, id=24492, stack(0x000000cfd9800000,0x000000cfd9900000) (1024K)]
=>0x0000026bcacf5300 JavaThread "C2 CompilerThread0"         daemon [_thread_in_native, id=10064, stack(0x000000cfd9900000,0x000000cfd9a00000) (1024K)]
  0x0000026bcacf1110 JavaThread "C1 CompilerThread0"         daemon [_thread_in_vm, id=15560, stack(0x000000cfd9a00000,0x000000cfd9b00000) (1024K)]
  0x0000026bcb5598d0 JavaThread "Common-Cleaner"             daemon [_thread_blocked, id=21668, stack(0x000000cfd9b00000,0x000000cfd9c00000) (1024K)]
  0x0000026bcb64a990 JavaThread "Notification Thread"        daemon [_thread_blocked, id=6756, stack(0x000000cfd9c00000,0x000000cfd9d00000) (1024K)]
  0x0000026c11f53110 JavaThread "Daemon health stats"               [_thread_blocked, id=19612, stack(0x000000cfda600000,0x000000cfda700000) (1024K)]
  0x0000026c11ff15f0 JavaThread "Incoming local TCP Connector on port 63195"        [_thread_in_native, id=15144, stack(0x000000cfda700000,0x000000cfda800000) (1024K)]
  0x0000026c1228b960 JavaThread "Daemon periodic checks"            [_thread_blocked, id=10280, stack(0x000000cfda800000,0x000000cfda900000) (1024K)]
  0x0000026c1225b020 JavaThread "Daemon"                            [_thread_in_native, id=15124, stack(0x000000cfda900000,0x000000cfdaa00000) (1024K)]
  0x0000026c120bc040 JavaThread "Daemon worker"                     [_thread_blocked, id=19652, stack(0x000000cfdac00000,0x000000cfdad00000) (1024K)]
  0x0000026c124039c0 JavaThread "Cache worker for journal cache (C:\Users\rawat\.gradle\caches\journal-1)"        [_thread_blocked, id=13892, stack(0x000000cfdb000000,0x000000cfdb100000) (1024K)]
  0x0000026c12404d70 JavaThread "File lock request listener"        [_thread_in_native, id=1840, stack(0x000000cfdb100000,0x000000cfdb200000) (1024K)]
  0x0000026c12405400 JavaThread "Cache worker for file hash cache (C:\Users\rawat\.gradle\caches\8.13\fileHashes)"        [_thread_blocked, id=18584, stack(0x000000cfdb200000,0x000000cfdb300000) (1024K)]
  0x0000026c1516fc20 JavaThread "File watcher server"        daemon [_thread_in_native, id=8256, stack(0x000000cfdb600000,0x000000cfdb700000) (1024K)]
  0x0000026c1516db50 JavaThread "File watcher consumer"      daemon [_thread_blocked, id=13784, stack(0x000000cfdb700000,0x000000cfdb800000) (1024K)]
  0x0000026c1516f590 JavaThread "jar transforms"                    [_thread_blocked, id=24536, stack(0x000000cfdb800000,0x000000cfdb900000) (1024K)]
  0x0000026c15171660 JavaThread "jar transforms Thread 2"           [_thread_blocked, id=11704, stack(0x000000cfdb900000,0x000000cfdba00000) (1024K)]
  0x0000026c1516e1e0 JavaThread "jar transforms Thread 3"           [_thread_blocked, id=16052, stack(0x000000cfdba00000,0x000000cfdbb00000) (1024K)]
  0x0000026c15171cf0 JavaThread "jar transforms Thread 4"           [_thread_blocked, id=11140, stack(0x000000cfdbb00000,0x000000cfdbc00000) (1024K)]
  0x0000026c1516ef00 JavaThread "jar transforms Thread 5"           [_thread_blocked, id=7880, stack(0x000000cfdbc00000,0x000000cfdbd00000) (1024K)]
  0x0000026c15170fd0 JavaThread "Cache worker for file content cache (C:\Users\rawat\.gradle\caches\8.13\fileContent)"        [_thread_blocked, id=9996, stack(0x000000cfdbe00000,0x000000cfdbf00000) (1024K)]
  0x0000026c1516e870 JavaThread "jar transforms Thread 6"           [_thread_blocked, id=10040, stack(0x000000cfdbf00000,0x000000cfdc000000) (1024K)]
  0x0000026c15172380 JavaThread "jar transforms Thread 7"           [_thread_blocked, id=23108, stack(0x000000cfdc000000,0x000000cfdc100000) (1024K)]
  0x0000026c15175170 JavaThread "jar transforms Thread 8"           [_thread_blocked, id=8136, stack(0x000000cfdc100000,0x000000cfdc200000) (1024K)]
  0x0000026c1700c790 JavaThread "Memory manager"                    [_thread_blocked, id=4488, stack(0x000000cfdd900000,0x000000cfdda00000) (1024K)]
  0x0000026c17fbb470 JavaThread "pool-3-thread-1"                   [_thread_blocked, id=21016, stack(0x000000cfdda00000,0x000000cfddb00000) (1024K)]
  0x0000026c117f5a80 JavaThread "VFS cleanup"                       [_thread_in_native, id=21880, stack(0x000000cfd9d00000,0x000000cfd9e00000) (1024K)]
  0x0000026c117f39b0 JavaThread "File lock release action executor"        [_thread_blocked, id=16104, stack(0x000000cfdaa00000,0x000000cfdab00000) (1024K)]
  0x0000026c117f53f0 JavaThread "Handler for socket connection from /127.0.0.1:63195 to /127.0.0.1:64759"        [_thread_in_native, id=17616, stack(0x000000cfdab00000,0x000000cfdac00000) (1024K)]
  0x0000026c117f46d0 Thread "Unknown thread"                        [id=7076, stack(0x000000cfdad00000,0x000000cfdae00000) (1024K)]
  0x0000026c15417510 JavaThread "pool-6-thread-1"                   [_thread_blocked, id=5576, stack(0x000000cfdd400000,0x000000cfdd500000) (1024K)]
  0x0000026c1541b6b0 JavaThread "included builds"                   [_thread_blocked, id=23536, stack(0x000000cfdd500000,0x000000cfdd600000) (1024K)]
Total: 38

Other Threads:
  0x0000026bcacc6c70 VMThread "VM Thread"                           [id=8364, stack(0x000000cfd9200000,0x000000cfd9300000) (1024K)]
  0x0000026bcacb5620 WatcherThread "VM Periodic Task Thread"        [id=3652, stack(0x000000cfd9100000,0x000000cfd9200000) (1024K)]
  0x0000026bb3c07680 WorkerThread "GC Thread#0"                     [id=9368, stack(0x000000cfd8c00000,0x000000cfd8d00000) (1024K)]
  0x0000026bcb6c0360 WorkerThread "GC Thread#1"                     [id=10764, stack(0x000000cfd9f00000,0x000000cfda000000) (1024K)]
  0x0000026bcb9a49c0 WorkerThread "GC Thread#2"                     [id=12212, stack(0x000000cfda000000,0x000000cfda100000) (1024K)]
  0x0000026c111ea720 WorkerThread "GC Thread#3"                     [id=12672, stack(0x000000cfda100000,0x000000cfda200000) (1024K)]
  0x0000026c110254d0 WorkerThread "GC Thread#4"                     [id=14920, stack(0x000000cfda200000,0x000000cfda300000) (1024K)]
  0x0000026c12192c30 WorkerThread "GC Thread#5"                     [id=15928, stack(0x000000cfda300000,0x000000cfda400000) (1024K)]
  0x0000026c12192fe0 WorkerThread "GC Thread#6"                     [id=6644, stack(0x000000cfda400000,0x000000cfda500000) (1024K)]
  0x0000026c121a7710 WorkerThread "GC Thread#7"                     [id=15244, stack(0x000000cfda500000,0x000000cfda600000) (1024K)]
  0x0000026bb3c18480 ConcurrentGCThread "G1 Main Marker"            [id=23976, stack(0x000000cfd8d00000,0x000000cfd8e00000) (1024K)]
  0x0000026bb3c18da0 WorkerThread "G1 Conc#0"                       [id=20936, stack(0x000000cfd8e00000,0x000000cfd8f00000) (1024K)]
  0x0000026c154ee760 WorkerThread "G1 Conc#1"                       [id=888, stack(0x000000cfd9e00000,0x000000cfd9f00000) (1024K)]
  0x0000026bb3c6e410 ConcurrentGCThread "G1 Refine#0"               [id=20928, stack(0x000000cfd8f00000,0x000000cfd9000000) (1024K)]
  0x0000026bcab8b010 ConcurrentGCThread "G1 Service"                [id=13916, stack(0x000000cfd9000000,0x000000cfd9100000) (1024K)]
Total: 15

Threads with active compile tasks:
C2 CompilerThread0  25048 13653       4       org.gradle.internal.operations.DefaultBuildOperationRunner::execute (147 bytes)
Total: 1

VM state: not at safepoint (normal execution)

VM Mutex/Monitor currently owned by a thread: None

Heap address: 0x0000000080000000, size: 2048 MB, Compressed Oops mode: 32-bit

CDS archive(s) mapped at: [0x0000026bcc000000-0x0000026bccba0000-0x0000026bccba0000), size 12189696, SharedBaseAddress: 0x0000026bcc000000, ArchiveRelocationMode: 1.
Compressed class space mapped at: 0x0000026bcd000000-0x0000026c0d000000, reserved size: 1073741824
Narrow klass base: 0x0000026bcc000000, Narrow klass shift: 0, Narrow klass range: 0x100000000

GC Precious Log:
 CardTable entry size: 512
 Card Set container configuration: InlinePtr #cards 5 size 8 Array Of Cards #cards 12 size 40 Howl #buckets 4 coarsen threshold 1843 Howl Bitmap #cards 512 size 80 coarsen threshold 460 Card regions per heap region 1 cards per card region 2048
 CPUs: 8 total, 8 available
 Memory: 7914M
 Large Page Support: Disabled
 NUMA Support: Disabled
 Compressed Oops: Enabled (32-bit)
 Heap Region Size: 1M
 Heap Min Capacity: 8M
 Heap Initial Capacity: 124M
 Heap Max Capacity: 2G
 Pre-touch: Disabled
 Parallel Workers: 8
 Concurrent Workers: 2
 Concurrent Refinement Workers: 8
 Periodic GC: Disabled

Heap:
 garbage-first heap   total 193536K, used 135434K [0x0000000080000000, 0x0000000100000000)
  region size 1024K, 29 young (29696K), 8 survivors (8192K)
 Metaspace       used 104431K, committed 106816K, reserved 1179648K
  class space    used 14377K, committed 15552K, reserved 1048576K

Heap Regions: E=young(eden), S=young(survivor), O=old, HS=humongous(starts), HC=humongous(continues), CS=collection set, F=free, TAMS=top-at-mark-start, PB=parsable bottom
|   0|0x0000000080000000, 0x0000000080100000, 0x0000000080100000|100%|HS|  |TAMS 0x0000000080000000| PB 0x0000000080000000| Complete 
|   1|0x0000000080100000, 0x0000000080200000, 0x0000000080200000|100%|HC|  |TAMS 0x0000000080100000| PB 0x0000000080100000| Complete 
|   2|0x0000000080200000, 0x0000000080300000, 0x0000000080300000|100%|HC|  |TAMS 0x0000000080200000| PB 0x0000000080200000| Complete 
|   3|0x0000000080300000, 0x0000000080400000, 0x0000000080400000|100%| O|  |TAMS 0x0000000080300000| PB 0x0000000080300000| Untracked 
|   4|0x0000000080400000, 0x0000000080500000, 0x0000000080500000|100%| O|  |TAMS 0x0000000080400000| PB 0x0000000080400000| Untracked 
|   5|0x0000000080500000, 0x0000000080600000, 0x0000000080600000|100%| O|  |TAMS 0x0000000080500000| PB 0x0000000080500000| Untracked 
|   6|0x0000000080600000, 0x0000000080700000, 0x0000000080700000|100%|HS|  |TAMS 0x0000000080600000| PB 0x0000000080600000| Complete 
|   7|0x0000000080700000, 0x0000000080800000, 0x0000000080800000|100%| O|  |TAMS 0x0000000080700000| PB 0x0000000080700000| Untracked 
|   8|0x0000000080800000, 0x0000000080900000, 0x0000000080900000|100%| O|  |TAMS 0x0000000080800000| PB 0x0000000080800000| Untracked 
|   9|0x0000000080900000, 0x0000000080a00000, 0x0000000080a00000|100%| O|  |TAMS 0x0000000080900000| PB 0x0000000080900000| Untracked 
|  10|0x0000000080a00000, 0x0000000080b00000, 0x0000000080b00000|100%| O|  |TAMS 0x0000000080a00000| PB 0x0000000080a00000| Untracked 
|  11|0x0000000080b00000, 0x0000000080c00000, 0x0000000080c00000|100%| O|  |TAMS 0x0000000080b00000| PB 0x0000000080b00000| Untracked 
|  12|0x0000000080c00000, 0x0000000080d00000, 0x0000000080d00000|100%| O|  |TAMS 0x0000000080c00000| PB 0x0000000080c00000| Untracked 
|  13|0x0000000080d00000, 0x0000000080e00000, 0x0000000080e00000|100%| O|  |TAMS 0x0000000080d00000| PB 0x0000000080d00000| Untracked 
|  14|0x0000000080e00000, 0x0000000080f00000, 0x0000000080f00000|100%| O|  |TAMS 0x0000000080e00000| PB 0x0000000080e00000| Untracked 
|  15|0x0000000080f00000, 0x0000000081000000, 0x0000000081000000|100%| O|  |TAMS 0x0000000080f00000| PB 0x0000000080f00000| Untracked 
|  16|0x0000000081000000, 0x0000000081100000, 0x0000000081100000|100%| O|  |TAMS 0x0000000081000000| PB 0x0000000081000000| Untracked 
|  17|0x0000000081100000, 0x0000000081200000, 0x0000000081200000|100%| O|  |TAMS 0x0000000081100000| PB 0x0000000081100000| Untracked 
|  18|0x0000000081200000, 0x0000000081300000, 0x0000000081300000|100%| O|  |TAMS 0x0000000081200000| PB 0x0000000081200000| Untracked 
|  19|0x0000000081300000, 0x0000000081400000, 0x0000000081400000|100%| O|  |TAMS 0x0000000081300000| PB 0x0000000081300000| Untracked 
|  20|0x0000000081400000, 0x0000000081500000, 0x0000000081500000|100%| O|  |TAMS 0x0000000081400000| PB 0x0000000081400000| Untracked 
|  21|0x0000000081500000, 0x0000000081600000, 0x0000000081600000|100%| O|  |TAMS 0x0000000081500000| PB 0x0000000081500000| Untracked 
|  22|0x0000000081600000, 0x0000000081700000, 0x0000000081700000|100%| O|  |TAMS 0x0000000081600000| PB 0x0000000081600000| Untracked 
|  23|0x0000000081700000, 0x0000000081800000, 0x0000000081800000|100%| O|  |TAMS 0x0000000081700000| PB 0x0000000081700000| Untracked 
|  24|0x0000000081800000, 0x0000000081900000, 0x0000000081900000|100%| O|  |TAMS 0x0000000081800000| PB 0x0000000081800000| Untracked 
|  25|0x0000000081900000, 0x0000000081a00000, 0x0000000081a00000|100%| O|  |TAMS 0x0000000081900000| PB 0x0000000081900000| Untracked 
|  26|0x0000000081a00000, 0x0000000081b00000, 0x0000000081b00000|100%| O|  |TAMS 0x0000000081a00000| PB 0x0000000081a00000| Untracked 
|  27|0x0000000081b00000, 0x0000000081c00000, 0x0000000081c00000|100%| O|  |TAMS 0x0000000081b00000| PB 0x0000000081b00000| Untracked 
|  28|0x0000000081c00000, 0x0000000081d00000, 0x0000000081d00000|100%| O|  |TAMS 0x0000000081c00000| PB 0x0000000081c00000| Untracked 
|  29|0x0000000081d00000, 0x0000000081e00000, 0x0000000081e00000|100%| O|  |TAMS 0x0000000081d00000| PB 0x0000000081d00000| Untracked 
|  30|0x0000000081e00000, 0x0000000081f00000, 0x0000000081f00000|100%| O|  |TAMS 0x0000000081e00000| PB 0x0000000081e00000| Untracked 
|  31|0x0000000081f00000, 0x0000000082000000, 0x0000000082000000|100%| O|  |TAMS 0x0000000081f00000| PB 0x0000000081f00000| Untracked 
|  32|0x0000000082000000, 0x0000000082100000, 0x0000000082100000|100%| O|  |TAMS 0x0000000082000000| PB 0x0000000082000000| Untracked 
|  33|0x0000000082100000, 0x0000000082200000, 0x0000000082200000|100%| O|  |TAMS 0x0000000082100000| PB 0x0000000082100000| Untracked 
|  34|0x0000000082200000, 0x0000000082300000, 0x0000000082300000|100%| O|  |TAMS 0x0000000082200000| PB 0x0000000082200000| Untracked 
|  35|0x0000000082300000, 0x0000000082400000, 0x0000000082400000|100%| O|  |TAMS 0x0000000082300000| PB 0x0000000082300000| Untracked 
|  36|0x0000000082400000, 0x0000000082500000, 0x0000000082500000|100%| O|  |TAMS 0x0000000082400000| PB 0x0000000082400000| Untracked 
|  37|0x0000000082500000, 0x0000000082600000, 0x0000000082600000|100%| O|  |TAMS 0x0000000082500000| PB 0x0000000082500000| Untracked 
|  38|0x0000000082600000, 0x0000000082700000, 0x0000000082700000|100%| O|  |TAMS 0x0000000082600000| PB 0x0000000082600000| Untracked 
|  39|0x0000000082700000, 0x0000000082800000, 0x0000000082800000|100%| O|  |TAMS 0x0000000082700000| PB 0x0000000082700000| Untracked 
|  40|0x0000000082800000, 0x0000000082900000, 0x0000000082900000|100%| O|  |TAMS 0x0000000082800000| PB 0x0000000082800000| Untracked 
|  41|0x0000000082900000, 0x0000000082a00000, 0x0000000082a00000|100%| O|  |TAMS 0x0000000082900000| PB 0x0000000082900000| Untracked 
|  42|0x0000000082a00000, 0x0000000082b00000, 0x0000000082b00000|100%| O|  |TAMS 0x0000000082a00000| PB 0x0000000082a00000| Untracked 
|  43|0x0000000082b00000, 0x0000000082c00000, 0x0000000082c00000|100%| O|  |TAMS 0x0000000082b00000| PB 0x0000000082b00000| Untracked 
|  44|0x0000000082c00000, 0x0000000082d00000, 0x0000000082d00000|100%|HS|  |TAMS 0x0000000082c00000| PB 0x0000000082c00000| Complete 
|  45|0x0000000082d00000, 0x0000000082e00000, 0x0000000082e00000|100%|HS|  |TAMS 0x0000000082d00000| PB 0x0000000082d00000| Complete 
|  46|0x0000000082e00000, 0x0000000082f00000, 0x0000000082f00000|100%| O|  |TAMS 0x0000000082e00000| PB 0x0000000082e00000| Untracked 
|  47|0x0000000082f00000, 0x0000000083000000, 0x0000000083000000|100%| O|  |TAMS 0x0000000082f00000| PB 0x0000000082f00000| Untracked 
|  48|0x0000000083000000, 0x0000000083100000, 0x0000000083100000|100%| O|  |TAMS 0x0000000083000000| PB 0x0000000083000000| Untracked 
|  49|0x0000000083100000, 0x0000000083200000, 0x0000000083200000|100%|HS|  |TAMS 0x0000000083100000| PB 0x0000000083100000| Complete 
|  50|0x0000000083200000, 0x0000000083300000, 0x0000000083300000|100%|HS|  |TAMS 0x0000000083200000| PB 0x0000000083200000| Complete 
|  51|0x0000000083300000, 0x0000000083400000, 0x0000000083400000|100%|HC|  |TAMS 0x0000000083300000| PB 0x0000000083300000| Complete 
|  52|0x0000000083400000, 0x0000000083500000, 0x0000000083500000|100%|HS|  |TAMS 0x0000000083400000| PB 0x0000000083400000| Complete 
|  53|0x0000000083500000, 0x0000000083600000, 0x0000000083600000|100%|HS|  |TAMS 0x0000000083500000| PB 0x0000000083500000| Complete 
|  54|0x0000000083600000, 0x0000000083700000, 0x0000000083700000|100%|HS|  |TAMS 0x0000000083600000| PB 0x0000000083600000| Complete 
|  55|0x0000000083700000, 0x0000000083800000, 0x0000000083800000|100%| O|  |TAMS 0x0000000083700000| PB 0x0000000083700000| Untracked 
|  56|0x0000000083800000, 0x0000000083900000, 0x0000000083900000|100%| O|  |TAMS 0x0000000083800000| PB 0x0000000083800000| Untracked 
|  57|0x0000000083900000, 0x0000000083a00000, 0x0000000083a00000|100%| O|  |TAMS 0x0000000083900000| PB 0x0000000083900000| Untracked 
|  58|0x0000000083a00000, 0x0000000083b00000, 0x0000000083b00000|100%| O|  |TAMS 0x0000000083a00000| PB 0x0000000083a00000| Untracked 
|  59|0x0000000083b00000, 0x0000000083c00000, 0x0000000083c00000|100%| O|  |TAMS 0x0000000083b00000| PB 0x0000000083b00000| Untracked 
|  60|0x0000000083c00000, 0x0000000083d00000, 0x0000000083d00000|100%| O|  |TAMS 0x0000000083c00000| PB 0x0000000083c00000| Untracked 
|  61|0x0000000083d00000, 0x0000000083e00000, 0x0000000083e00000|100%| O|  |TAMS 0x0000000083d00000| PB 0x0000000083d00000| Untracked 
|  62|0x0000000083e00000, 0x0000000083f00000, 0x0000000083f00000|100%| O|  |TAMS 0x0000000083e00000| PB 0x0000000083e00000| Untracked 
|  63|0x0000000083f00000, 0x0000000084000000, 0x0000000084000000|100%| O|  |TAMS 0x0000000083f00000| PB 0x0000000083f00000| Untracked 
|  64|0x0000000084000000, 0x0000000084100000, 0x0000000084100000|100%| O|  |TAMS 0x0000000084000000| PB 0x0000000084000000| Untracked 
|  65|0x0000000084100000, 0x0000000084200000, 0x0000000084200000|100%|HS|  |TAMS 0x0000000084100000| PB 0x0000000084100000| Complete 
|  66|0x0000000084200000, 0x0000000084300000, 0x0000000084300000|100%|HC|  |TAMS 0x0000000084200000| PB 0x0000000084200000| Complete 
|  67|0x0000000084300000, 0x0000000084400000, 0x0000000084400000|100%|HC|  |TAMS 0x0000000084300000| PB 0x0000000084300000| Complete 
|  68|0x0000000084400000, 0x0000000084500000, 0x0000000084500000|100%| O|  |TAMS 0x0000000084400000| PB 0x0000000084400000| Untracked 
|  69|0x0000000084500000, 0x0000000084600000, 0x0000000084600000|100%| O|  |TAMS 0x0000000084500000| PB 0x0000000084500000| Untracked 
|  70|0x0000000084600000, 0x0000000084700000, 0x0000000084700000|100%| O|  |TAMS 0x0000000084600000| PB 0x0000000084600000| Untracked 
|  71|0x0000000084700000, 0x0000000084800000, 0x0000000084800000|100%| O|  |TAMS 0x0000000084700000| PB 0x0000000084700000| Untracked 
|  72|0x0000000084800000, 0x0000000084900000, 0x0000000084900000|100%| O|  |TAMS 0x0000000084800000| PB 0x0000000084800000| Untracked 
|  73|0x0000000084900000, 0x0000000084a00000, 0x0000000084a00000|100%| O|  |TAMS 0x0000000084900000| PB 0x0000000084900000| Untracked 
|  74|0x0000000084a00000, 0x0000000084b00000, 0x0000000084b00000|100%|HS|  |TAMS 0x0000000084a00000| PB 0x0000000084a00000| Complete 
|  75|0x0000000084b00000, 0x0000000084c00000, 0x0000000084c00000|100%| O|  |TAMS 0x0000000084b00000| PB 0x0000000084b00000| Untracked 
|  76|0x0000000084c00000, 0x0000000084d00000, 0x0000000084d00000|100%| O|  |TAMS 0x0000000084c00000| PB 0x0000000084c00000| Untracked 
|  77|0x0000000084d00000, 0x0000000084e00000, 0x0000000084e00000|100%| O|  |TAMS 0x0000000084d00000| PB 0x0000000084d00000| Untracked 
|  78|0x0000000084e00000, 0x0000000084f00000, 0x0000000084f00000|100%| O|  |TAMS 0x0000000084e00000| PB 0x0000000084e00000| Untracked 
|  79|0x0000000084f00000, 0x0000000085000000, 0x0000000085000000|100%|HS|  |TAMS 0x0000000084f00000| PB 0x0000000084f00000| Complete 
|  80|0x0000000085000000, 0x0000000085100000, 0x0000000085100000|100%|HC|  |TAMS 0x0000000085000000| PB 0x0000000085000000| Complete 
|  81|0x0000000085100000, 0x0000000085200000, 0x0000000085200000|100%| O|  |TAMS 0x0000000085100000| PB 0x0000000085100000| Untracked 
|  82|0x0000000085200000, 0x0000000085300000, 0x0000000085300000|100%| O|Cm|TAMS 0x0000000085200000| PB 0x0000000085200000| Complete 
|  83|0x0000000085300000, 0x0000000085400000, 0x0000000085400000|100%| O|Cm|TAMS 0x0000000085300000| PB 0x0000000085300000| Complete 
|  84|0x0000000085400000, 0x0000000085500000, 0x0000000085500000|100%| O|Cm|TAMS 0x0000000085400000| PB 0x0000000085400000| Complete 
|  85|0x0000000085500000, 0x0000000085600000, 0x0000000085600000|100%| O|  |TAMS 0x0000000085500000| PB 0x0000000085500000| Untracked 
|  86|0x0000000085600000, 0x0000000085700000, 0x0000000085700000|100%| O|  |TAMS 0x0000000085600000| PB 0x0000000085600000| Untracked 
|  87|0x0000000085700000, 0x0000000085800000, 0x0000000085800000|100%| O|  |TAMS 0x0000000085700000| PB 0x0000000085700000| Untracked 
|  88|0x0000000085800000, 0x0000000085900000, 0x0000000085900000|100%| O|  |TAMS 0x0000000085800000| PB 0x0000000085800000| Untracked 
|  89|0x0000000085900000, 0x0000000085a00000, 0x0000000085a00000|100%| O|  |TAMS 0x0000000085900000| PB 0x0000000085900000| Untracked 
|  90|0x0000000085a00000, 0x0000000085b00000, 0x0000000085b00000|100%|HS|  |TAMS 0x0000000085a00000| PB 0x0000000085a00000| Complete 
|  91|0x0000000085b00000, 0x0000000085c00000, 0x0000000085c00000|100%| O|  |TAMS 0x0000000085b00000| PB 0x0000000085b00000| Untracked 
|  92|0x0000000085c00000, 0x0000000085d00000, 0x0000000085d00000|100%| O|  |TAMS 0x0000000085c00000| PB 0x0000000085c00000| Untracked 
|  93|0x0000000085d00000, 0x0000000085e00000, 0x0000000085e00000|100%| O|  |TAMS 0x0000000085d00000| PB 0x0000000085d00000| Untracked 
|  94|0x0000000085e00000, 0x0000000085f00000, 0x0000000085f00000|100%| O|  |TAMS 0x0000000085e00000| PB 0x0000000085e00000| Untracked 
|  95|0x0000000085f00000, 0x0000000086000000, 0x0000000086000000|100%| O|  |TAMS 0x0000000085f00000| PB 0x0000000085f00000| Untracked 
|  96|0x0000000086000000, 0x0000000086100000, 0x0000000086100000|100%| O|  |TAMS 0x0000000086000000| PB 0x0000000086000000| Untracked 
|  97|0x0000000086100000, 0x0000000086200000, 0x0000000086200000|100%| O|  |TAMS 0x0000000086100000| PB 0x0000000086100000| Untracked 
|  98|0x0000000086200000, 0x0000000086300000, 0x0000000086300000|100%| O|  |TAMS 0x0000000086200000| PB 0x0000000086200000| Untracked 
|  99|0x0000000086300000, 0x0000000086400000, 0x0000000086400000|100%| O|  |TAMS 0x0000000086300000| PB 0x0000000086300000| Untracked 
| 100|0x0000000086400000, 0x0000000086500000, 0x0000000086500000|100%| O|  |TAMS 0x0000000086400000| PB 0x0000000086400000| Untracked 
| 101|0x0000000086500000, 0x0000000086600000, 0x0000000086600000|100%| O|  |TAMS 0x0000000086500000| PB 0x0000000086500000| Untracked 
| 102|0x0000000086600000, 0x0000000086700000, 0x0000000086700000|100%| O|  |TAMS 0x0000000086600000| PB 0x0000000086600000| Untracked 
| 103|0x0000000086700000, 0x0000000086800000, 0x0000000086800000|100%| O|  |TAMS 0x0000000086700000| PB 0x0000000086700000| Untracked 
| 104|0x0000000086800000, 0x0000000086800000, 0x0000000086900000|  0%| F|  |TAMS 0x0000000086800000| PB 0x0000000086800000| Untracked 
| 105|0x0000000086900000, 0x0000000086900000, 0x0000000086a00000|  0%| F|  |TAMS 0x0000000086900000| PB 0x0000000086900000| Untracked 
| 106|0x0000000086a00000, 0x0000000086a00000, 0x0000000086b00000|  0%| F|  |TAMS 0x0000000086a00000| PB 0x0000000086a00000| Untracked 
| 107|0x0000000086b00000, 0x0000000086b42ad0, 0x0000000086c00000| 26%| S|CS|TAMS 0x0000000086b00000| PB 0x0000000086b00000| Complete 
| 108|0x0000000086c00000, 0x0000000086c00000, 0x0000000086d00000|  0%| F|  |TAMS 0x0000000086c00000| PB 0x0000000086c00000| Untracked 
| 109|0x0000000086d00000, 0x0000000086d00000, 0x0000000086e00000|  0%| F|  |TAMS 0x0000000086d00000| PB 0x0000000086d00000| Untracked 
| 110|0x0000000086e00000, 0x0000000086e00000, 0x0000000086f00000|  0%| F|  |TAMS 0x0000000086e00000| PB 0x0000000086e00000| Untracked 
| 111|0x0000000086f00000, 0x0000000086f00000, 0x0000000087000000|  0%| F|  |TAMS 0x0000000086f00000| PB 0x0000000086f00000| Untracked 
| 112|0x0000000087000000, 0x0000000087000000, 0x0000000087100000|  0%| F|  |TAMS 0x0000000087000000| PB 0x0000000087000000| Untracked 
| 113|0x0000000087100000, 0x0000000087200000, 0x0000000087200000|100%| S|CS|TAMS 0x0000000087100000| PB 0x0000000087100000| Complete 
| 114|0x0000000087200000, 0x0000000087300000, 0x0000000087300000|100%| S|CS|TAMS 0x0000000087200000| PB 0x0000000087200000| Complete 
| 115|0x0000000087300000, 0x0000000087400000, 0x0000000087400000|100%| S|CS|TAMS 0x0000000087300000| PB 0x0000000087300000| Complete 
| 116|0x0000000087400000, 0x0000000087500000, 0x0000000087500000|100%| S|CS|TAMS 0x0000000087400000| PB 0x0000000087400000| Complete 
| 117|0x0000000087500000, 0x0000000087600000, 0x0000000087600000|100%| S|CS|TAMS 0x0000000087500000| PB 0x0000000087500000| Complete 
| 118|0x0000000087600000, 0x0000000087700000, 0x0000000087700000|100%| S|CS|TAMS 0x0000000087600000| PB 0x0000000087600000| Complete 
| 119|0x0000000087700000, 0x0000000087800000, 0x0000000087800000|100%| S|CS|TAMS 0x0000000087700000| PB 0x0000000087700000| Complete 
| 120|0x0000000087800000, 0x0000000087800000, 0x0000000087900000|  0%| F|  |TAMS 0x0000000087800000| PB 0x0000000087800000| Untracked 
| 121|0x0000000087900000, 0x0000000087900000, 0x0000000087a00000|  0%| F|  |TAMS 0x0000000087900000| PB 0x0000000087900000| Untracked 
| 122|0x0000000087a00000, 0x0000000087a00000, 0x0000000087b00000|  0%| F|  |TAMS 0x0000000087a00000| PB 0x0000000087a00000| Untracked 
| 123|0x0000000087b00000, 0x0000000087b00000, 0x0000000087c00000|  0%| F|  |TAMS 0x0000000087b00000| PB 0x0000000087b00000| Untracked 
| 124|0x0000000087c00000, 0x0000000087c00000, 0x0000000087d00000|  0%| F|  |TAMS 0x0000000087c00000| PB 0x0000000087c00000| Untracked 
| 125|0x0000000087d00000, 0x0000000087d00000, 0x0000000087e00000|  0%| F|  |TAMS 0x0000000087d00000| PB 0x0000000087d00000| Untracked 
| 126|0x0000000087e00000, 0x0000000087e00000, 0x0000000087f00000|  0%| F|  |TAMS 0x0000000087e00000| PB 0x0000000087e00000| Untracked 
| 127|0x0000000087f00000, 0x0000000087f00000, 0x0000000088000000|  0%| F|  |TAMS 0x0000000087f00000| PB 0x0000000087f00000| Untracked 
| 128|0x0000000088000000, 0x0000000088000000, 0x0000000088100000|  0%| F|  |TAMS 0x0000000088000000| PB 0x0000000088000000| Untracked 
| 129|0x0000000088100000, 0x0000000088100000, 0x0000000088200000|  0%| F|  |TAMS 0x0000000088100000| PB 0x0000000088100000| Untracked 
| 130|0x0000000088200000, 0x0000000088200000, 0x0000000088300000|  0%| F|  |TAMS 0x0000000088200000| PB 0x0000000088200000| Untracked 
| 131|0x0000000088300000, 0x0000000088300000, 0x0000000088400000|  0%| F|  |TAMS 0x0000000088300000| PB 0x0000000088300000| Untracked 
| 132|0x0000000088400000, 0x0000000088400000, 0x0000000088500000|  0%| F|  |TAMS 0x0000000088400000| PB 0x0000000088400000| Untracked 
| 133|0x0000000088500000, 0x0000000088500000, 0x0000000088600000|  0%| F|  |TAMS 0x0000000088500000| PB 0x0000000088500000| Untracked 
| 134|0x0000000088600000, 0x0000000088600000, 0x0000000088700000|  0%| F|  |TAMS 0x0000000088600000| PB 0x0000000088600000| Untracked 
| 135|0x0000000088700000, 0x0000000088700000, 0x0000000088800000|  0%| F|  |TAMS 0x0000000088700000| PB 0x0000000088700000| Untracked 
| 136|0x0000000088800000, 0x0000000088800000, 0x0000000088900000|  0%| F|  |TAMS 0x0000000088800000| PB 0x0000000088800000| Untracked 
| 137|0x0000000088900000, 0x0000000088900000, 0x0000000088a00000|  0%| F|  |TAMS 0x0000000088900000| PB 0x0000000088900000| Untracked 
| 138|0x0000000088a00000, 0x0000000088a00000, 0x0000000088b00000|  0%| F|  |TAMS 0x0000000088a00000| PB 0x0000000088a00000| Untracked 
| 139|0x0000000088b00000, 0x0000000088b00000, 0x0000000088c00000|  0%| F|  |TAMS 0x0000000088b00000| PB 0x0000000088b00000| Untracked 
| 140|0x0000000088c00000, 0x0000000088c00000, 0x0000000088d00000|  0%| F|  |TAMS 0x0000000088c00000| PB 0x0000000088c00000| Untracked 
| 141|0x0000000088d00000, 0x0000000088d00000, 0x0000000088e00000|  0%| F|  |TAMS 0x0000000088d00000| PB 0x0000000088d00000| Untracked 
| 142|0x0000000088e00000, 0x0000000088e00000, 0x0000000088f00000|  0%| F|  |TAMS 0x0000000088e00000| PB 0x0000000088e00000| Untracked 
| 143|0x0000000088f00000, 0x0000000088f00000, 0x0000000089000000|  0%| F|  |TAMS 0x0000000088f00000| PB 0x0000000088f00000| Untracked 
| 144|0x0000000089000000, 0x0000000089000000, 0x0000000089100000|  0%| F|  |TAMS 0x0000000089000000| PB 0x0000000089000000| Untracked 
| 145|0x0000000089100000, 0x0000000089100000, 0x0000000089200000|  0%| F|  |TAMS 0x0000000089100000| PB 0x0000000089100000| Untracked 
| 146|0x0000000089200000, 0x0000000089200000, 0x0000000089300000|  0%| F|  |TAMS 0x0000000089200000| PB 0x0000000089200000| Untracked 
| 147|0x0000000089300000, 0x0000000089300000, 0x0000000089400000|  0%| F|  |TAMS 0x0000000089300000| PB 0x0000000089300000| Untracked 
| 148|0x0000000089400000, 0x0000000089400000, 0x0000000089500000|  0%| F|  |TAMS 0x0000000089400000| PB 0x0000000089400000| Untracked 
| 149|0x0000000089500000, 0x0000000089500000, 0x0000000089600000|  0%| F|  |TAMS 0x0000000089500000| PB 0x0000000089500000| Untracked 
| 150|0x0000000089600000, 0x0000000089600000, 0x0000000089700000|  0%| F|  |TAMS 0x0000000089600000| PB 0x0000000089600000| Untracked 
| 151|0x0000000089700000, 0x0000000089700000, 0x0000000089800000|  0%| F|  |TAMS 0x0000000089700000| PB 0x0000000089700000| Untracked 
| 152|0x0000000089800000, 0x0000000089800000, 0x0000000089900000|  0%| F|  |TAMS 0x0000000089800000| PB 0x0000000089800000| Untracked 
| 153|0x0000000089900000, 0x0000000089900000, 0x0000000089a00000|  0%| F|  |TAMS 0x0000000089900000| PB 0x0000000089900000| Untracked 
| 154|0x0000000089a00000, 0x0000000089a00000, 0x0000000089b00000|  0%| F|  |TAMS 0x0000000089a00000| PB 0x0000000089a00000| Untracked 
| 155|0x0000000089b00000, 0x0000000089b00000, 0x0000000089c00000|  0%| F|  |TAMS 0x0000000089b00000| PB 0x0000000089b00000| Untracked 
| 156|0x0000000089c00000, 0x0000000089c00000, 0x0000000089d00000|  0%| F|  |TAMS 0x0000000089c00000| PB 0x0000000089c00000| Untracked 
| 157|0x0000000089d00000, 0x0000000089d00000, 0x0000000089e00000|  0%| F|  |TAMS 0x0000000089d00000| PB 0x0000000089d00000| Untracked 
| 158|0x0000000089e00000, 0x0000000089e00000, 0x0000000089f00000|  0%| F|  |TAMS 0x0000000089e00000| PB 0x0000000089e00000| Untracked 
| 159|0x0000000089f00000, 0x0000000089f00000, 0x000000008a000000|  0%| F|  |TAMS 0x0000000089f00000| PB 0x0000000089f00000| Untracked 
| 160|0x000000008a000000, 0x000000008a000000, 0x000000008a100000|  0%| F|  |TAMS 0x000000008a000000| PB 0x000000008a000000| Untracked 
| 161|0x000000008a100000, 0x000000008a100000, 0x000000008a200000|  0%| F|  |TAMS 0x000000008a100000| PB 0x000000008a100000| Untracked 
| 162|0x000000008a200000, 0x000000008a200000, 0x000000008a300000|  0%| F|  |TAMS 0x000000008a200000| PB 0x000000008a200000| Untracked 
| 163|0x000000008a300000, 0x000000008a300000, 0x000000008a400000|  0%| F|  |TAMS 0x000000008a300000| PB 0x000000008a300000| Untracked 
| 164|0x000000008a400000, 0x000000008a400000, 0x000000008a500000|  0%| F|  |TAMS 0x000000008a400000| PB 0x000000008a400000| Untracked 
| 165|0x000000008a500000, 0x000000008a500000, 0x000000008a600000|  0%| F|  |TAMS 0x000000008a500000| PB 0x000000008a500000| Untracked 
| 166|0x000000008a600000, 0x000000008a600000, 0x000000008a700000|  0%| F|  |TAMS 0x000000008a600000| PB 0x000000008a600000| Untracked 
| 167|0x000000008a700000, 0x000000008a7b3c88, 0x000000008a800000| 70%| E|  |TAMS 0x000000008a700000| PB 0x000000008a700000| Complete 
| 168|0x000000008a800000, 0x000000008a900000, 0x000000008a900000|100%| E|CS|TAMS 0x000000008a800000| PB 0x000000008a800000| Complete 
| 169|0x000000008a900000, 0x000000008aa00000, 0x000000008aa00000|100%| E|CS|TAMS 0x000000008a900000| PB 0x000000008a900000| Complete 
| 170|0x000000008aa00000, 0x000000008ab00000, 0x000000008ab00000|100%| E|CS|TAMS 0x000000008aa00000| PB 0x000000008aa00000| Complete 
| 171|0x000000008ab00000, 0x000000008ac00000, 0x000000008ac00000|100%| E|CS|TAMS 0x000000008ab00000| PB 0x000000008ab00000| Complete 
| 172|0x000000008ac00000, 0x000000008ad00000, 0x000000008ad00000|100%| E|CS|TAMS 0x000000008ac00000| PB 0x000000008ac00000| Complete 
| 173|0x000000008ad00000, 0x000000008ae00000, 0x000000008ae00000|100%| E|CS|TAMS 0x000000008ad00000| PB 0x000000008ad00000| Complete 
| 174|0x000000008ae00000, 0x000000008af00000, 0x000000008af00000|100%| E|CS|TAMS 0x000000008ae00000| PB 0x000000008ae00000| Complete 
| 175|0x000000008af00000, 0x000000008b000000, 0x000000008b000000|100%| E|CS|TAMS 0x000000008af00000| PB 0x000000008af00000| Complete 
| 176|0x000000008b000000, 0x000000008b100000, 0x000000008b100000|100%| E|CS|TAMS 0x000000008b000000| PB 0x000000008b000000| Complete 
| 177|0x000000008b100000, 0x000000008b200000, 0x000000008b200000|100%| E|CS|TAMS 0x000000008b100000| PB 0x000000008b100000| Complete 
| 178|0x000000008b200000, 0x000000008b300000, 0x000000008b300000|100%| E|CS|TAMS 0x000000008b200000| PB 0x000000008b200000| Complete 
| 179|0x000000008b300000, 0x000000008b400000, 0x000000008b400000|100%| E|CS|TAMS 0x000000008b300000| PB 0x000000008b300000| Complete 
| 180|0x000000008b400000, 0x000000008b500000, 0x000000008b500000|100%| E|CS|TAMS 0x000000008b400000| PB 0x000000008b400000| Complete 
| 181|0x000000008b500000, 0x000000008b600000, 0x000000008b600000|100%| E|CS|TAMS 0x000000008b500000| PB 0x000000008b500000| Complete 
| 182|0x000000008b600000, 0x000000008b700000, 0x000000008b700000|100%| E|CS|TAMS 0x000000008b600000| PB 0x000000008b600000| Complete 
|2042|0x00000000ffa00000, 0x00000000ffb00000, 0x00000000ffb00000|100%| O|  |TAMS 0x00000000ffa00000| PB 0x00000000ffa00000| Untracked 
|2043|0x00000000ffb00000, 0x00000000ffc00000, 0x00000000ffc00000|100%| E|CS|TAMS 0x00000000ffb00000| PB 0x00000000ffb00000| Complete 
|2044|0x00000000ffc00000, 0x00000000ffd00000, 0x00000000ffd00000|100%| E|CS|TAMS 0x00000000ffc00000| PB 0x00000000ffc00000| Complete 
|2045|0x00000000ffd00000, 0x00000000ffe00000, 0x00000000ffe00000|100%| E|CS|TAMS 0x00000000ffd00000| PB 0x00000000ffd00000| Complete 
|2046|0x00000000ffe00000, 0x00000000fff00000, 0x00000000fff00000|100%| E|CS|TAMS 0x00000000ffe00000| PB 0x00000000ffe00000| Complete 
|2047|0x00000000fff00000, 0x0000000100000000, 0x0000000100000000|100%| E|CS|TAMS 0x00000000fff00000| PB 0x00000000fff00000| Complete 

Card table byte_map: [0x0000026bc64e0000,0x0000026bc68e0000] _byte_map_base: 0x0000026bc60e0000

Marking Bits: (CMBitMap*) 0x0000026bb3c07ba0
 Bits: [0x0000026bc68e0000, 0x0000026bc88e0000)

Polling page: 0x0000026bb1990000

Metaspace:

Usage:
  Non-class:     87.94 MB used.
      Class:     14.04 MB used.
       Both:    101.98 MB used.

Virtual space:
  Non-class space:      128.00 MB reserved,      89.12 MB ( 70%) committed,  2 nodes.
      Class space:        1.00 GB reserved,      15.19 MB (  1%) committed,  1 nodes.
             Both:        1.12 GB reserved,     104.31 MB (  9%) committed. 

Chunk freelists:
   Non-Class:  6.41 MB
       Class:  673.00 KB
        Both:  7.07 MB

MaxMetaspaceSize: unlimited
CompressedClassSpaceSize: 1.00 GB
Initial GC threshold: 21.00 MB
Current GC threshold: 173.75 MB
CDS: on
 - commit_granule_bytes: 65536.
 - commit_granule_words: 8192.
 - virtual_space_node_default_size: 8388608.
 - enlarge_chunks_in_place: 1.
 - use_allocation_guard: 0.


Internal statistics:

num_allocs_failed_limit: 9.
num_arena_births: 4344.
num_arena_deaths: 0.
num_vsnodes_births: 3.
num_vsnodes_deaths: 0.
num_space_committed: 1667.
num_space_uncommitted: 0.
num_chunks_returned_to_freelist: 9.
num_chunks_taken_from_freelist: 9267.
num_chunk_merges: 6.
num_chunk_splits: 6090.
num_chunks_enlarged: 3814.
num_inconsistent_stats: 0.

CodeHeap 'non-profiled nmethods': size=120000Kb used=7651Kb max_used=7736Kb free=112348Kb
 bounds [0x0000026bbe880000, 0x0000026bbf010000, 0x0000026bc5db0000]
CodeHeap 'profiled nmethods': size=120000Kb used=21289Kb max_used=21706Kb free=98710Kb
 bounds [0x0000026bb6db0000, 0x0000026bb82f0000, 0x0000026bbe2e0000]
CodeHeap 'non-nmethods': size=5760Kb used=2989Kb max_used=3034Kb free=2770Kb
 bounds [0x0000026bbe2e0000, 0x0000026bbe5e0000, 0x0000026bbe880000]
CodeCache: size=245760Kb, used=31929Kb, max_used=32476Kb, free=213828Kb
 total_blobs=12605, nmethods=11605, adapters=904, full_count=0
Compilation: enabled, stopped_count=0, restarted_count=0

Compilation events (20 events):
Event: 23.992 Thread 0x0000026bcacf1110 13740   !   3       org.gradle.api.internal.provider.TransformBackedProvider::calculateOwnValue (66 bytes)
Event: 23.993 Thread 0x0000026bcacf1110 nmethod 13740 0x0000026bb6f5be90 code [0x0000026bb6f5c100, 0x0000026bb6f5cad8]
Event: 23.993 Thread 0x0000026bcacf1110 13741       3       org.gradle.api.internal.provider.TransformBackedProvider::mapValue (27 bytes)
Event: 23.993 Thread 0x0000026bcacf1110 nmethod 13741 0x0000026bb75b3910 code [0x0000026bb75b3ae0, 0x0000026bb75b3ea0]
Event: 23.994 Thread 0x0000026c169e10f0 nmethod 13734 0x0000026bbed7ea10 code [0x0000026bbed7eca0, 0x0000026bbed7f9b0]
Event: 23.995 Thread 0x0000026c169e10f0 13731       4       org.gradle.internal.snapshot.AbstractListChildMap::stream (10 bytes)
Event: 23.996 Thread 0x0000026c169dfc80 nmethod 13732 0x0000026bbe94a910 code [0x0000026bbe94ac00, 0x0000026bbe94bc58]
Event: 23.996 Thread 0x0000026c169dfc80 13738       4       java.util.Arrays::asList (9 bytes)
Event: 23.996 Thread 0x0000026bcacf1110 13742       3       java.util.concurrent.ThreadPoolExecutor$Worker::unlock (7 bytes)
Event: 23.996 Thread 0x0000026bcacf1110 nmethod 13742 0x0000026bb7a25a90 code [0x0000026bb7a25c60, 0x0000026bb7a25ed0]
Event: 23.997 Thread 0x0000026bcacf1110 13743       3       jdk.internal.misc.Unsafe::bool2byte (10 bytes)
Event: 23.997 Thread 0x0000026bcacf1110 nmethod 13743 0x0000026bb72cf890 code [0x0000026bb72cfa20, 0x0000026bb72cfb80]
Event: 23.997 Thread 0x0000026c169dfc80 nmethod 13738 0x0000026bbeec3110 code [0x0000026bbeec32a0, 0x0000026bbeec3420]
Event: 23.997 Thread 0x0000026c169dfc80 13733       4       org.gradle.internal.snapshot.AbstractFileSystemLocationSnapshot::rootSnapshots (5 bytes)
Event: 24.000 Thread 0x0000026c169dfc80 nmethod 13733 0x0000026bbed7e590 code [0x0000026bbed7e720, 0x0000026bbed7e8c8]
Event: 24.003 Thread 0x0000026c169e10f0 nmethod 13731 0x0000026bbecbc510 code [0x0000026bbecbc6e0, 0x0000026bbecbcba8]
Event: 24.014 Thread 0x0000026bcacf1110 13744       3       java.util.concurrent.ThreadPoolExecutor::isRunning (10 bytes)
Event: 24.014 Thread 0x0000026bcacf1110 nmethod 13744 0x0000026bb72eb590 code [0x0000026bb72eb720, 0x0000026bb72eb860]
Event: 24.294 Thread 0x0000026bcacf1110 13745       1       org.gradle.internal.concurrent.AbstractManagedExecutor::access$100 (5 bytes)
Event: 24.294 Thread 0x0000026bcacf1110 nmethod 13745 0x0000026bbeec2d90 code [0x0000026bbeec2f20, 0x0000026bbeec2fd0]

GC Heap History (20 events):
Event: 11.644 GC heap before
{Heap before GC invocations=29 (full 0):
 garbage-first heap   total 153600K, used 104575K [0x0000000080000000, 0x0000000100000000)
  region size 1024K, 24 young (24576K), 6 survivors (6144K)
 Metaspace       used 76027K, committed 78080K, reserved 1179648K
  class space    used 10644K, committed 11648K, reserved 1048576K
}
Event: 11.648 GC heap after
{Heap after GC invocations=30 (full 0):
 garbage-first heap   total 153600K, used 88463K [0x0000000080000000, 0x0000000100000000)
  region size 1024K, 3 young (3072K), 3 survivors (3072K)
 Metaspace       used 76027K, committed 78080K, reserved 1179648K
  class space    used 10644K, committed 11648K, reserved 1048576K
}
Event: 12.405 GC heap before
{Heap before GC invocations=31 (full 0):
 garbage-first heap   total 153600K, used 131471K [0x0000000080000000, 0x0000000100000000)
  region size 1024K, 43 young (44032K), 3 survivors (3072K)
 Metaspace       used 79115K, committed 81216K, reserved 1179648K
  class space    used 11070K, committed 12096K, reserved 1048576K
}
Event: 12.410 GC heap after
{Heap after GC invocations=32 (full 0):
 garbage-first heap   total 153600K, used 91859K [0x0000000080000000, 0x0000000100000000)
  region size 1024K, 4 young (4096K), 4 survivors (4096K)
 Metaspace       used 79115K, committed 81216K, reserved 1179648K
  class space    used 11070K, committed 12096K, reserved 1048576K
}
Event: 13.102 GC heap before
{Heap before GC invocations=32 (full 0):
 garbage-first heap   total 153600K, used 134867K [0x0000000080000000, 0x0000000100000000)
  region size 1024K, 45 young (46080K), 4 survivors (4096K)
 Metaspace       used 82276K, committed 84416K, reserved 1179648K
  class space    used 11622K, committed 12672K, reserved 1048576K
}
Event: 13.108 GC heap after
{Heap after GC invocations=33 (full 0):
 garbage-first heap   total 153600K, used 91555K [0x0000000080000000, 0x0000000100000000)
  region size 1024K, 3 young (3072K), 3 survivors (3072K)
 Metaspace       used 82276K, committed 84416K, reserved 1179648K
  class space    used 11622K, committed 12672K, reserved 1048576K
}
Event: 13.841 GC heap before
{Heap before GC invocations=33 (full 0):
 garbage-first heap   total 153600K, used 135587K [0x0000000080000000, 0x0000000100000000)
  region size 1024K, 46 young (47104K), 3 survivors (3072K)
 Metaspace       used 85412K, committed 87616K, reserved 1179648K
  class space    used 12096K, committed 13184K, reserved 1048576K
}
Event: 13.846 GC heap after
{Heap after GC invocations=34 (full 0):
 garbage-first heap   total 153600K, used 93391K [0x0000000080000000, 0x0000000100000000)
  region size 1024K, 5 young (5120K), 5 survivors (5120K)
 Metaspace       used 85412K, committed 87616K, reserved 1179648K
  class space    used 12096K, committed 13184K, reserved 1048576K
}
Event: 14.748 GC heap before
{Heap before GC invocations=35 (full 0):
 garbage-first heap   total 157696K, used 143567K [0x0000000080000000, 0x0000000100000000)
  region size 1024K, 49 young (50176K), 5 survivors (5120K)
 Metaspace       used 88662K, committed 90944K, reserved 1179648K
  class space    used 12417K, committed 13568K, reserved 1048576K
}
Event: 14.756 GC heap after
{Heap after GC invocations=36 (full 0):
 garbage-first heap   total 157696K, used 99541K [0x0000000080000000, 0x0000000100000000)
  region size 1024K, 7 young (7168K), 7 survivors (7168K)
 Metaspace       used 88662K, committed 90944K, reserved 1179648K
  class space    used 12417K, committed 13568K, reserved 1048576K
}
Event: 15.306 GC heap before
{Heap before GC invocations=36 (full 0):
 garbage-first heap   total 157696K, used 141525K [0x0000000080000000, 0x0000000100000000)
  region size 1024K, 48 young (49152K), 7 survivors (7168K)
 Metaspace       used 90858K, committed 93120K, reserved 1179648K
  class space    used 12715K, committed 13824K, reserved 1048576K
}
Event: 15.317 GC heap after
{Heap after GC invocations=37 (full 0):
 garbage-first heap   total 157696K, used 101465K [0x0000000080000000, 0x0000000100000000)
  region size 1024K, 3 young (3072K), 3 survivors (3072K)
 Metaspace       used 90858K, committed 93120K, reserved 1179648K
  class space    used 12715K, committed 13824K, reserved 1048576K
}
Event: 16.111 GC heap before
{Heap before GC invocations=37 (full 0):
 garbage-first heap   total 157696K, used 143449K [0x0000000080000000, 0x0000000100000000)
  region size 1024K, 44 young (45056K), 3 survivors (3072K)
 Metaspace       used 92829K, committed 95104K, reserved 1179648K
  class space    used 13003K, committed 14144K, reserved 1048576K
}
Event: 16.118 GC heap after
{Heap after GC invocations=38 (full 0):
 garbage-first heap   total 189440K, used 104901K [0x0000000080000000, 0x0000000100000000)
  region size 1024K, 6 young (6144K), 6 survivors (6144K)
 Metaspace       used 92829K, committed 95104K, reserved 1179648K
  class space    used 13003K, committed 14144K, reserved 1048576K
}
Event: 17.893 GC heap before
{Heap before GC invocations=39 (full 0):
 garbage-first heap   total 189440K, used 169413K [0x0000000080000000, 0x0000000100000000)
  region size 1024K, 70 young (71680K), 6 survivors (6144K)
 Metaspace       used 98011K, committed 100352K, reserved 1179648K
  class space    used 13732K, committed 14912K, reserved 1048576K
}
Event: 17.904 GC heap after
{Heap after GC invocations=40 (full 0):
 garbage-first heap   total 189440K, used 108290K [0x0000000080000000, 0x0000000100000000)
  region size 1024K, 7 young (7168K), 7 survivors (7168K)
 Metaspace       used 98011K, committed 100352K, reserved 1179648K
  class space    used 13732K, committed 14912K, reserved 1048576K
}
Event: 21.670 GC heap before
{Heap before GC invocations=40 (full 0):
 garbage-first heap   total 189440K, used 171778K [0x0000000080000000, 0x0000000100000000)
  region size 1024K, 70 young (71680K), 7 survivors (7168K)
 Metaspace       used 102704K, committed 105024K, reserved 1179648K
  class space    used 14163K, committed 15296K, reserved 1048576K
}
Event: 21.679 GC heap after
{Heap after GC invocations=41 (full 0):
 garbage-first heap   total 189440K, used 109725K [0x0000000080000000, 0x0000000100000000)
  region size 1024K, 6 young (6144K), 6 survivors (6144K)
 Metaspace       used 102704K, committed 105024K, reserved 1179648K
  class space    used 14163K, committed 15296K, reserved 1048576K
}
Event: 22.609 GC heap before
{Heap before GC invocations=41 (full 0):
 garbage-first heap   total 189440K, used 173213K [0x0000000080000000, 0x0000000100000000)
  region size 1024K, 69 young (70656K), 6 survivors (6144K)
 Metaspace       used 104085K, committed 106496K, reserved 1179648K
  class space    used 14324K, committed 15488K, reserved 1048576K
}
Event: 22.619 GC heap after
{Heap after GC invocations=42 (full 0):
 garbage-first heap   total 189440K, used 114954K [0x0000000080000000, 0x0000000100000000)
  region size 1024K, 8 young (8192K), 8 survivors (8192K)
 Metaspace       used 104085K, committed 106496K, reserved 1179648K
  class space    used 14324K, committed 15488K, reserved 1048576K
}

Dll operation events (14 events):
Event: 0.012 Loaded shared library C:\Users\rawat\.antigravity-ide\extensions\redhat.java-1.55.0-win32-x64\jre\21.0.11-win32-x86_64\bin\java.dll
Event: 0.057 Loaded shared library C:\Users\rawat\.antigravity-ide\extensions\redhat.java-1.55.0-win32-x64\jre\21.0.11-win32-x86_64\bin\zip.dll
Event: 0.070 Loaded shared library C:\Users\rawat\.antigravity-ide\extensions\redhat.java-1.55.0-win32-x64\jre\21.0.11-win32-x86_64\bin\instrument.dll
Event: 0.074 Loaded shared library C:\Users\rawat\.antigravity-ide\extensions\redhat.java-1.55.0-win32-x64\jre\21.0.11-win32-x86_64\bin\net.dll
Event: 0.075 Loaded shared library C:\Users\rawat\.antigravity-ide\extensions\redhat.java-1.55.0-win32-x64\jre\21.0.11-win32-x86_64\bin\nio.dll
Event: 0.077 Loaded shared library C:\Users\rawat\.antigravity-ide\extensions\redhat.java-1.55.0-win32-x64\jre\21.0.11-win32-x86_64\bin\zip.dll
Event: 0.264 Loaded shared library C:\Users\rawat\.antigravity-ide\extensions\redhat.java-1.55.0-win32-x64\jre\21.0.11-win32-x86_64\bin\jimage.dll
Event: 0.366 Loaded shared library C:\Users\rawat\.antigravity-ide\extensions\redhat.java-1.55.0-win32-x64\jre\21.0.11-win32-x86_64\bin\verify.dll
Event: 0.461 Loaded shared library C:\Users\rawat\.gradle\native\1def1411415f61bf3af743bc5b6707747c0891f09f0c88961ee8f79bc544acac\windows-amd64\native-platform.dll
Event: 0.473 Loaded shared library C:\Users\rawat\.gradle\native\0.2.7\x86_64-windows-gnu\gradle-fileevents.dll
Event: 1.247 Loaded shared library C:\Users\rawat\.antigravity-ide\extensions\redhat.java-1.55.0-win32-x64\jre\21.0.11-win32-x86_64\bin\management.dll
Event: 1.250 Loaded shared library C:\Users\rawat\.antigravity-ide\extensions\redhat.java-1.55.0-win32-x64\jre\21.0.11-win32-x86_64\bin\management_ext.dll
Event: 1.369 Loaded shared library C:\Users\rawat\.antigravity-ide\extensions\redhat.java-1.55.0-win32-x64\jre\21.0.11-win32-x86_64\bin\extnet.dll
Event: 1.530 Loaded shared library C:\Users\rawat\.antigravity-ide\extensions\redhat.java-1.55.0-win32-x64\jre\21.0.11-win32-x86_64\bin\sunmscapi.dll

Deoptimization events (20 events):
Event: 23.950 Thread 0x0000026c12404050 DEOPT UNPACKING pc=0x0000026bbe337ba2 sp=0x000000cfde0fe4a8 mode 2
Event: 23.972 Thread 0x0000026c117f2600 Uncommon trap: trap_request=0xffffffde fr.pc=0x0000026bbef65100 relative=0x00000000000076c0
Event: 23.972 Thread 0x0000026c117f2600 Uncommon trap: reason=class_check action=maybe_recompile pc=0x0000026bbef65100 method=java.io.ObjectOutputStream.writeObject0(Ljava/lang/Object;Z)V @ 482 c2
Event: 23.972 Thread 0x0000026c117f2600 DEOPT PACKING pc=0x0000026bbef65100 sp=0x000000cfdb3febc0
Event: 23.972 Thread 0x0000026c117f2600 DEOPT UNPACKING pc=0x0000026bbe337ba2 sp=0x000000cfdb3feba8 mode 2
Event: 23.972 Thread 0x0000026c117f2600 Uncommon trap: trap_request=0xffffff45 fr.pc=0x0000026bbf0025fc relative=0x0000000000005c5c
Event: 23.972 Thread 0x0000026c117f2600 Uncommon trap: reason=unstable_if action=reinterpret pc=0x0000026bbf0025fc method=java.io.ObjectStreamClass.writeNonProxy(Ljava/io/ObjectOutputStream;)V @ 77 c2
Event: 23.972 Thread 0x0000026c117f2600 DEOPT PACKING pc=0x0000026bbf0025fc sp=0x000000cfdb3fea60
Event: 23.973 Thread 0x0000026c117f2600 DEOPT UNPACKING pc=0x0000026bbe337ba2 sp=0x000000cfdb3fe978 mode 2
Event: 23.973 Thread 0x0000026c117f2600 Uncommon trap: trap_request=0xffffff45 fr.pc=0x0000026bbeff4a70 relative=0x0000000000002ad0
Event: 23.973 Thread 0x0000026c117f2600 Uncommon trap: reason=unstable_if action=reinterpret pc=0x0000026bbeff4a70 method=java.io.ObjectStreamClass.writeNonProxy(Ljava/io/ObjectOutputStream;)V @ 77 c2
Event: 23.973 Thread 0x0000026c117f2600 DEOPT PACKING pc=0x0000026bbeff4a70 sp=0x000000cfdb3fe8e0
Event: 23.973 Thread 0x0000026c117f2600 DEOPT UNPACKING pc=0x0000026bbe337ba2 sp=0x000000cfdb3fe8c8 mode 2
Event: 23.975 Thread 0x0000026c117f2600 Uncommon trap: trap_request=0xffffff45 fr.pc=0x0000026bbef3aad8 relative=0x00000000000003d8
Event: 23.975 Thread 0x0000026c117f2600 Uncommon trap: reason=unstable_if action=reinterpret pc=0x0000026bbef3aad8 method=java.io.ObjectOutputStream$BlockDataOutputStream.write([BIIZ)V @ 2 c2
Event: 23.975 Thread 0x0000026c117f2600 DEOPT PACKING pc=0x0000026bbef3aad8 sp=0x000000cfdb3fe480
Event: 23.975 Thread 0x0000026c117f2600 DEOPT UNPACKING pc=0x0000026bbe337ba2 sp=0x000000cfdb3fe468 mode 2
Event: 24.029 Thread 0x0000026c120bc040 Uncommon trap: trap_request=0xffffffc6 fr.pc=0x0000026bbecb559c relative=0x0000000000000adc
Event: 24.029 Thread 0x0000026c120bc040 Uncommon trap: reason=bimorphic_or_optimized_type_check action=maybe_recompile pc=0x0000026bbecb559c method=com.google.common.collect.AbstractIterator.tryToComputeNext()Z @ 9 c2
Event: 24.029 Thread 0x0000026c120bc040 DEOPT PACKING pc=0x0000026bbecb559c sp=0x000000cfdacfed30

Classes loaded (20 events):
Event: 17.664 Loading class java/util/HashMap$EntrySpliterator
Event: 17.665 Loading class java/util/HashMap$EntrySpliterator done
Event: 17.695 Loading class java/nio/file/StandardCopyOption
Event: 17.695 Loading class java/nio/file/StandardCopyOption done
Event: 17.695 Loading class sun/nio/fs/WindowsFileCopy
Event: 17.697 Loading class sun/nio/fs/WindowsFileCopy done
Event: 17.971 Loading class java/time/Instant$1
Event: 17.971 Loading class java/time/Instant$1 done
Event: 18.109 Loading class java/net/UrlDeserializedState
Event: 18.110 Loading class java/net/UrlDeserializedState done
Event: 18.112 Loading class java/net/Proxy
Event: 18.112 Loading class java/net/Proxy done
Event: 18.151 Loading class java/util/concurrent/CompletableFuture$AsyncRun
Event: 18.151 Loading class java/util/concurrent/CompletableFuture$AsyncRun done
Event: 18.783 Loading class java/lang/management/RuntimeMXBean
Event: 18.784 Loading class java/lang/management/RuntimeMXBean done
Event: 18.784 Loading class sun/management/RuntimeImpl
Event: 18.784 Loading class sun/management/RuntimeImpl done
Event: 21.399 Loading class jdk/internal/math/FormattedFPDecimal
Event: 21.399 Loading class jdk/internal/math/FormattedFPDecimal done

Classes unloaded (0 events):
No events

Classes redefined (0 events):
No events

Internal exceptions (20 events):
Event: 21.481 Thread 0x0000026c120bc040 Exception <a 'sun/nio/fs/WindowsException'{0x00000000891b3568}> (0x00000000891b3568) 
thrown [s\src\hotspot\share\prims\jni.cpp, line 520]
Event: 21.481 Thread 0x0000026c120bc040 Exception <a 'sun/nio/fs/WindowsException'{0x00000000891b48e0}> (0x00000000891b48e0) 
thrown [s\src\hotspot\share\prims\jni.cpp, line 520]
Event: 21.620 Thread 0x0000026c120bc040 Exception <a 'sun/nio/fs/WindowsException'{0x0000000087b483e0}> (0x0000000087b483e0) 
thrown [s\src\hotspot\share\prims\jni.cpp, line 520]
Event: 21.620 Thread 0x0000026c120bc040 Exception <a 'sun/nio/fs/WindowsException'{0x0000000087b49aa8}> (0x0000000087b49aa8) 
thrown [s\src\hotspot\share\prims\jni.cpp, line 520]
Event: 21.620 Thread 0x0000026c120bc040 Exception <a 'sun/nio/fs/WindowsException'{0x0000000087b4be30}> (0x0000000087b4be30) 
thrown [s\src\hotspot\share\prims\jni.cpp, line 520]
Event: 22.116 Thread 0x0000026c117f2600 Implicit null exception at 0x0000026bbecb018b to 0x0000026bbecb0250
Event: 22.369 Thread 0x0000026c120bc040 Exception <a 'sun/nio/fs/WindowsException'{0x0000000088293e88}> (0x0000000088293e88) 
thrown [s\src\hotspot\share\prims\jni.cpp, line 520]
Event: 22.452 Thread 0x0000026c117f2600 Exception <a 'java/lang/NoSuchMethodError'{0x0000000087f173d8}: static Lorg/gradle/tooling/internal/provider/PhasedBuildActionResult;.<clinit>()V> (0x0000000087f173d8) 
thrown [s\src\hotspot\share\prims\jni.cpp, line 1111]
Event: 22.454 Thread 0x0000026c117f2600 Exception <a 'java/lang/NoSuchMethodError'{0x0000000087f1f380}: static Lorg/gradle/tooling/internal/provider/serialization/SerializedPayload;.<clinit>()V> (0x0000000087f1f380) 
thrown [s\src\hotspot\share\prims\jni.cpp, line 1111]
Event: 22.550 Thread 0x0000026c1541b6b0 Exception <a 'java/lang/NoSuchMethodError'{0x0000000087bb3d40}: 'java.lang.Object java.lang.invoke.DirectMethodHandle$Holder.newInvokeSpecial(java.lang.Object, java.lang.Object, int, java.lang.Object, java.lang.Object)'> (0x0000000087bb3d40) 
thrown [s\src\hotspot\share\interpreter\linkResolver.cpp, line 773]
Event: 22.666 Thread 0x0000026c1541b6b0 Exception <a 'java/lang/NoSuchMethodError'{0x00000000ffe11050}: 'java.lang.Object java.lang.invoke.DirectMethodHandle$Holder.invokeVirtual(java.lang.Object, java.lang.Object, java.lang.Object, java.lang.Object, java.lang.Object, java.lang.Object, java.lang.Object, java.lang.Object, java.lang.Object, java.lang.Object, java.lang.Object, java.lang.Object, java.lang.Object, java.lang.Object, java.lang.Object, java.lang.Object, java.lang.Object, java.lang.Object, java.lang.Object)'> (0x00000000ffe11050) 
thrown
Event: 22.698 Thread 0x0000026c117f2600 Exception <a 'java/lang/NoSuchMethodError'{0x00000000fff07758}: static Lorg/gradle/internal/build/event/types/DefaultTaskStartedProgressEvent;.<clinit>()V> (0x00000000fff07758) 
thrown [s\src\hotspot\share\prims\jni.cpp, line 1111]
Event: 22.699 Thread 0x0000026c117f2600 Exception <a 'java/lang/NoSuchMethodError'{0x00000000fff10d50}: static Lorg/gradle/internal/build/event/types/DefaultTaskDescriptor;.<clinit>()V> (0x00000000fff10d50) 
thrown [s\src\hotspot\share\prims\jni.cpp, line 1111]
Event: 22.703 Thread 0x0000026c117f2600 Exception <a 'java/lang/NoSuchMethodError'{0x00000000ffd04ea0}: static Lorg/gradle/internal/build/event/types/DefaultTaskFinishedProgressEvent;.<clinit>()V> (0x00000000ffd04ea0) 
thrown [s\src\hotspot\share\prims\jni.cpp, line 1111]
Event: 22.705 Thread 0x0000026c117f2600 Exception <a 'java/lang/NoSuchMethodError'{0x00000000ffd16c48}: static Lorg/gradle/internal/build/event/types/DefaultTaskSuccessResult;.<clinit>()V> (0x00000000ffd16c48) 
thrown [s\src\hotspot\share\prims\jni.cpp, line 1111]
Event: 22.705 Thread 0x0000026c117f2600 Exception <a 'java/lang/NoSuchMethodError'{0x00000000ffd17fb0}: static Lorg/gradle/internal/build/event/types/AbstractTaskResult;.<clinit>()V> (0x00000000ffd17fb0) 
thrown [s\src\hotspot\share\prims\jni.cpp, line 1111]
Event: 23.946 Thread 0x0000026c120bc040 Exception <a 'sun/nio/fs/WindowsException'{0x000000008ae79d70}> (0x000000008ae79d70) 
thrown [s\src\hotspot\share\prims\jni.cpp, line 520]
Event: 23.950 Thread 0x0000026c12404050 Implicit null exception at 0x0000026bbeb52307 to 0x0000026bbeb523d4
Event: 23.950 Thread 0x0000026c12404050 Exception <a 'sun/nio/fs/WindowsException'{0x000000008ada5978}> (0x000000008ada5978) 
thrown [s\src\hotspot\share\prims\jni.cpp, line 520]
Event: 23.975 Thread 0x0000026c117f2600 Exception <a 'java/lang/NoSuchMethodError'{0x000000008aa33960}: static [B.<clinit>()V> (0x000000008aa33960) 
thrown [s\src\hotspot\share\prims\jni.cpp, line 1111]

ZGC Phase Switch (0 events):
No events

VM Operations (20 events):
Event: 21.641 Executing safepoint VM operation: ICBufferFull done
Event: 21.670 Executing safepoint VM operation: G1CollectForAllocation (G1 Evacuation Pause)
Event: 21.679 Executing safepoint VM operation: G1CollectForAllocation (G1 Evacuation Pause) done
Event: 22.010 Executing safepoint VM operation: ICBufferFull
Event: 22.011 Executing safepoint VM operation: ICBufferFull done
Event: 22.313 Executing safepoint VM operation: ICBufferFull
Event: 22.313 Executing safepoint VM operation: ICBufferFull done
Event: 22.609 Executing safepoint VM operation: G1CollectForAllocation (G1 Evacuation Pause)
Event: 22.619 Executing safepoint VM operation: G1CollectForAllocation (G1 Evacuation Pause) done
Event: 22.656 Executing non-safepoint VM operation: HandshakeAllThreads (Deoptimize)
Event: 22.656 Executing non-safepoint VM operation: HandshakeAllThreads (Deoptimize) done
Event: 22.696 Executing non-safepoint VM operation: HandshakeAllThreads (Deoptimize)
Event: 22.696 Executing non-safepoint VM operation: HandshakeAllThreads (Deoptimize) done
Event: 22.723 Executing safepoint VM operation: G1PauseRemark
Event: 22.735 Executing safepoint VM operation: G1PauseRemark done
Event: 22.790 Executing safepoint VM operation: G1PauseCleanup
Event: 22.791 Executing safepoint VM operation: G1PauseCleanup done
Event: 23.795 Executing safepoint VM operation: Cleanup
Event: 23.889 Executing safepoint VM operation: Cleanup done
Event: 24.901 Executing safepoint VM operation: Cleanup

Memory protections (0 events):
No events

Nmethod flushes (20 events):
Event: 22.732 Thread 0x0000026bcacc6c70 flushing  nmethod 0x0000026bb7338410
Event: 22.732 Thread 0x0000026bcacc6c70 flushing  nmethod 0x0000026bb761c510
Event: 22.732 Thread 0x0000026bcacc6c70 flushing  nmethod 0x0000026bb763c610
Event: 22.732 Thread 0x0000026bcacc6c70 flushing  nmethod 0x0000026bb763d510
Event: 22.732 Thread 0x0000026bcacc6c70 flushing  nmethod 0x0000026bb763e010
Event: 22.732 Thread 0x0000026bcacc6c70 flushing  nmethod 0x0000026bb763f090
Event: 22.732 Thread 0x0000026bcacc6c70 flushing  nmethod 0x0000026bb77bad10
Event: 22.732 Thread 0x0000026bcacc6c70 flushing  nmethod 0x0000026bb7dbdb10
Event: 22.732 Thread 0x0000026bcacc6c70 flushing  nmethod 0x0000026bb7dc3390
Event: 22.732 Thread 0x0000026bcacc6c70 flushing  nmethod 0x0000026bb7e5fa10
Event: 22.732 Thread 0x0000026bcacc6c70 flushing  nmethod 0x0000026bb7e74990
Event: 22.732 Thread 0x0000026bcacc6c70 flushing  nmethod 0x0000026bb7e8ad10
Event: 22.732 Thread 0x0000026bcacc6c70 flushing  nmethod 0x0000026bb7e8ce10
Event: 22.732 Thread 0x0000026bcacc6c70 flushing  nmethod 0x0000026bb7e8e190
Event: 22.732 Thread 0x0000026bcacc6c70 flushing  nmethod 0x0000026bb7e8f210
Event: 22.732 Thread 0x0000026bcacc6c70 flushing  nmethod 0x0000026bb7e97a10
Event: 22.732 Thread 0x0000026bcacc6c70 flushing  nmethod 0x0000026bb7e98690
Event: 22.732 Thread 0x0000026bcacc6c70 flushing  nmethod 0x0000026bb7e9b510
Event: 22.732 Thread 0x0000026bcacc6c70 flushing  nmethod 0x0000026bb7e9d490
Event: 22.732 Thread 0x0000026bcacc6c70 flushing  nmethod 0x0000026bb7e9e690

Events (20 events):
Event: 23.995 Thread 0x0000026c117f67a0 Thread exited: 0x0000026c117f67a0
Event: 23.996 Thread 0x0000026c15418230 Thread exited: 0x0000026c15418230
Event: 23.996 Thread 0x0000026c117f81e0 Thread exited: 0x0000026c117f81e0
Event: 23.996 Thread 0x0000026c117f74c0 Thread exited: 0x0000026c117f74c0
Event: 23.996 Thread 0x0000026c117f7b50 Thread exited: 0x0000026c117f7b50
Event: 23.996 Thread 0x0000026c154188c0 Thread exited: 0x0000026c154188c0
Event: 23.996 Thread 0x0000026c15418f50 Thread exited: 0x0000026c15418f50
Event: 23.997 Thread 0x0000026c117f6e30 Thread exited: 0x0000026c117f6e30
Event: 23.997 Thread 0x0000026c117f8870 Thread exited: 0x0000026c117f8870
Event: 23.997 Thread 0x0000026c15416160 Thread exited: 0x0000026c15416160
Event: 23.997 Thread 0x0000026c117f9c20 Thread exited: 0x0000026c117f9c20
Event: 23.997 Thread 0x0000026c1541a300 Thread exited: 0x0000026c1541a300
Event: 23.997 Thread 0x0000026c15416e80 Thread exited: 0x0000026c15416e80
Event: 23.997 Thread 0x0000026c117f9590 Thread exited: 0x0000026c117f9590
Event: 23.997 Thread 0x0000026c154195e0 Thread exited: 0x0000026c154195e0
Event: 24.013 Thread 0x0000026c117f2600 Thread exited: 0x0000026c117f2600
Event: 24.014 Thread 0x0000026c117f4040 Thread exited: 0x0000026c117f4040
Event: 24.029 Thread 0x0000026c117f4d60 Thread exited: 0x0000026c117f4d60
Event: 24.294 Thread 0x0000026c169dfc80 Thread exited: 0x0000026c169dfc80
Event: 24.294 Thread 0x0000026c169e10f0 Thread exited: 0x0000026c169e10f0


Dynamic libraries:
0x00007ff74e390000 - 0x00007ff74e39e000 	C:\Users\rawat\.antigravity-ide\extensions\redhat.java-1.55.0-win32-x64\jre\21.0.11-win32-x86_64\bin\java.exe
0x00007ffbfd760000 - 0x00007ffbfd9c6000 	C:\WINDOWS\SYSTEM32\ntdll.dll
0x00007ffbfd220000 - 0x00007ffbfd2e9000 	C:\WINDOWS\System32\KERNEL32.DLL
0x00007ffbfafc0000 - 0x00007ffbfb3be000 	C:\WINDOWS\System32\KERNELBASE.dll
0x00007ffbfaac0000 - 0x00007ffbfac0c000 	C:\WINDOWS\System32\ucrtbase.dll
0x00007ffbcf410000 - 0x00007ffbcf42e000 	C:\Users\rawat\.antigravity-ide\extensions\redhat.java-1.55.0-win32-x64\jre\21.0.11-win32-x86_64\bin\VCRUNTIME140.dll
0x00007ffbd8160000 - 0x00007ffbd8178000 	C:\Users\rawat\.antigravity-ide\extensions\redhat.java-1.55.0-win32-x64\jre\21.0.11-win32-x86_64\bin\jli.dll
0x00007ffbfd2f0000 - 0x00007ffbfd4b7000 	C:\WINDOWS\System32\USER32.dll
0x00007ffbfaed0000 - 0x00007ffbfaef7000 	C:\WINDOWS\System32\win32u.dll
0x00007ffbfc720000 - 0x00007ffbfc74b000 	C:\WINDOWS\System32\GDI32.dll
0x00007ffbfac20000 - 0x00007ffbfad4a000 	C:\WINDOWS\System32\gdi32full.dll
0x00007ffbded60000 - 0x00007ffbdeff2000 	C:\WINDOWS\WinSxS\amd64_microsoft.windows.common-controls_6595b64144ccf1df_6.0.26100.8875_none_3e0d5d42e32fe9dd\COMCTL32.dll
0x00007ffbfaa10000 - 0x00007ffbfaab3000 	C:\WINDOWS\System32\msvcp_win.dll
0x00007ffbfb490000 - 0x00007ffbfb539000 	C:\WINDOWS\System32\msvcrt.dll
0x00007ffbfbce0000 - 0x00007ffbfbd12000 	C:\WINDOWS\System32\IMM32.DLL
0x00007ffbf7220000 - 0x00007ffbf722c000 	C:\Users\rawat\.antigravity-ide\extensions\redhat.java-1.55.0-win32-x64\jre\21.0.11-win32-x86_64\bin\vcruntime140_1.dll
0x00007ffbc6090000 - 0x00007ffbc611d000 	C:\Users\rawat\.antigravity-ide\extensions\redhat.java-1.55.0-win32-x64\jre\21.0.11-win32-x86_64\bin\msvcp140.dll
0x00007ffb41930000 - 0x00007ffb426d2000 	C:\Users\rawat\.antigravity-ide\extensions\redhat.java-1.55.0-win32-x64\jre\21.0.11-win32-x86_64\bin\server\jvm.dll
0x00007ffbfc9f0000 - 0x00007ffbfcaa7000 	C:\WINDOWS\System32\ADVAPI32.dll
0x00007ffbfc930000 - 0x00007ffbfc9da000 	C:\WINDOWS\System32\sechost.dll
0x00007ffbfcab0000 - 0x00007ffbfcbc8000 	C:\WINDOWS\System32\RPCRT4.dll
0x00007ffbfc230000 - 0x00007ffbfc2b0000 	C:\WINDOWS\System32\WS2_32.dll
0x00007ffbef4c0000 - 0x00007ffbef4cb000 	C:\WINDOWS\SYSTEM32\VERSION.dll
0x00007ffbfa7e0000 - 0x00007ffbfa83e000 	C:\WINDOWS\SYSTEM32\POWRPROF.dll
0x00007ffbea130000 - 0x00007ffbea166000 	C:\WINDOWS\SYSTEM32\WINMM.dll
0x00007ffbfa7c0000 - 0x00007ffbfa7d4000 	C:\WINDOWS\SYSTEM32\UMPDC.dll
0x00007ffbf9660000 - 0x00007ffbf967b000 	C:\WINDOWS\SYSTEM32\kernel.appcore.dll
0x00007ffbeedc0000 - 0x00007ffbeedca000 	C:\Users\rawat\.antigravity-ide\extensions\redhat.java-1.55.0-win32-x64\jre\21.0.11-win32-x86_64\bin\jimage.dll
0x00007ffbf7d00000 - 0x00007ffbf7f42000 	C:\WINDOWS\SYSTEM32\DBGHELP.DLL
0x00007ffbfce80000 - 0x00007ffbfd203000 	C:\WINDOWS\System32\combase.dll
0x00007ffbfc640000 - 0x00007ffbfc719000 	C:\WINDOWS\System32\OLEAUT32.dll
0x00007ffbd07c0000 - 0x00007ffbd07fb000 	C:\WINDOWS\SYSTEM32\dbgcore.DLL
0x00007ffbfaf00000 - 0x00007ffbfafac000 	C:\WINDOWS\System32\bcryptPrimitives.dll
0x00007ffbee260000 - 0x00007ffbee26f000 	C:\Users\rawat\.antigravity-ide\extensions\redhat.java-1.55.0-win32-x64\jre\21.0.11-win32-x86_64\bin\instrument.dll
0x00007ffbe4ea0000 - 0x00007ffbe4ec0000 	C:\Users\rawat\.antigravity-ide\extensions\redhat.java-1.55.0-win32-x64\jre\21.0.11-win32-x86_64\bin\java.dll
0x00007ffbfb540000 - 0x00007ffbfbcd2000 	C:\WINDOWS\System32\SHELL32.dll
0x00007ffbf8400000 - 0x00007ffbf8c92000 	C:\WINDOWS\SYSTEM32\windows.storage.dll
0x00007ffbfd5a0000 - 0x00007ffbfd697000 	C:\WINDOWS\System32\SHCORE.dll
0x00007ffbfcbd0000 - 0x00007ffbfcc37000 	C:\WINDOWS\System32\shlwapi.dll
0x00007ffbfa8a0000 - 0x00007ffbfa8c9000 	C:\WINDOWS\SYSTEM32\profapi.dll
0x00007ffbca780000 - 0x00007ffbca798000 	C:\Users\rawat\.antigravity-ide\extensions\redhat.java-1.55.0-win32-x64\jre\21.0.11-win32-x86_64\bin\zip.dll
0x00007ffbe7070000 - 0x00007ffbe7080000 	C:\Users\rawat\.antigravity-ide\extensions\redhat.java-1.55.0-win32-x64\jre\21.0.11-win32-x86_64\bin\net.dll
0x00007ffbef620000 - 0x00007ffbef747000 	C:\WINDOWS\SYSTEM32\WINHTTP.dll
0x00007ffbf9c10000 - 0x00007ffbf9c7c000 	C:\WINDOWS\system32\mswsock.dll
0x00007ffbc8e00000 - 0x00007ffbc8e16000 	C:\Users\rawat\.antigravity-ide\extensions\redhat.java-1.55.0-win32-x64\jre\21.0.11-win32-x86_64\bin\nio.dll
0x00007ffbe6b40000 - 0x00007ffbe6b50000 	C:\Users\rawat\.antigravity-ide\extensions\redhat.java-1.55.0-win32-x64\jre\21.0.11-win32-x86_64\bin\verify.dll
0x00007ffbc2430000 - 0x00007ffbc2457000 	C:\Users\rawat\.gradle\native\1def1411415f61bf3af743bc5b6707747c0891f09f0c88961ee8f79bc544acac\windows-amd64\native-platform.dll
0x00007ffb8a770000 - 0x00007ffb8a7e8000 	C:\Users\rawat\.gradle\native\0.2.7\x86_64-windows-gnu\gradle-fileevents.dll
0x00007ffbe66c0000 - 0x00007ffbe66ca000 	C:\Users\rawat\.antigravity-ide\extensions\redhat.java-1.55.0-win32-x64\jre\21.0.11-win32-x86_64\bin\management.dll
0x00007ffbc9960000 - 0x00007ffbc996c000 	C:\Users\rawat\.antigravity-ide\extensions\redhat.java-1.55.0-win32-x64\jre\21.0.11-win32-x86_64\bin\management_ext.dll
0x00007ffbfd210000 - 0x00007ffbfd218000 	C:\WINDOWS\System32\PSAPI.DLL
0x00007ffbf90c0000 - 0x00007ffbf90f3000 	C:\WINDOWS\SYSTEM32\IPHLPAPI.DLL
0x00007ffbfcde0000 - 0x00007ffbfcdea000 	C:\WINDOWS\System32\NSI.dll
0x00007ffbc62e0000 - 0x00007ffbc62e9000 	C:\Users\rawat\.antigravity-ide\extensions\redhat.java-1.55.0-win32-x64\jre\21.0.11-win32-x86_64\bin\extnet.dll
0x00007ffbf9f30000 - 0x00007ffbf9f4b000 	C:\WINDOWS\SYSTEM32\CRYPTSP.dll
0x00007ffbf95c0000 - 0x00007ffbf95f9000 	C:\WINDOWS\system32\rsaenh.dll
0x00007ffbf9cd0000 - 0x00007ffbf9d02000 	C:\WINDOWS\SYSTEM32\USERENV.dll
0x00007ffbfa870000 - 0x00007ffbfa89a000 	C:\WINDOWS\SYSTEM32\bcrypt.dll
0x00007ffbf9f10000 - 0x00007ffbf9f1c000 	C:\WINDOWS\SYSTEM32\CRYPTBASE.dll
0x00007ffbc6060000 - 0x00007ffbc606e000 	C:\Users\rawat\.antigravity-ide\extensions\redhat.java-1.55.0-win32-x64\jre\21.0.11-win32-x86_64\bin\sunmscapi.dll
0x00007ffbfad50000 - 0x00007ffbfaec8000 	C:\WINDOWS\System32\CRYPT32.dll
0x00007ffbfa150000 - 0x00007ffbfa180000 	C:\WINDOWS\SYSTEM32\ncrypt.dll
0x00007ffbfa100000 - 0x00007ffbfa13f000 	C:\WINDOWS\SYSTEM32\NTASN1.dll
0x00007ffb7cb70000 - 0x00007ffb7cb78000 	C:\WINDOWS\system32\wshunix.dll

JVMTI agents:
C:\Users\rawat\.gradle\wrapper\dists\gradle-8.13-bin\5xuhj0ry160q40clulazy9h7d\gradle-8.13\lib\agents\gradle-instrumentation-agent-8.13.jar path:C:\Users\rawat\.antigravity-ide\extensions\redhat.java-1.55.0-win32-x64\jre\21.0.11-win32-x86_64\bin\instrument.dll, loaded, initialized, instrumentlib options:none

dbghelp: loaded successfully - version: 4.0.5 - missing functions: none
symbol engine: initialized successfully - sym options: 0x614 - pdb path: .;C:\Users\rawat\.antigravity-ide\extensions\redhat.java-1.55.0-win32-x64\jre\21.0.11-win32-x86_64\bin;C:\WINDOWS\SYSTEM32;C:\WINDOWS\WinSxS\amd64_microsoft.windows.common-controls_6595b64144ccf1df_6.0.26100.8875_none_3e0d5d42e32fe9dd;C:\Users\rawat\.antigravity-ide\extensions\redhat.java-1.55.0-win32-x64\jre\21.0.11-win32-x86_64\bin\server;C:\Users\rawat\.gradle\native\1def1411415f61bf3af743bc5b6707747c0891f09f0c88961ee8f79bc544acac\windows-amd64;C:\Users\rawat\.gradle\native\0.2.7\x86_64-windows-gnu

VM Arguments:
jvm_args: --add-opens=java.base/java.lang=ALL-UNNAMED --add-opens=java.base/java.lang.invoke=ALL-UNNAMED --add-opens=java.base/java.util=ALL-UNNAMED --add-opens=java.prefs/java.util.prefs=ALL-UNNAMED --add-exports=jdk.compiler/com.sun.tools.javac.api=ALL-UNNAMED --add-exports=jdk.compiler/com.sun.tools.javac.util=ALL-UNNAMED --add-opens=java.base/java.util=ALL-UNNAMED --add-opens=java.prefs/java.util.prefs=ALL-UNNAMED --add-opens=java.base/java.nio.charset=ALL-UNNAMED --add-opens=java.base/java.net=ALL-UNNAMED --add-opens=java.base/java.util.concurrent.atomic=ALL-UNNAMED --add-opens=java.xml/javax.xml.namespace=ALL-UNNAMED -Xmx2048m -Dfile.encoding=UTF-8 -Duser.country=US -Duser.language=en -Duser.variant -javaagent:C:\Users\rawat\.gradle\wrapper\dists\gradle-8.13-bin\5xuhj0ry160q40clulazy9h7d\gradle-8.13\lib\agents\gradle-instrumentation-agent-8.13.jar 
java_command: org.gradle.launcher.daemon.bootstrap.GradleDaemon 8.13
java_class_path (initial): C:\Users\rawat\.gradle\wrapper\dists\gradle-8.13-bin\5xuhj0ry160q40clulazy9h7d\gradle-8.13\lib\gradle-daemon-main-8.13.jar
Launcher Type: SUN_STANDARD

[Global flags]
     intx CICompilerCount                          = 4                                         {product} {ergonomic}
     uint ConcGCThreads                            = 2                                         {product} {ergonomic}
     uint G1ConcRefinementThreads                  = 8                                         {product} {ergonomic}
   size_t G1HeapRegionSize                         = 1048576                                   {product} {ergonomic}
    uintx GCDrainStackTargetSize                   = 64                                        {product} {ergonomic}
   size_t InitialHeapSize                          = 130023424                                 {product} {ergonomic}
   size_t MarkStackSize                            = 4194304                                   {product} {ergonomic}
   size_t MaxHeapSize                              = 2147483648                                {product} {command line}
   size_t MaxNewSize                               = 1287651328                                {product} {ergonomic}
   size_t MinHeapDeltaBytes                        = 1048576                                   {product} {ergonomic}
   size_t MinHeapSize                              = 8388608                                   {product} {ergonomic}
    uintx NonNMethodCodeHeapSize                   = 5839372                                {pd product} {ergonomic}
    uintx NonProfiledCodeHeapSize                  = 122909434                              {pd product} {ergonomic}
    uintx ProfiledCodeHeapSize                     = 122909434                              {pd product} {ergonomic}
    uintx ReservedCodeCacheSize                    = 251658240                              {pd product} {ergonomic}
     bool SegmentedCodeCache                       = true                                      {product} {ergonomic}
   size_t SoftMaxHeapSize                          = 2147483648                             {manageable} {ergonomic}
     bool UseCompressedOops                        = true                           {product lp64_product} {ergonomic}
     bool UseG1GC                                  = true                                      {product} {ergonomic}
     bool UseLargePagesIndividualAllocation        = false                                  {pd product} {ergonomic}

Logging:
Log output configuration:
 #0: stdout all=warning uptime,level,tags foldmultilines=false
 #1: stderr all=off uptime,level,tags foldmultilines=false

Release file:
JAVA_VERSION="21.0.11" 
MODULES="java.base java.compiler java.datatransfer java.xml java.prefs java.desktop java.instrument java.logging java.management java.security.sasl java.naming java.rmi java.management.rmi java.net.http java.scripting java.security.jgss java.transaction.xa java.sql java.sql.rowset java.xml.crypto java.se java.smartcardio jdk.accessibility jdk.internal.jvmstat jdk.attach jdk.charsets jdk.internal.opt jdk.zipfs jdk.compiler jdk.crypto.ec jdk.crypto.cryptoki jdk.crypto.mscapi jdk.dynalink jdk.internal.ed jdk.editpad jdk.hotspot.agent jdk.httpserver jdk.internal.le jdk.internal.vm.ci jdk.internal.vm.compiler jdk.internal.vm.compiler.management jdk.jartool jdk.javadoc jdk.jcmd jdk.management jdk.management.agent jdk.jconsole jdk.jdeps jdk.jdwp.agent jdk.jdi jdk.jfr jdk.jshell jdk.jsobject jdk.jstatd jdk.localedata jdk.management.jfr jdk.naming.dns jdk.naming.rmi jdk.net jdk.nio.mapmode jdk.random jdk.sctp jdk.security.auth jdk.security.jgss jdk.unsupported jdk.unsupported.desktop jdk.xml.dom" 

Environment Variables:
PATH=C:\Program Files\Common Files\Oracle\Java\javapath;C:\Windows\system32;C:\Windows;C:\Windows\System32\Wbem;C:\Windows\System32\WindowsPowerShell\v1.0\;C:\Windows\System32\OpenSSH\;C:\Program Files\NVIDIA Corporation\NVIDIA NvDLISR;C:\WINDOWS\system32;C:\WINDOWS;C:\WINDOWS\System32\Wbem;C:\WINDOWS\System32\WindowsPowerShell\v1.0\;C:\WINDOWS\System32\OpenSSH\;C:\Program Files\dotnet\;C:\Program Files (x86)\Windows Kits\10\Windows Performance Toolkit\;C:\Program Files\Git\cmd;C:\Program Files\Git\bin;C:\MinGW\bin;C:\Program Files\MySQL\MySQL Server 8.0\bin;C:\Program Files\MySQL\MySQL Shell 8.0\bin\;C:\Users\rawat\AppData\Local\Programs\Python\Python314\Scripts\;C:\Users\rawat\AppData\Local\Programs\Python\Python314\;C:\Users\rawat\AppData\Local\Microsoft\WindowsApps;C:\Users\rawat\AppData\Local\Programs\Microsoft VS Code\bin;C:\Users\rawat\Downloads\flutter_windows_3.38.3-stable\flutter\bin;C:\MinGW\bin;C:\Users\rawat\AppData\Local\Programs\Antigravity IDE\bin
USERNAME=rawat
OS=Windows_NT
PROCESSOR_IDENTIFIER=Intel64 Family 6 Model 140 Stepping 1, GenuineIntel
TMP=C:\Users\rawat\AppData\Local\Temp
TEMP=C:\Users\rawat\AppData\Local\Temp




Periodic native trim disabled

---------------  S Y S T E M  ---------------

OS:
 Windows 11 , 64 bit Build 26100 (10.0.26100.8875)
OS uptime: 3 days 1:15 hours
Hyper-V role detected

CPU: total 8 (initial active 8) (4 cores per cpu, 2 threads per core) family 6 model 140 stepping 1 microcode 0xbe, cx8, cmov, fxsr, ht, mmx, 3dnowpref, sse, sse2, sse3, ssse3, sse4.1, sse4.2, popcnt, lzcnt, tsc, tscinvbit, avx, avx2, aes, erms, clmul, bmi1, bmi2, adx, avx512f, avx512dq, avx512cd, avx512bw, avx512vl, sha, fma, vzeroupper, avx512_vpopcntdq, avx512_vpclmulqdq, avx512_vaes, avx512_vnni, clflush, clflushopt, clwb, avx512_vbmi2, avx512_vbmi, hv, rdtscp, rdpid, fsrm, gfni, avx512_bitalg, f16c, cet_ibt, cet_ss, avx512_ifma
Processor Information for the first 8 processors :
  Max Mhz: 2803, Current Mhz: 2803, Mhz Limit: 2803

Memory: 4k page, system-wide physical 7914M (735M free)
TotalPageFile size 32490M (AvailPageFile size 7M)
current process WorkingSet (physical memory assigned to process): 441M, peak: 458M
current process commit charge ("private bytes"): 528M, peak: 530M

vm_info: OpenJDK 64-Bit Server VM (21.0.11+10-LTS) for windows-amd64 JRE (21.0.11+10-LTS), built on 2026-04-21T00:00:00Z by "admin" with MS VC++ 17.12 (VS2022)

END.
